[0.046s] Invoking command in '/home/youn/ROS/open_manipulator_ws/build/open_manipulator_gui': CMAKE_PREFIX_PATH=${CMAKE_PREFIX_PATH}:/home/youn/ROS/ros_workspace/install/ros_basic:/home/youn/ROS/ros_workspace/install/tf2_basic:/opt/ros/jazzy /usr/bin/cmake --build /home/youn/ROS/open_manipulator_ws/build/open_manipulator_gui -- -j14 -l14
[0.351s] [ 14%] Built target copy_ui_headers
[0.351s] [ 14%] Built target omy_f3m_gui_node_autogen_timestamp_deps
[0.351s] [ 14%] Built target open_manipulator_x_gui_node_autogen_timestamp_deps
[0.351s] [ 14%] Built target omx_f_gui_node_autogen_timestamp_deps
[0.351s] [ 14%] Built target omy_3m_gui_node_autogen_timestamp_deps
[0.352s] [ 16%] Built target omy_f3m_gui_node_autogen
[0.352s] [ 17%] Built target omx_f_gui_node_autogen
[0.352s] [ 19%] Built target open_manipulator_x_gui_node_autogen
[0.352s] [ 21%] Built target omy_3m_gui_node_autogen
[0.375s] [ 41%] Built target omy_f3m_gui_node
[0.376s] [ 60%] Built target omy_3m_gui_node
[0.387s] [ 80%] Built target omx_f_gui_node
[0.387s] [100%] Built target open_manipulator_x_gui_node
[0.463s] Invoked command in '/home/youn/ROS/open_manipulator_ws/build/open_manipulator_gui' returned '0': CMAKE_PREFIX_PATH=${CMAKE_PREFIX_PATH}:/home/youn/ROS/ros_workspace/install/ros_basic:/home/youn/ROS/ros_workspace/install/tf2_basic:/opt/ros/jazzy /usr/bin/cmake --build /home/youn/ROS/open_manipulator_ws/build/open_manipulator_gui -- -j14 -l14
[0.467s] Invoking command in '/home/youn/ROS/open_manipulator_ws/build/open_manipulator_gui': CMAKE_PREFIX_PATH=${CMAKE_PREFIX_PATH}:/home/youn/ROS/ros_workspace/install/ros_basic:/home/youn/ROS/ros_workspace/install/tf2_basic:/opt/ros/jazzy /usr/bin/cmake --install /home/youn/ROS/open_manipulator_ws/build/open_manipulator_gui
[0.536s] -- Install configuration: "Release"
[0.536s] -- Execute custom install script
[0.536s] -- Up-to-date symlink: /home/youn/ROS/open_manipulator_ws/install/open_manipulator_gui/lib/open_manipulator_gui/open_manipulator_x_gui_node
[0.536s] -- Up-to-date symlink: /home/youn/ROS/open_manipulator_ws/install/open_manipulator_gui/lib/open_manipulator_gui/omy_3m_gui_node
[0.537s] -- Up-to-date symlink: /home/youn/ROS/open_manipulator_ws/install/open_manipulator_gui/lib/open_manipulator_gui/omy_f3m_gui_node
[0.537s] -- Up-to-date symlink: /home/youn/ROS/open_manipulator_ws/install/open_manipulator_gui/lib/open_manipulator_gui/omx_f_gui_node
[0.537s] -- Up-to-date symlink: /home/youn/ROS/open_manipulator_ws/install/open_manipulator_gui/include/omx_f_gui/main_window.hpp
[0.537s] -- Up-to-date symlink: /home/youn/ROS/open_manipulator_ws/install/open_manipulator_gui/include/omx_f_gui/qnode.hpp
[0.537s] -- Up-to-date symlink: /home/youn/ROS/open_manipulator_ws/install/open_manipulator_gui/include/omy_3m_gui/main_window.hpp
[0.537s] -- Up-to-date symlink: /home/youn/ROS/open_manipulator_ws/install/open_manipulator_gui/include/omy_3m_gui/qnode.hpp
[0.537s] -- Up-to-date symlink: /home/youn/ROS/open_manipulator_ws/install/open_manipulator_gui/include/omy_f3m_gui/main_window.hpp
[0.537s] -- Up-to-date symlink: /home/youn/ROS/open_manipulator_ws/install/open_manipulator_gui/include/omy_f3m_gui/qnode.hpp
[0.537s] -- Up-to-date symlink: /home/youn/ROS/open_manipulator_ws/install/open_manipulator_gui/include/open_manipulator_x_gui/main_window.hpp
[0.537s] -- Up-to-date symlink: /home/youn/ROS/open_manipulator_ws/install/open_manipulator_gui/include/open_manipulator_x_gui/qnode.hpp
[0.537s] -- Up-to-date symlink: /home/youn/ROS/open_manipulator_ws/install/open_manipulator_gui/share/open_manipulator_gui/launch/omx_f_gui.launch.py
[0.537s] -- Up-to-date symlink: /home/youn/ROS/open_manipulator_ws/install/open_manipulator_gui/share/open_manipulator_gui/launch/omy_3m_gui.launch.py
[0.537s] -- Up-to-date symlink: /home/youn/ROS/open_manipulator_ws/install/open_manipulator_gui/share/open_manipulator_gui/launch/omy_f3m_gui.launch.py
[0.537s] -- Up-to-date symlink: /home/youn/ROS/open_manipulator_ws/install/open_manipulator_gui/share/open_manipulator_gui/launch/open_manipulator_x_gui.launch.py
[0.538s] -- Up-to-date symlink: /home/youn/ROS/open_manipulator_ws/install/open_manipulator_gui/share/open_manipulator_gui/ui/omx_f_main_window.ui
[0.538s] -- Up-to-date symlink: /home/youn/ROS/open_manipulator_ws/install/open_manipulator_gui/share/open_manipulator_gui/ui/omy_3m_main_window.ui
[0.538s] -- Up-to-date symlink: /home/youn/ROS/open_manipulator_ws/install/open_manipulator_gui/share/open_manipulator_gui/ui/omy_f3m_main_window.ui
[0.538s] -- Up-to-date symlink: /home/youn/ROS/open_manipulator_ws/install/open_manipulator_gui/share/open_manipulator_gui/ui/open_manipulator_x_main_window.ui
[0.538s] -- Up-to-date symlink: /home/youn/ROS/open_manipulator_ws/install/open_manipulator_gui/share/open_manipulator_gui/config/omx_f_joint_log.csv
[0.539s] -- Up-to-date symlink: /home/youn/ROS/open_manipulator_ws/install/open_manipulator_gui/share/open_manipulator_gui/config/omy_3m_joint_log.csv
[0.539s] -- Up-to-date symlink: /home/youn/ROS/open_manipulator_ws/install/open_manipulator_gui/share/open_manipulator_gui/config/omy_f3m_joint_log.csv
[0.539s] -- Up-to-date symlink: /home/youn/ROS/open_manipulator_ws/install/open_manipulator_gui/share/open_manipulator_gui/config/open_manipulator_x_joint_log.csv
[0.539s] -- Up-to-date symlink: /home/youn/ROS/open_manipulator_ws/install/open_manipulator_gui/share/open_manipulator_gui/environment/library_path.sh
[0.539s] -- Up-to-date symlink: /home/youn/ROS/open_manipulator_ws/install/open_manipulator_gui/share/open_manipulator_gui/environment/library_path.dsv
[0.539s] -- Up-to-date symlink: /home/youn/ROS/open_manipulator_ws/install/open_manipulator_gui/share/ament_index/resource_index/package_run_dependencies/open_manipulator_gui
[0.540s] -- Up-to-date symlink: /home/youn/ROS/open_manipulator_ws/install/open_manipulator_gui/share/ament_index/resource_index/parent_prefix_path/open_manipulator_gui
[0.540s] -- Up-to-date symlink: /home/youn/ROS/open_manipulator_ws/install/open_manipulator_gui/share/open_manipulator_gui/environment/ament_prefix_path.sh
[0.541s] -- Up-to-date symlink: /home/youn/ROS/open_manipulator_ws/install/open_manipulator_gui/share/open_manipulator_gui/environment/ament_prefix_path.dsv
[0.541s] -- Up-to-date symlink: /home/youn/ROS/open_manipulator_ws/install/open_manipulator_gui/share/open_manipulator_gui/environment/path.sh
[0.541s] -- Up-to-date symlink: /home/youn/ROS/open_manipulator_ws/install/open_manipulator_gui/share/open_manipulator_gui/environment/path.dsv
[0.541s] -- Up-to-date symlink: /home/youn/ROS/open_manipulator_ws/install/open_manipulator_gui/share/open_manipulator_gui/local_setup.bash
[0.542s] -- Up-to-date symlink: /home/youn/ROS/open_manipulator_ws/install/open_manipulator_gui/share/open_manipulator_gui/local_setup.sh
[0.542s] -- Up-to-date symlink: /home/youn/ROS/open_manipulator_ws/install/open_manipulator_gui/share/open_manipulator_gui/local_setup.zsh
[0.542s] -- Up-to-date symlink: /home/youn/ROS/open_manipulator_ws/install/open_manipulator_gui/share/open_manipulator_gui/local_setup.dsv
[0.542s] -- Symlinking: /home/youn/ROS/open_manipulator_ws/install/open_manipulator_gui/share/open_manipulator_gui/package.dsv
[0.543s] -- Up-to-date symlink: /home/youn/ROS/open_manipulator_ws/install/open_manipulator_gui/share/ament_index/resource_index/packages/open_manipulator_gui
[0.543s] -- Up-to-date symlink: /home/youn/ROS/open_manipulator_ws/install/open_manipulator_gui/share/open_manipulator_gui/cmake/ament_cmake_export_include_directories-extras.cmake
[0.543s] -- Up-to-date symlink: /home/youn/ROS/open_manipulator_ws/install/open_manipulator_gui/share/open_manipulator_gui/cmake/ament_cmake_export_libraries-extras.cmake
[0.543s] -- Up-to-date symlink: /home/youn/ROS/open_manipulator_ws/install/open_manipulator_gui/share/open_manipulator_gui/cmake/open_manipulator_guiConfig.cmake
[0.543s] -- Up-to-date symlink: /home/youn/ROS/open_manipulator_ws/install/open_manipulator_gui/share/open_manipulator_gui/cmake/open_manipulator_guiConfig-version.cmake
[0.544s] -- Up-to-date symlink: /home/youn/ROS/open_manipulator_ws/install/open_manipulator_gui/share/open_manipulator_gui/package.xml
[0.549s] Invoked command in '/home/youn/ROS/open_manipulator_ws/build/open_manipulator_gui' returned '0': CMAKE_PREFIX_PATH=${CMAKE_PREFIX_PATH}:/home/youn/ROS/ros_workspace/install/ros_basic:/home/youn/ROS/ros_workspace/install/tf2_basic:/opt/ros/jazzy /usr/bin/cmake --install /home/youn/ROS/open_manipulator_ws/build/open_manipulator_gui
