[0.044s] Invoking command in '/home/youn/ROS/open_manipulator_ws/build/robotis_interfaces': CMAKE_PREFIX_PATH=${CMAKE_PREFIX_PATH}:/home/youn/ROS/ros_workspace/install/ros_basic:/home/youn/ROS/ros_workspace/install/tf2_basic:/opt/ros/jazzy /usr/bin/cmake --build /home/youn/ROS/open_manipulator_ws/build/robotis_interfaces
[0.121s] [  1%] Built target robotis_interfaces__rosidl_generator_type_description
[0.151s] [  3%] Built target robotis_interfaces__cpp
[0.192s] [ 24%] Built target robotis_interfaces__rosidl_generator_c
[0.226s] [ 33%] Built target robotis_interfaces__rosidl_typesupport_cpp
[0.260s] [ 35%] Built target robotis_interfaces__rs
[0.307s] [ 44%] Built target robotis_interfaces__rosidl_typesupport_fastrtps_c
[0.360s] [ 53%] Built target robotis_interfaces__rosidl_typesupport_fastrtps_cpp
[0.407s] [ 63%] Built target robotis_interfaces__rosidl_typesupport_introspection_c
[0.443s] [ 72%] Built target robotis_interfaces__rosidl_typesupport_c
[0.476s] [ 81%] Built target robotis_interfaces__rosidl_typesupport_introspection_cpp
[0.516s] [ 81%] Built target robotis_interfaces
[0.563s] [ 81%] Built target ament_cmake_python_symlink_robotis_interfaces
[0.924s] running egg_info
[0.952s] writing robotis_interfaces.egg-info/PKG-INFO
[0.954s] writing dependency_links to robotis_interfaces.egg-info/dependency_links.txt
[0.955s] writing top-level names to robotis_interfaces.egg-info/top_level.txt
[1.038s] reading manifest file 'robotis_interfaces.egg-info/SOURCES.txt'
[1.040s] writing manifest file 'robotis_interfaces.egg-info/SOURCES.txt'
[1.123s] [ 81%] Built target ament_cmake_python_build_robotis_interfaces_egg
[1.168s] [ 83%] Built target robotis_interfaces__py
[1.213s] [ 90%] Built target robotis_interfaces__rosidl_generator_py
[1.249s] [ 93%] Built target robotis_interfaces_s__rosidl_typesupport_fastrtps_c
[1.289s] [ 96%] Built target robotis_interfaces_s__rosidl_typesupport_introspection_c
[1.352s] [100%] Built target robotis_interfaces_s__rosidl_typesupport_c
[1.442s] Invoked command in '/home/youn/ROS/open_manipulator_ws/build/robotis_interfaces' returned '0': CMAKE_PREFIX_PATH=${CMAKE_PREFIX_PATH}:/home/youn/ROS/ros_workspace/install/ros_basic:/home/youn/ROS/ros_workspace/install/tf2_basic:/opt/ros/jazzy /usr/bin/cmake --build /home/youn/ROS/open_manipulator_ws/build/robotis_interfaces
[1.447s] Invoking command in '/home/youn/ROS/open_manipulator_ws/build/robotis_interfaces': CMAKE_PREFIX_PATH=${CMAKE_PREFIX_PATH}:/home/youn/ROS/ros_workspace/install/ros_basic:/home/youn/ROS/ros_workspace/install/tf2_basic:/opt/ros/jazzy /usr/bin/cmake --install /home/youn/ROS/open_manipulator_ws/build/robotis_interfaces
[1.460s] -- Install configuration: "Release"
[1.460s] -- Execute custom install script
[1.460s] -- Up-to-date symlink: /home/youn/ROS/open_manipulator_ws/install/robotis_interfaces/share/ament_index/resource_index/rosidl_interfaces/robotis_interfaces
[1.460s] -- Up-to-date symlink: /home/youn/ROS/open_manipulator_ws/install/robotis_interfaces/share/robotis_interfaces/msg/HandJoints.json
[1.460s] -- Up-to-date symlink: /home/youn/ROS/open_manipulator_ws/install/robotis_interfaces/share/robotis_interfaces/msg/HandPressures.json
[1.460s] -- Up-to-date symlink: /home/youn/ROS/open_manipulator_ws/install/robotis_interfaces/share/robotis_interfaces/msg/MoveL.json
[1.460s] -- Up-to-date symlink: /home/youn/ROS/open_manipulator_ws/install/robotis_interfaces/share/robotis_interfaces/msg/TactileSensor.json
[1.461s] -- Up-to-date symlink: /home/youn/ROS/open_manipulator_ws/install/robotis_interfaces/include/robotis_interfaces/robotis_interfaces/msg/detail/hand_joints__functions.h
[1.461s] -- Up-to-date symlink: /home/youn/ROS/open_manipulator_ws/install/robotis_interfaces/include/robotis_interfaces/robotis_interfaces/msg/detail/hand_joints__struct.h
[1.462s] -- Up-to-date symlink: /home/youn/ROS/open_manipulator_ws/install/robotis_interfaces/include/robotis_interfaces/robotis_interfaces/msg/detail/hand_joints__type_support.h
[1.462s] -- Up-to-date symlink: /home/youn/ROS/open_manipulator_ws/install/robotis_interfaces/include/robotis_interfaces/robotis_interfaces/msg/detail/hand_pressures__functions.h
[1.462s] -- Up-to-date symlink: /home/youn/ROS/open_manipulator_ws/install/robotis_interfaces/include/robotis_interfaces/robotis_interfaces/msg/detail/hand_pressures__struct.h
[1.462s] -- Up-to-date symlink: /home/youn/ROS/open_manipulator_ws/install/robotis_interfaces/include/robotis_interfaces/robotis_interfaces/msg/detail/hand_pressures__type_support.h
[1.462s] -- Up-to-date symlink: /home/youn/ROS/open_manipulator_ws/install/robotis_interfaces/include/robotis_interfaces/robotis_interfaces/msg/detail/move_l__functions.h
[1.462s] -- Up-to-date symlink: /home/youn/ROS/open_manipulator_ws/install/robotis_interfaces/include/robotis_interfaces/robotis_interfaces/msg/detail/move_l__struct.h
[1.462s] -- Up-to-date symlink: /home/youn/ROS/open_manipulator_ws/install/robotis_interfaces/include/robotis_interfaces/robotis_interfaces/msg/detail/move_l__type_support.h
[1.462s] -- Up-to-date symlink: /home/youn/ROS/open_manipulator_ws/install/robotis_interfaces/include/robotis_interfaces/robotis_interfaces/msg/detail/tactile_sensor__functions.h
[1.462s] -- Up-to-date symlink: /home/youn/ROS/open_manipulator_ws/install/robotis_interfaces/include/robotis_interfaces/robotis_interfaces/msg/detail/tactile_sensor__struct.h
[1.462s] -- Up-to-date symlink: /home/youn/ROS/open_manipulator_ws/install/robotis_interfaces/include/robotis_interfaces/robotis_interfaces/msg/detail/tactile_sensor__type_support.h
[1.462s] -- Up-to-date symlink: /home/youn/ROS/open_manipulator_ws/install/robotis_interfaces/include/robotis_interfaces/robotis_interfaces/msg/hand_joints.h
[1.462s] -- Up-to-date symlink: /home/youn/ROS/open_manipulator_ws/install/robotis_interfaces/include/robotis_interfaces/robotis_interfaces/msg/hand_pressures.h
[1.462s] -- Up-to-date symlink: /home/youn/ROS/open_manipulator_ws/install/robotis_interfaces/include/robotis_interfaces/robotis_interfaces/msg/move_l.h
[1.463s] -- Up-to-date symlink: /home/youn/ROS/open_manipulator_ws/install/robotis_interfaces/include/robotis_interfaces/robotis_interfaces/msg/rosidl_generator_c__visibility_control.h
[1.463s] -- Up-to-date symlink: /home/youn/ROS/open_manipulator_ws/install/robotis_interfaces/include/robotis_interfaces/robotis_interfaces/msg/tactile_sensor.h
[1.463s] -- Up-to-date symlink: /home/youn/ROS/open_manipulator_ws/install/robotis_interfaces/share/robotis_interfaces/environment/library_path.sh
[1.463s] -- Up-to-date symlink: /home/youn/ROS/open_manipulator_ws/install/robotis_interfaces/share/robotis_interfaces/environment/library_path.dsv
[1.465s] -- Up-to-date symlink: /home/youn/ROS/open_manipulator_ws/install/robotis_interfaces/include/robotis_interfaces/robotis_interfaces/msg/detail/hand_joints__rosidl_typesupport_fastrtps_c.h
[1.465s] -- Up-to-date symlink: /home/youn/ROS/open_manipulator_ws/install/robotis_interfaces/include/robotis_interfaces/robotis_interfaces/msg/detail/hand_pressures__rosidl_typesupport_fastrtps_c.h
[1.465s] -- Up-to-date symlink: /home/youn/ROS/open_manipulator_ws/install/robotis_interfaces/include/robotis_interfaces/robotis_interfaces/msg/detail/move_l__rosidl_typesupport_fastrtps_c.h
[1.465s] -- Up-to-date symlink: /home/youn/ROS/open_manipulator_ws/install/robotis_interfaces/include/robotis_interfaces/robotis_interfaces/msg/detail/tactile_sensor__rosidl_typesupport_fastrtps_c.h
[1.465s] -- Up-to-date symlink: /home/youn/ROS/open_manipulator_ws/install/robotis_interfaces/include/robotis_interfaces/robotis_interfaces/msg/rosidl_typesupport_fastrtps_c__visibility_control.h
[1.465s] -- Up-to-date symlink: /home/youn/ROS/open_manipulator_ws/install/robotis_interfaces/include/robotis_interfaces/robotis_interfaces/msg/detail/hand_joints__builder.hpp
[1.465s] -- Up-to-date symlink: /home/youn/ROS/open_manipulator_ws/install/robotis_interfaces/include/robotis_interfaces/robotis_interfaces/msg/detail/hand_joints__struct.hpp
[1.465s] -- Up-to-date symlink: /home/youn/ROS/open_manipulator_ws/install/robotis_interfaces/include/robotis_interfaces/robotis_interfaces/msg/detail/hand_joints__traits.hpp
[1.465s] -- Up-to-date symlink: /home/youn/ROS/open_manipulator_ws/install/robotis_interfaces/include/robotis_interfaces/robotis_interfaces/msg/detail/hand_joints__type_support.hpp
[1.465s] -- Up-to-date symlink: /home/youn/ROS/open_manipulator_ws/install/robotis_interfaces/include/robotis_interfaces/robotis_interfaces/msg/detail/hand_pressures__builder.hpp
[1.465s] -- Up-to-date symlink: /home/youn/ROS/open_manipulator_ws/install/robotis_interfaces/include/robotis_interfaces/robotis_interfaces/msg/detail/hand_pressures__struct.hpp
[1.465s] -- Up-to-date symlink: /home/youn/ROS/open_manipulator_ws/install/robotis_interfaces/include/robotis_interfaces/robotis_interfaces/msg/detail/hand_pressures__traits.hpp
[1.467s] -- Up-to-date symlink: /home/youn/ROS/open_manipulator_ws/install/robotis_interfaces/include/robotis_interfaces/robotis_interfaces/msg/detail/hand_pressures__type_support.hpp
[1.467s] -- Up-to-date symlink: /home/youn/ROS/open_manipulator_ws/install/robotis_interfaces/include/robotis_interfaces/robotis_interfaces/msg/detail/move_l__builder.hpp
[1.467s] -- Up-to-date symlink: /home/youn/ROS/open_manipulator_ws/install/robotis_interfaces/include/robotis_interfaces/robotis_interfaces/msg/detail/move_l__struct.hpp
[1.467s] -- Up-to-date symlink: /home/youn/ROS/open_manipulator_ws/install/robotis_interfaces/include/robotis_interfaces/robotis_interfaces/msg/detail/move_l__traits.hpp
[1.467s] -- Up-to-date symlink: /home/youn/ROS/open_manipulator_ws/install/robotis_interfaces/include/robotis_interfaces/robotis_interfaces/msg/detail/move_l__type_support.hpp
[1.468s] -- Up-to-date symlink: /home/youn/ROS/open_manipulator_ws/install/robotis_interfaces/include/robotis_interfaces/robotis_interfaces/msg/detail/tactile_sensor__builder.hpp
[1.469s] -- Up-to-date symlink: /home/youn/ROS/open_manipulator_ws/install/robotis_interfaces/include/robotis_interfaces/robotis_interfaces/msg/detail/tactile_sensor__struct.hpp
[1.471s] -- Up-to-date symlink: /home/youn/ROS/open_manipulator_ws/install/robotis_interfaces/include/robotis_interfaces/robotis_interfaces/msg/detail/tactile_sensor__traits.hpp
[1.471s] -- Up-to-date symlink: /home/youn/ROS/open_manipulator_ws/install/robotis_interfaces/include/robotis_interfaces/robotis_interfaces/msg/detail/tactile_sensor__type_support.hpp
[1.472s] -- Up-to-date symlink: /home/youn/ROS/open_manipulator_ws/install/robotis_interfaces/include/robotis_interfaces/robotis_interfaces/msg/hand_joints.hpp
[1.472s] -- Up-to-date symlink: /home/youn/ROS/open_manipulator_ws/install/robotis_interfaces/include/robotis_interfaces/robotis_interfaces/msg/hand_pressures.hpp
[1.472s] -- Up-to-date symlink: /home/youn/ROS/open_manipulator_ws/install/robotis_interfaces/include/robotis_interfaces/robotis_interfaces/msg/move_l.hpp
[1.473s] -- Up-to-date symlink: /home/youn/ROS/open_manipulator_ws/install/robotis_interfaces/include/robotis_interfaces/robotis_interfaces/msg/rosidl_generator_cpp__visibility_control.hpp
[1.474s] -- Up-to-date symlink: /home/youn/ROS/open_manipulator_ws/install/robotis_interfaces/include/robotis_interfaces/robotis_interfaces/msg/tactile_sensor.hpp
[1.474s] -- Up-to-date symlink: /home/youn/ROS/open_manipulator_ws/install/robotis_interfaces/include/robotis_interfaces/robotis_interfaces/msg/detail/hand_joints__rosidl_typesupport_fastrtps_cpp.hpp
[1.475s] -- Up-to-date symlink: /home/youn/ROS/open_manipulator_ws/install/robotis_interfaces/include/robotis_interfaces/robotis_interfaces/msg/detail/hand_pressures__rosidl_typesupport_fastrtps_cpp.hpp
[1.475s] -- Up-to-date symlink: /home/youn/ROS/open_manipulator_ws/install/robotis_interfaces/include/robotis_interfaces/robotis_interfaces/msg/detail/move_l__rosidl_typesupport_fastrtps_cpp.hpp
[1.475s] -- Up-to-date symlink: /home/youn/ROS/open_manipulator_ws/install/robotis_interfaces/include/robotis_interfaces/robotis_interfaces/msg/detail/tactile_sensor__rosidl_typesupport_fastrtps_cpp.hpp
[1.475s] -- Up-to-date symlink: /home/youn/ROS/open_manipulator_ws/install/robotis_interfaces/include/robotis_interfaces/robotis_interfaces/msg/rosidl_typesupport_fastrtps_cpp__visibility_control.h
[1.479s] -- Up-to-date symlink: /home/youn/ROS/open_manipulator_ws/install/robotis_interfaces/include/robotis_interfaces/robotis_interfaces/msg/detail/hand_joints__rosidl_typesupport_introspection_c.h
[1.479s] -- Up-to-date symlink: /home/youn/ROS/open_manipulator_ws/install/robotis_interfaces/include/robotis_interfaces/robotis_interfaces/msg/detail/hand_pressures__rosidl_typesupport_introspection_c.h
[1.480s] -- Up-to-date symlink: /home/youn/ROS/open_manipulator_ws/install/robotis_interfaces/include/robotis_interfaces/robotis_interfaces/msg/detail/move_l__rosidl_typesupport_introspection_c.h
[1.480s] -- Up-to-date symlink: /home/youn/ROS/open_manipulator_ws/install/robotis_interfaces/include/robotis_interfaces/robotis_interfaces/msg/detail/tactile_sensor__rosidl_typesupport_introspection_c.h
[1.480s] -- Up-to-date symlink: /home/youn/ROS/open_manipulator_ws/install/robotis_interfaces/include/robotis_interfaces/robotis_interfaces/msg/rosidl_typesupport_introspection_c__visibility_control.h
[1.480s] -- Up-to-date symlink: /home/youn/ROS/open_manipulator_ws/install/robotis_interfaces/include/robotis_interfaces/robotis_interfaces/msg/detail/hand_joints__rosidl_typesupport_introspection_cpp.hpp
[1.480s] -- Up-to-date symlink: /home/youn/ROS/open_manipulator_ws/install/robotis_interfaces/include/robotis_interfaces/robotis_interfaces/msg/detail/hand_pressures__rosidl_typesupport_introspection_cpp.hpp
[1.480s] -- Up-to-date symlink: /home/youn/ROS/open_manipulator_ws/install/robotis_interfaces/include/robotis_interfaces/robotis_interfaces/msg/detail/move_l__rosidl_typesupport_introspection_cpp.hpp
[1.480s] -- Up-to-date symlink: /home/youn/ROS/open_manipulator_ws/install/robotis_interfaces/include/robotis_interfaces/robotis_interfaces/msg/detail/tactile_sensor__rosidl_typesupport_introspection_cpp.hpp
[1.480s] -- Up-to-date symlink: /home/youn/ROS/open_manipulator_ws/install/robotis_interfaces/share/robotis_interfaces/environment/pythonpath.sh
[1.480s] -- Up-to-date symlink: /home/youn/ROS/open_manipulator_ws/install/robotis_interfaces/share/robotis_interfaces/environment/pythonpath.dsv
[1.480s] -- Up-to-date symlink: /home/youn/ROS/open_manipulator_ws/install/robotis_interfaces/lib/python3.12/site-packages/robotis_interfaces-1.1.0-py3.12.egg-info/PKG-INFO
[1.480s] -- Up-to-date symlink: /home/youn/ROS/open_manipulator_ws/install/robotis_interfaces/lib/python3.12/site-packages/robotis_interfaces-1.1.0-py3.12.egg-info/SOURCES.txt
[1.480s] -- Up-to-date symlink: /home/youn/ROS/open_manipulator_ws/install/robotis_interfaces/lib/python3.12/site-packages/robotis_interfaces-1.1.0-py3.12.egg-info/dependency_links.txt
[1.480s] -- Up-to-date symlink: /home/youn/ROS/open_manipulator_ws/install/robotis_interfaces/lib/python3.12/site-packages/robotis_interfaces-1.1.0-py3.12.egg-info/top_level.txt
[1.481s] -- Up-to-date symlink: /home/youn/ROS/open_manipulator_ws/install/robotis_interfaces/lib/python3.12/site-packages/robotis_interfaces/__init__.py
[1.481s] -- Up-to-date symlink: /home/youn/ROS/open_manipulator_ws/install/robotis_interfaces/lib/python3.12/site-packages/robotis_interfaces/_robotis_interfaces_s.ep.rosidl_typesupport_c.c
[1.481s] -- Up-to-date symlink: /home/youn/ROS/open_manipulator_ws/install/robotis_interfaces/lib/python3.12/site-packages/robotis_interfaces/_robotis_interfaces_s.ep.rosidl_typesupport_fastrtps_c.c
[1.481s] -- Up-to-date symlink: /home/youn/ROS/open_manipulator_ws/install/robotis_interfaces/lib/python3.12/site-packages/robotis_interfaces/_robotis_interfaces_s.ep.rosidl_typesupport_introspection_c.c
[1.481s] -- Up-to-date symlink: /home/youn/ROS/open_manipulator_ws/install/robotis_interfaces/lib/python3.12/site-packages/robotis_interfaces/msg/__init__.py
[1.481s] -- Up-to-date symlink: /home/youn/ROS/open_manipulator_ws/install/robotis_interfaces/lib/python3.12/site-packages/robotis_interfaces/msg/_hand_joints.py
[1.490s] -- Up-to-date symlink: /home/youn/ROS/open_manipulator_ws/install/robotis_interfaces/lib/python3.12/site-packages/robotis_interfaces/msg/_hand_joints_s.c
[1.490s] -- Up-to-date symlink: /home/youn/ROS/open_manipulator_ws/install/robotis_interfaces/lib/python3.12/site-packages/robotis_interfaces/msg/_hand_pressures.py
[1.490s] -- Up-to-date symlink: /home/youn/ROS/open_manipulator_ws/install/robotis_interfaces/lib/python3.12/site-packages/robotis_interfaces/msg/_hand_pressures_s.c
[1.490s] -- Up-to-date symlink: /home/youn/ROS/open_manipulator_ws/install/robotis_interfaces/lib/python3.12/site-packages/robotis_interfaces/msg/_move_l.py
[1.490s] -- Up-to-date symlink: /home/youn/ROS/open_manipulator_ws/install/robotis_interfaces/lib/python3.12/site-packages/robotis_interfaces/msg/_move_l_s.c
[1.491s] -- Up-to-date symlink: /home/youn/ROS/open_manipulator_ws/install/robotis_interfaces/lib/python3.12/site-packages/robotis_interfaces/msg/_tactile_sensor.py
[1.491s] -- Up-to-date symlink: /home/youn/ROS/open_manipulator_ws/install/robotis_interfaces/lib/python3.12/site-packages/robotis_interfaces/msg/_tactile_sensor_s.c
[1.491s] -- Up-to-date symlink: /home/youn/ROS/open_manipulator_ws/install/robotis_interfaces/lib/python3.12/site-packages/robotis_interfaces/robotis_interfaces_s__rosidl_typesupport_c.so
[1.491s] -- Up-to-date symlink: /home/youn/ROS/open_manipulator_ws/install/robotis_interfaces/lib/python3.12/site-packages/robotis_interfaces/robotis_interfaces_s__rosidl_typesupport_fastrtps_c.so
[1.491s] -- Up-to-date symlink: /home/youn/ROS/open_manipulator_ws/install/robotis_interfaces/lib/python3.12/site-packages/robotis_interfaces/robotis_interfaces_s__rosidl_typesupport_introspection_c.so
[1.491s] -- Up-to-date symlink: /home/youn/ROS/open_manipulator_ws/install/robotis_interfaces/lib/python3.12/site-packages/robotis_interfaces/robotis_interfaces_s__rosidl_typesupport_fastrtps_c.so
[1.491s] -- Up-to-date symlink: /home/youn/ROS/open_manipulator_ws/install/robotis_interfaces/lib/python3.12/site-packages/robotis_interfaces/robotis_interfaces_s__rosidl_typesupport_introspection_c.so
[1.492s] -- Up-to-date symlink: /home/youn/ROS/open_manipulator_ws/install/robotis_interfaces/lib/python3.12/site-packages/robotis_interfaces/robotis_interfaces_s__rosidl_typesupport_c.so
[1.492s] -- Up-to-date symlink: /home/youn/ROS/open_manipulator_ws/install/robotis_interfaces/share/ament_index/resource_index/rust_packages/robotis_interfaces
[1.492s] -- Up-to-date symlink: /home/youn/ROS/open_manipulator_ws/install/robotis_interfaces/share/robotis_interfaces/rust/Cargo.toml
[1.493s] -- Up-to-date symlink: /home/youn/ROS/open_manipulator_ws/install/robotis_interfaces/share/robotis_interfaces/rust/build.rs
[1.493s] -- Up-to-date symlink: /home/youn/ROS/open_manipulator_ws/install/robotis_interfaces/share/robotis_interfaces/rust/src/lib.rs
[1.494s] -- Up-to-date symlink: /home/youn/ROS/open_manipulator_ws/install/robotis_interfaces/share/robotis_interfaces/rust/src/msg.rs
[1.494s] -- Up-to-date symlink: /home/youn/ROS/open_manipulator_ws/install/robotis_interfaces/share/robotis_interfaces/rust/src/msg/rmw.rs
[1.494s] -- Up-to-date symlink: /home/youn/ROS/open_manipulator_ws/install/robotis_interfaces/share/robotis_interfaces/msg/HandJoints.idl
[1.494s] -- Up-to-date symlink: /home/youn/ROS/open_manipulator_ws/install/robotis_interfaces/share/robotis_interfaces/msg/HandPressures.idl
[1.495s] -- Up-to-date symlink: /home/youn/ROS/open_manipulator_ws/install/robotis_interfaces/share/robotis_interfaces/msg/MoveL.idl
[1.496s] -- Up-to-date symlink: /home/youn/ROS/open_manipulator_ws/install/robotis_interfaces/share/robotis_interfaces/msg/TactileSensor.idl
[1.497s] -- Up-to-date symlink: /home/youn/ROS/open_manipulator_ws/install/robotis_interfaces/share/robotis_interfaces/msg/HandJoints.msg
[1.498s] -- Up-to-date symlink: /home/youn/ROS/open_manipulator_ws/install/robotis_interfaces/share/robotis_interfaces/msg/HandPressures.msg
[1.502s] -- Up-to-date symlink: /home/youn/ROS/open_manipulator_ws/install/robotis_interfaces/share/robotis_interfaces/msg/MoveL.msg
[1.503s] -- Up-to-date symlink: /home/youn/ROS/open_manipulator_ws/install/robotis_interfaces/share/robotis_interfaces/msg/TactileSensor.msg
[1.503s] -- Up-to-date symlink: /home/youn/ROS/open_manipulator_ws/install/robotis_interfaces/share/ament_index/resource_index/package_run_dependencies/robotis_interfaces
[1.504s] -- Up-to-date symlink: /home/youn/ROS/open_manipulator_ws/install/robotis_interfaces/share/ament_index/resource_index/parent_prefix_path/robotis_interfaces
[1.506s] -- Up-to-date symlink: /home/youn/ROS/open_manipulator_ws/install/robotis_interfaces/share/robotis_interfaces/environment/ament_prefix_path.sh
[1.507s] -- Up-to-date symlink: /home/youn/ROS/open_manipulator_ws/install/robotis_interfaces/share/robotis_interfaces/environment/ament_prefix_path.dsv
[1.507s] -- Up-to-date symlink: /home/youn/ROS/open_manipulator_ws/install/robotis_interfaces/share/robotis_interfaces/environment/path.sh
[1.507s] -- Up-to-date symlink: /home/youn/ROS/open_manipulator_ws/install/robotis_interfaces/share/robotis_interfaces/environment/path.dsv
[1.507s] -- Up-to-date symlink: /home/youn/ROS/open_manipulator_ws/install/robotis_interfaces/share/robotis_interfaces/local_setup.bash
[1.507s] -- Up-to-date symlink: /home/youn/ROS/open_manipulator_ws/install/robotis_interfaces/share/robotis_interfaces/local_setup.sh
[1.507s] -- Up-to-date symlink: /home/youn/ROS/open_manipulator_ws/install/robotis_interfaces/share/robotis_interfaces/local_setup.zsh
[1.507s] -- Up-to-date symlink: /home/youn/ROS/open_manipulator_ws/install/robotis_interfaces/share/robotis_interfaces/local_setup.dsv
[1.507s] -- Symlinking: /home/youn/ROS/open_manipulator_ws/install/robotis_interfaces/share/robotis_interfaces/package.dsv
[1.530s] -- Up-to-date symlink: /home/youn/ROS/open_manipulator_ws/install/robotis_interfaces/share/ament_index/resource_index/packages/robotis_interfaces
[1.530s] -- Up-to-date symlink: /home/youn/ROS/open_manipulator_ws/install/robotis_interfaces/share/robotis_interfaces/cmake/rosidl_cmake-extras.cmake
[1.531s] -- Up-to-date symlink: /home/youn/ROS/open_manipulator_ws/install/robotis_interfaces/share/robotis_interfaces/cmake/ament_cmake_export_dependencies-extras.cmake
[1.531s] -- Up-to-date symlink: /home/youn/ROS/open_manipulator_ws/install/robotis_interfaces/share/robotis_interfaces/cmake/ament_cmake_export_include_directories-extras.cmake
[1.531s] -- Up-to-date symlink: /home/youn/ROS/open_manipulator_ws/install/robotis_interfaces/share/robotis_interfaces/cmake/ament_cmake_export_libraries-extras.cmake
[1.531s] -- Up-to-date symlink: /home/youn/ROS/open_manipulator_ws/install/robotis_interfaces/share/robotis_interfaces/cmake/ament_cmake_export_targets-extras.cmake
[1.531s] -- Up-to-date symlink: /home/youn/ROS/open_manipulator_ws/install/robotis_interfaces/share/robotis_interfaces/cmake/rosidl_cmake_export_typesupport_targets-extras.cmake
[1.531s] -- Up-to-date symlink: /home/youn/ROS/open_manipulator_ws/install/robotis_interfaces/share/robotis_interfaces/cmake/rosidl_cmake_export_typesupport_libraries-extras.cmake
[1.531s] -- Up-to-date symlink: /home/youn/ROS/open_manipulator_ws/install/robotis_interfaces/share/robotis_interfaces/cmake/rosidl_cmake_aggregate_target-extras.cmake
[1.531s] -- Up-to-date symlink: /home/youn/ROS/open_manipulator_ws/install/robotis_interfaces/share/robotis_interfaces/cmake/robotis_interfacesConfig.cmake
[1.532s] -- Up-to-date symlink: /home/youn/ROS/open_manipulator_ws/install/robotis_interfaces/share/robotis_interfaces/cmake/robotis_interfacesConfig-version.cmake
[1.532s] -- Up-to-date symlink: /home/youn/ROS/open_manipulator_ws/install/robotis_interfaces/share/robotis_interfaces/package.xml
[1.534s] -- Up-to-date: /home/youn/ROS/open_manipulator_ws/install/robotis_interfaces/lib/librobotis_interfaces__rosidl_generator_c.so
[1.544s] -- Up-to-date: /home/youn/ROS/open_manipulator_ws/install/robotis_interfaces/lib/librobotis_interfaces__rosidl_typesupport_fastrtps_c.so
[1.544s] -- Up-to-date: /home/youn/ROS/open_manipulator_ws/install/robotis_interfaces/lib/librobotis_interfaces__rosidl_typesupport_fastrtps_cpp.so
[1.544s] -- Up-to-date: /home/youn/ROS/open_manipulator_ws/install/robotis_interfaces/lib/librobotis_interfaces__rosidl_typesupport_introspection_c.so
[1.544s] -- Up-to-date: /home/youn/ROS/open_manipulator_ws/install/robotis_interfaces/lib/librobotis_interfaces__rosidl_typesupport_c.so
[1.544s] -- Up-to-date: /home/youn/ROS/open_manipulator_ws/install/robotis_interfaces/lib/librobotis_interfaces__rosidl_typesupport_introspection_cpp.so
[1.544s] -- Up-to-date: /home/youn/ROS/open_manipulator_ws/install/robotis_interfaces/lib/librobotis_interfaces__rosidl_typesupport_cpp.so
[1.576s] Listing '/home/youn/ROS/open_manipulator_ws/install/robotis_interfaces/lib/python3.12/site-packages/robotis_interfaces'...
[1.576s] Listing '/home/youn/ROS/open_manipulator_ws/install/robotis_interfaces/lib/python3.12/site-packages/robotis_interfaces/msg'...
[1.587s] -- Up-to-date: /home/youn/ROS/open_manipulator_ws/install/robotis_interfaces/lib/librobotis_interfaces__rosidl_generator_py.so
[1.588s] -- Up-to-date: /home/youn/ROS/open_manipulator_ws/install/robotis_interfaces/share/robotis_interfaces/cmake/export_robotis_interfaces__rosidl_generator_cExport.cmake
[1.588s] -- Up-to-date: /home/youn/ROS/open_manipulator_ws/install/robotis_interfaces/share/robotis_interfaces/cmake/export_robotis_interfaces__rosidl_generator_cExport-release.cmake
[1.588s] -- Up-to-date: /home/youn/ROS/open_manipulator_ws/install/robotis_interfaces/share/robotis_interfaces/cmake/export_robotis_interfaces__rosidl_typesupport_fastrtps_cExport.cmake
[1.589s] -- Up-to-date: /home/youn/ROS/open_manipulator_ws/install/robotis_interfaces/share/robotis_interfaces/cmake/export_robotis_interfaces__rosidl_typesupport_fastrtps_cExport-release.cmake
[1.589s] -- Up-to-date: /home/youn/ROS/open_manipulator_ws/install/robotis_interfaces/share/robotis_interfaces/cmake/export_robotis_interfaces__rosidl_generator_cppExport.cmake
[1.589s] -- Up-to-date: /home/youn/ROS/open_manipulator_ws/install/robotis_interfaces/share/robotis_interfaces/cmake/export_robotis_interfaces__rosidl_typesupport_fastrtps_cppExport.cmake
[1.590s] -- Up-to-date: /home/youn/ROS/open_manipulator_ws/install/robotis_interfaces/share/robotis_interfaces/cmake/export_robotis_interfaces__rosidl_typesupport_fastrtps_cppExport-release.cmake
[1.590s] -- Up-to-date: /home/youn/ROS/open_manipulator_ws/install/robotis_interfaces/share/robotis_interfaces/cmake/robotis_interfaces__rosidl_typesupport_introspection_cExport.cmake
[1.590s] -- Up-to-date: /home/youn/ROS/open_manipulator_ws/install/robotis_interfaces/share/robotis_interfaces/cmake/robotis_interfaces__rosidl_typesupport_introspection_cExport-release.cmake
[1.590s] -- Up-to-date: /home/youn/ROS/open_manipulator_ws/install/robotis_interfaces/share/robotis_interfaces/cmake/robotis_interfaces__rosidl_typesupport_cExport.cmake
[1.590s] -- Up-to-date: /home/youn/ROS/open_manipulator_ws/install/robotis_interfaces/share/robotis_interfaces/cmake/robotis_interfaces__rosidl_typesupport_cExport-release.cmake
[1.590s] -- Up-to-date: /home/youn/ROS/open_manipulator_ws/install/robotis_interfaces/share/robotis_interfaces/cmake/robotis_interfaces__rosidl_typesupport_introspection_cppExport.cmake
[1.591s] -- Up-to-date: /home/youn/ROS/open_manipulator_ws/install/robotis_interfaces/share/robotis_interfaces/cmake/robotis_interfaces__rosidl_typesupport_introspection_cppExport-release.cmake
[1.591s] -- Up-to-date: /home/youn/ROS/open_manipulator_ws/install/robotis_interfaces/share/robotis_interfaces/cmake/robotis_interfaces__rosidl_typesupport_cppExport.cmake
[1.592s] -- Up-to-date: /home/youn/ROS/open_manipulator_ws/install/robotis_interfaces/share/robotis_interfaces/cmake/robotis_interfaces__rosidl_typesupport_cppExport-release.cmake
[1.592s] -- Up-to-date: /home/youn/ROS/open_manipulator_ws/install/robotis_interfaces/share/robotis_interfaces/cmake/export_robotis_interfaces__rosidl_generator_pyExport.cmake
[1.592s] -- Up-to-date: /home/youn/ROS/open_manipulator_ws/install/robotis_interfaces/share/robotis_interfaces/cmake/export_robotis_interfaces__rosidl_generator_pyExport-release.cmake
[1.637s] Invoked command in '/home/youn/ROS/open_manipulator_ws/build/robotis_interfaces' returned '0': CMAKE_PREFIX_PATH=${CMAKE_PREFIX_PATH}:/home/youn/ROS/ros_workspace/install/ros_basic:/home/youn/ROS/ros_workspace/install/tf2_basic:/opt/ros/jazzy /usr/bin/cmake --install /home/youn/ROS/open_manipulator_ws/build/robotis_interfaces
