[0.032s] Invoking command in '/home/youn/ROS/open_manipulator_ws/build/dynamixel_interfaces': CMAKE_PREFIX_PATH=${CMAKE_PREFIX_PATH}:/home/youn/ROS/ros_workspace/install/ros_basic:/home/youn/ROS/ros_workspace/install/tf2_basic:/opt/ros/jazzy /usr/bin/cmake --build /home/youn/ROS/open_manipulator_ws/build/dynamixel_interfaces -- -j14 -l14
[0.089s] [  1%] Built target dynamixel_interfaces__rs
[0.108s] [  3%] Built target dynamixel_interfaces__rosidl_generator_type_description
[0.117s] [  3%] Built target ament_cmake_python_symlink_dynamixel_interfaces
[0.141s] [  4%] Built target dynamixel_interfaces__cpp
[0.141s] [ 26%] Built target dynamixel_interfaces__rosidl_generator_c
[0.224s] [ 35%] Built target dynamixel_interfaces__rosidl_typesupport_introspection_c
[0.229s] [ 44%] Built target dynamixel_interfaces__rosidl_typesupport_introspection_cpp
[0.231s] [ 53%] Built target dynamixel_interfaces__rosidl_typesupport_c
[0.231s] [ 63%] Built target dynamixel_interfaces__rosidl_typesupport_fastrtps_c
[0.238s] [ 72%] Built target dynamixel_interfaces__rosidl_typesupport_cpp
[0.279s] [ 81%] Built target dynamixel_interfaces__rosidl_typesupport_fastrtps_cpp
[0.310s] [ 81%] Built target dynamixel_interfaces
[0.344s] [ 83%] Built target dynamixel_interfaces__py
[0.388s] [ 90%] Built target dynamixel_interfaces__rosidl_generator_py
[0.439s] [ 93%] Built target dynamixel_interfaces_s__rosidl_typesupport_fastrtps_c
[0.457s] [ 96%] Built target dynamixel_interfaces_s__rosidl_typesupport_introspection_c
[0.471s] [100%] Built target dynamixel_interfaces_s__rosidl_typesupport_c
[0.473s] running egg_info
[0.487s] writing dynamixel_interfaces.egg-info/PKG-INFO
[0.488s] writing dependency_links to dynamixel_interfaces.egg-info/dependency_links.txt
[0.488s] writing top-level names to dynamixel_interfaces.egg-info/top_level.txt
[0.556s] reading manifest file 'dynamixel_interfaces.egg-info/SOURCES.txt'
[0.556s] writing manifest file 'dynamixel_interfaces.egg-info/SOURCES.txt'
[0.585s] [100%] Built target ament_cmake_python_build_dynamixel_interfaces_egg
[0.597s] Invoked command in '/home/youn/ROS/open_manipulator_ws/build/dynamixel_interfaces' returned '0': CMAKE_PREFIX_PATH=${CMAKE_PREFIX_PATH}:/home/youn/ROS/ros_workspace/install/ros_basic:/home/youn/ROS/ros_workspace/install/tf2_basic:/opt/ros/jazzy /usr/bin/cmake --build /home/youn/ROS/open_manipulator_ws/build/dynamixel_interfaces -- -j14 -l14
[0.622s] Invoking command in '/home/youn/ROS/open_manipulator_ws/build/dynamixel_interfaces': CMAKE_PREFIX_PATH=${CMAKE_PREFIX_PATH}:/home/youn/ROS/ros_workspace/install/ros_basic:/home/youn/ROS/ros_workspace/install/tf2_basic:/opt/ros/jazzy /usr/bin/cmake --install /home/youn/ROS/open_manipulator_ws/build/dynamixel_interfaces
[0.637s] -- Install configuration: "Release"
[0.638s] -- Execute custom install script
[0.638s] -- Up-to-date symlink: /home/youn/ROS/open_manipulator_ws/install/dynamixel_interfaces/share/ament_index/resource_index/rosidl_interfaces/dynamixel_interfaces
[0.638s] -- Up-to-date symlink: /home/youn/ROS/open_manipulator_ws/install/dynamixel_interfaces/share/dynamixel_interfaces/msg/DynamixelState.json
[0.643s] -- Up-to-date symlink: /home/youn/ROS/open_manipulator_ws/install/dynamixel_interfaces/share/dynamixel_interfaces/srv/GetDataFromDxl.json
[0.645s] -- Up-to-date symlink: /home/youn/ROS/open_manipulator_ws/install/dynamixel_interfaces/share/dynamixel_interfaces/srv/SetDataToDxl.json
[0.645s] -- Up-to-date symlink: /home/youn/ROS/open_manipulator_ws/install/dynamixel_interfaces/share/dynamixel_interfaces/srv/RebootDxl.json
[0.645s] -- Up-to-date symlink: /home/youn/ROS/open_manipulator_ws/install/dynamixel_interfaces/include/dynamixel_interfaces/dynamixel_interfaces/msg/detail/dynamixel_state__functions.h
[0.646s] -- Up-to-date symlink: /home/youn/ROS/open_manipulator_ws/install/dynamixel_interfaces/include/dynamixel_interfaces/dynamixel_interfaces/msg/detail/dynamixel_state__struct.h
[0.646s] -- Up-to-date symlink: /home/youn/ROS/open_manipulator_ws/install/dynamixel_interfaces/include/dynamixel_interfaces/dynamixel_interfaces/msg/detail/dynamixel_state__type_support.h
[0.646s] -- Up-to-date symlink: /home/youn/ROS/open_manipulator_ws/install/dynamixel_interfaces/include/dynamixel_interfaces/dynamixel_interfaces/msg/dynamixel_state.h
[0.646s] -- Up-to-date symlink: /home/youn/ROS/open_manipulator_ws/install/dynamixel_interfaces/include/dynamixel_interfaces/dynamixel_interfaces/msg/rosidl_generator_c__visibility_control.h
[0.647s] -- Up-to-date symlink: /home/youn/ROS/open_manipulator_ws/install/dynamixel_interfaces/include/dynamixel_interfaces/dynamixel_interfaces/srv/detail/get_data_from_dxl__functions.h
[0.650s] -- Up-to-date symlink: /home/youn/ROS/open_manipulator_ws/install/dynamixel_interfaces/include/dynamixel_interfaces/dynamixel_interfaces/srv/detail/get_data_from_dxl__struct.h
[0.650s] -- Up-to-date symlink: /home/youn/ROS/open_manipulator_ws/install/dynamixel_interfaces/include/dynamixel_interfaces/dynamixel_interfaces/srv/detail/get_data_from_dxl__type_support.h
[0.650s] -- Up-to-date symlink: /home/youn/ROS/open_manipulator_ws/install/dynamixel_interfaces/include/dynamixel_interfaces/dynamixel_interfaces/srv/detail/reboot_dxl__functions.h
[0.650s] -- Up-to-date symlink: /home/youn/ROS/open_manipulator_ws/install/dynamixel_interfaces/include/dynamixel_interfaces/dynamixel_interfaces/srv/detail/reboot_dxl__struct.h
[0.650s] -- Up-to-date symlink: /home/youn/ROS/open_manipulator_ws/install/dynamixel_interfaces/include/dynamixel_interfaces/dynamixel_interfaces/srv/detail/reboot_dxl__type_support.h
[0.651s] -- Up-to-date symlink: /home/youn/ROS/open_manipulator_ws/install/dynamixel_interfaces/include/dynamixel_interfaces/dynamixel_interfaces/srv/detail/set_data_to_dxl__functions.h
[0.651s] -- Up-to-date symlink: /home/youn/ROS/open_manipulator_ws/install/dynamixel_interfaces/include/dynamixel_interfaces/dynamixel_interfaces/srv/detail/set_data_to_dxl__struct.h
[0.651s] -- Up-to-date symlink: /home/youn/ROS/open_manipulator_ws/install/dynamixel_interfaces/include/dynamixel_interfaces/dynamixel_interfaces/srv/detail/set_data_to_dxl__type_support.h
[0.651s] -- Up-to-date symlink: /home/youn/ROS/open_manipulator_ws/install/dynamixel_interfaces/include/dynamixel_interfaces/dynamixel_interfaces/srv/get_data_from_dxl.h
[0.652s] -- Up-to-date symlink: /home/youn/ROS/open_manipulator_ws/install/dynamixel_interfaces/include/dynamixel_interfaces/dynamixel_interfaces/srv/reboot_dxl.h
[0.652s] -- Up-to-date symlink: /home/youn/ROS/open_manipulator_ws/install/dynamixel_interfaces/include/dynamixel_interfaces/dynamixel_interfaces/srv/set_data_to_dxl.h
[0.652s] -- Up-to-date symlink: /home/youn/ROS/open_manipulator_ws/install/dynamixel_interfaces/share/dynamixel_interfaces/environment/library_path.sh
[0.653s] -- Up-to-date symlink: /home/youn/ROS/open_manipulator_ws/install/dynamixel_interfaces/share/dynamixel_interfaces/environment/library_path.dsv
[0.653s] -- Up-to-date symlink: /home/youn/ROS/open_manipulator_ws/install/dynamixel_interfaces/include/dynamixel_interfaces/dynamixel_interfaces/msg/detail/dynamixel_state__rosidl_typesupport_fastrtps_c.h
[0.654s] -- Up-to-date symlink: /home/youn/ROS/open_manipulator_ws/install/dynamixel_interfaces/include/dynamixel_interfaces/dynamixel_interfaces/msg/rosidl_typesupport_fastrtps_c__visibility_control.h
[0.654s] -- Up-to-date symlink: /home/youn/ROS/open_manipulator_ws/install/dynamixel_interfaces/include/dynamixel_interfaces/dynamixel_interfaces/srv/detail/get_data_from_dxl__rosidl_typesupport_fastrtps_c.h
[0.654s] -- Up-to-date symlink: /home/youn/ROS/open_manipulator_ws/install/dynamixel_interfaces/include/dynamixel_interfaces/dynamixel_interfaces/srv/detail/reboot_dxl__rosidl_typesupport_fastrtps_c.h
[0.654s] -- Up-to-date symlink: /home/youn/ROS/open_manipulator_ws/install/dynamixel_interfaces/include/dynamixel_interfaces/dynamixel_interfaces/srv/detail/set_data_to_dxl__rosidl_typesupport_fastrtps_c.h
[0.654s] -- Up-to-date symlink: /home/youn/ROS/open_manipulator_ws/install/dynamixel_interfaces/include/dynamixel_interfaces/dynamixel_interfaces/msg/detail/dynamixel_state__builder.hpp
[0.655s] -- Up-to-date symlink: /home/youn/ROS/open_manipulator_ws/install/dynamixel_interfaces/include/dynamixel_interfaces/dynamixel_interfaces/msg/detail/dynamixel_state__struct.hpp
[0.655s] -- Up-to-date symlink: /home/youn/ROS/open_manipulator_ws/install/dynamixel_interfaces/include/dynamixel_interfaces/dynamixel_interfaces/msg/detail/dynamixel_state__traits.hpp
[0.655s] -- Up-to-date symlink: /home/youn/ROS/open_manipulator_ws/install/dynamixel_interfaces/include/dynamixel_interfaces/dynamixel_interfaces/msg/detail/dynamixel_state__type_support.hpp
[0.655s] -- Up-to-date symlink: /home/youn/ROS/open_manipulator_ws/install/dynamixel_interfaces/include/dynamixel_interfaces/dynamixel_interfaces/msg/dynamixel_state.hpp
[0.656s] -- Up-to-date symlink: /home/youn/ROS/open_manipulator_ws/install/dynamixel_interfaces/include/dynamixel_interfaces/dynamixel_interfaces/msg/rosidl_generator_cpp__visibility_control.hpp
[0.656s] -- Up-to-date symlink: /home/youn/ROS/open_manipulator_ws/install/dynamixel_interfaces/include/dynamixel_interfaces/dynamixel_interfaces/srv/detail/get_data_from_dxl__builder.hpp
[0.656s] -- Up-to-date symlink: /home/youn/ROS/open_manipulator_ws/install/dynamixel_interfaces/include/dynamixel_interfaces/dynamixel_interfaces/srv/detail/get_data_from_dxl__struct.hpp
[0.657s] -- Up-to-date symlink: /home/youn/ROS/open_manipulator_ws/install/dynamixel_interfaces/include/dynamixel_interfaces/dynamixel_interfaces/srv/detail/get_data_from_dxl__traits.hpp
[0.657s] -- Up-to-date symlink: /home/youn/ROS/open_manipulator_ws/install/dynamixel_interfaces/include/dynamixel_interfaces/dynamixel_interfaces/srv/detail/get_data_from_dxl__type_support.hpp
[0.657s] -- Up-to-date symlink: /home/youn/ROS/open_manipulator_ws/install/dynamixel_interfaces/include/dynamixel_interfaces/dynamixel_interfaces/srv/detail/reboot_dxl__builder.hpp
[0.657s] -- Up-to-date symlink: /home/youn/ROS/open_manipulator_ws/install/dynamixel_interfaces/include/dynamixel_interfaces/dynamixel_interfaces/srv/detail/reboot_dxl__struct.hpp
[0.658s] -- Up-to-date symlink: /home/youn/ROS/open_manipulator_ws/install/dynamixel_interfaces/include/dynamixel_interfaces/dynamixel_interfaces/srv/detail/reboot_dxl__traits.hpp
[0.658s] -- Up-to-date symlink: /home/youn/ROS/open_manipulator_ws/install/dynamixel_interfaces/include/dynamixel_interfaces/dynamixel_interfaces/srv/detail/reboot_dxl__type_support.hpp
[0.658s] -- Up-to-date symlink: /home/youn/ROS/open_manipulator_ws/install/dynamixel_interfaces/include/dynamixel_interfaces/dynamixel_interfaces/srv/detail/set_data_to_dxl__builder.hpp
[0.658s] -- Up-to-date symlink: /home/youn/ROS/open_manipulator_ws/install/dynamixel_interfaces/include/dynamixel_interfaces/dynamixel_interfaces/srv/detail/set_data_to_dxl__struct.hpp
[0.658s] -- Up-to-date symlink: /home/youn/ROS/open_manipulator_ws/install/dynamixel_interfaces/include/dynamixel_interfaces/dynamixel_interfaces/srv/detail/set_data_to_dxl__traits.hpp
[0.658s] -- Up-to-date symlink: /home/youn/ROS/open_manipulator_ws/install/dynamixel_interfaces/include/dynamixel_interfaces/dynamixel_interfaces/srv/detail/set_data_to_dxl__type_support.hpp
[0.658s] -- Up-to-date symlink: /home/youn/ROS/open_manipulator_ws/install/dynamixel_interfaces/include/dynamixel_interfaces/dynamixel_interfaces/srv/get_data_from_dxl.hpp
[0.658s] -- Up-to-date symlink: /home/youn/ROS/open_manipulator_ws/install/dynamixel_interfaces/include/dynamixel_interfaces/dynamixel_interfaces/srv/reboot_dxl.hpp
[0.658s] -- Up-to-date symlink: /home/youn/ROS/open_manipulator_ws/install/dynamixel_interfaces/include/dynamixel_interfaces/dynamixel_interfaces/srv/set_data_to_dxl.hpp
[0.658s] -- Up-to-date symlink: /home/youn/ROS/open_manipulator_ws/install/dynamixel_interfaces/include/dynamixel_interfaces/dynamixel_interfaces/msg/detail/dynamixel_state__rosidl_typesupport_fastrtps_cpp.hpp
[0.658s] -- Up-to-date symlink: /home/youn/ROS/open_manipulator_ws/install/dynamixel_interfaces/include/dynamixel_interfaces/dynamixel_interfaces/msg/rosidl_typesupport_fastrtps_cpp__visibility_control.h
[0.658s] -- Up-to-date symlink: /home/youn/ROS/open_manipulator_ws/install/dynamixel_interfaces/include/dynamixel_interfaces/dynamixel_interfaces/srv/detail/get_data_from_dxl__rosidl_typesupport_fastrtps_cpp.hpp
[0.658s] -- Up-to-date symlink: /home/youn/ROS/open_manipulator_ws/install/dynamixel_interfaces/include/dynamixel_interfaces/dynamixel_interfaces/srv/detail/reboot_dxl__rosidl_typesupport_fastrtps_cpp.hpp
[0.658s] -- Up-to-date symlink: /home/youn/ROS/open_manipulator_ws/install/dynamixel_interfaces/include/dynamixel_interfaces/dynamixel_interfaces/srv/detail/set_data_to_dxl__rosidl_typesupport_fastrtps_cpp.hpp
[0.658s] -- Up-to-date symlink: /home/youn/ROS/open_manipulator_ws/install/dynamixel_interfaces/include/dynamixel_interfaces/dynamixel_interfaces/msg/detail/dynamixel_state__rosidl_typesupport_introspection_c.h
[0.658s] -- Up-to-date symlink: /home/youn/ROS/open_manipulator_ws/install/dynamixel_interfaces/include/dynamixel_interfaces/dynamixel_interfaces/msg/rosidl_typesupport_introspection_c__visibility_control.h
[0.659s] -- Up-to-date symlink: /home/youn/ROS/open_manipulator_ws/install/dynamixel_interfaces/include/dynamixel_interfaces/dynamixel_interfaces/srv/detail/get_data_from_dxl__rosidl_typesupport_introspection_c.h
[0.659s] -- Up-to-date symlink: /home/youn/ROS/open_manipulator_ws/install/dynamixel_interfaces/include/dynamixel_interfaces/dynamixel_interfaces/srv/detail/reboot_dxl__rosidl_typesupport_introspection_c.h
[0.659s] -- Up-to-date symlink: /home/youn/ROS/open_manipulator_ws/install/dynamixel_interfaces/include/dynamixel_interfaces/dynamixel_interfaces/srv/detail/set_data_to_dxl__rosidl_typesupport_introspection_c.h
[0.659s] -- Up-to-date symlink: /home/youn/ROS/open_manipulator_ws/install/dynamixel_interfaces/include/dynamixel_interfaces/dynamixel_interfaces/msg/detail/dynamixel_state__rosidl_typesupport_introspection_cpp.hpp
[0.659s] -- Up-to-date symlink: /home/youn/ROS/open_manipulator_ws/install/dynamixel_interfaces/include/dynamixel_interfaces/dynamixel_interfaces/srv/detail/get_data_from_dxl__rosidl_typesupport_introspection_cpp.hpp
[0.659s] -- Up-to-date symlink: /home/youn/ROS/open_manipulator_ws/install/dynamixel_interfaces/include/dynamixel_interfaces/dynamixel_interfaces/srv/detail/reboot_dxl__rosidl_typesupport_introspection_cpp.hpp
[0.659s] -- Up-to-date symlink: /home/youn/ROS/open_manipulator_ws/install/dynamixel_interfaces/include/dynamixel_interfaces/dynamixel_interfaces/srv/detail/set_data_to_dxl__rosidl_typesupport_introspection_cpp.hpp
[0.659s] -- Up-to-date symlink: /home/youn/ROS/open_manipulator_ws/install/dynamixel_interfaces/share/dynamixel_interfaces/environment/pythonpath.sh
[0.659s] -- Up-to-date symlink: /home/youn/ROS/open_manipulator_ws/install/dynamixel_interfaces/share/dynamixel_interfaces/environment/pythonpath.dsv
[0.659s] -- Up-to-date symlink: /home/youn/ROS/open_manipulator_ws/install/dynamixel_interfaces/lib/python3.12/site-packages/dynamixel_interfaces-1.0.1-py3.12.egg-info/PKG-INFO
[0.659s] -- Up-to-date symlink: /home/youn/ROS/open_manipulator_ws/install/dynamixel_interfaces/lib/python3.12/site-packages/dynamixel_interfaces-1.0.1-py3.12.egg-info/SOURCES.txt
[0.659s] -- Up-to-date symlink: /home/youn/ROS/open_manipulator_ws/install/dynamixel_interfaces/lib/python3.12/site-packages/dynamixel_interfaces-1.0.1-py3.12.egg-info/dependency_links.txt
[0.659s] -- Up-to-date symlink: /home/youn/ROS/open_manipulator_ws/install/dynamixel_interfaces/lib/python3.12/site-packages/dynamixel_interfaces-1.0.1-py3.12.egg-info/top_level.txt
[0.660s] -- Up-to-date symlink: /home/youn/ROS/open_manipulator_ws/install/dynamixel_interfaces/lib/python3.12/site-packages/dynamixel_interfaces/__init__.py
[0.660s] -- Up-to-date symlink: /home/youn/ROS/open_manipulator_ws/install/dynamixel_interfaces/lib/python3.12/site-packages/dynamixel_interfaces/_dynamixel_interfaces_s.ep.rosidl_typesupport_c.c
[0.660s] -- Up-to-date symlink: /home/youn/ROS/open_manipulator_ws/install/dynamixel_interfaces/lib/python3.12/site-packages/dynamixel_interfaces/_dynamixel_interfaces_s.ep.rosidl_typesupport_fastrtps_c.c
[0.660s] -- Up-to-date symlink: /home/youn/ROS/open_manipulator_ws/install/dynamixel_interfaces/lib/python3.12/site-packages/dynamixel_interfaces/_dynamixel_interfaces_s.ep.rosidl_typesupport_introspection_c.c
[0.660s] -- Up-to-date symlink: /home/youn/ROS/open_manipulator_ws/install/dynamixel_interfaces/lib/python3.12/site-packages/dynamixel_interfaces/dynamixel_interfaces_s__rosidl_typesupport_c.so
[0.660s] -- Up-to-date symlink: /home/youn/ROS/open_manipulator_ws/install/dynamixel_interfaces/lib/python3.12/site-packages/dynamixel_interfaces/dynamixel_interfaces_s__rosidl_typesupport_fastrtps_c.so
[0.661s] -- Up-to-date symlink: /home/youn/ROS/open_manipulator_ws/install/dynamixel_interfaces/lib/python3.12/site-packages/dynamixel_interfaces/dynamixel_interfaces_s__rosidl_typesupport_introspection_c.so
[0.661s] -- Up-to-date symlink: /home/youn/ROS/open_manipulator_ws/install/dynamixel_interfaces/lib/python3.12/site-packages/dynamixel_interfaces/msg/__init__.py
[0.661s] -- Up-to-date symlink: /home/youn/ROS/open_manipulator_ws/install/dynamixel_interfaces/lib/python3.12/site-packages/dynamixel_interfaces/msg/_dynamixel_state.py
[0.661s] -- Up-to-date symlink: /home/youn/ROS/open_manipulator_ws/install/dynamixel_interfaces/lib/python3.12/site-packages/dynamixel_interfaces/msg/_dynamixel_state_s.c
[0.661s] -- Up-to-date symlink: /home/youn/ROS/open_manipulator_ws/install/dynamixel_interfaces/lib/python3.12/site-packages/dynamixel_interfaces/srv/__init__.py
[0.662s] -- Up-to-date symlink: /home/youn/ROS/open_manipulator_ws/install/dynamixel_interfaces/lib/python3.12/site-packages/dynamixel_interfaces/srv/_get_data_from_dxl.py
[0.662s] -- Up-to-date symlink: /home/youn/ROS/open_manipulator_ws/install/dynamixel_interfaces/lib/python3.12/site-packages/dynamixel_interfaces/srv/_get_data_from_dxl_s.c
[0.662s] -- Up-to-date symlink: /home/youn/ROS/open_manipulator_ws/install/dynamixel_interfaces/lib/python3.12/site-packages/dynamixel_interfaces/srv/_reboot_dxl.py
[0.662s] -- Up-to-date symlink: /home/youn/ROS/open_manipulator_ws/install/dynamixel_interfaces/lib/python3.12/site-packages/dynamixel_interfaces/srv/_reboot_dxl_s.c
[0.663s] -- Up-to-date symlink: /home/youn/ROS/open_manipulator_ws/install/dynamixel_interfaces/lib/python3.12/site-packages/dynamixel_interfaces/srv/_set_data_to_dxl.py
[0.663s] -- Up-to-date symlink: /home/youn/ROS/open_manipulator_ws/install/dynamixel_interfaces/lib/python3.12/site-packages/dynamixel_interfaces/srv/_set_data_to_dxl_s.c
[0.663s] -- Up-to-date symlink: /home/youn/ROS/open_manipulator_ws/install/dynamixel_interfaces/lib/python3.12/site-packages/dynamixel_interfaces/dynamixel_interfaces_s__rosidl_typesupport_fastrtps_c.so
[0.664s] -- Up-to-date symlink: /home/youn/ROS/open_manipulator_ws/install/dynamixel_interfaces/lib/python3.12/site-packages/dynamixel_interfaces/dynamixel_interfaces_s__rosidl_typesupport_introspection_c.so
[0.664s] -- Up-to-date symlink: /home/youn/ROS/open_manipulator_ws/install/dynamixel_interfaces/lib/python3.12/site-packages/dynamixel_interfaces/dynamixel_interfaces_s__rosidl_typesupport_c.so
[0.664s] -- Up-to-date symlink: /home/youn/ROS/open_manipulator_ws/install/dynamixel_interfaces/share/ament_index/resource_index/rust_packages/dynamixel_interfaces
[0.664s] -- Up-to-date symlink: /home/youn/ROS/open_manipulator_ws/install/dynamixel_interfaces/share/dynamixel_interfaces/rust/Cargo.toml
[0.665s] -- Up-to-date symlink: /home/youn/ROS/open_manipulator_ws/install/dynamixel_interfaces/share/dynamixel_interfaces/rust/build.rs
[0.665s] -- Up-to-date symlink: /home/youn/ROS/open_manipulator_ws/install/dynamixel_interfaces/share/dynamixel_interfaces/rust/src/lib.rs
[0.665s] -- Up-to-date symlink: /home/youn/ROS/open_manipulator_ws/install/dynamixel_interfaces/share/dynamixel_interfaces/rust/src/msg.rs
[0.665s] -- Up-to-date symlink: /home/youn/ROS/open_manipulator_ws/install/dynamixel_interfaces/share/dynamixel_interfaces/rust/src/msg/rmw.rs
[0.666s] -- Up-to-date symlink: /home/youn/ROS/open_manipulator_ws/install/dynamixel_interfaces/share/dynamixel_interfaces/rust/src/srv.rs
[0.666s] -- Up-to-date symlink: /home/youn/ROS/open_manipulator_ws/install/dynamixel_interfaces/share/dynamixel_interfaces/rust/src/srv/rmw.rs
[0.666s] -- Up-to-date symlink: /home/youn/ROS/open_manipulator_ws/install/dynamixel_interfaces/share/dynamixel_interfaces/msg/DynamixelState.idl
[0.666s] -- Up-to-date symlink: /home/youn/ROS/open_manipulator_ws/install/dynamixel_interfaces/share/dynamixel_interfaces/srv/GetDataFromDxl.idl
[0.666s] -- Up-to-date symlink: /home/youn/ROS/open_manipulator_ws/install/dynamixel_interfaces/share/dynamixel_interfaces/srv/SetDataToDxl.idl
[0.667s] -- Up-to-date symlink: /home/youn/ROS/open_manipulator_ws/install/dynamixel_interfaces/share/dynamixel_interfaces/srv/RebootDxl.idl
[0.667s] -- Up-to-date symlink: /home/youn/ROS/open_manipulator_ws/install/dynamixel_interfaces/share/dynamixel_interfaces/msg/DynamixelState.msg
[0.667s] -- Up-to-date symlink: /home/youn/ROS/open_manipulator_ws/install/dynamixel_interfaces/share/dynamixel_interfaces/srv/GetDataFromDxl.srv
[0.667s] -- Up-to-date symlink: /home/youn/ROS/open_manipulator_ws/install/dynamixel_interfaces/share/dynamixel_interfaces/srv/SetDataToDxl.srv
[0.668s] -- Up-to-date symlink: /home/youn/ROS/open_manipulator_ws/install/dynamixel_interfaces/share/dynamixel_interfaces/srv/RebootDxl.srv
[0.668s] -- Up-to-date symlink: /home/youn/ROS/open_manipulator_ws/install/dynamixel_interfaces/share/ament_index/resource_index/package_run_dependencies/dynamixel_interfaces
[0.669s] -- Up-to-date symlink: /home/youn/ROS/open_manipulator_ws/install/dynamixel_interfaces/share/ament_index/resource_index/parent_prefix_path/dynamixel_interfaces
[0.669s] -- Up-to-date symlink: /home/youn/ROS/open_manipulator_ws/install/dynamixel_interfaces/share/dynamixel_interfaces/environment/ament_prefix_path.sh
[0.669s] -- Up-to-date symlink: /home/youn/ROS/open_manipulator_ws/install/dynamixel_interfaces/share/dynamixel_interfaces/environment/ament_prefix_path.dsv
[0.669s] -- Up-to-date symlink: /home/youn/ROS/open_manipulator_ws/install/dynamixel_interfaces/share/dynamixel_interfaces/environment/path.sh
[0.669s] -- Up-to-date symlink: /home/youn/ROS/open_manipulator_ws/install/dynamixel_interfaces/share/dynamixel_interfaces/environment/path.dsv
[0.670s] -- Up-to-date symlink: /home/youn/ROS/open_manipulator_ws/install/dynamixel_interfaces/share/dynamixel_interfaces/local_setup.bash
[0.670s] -- Up-to-date symlink: /home/youn/ROS/open_manipulator_ws/install/dynamixel_interfaces/share/dynamixel_interfaces/local_setup.sh
[0.670s] -- Up-to-date symlink: /home/youn/ROS/open_manipulator_ws/install/dynamixel_interfaces/share/dynamixel_interfaces/local_setup.zsh
[0.670s] -- Up-to-date symlink: /home/youn/ROS/open_manipulator_ws/install/dynamixel_interfaces/share/dynamixel_interfaces/local_setup.dsv
[0.671s] -- Symlinking: /home/youn/ROS/open_manipulator_ws/install/dynamixel_interfaces/share/dynamixel_interfaces/package.dsv
[0.682s] -- Up-to-date symlink: /home/youn/ROS/open_manipulator_ws/install/dynamixel_interfaces/share/ament_index/resource_index/packages/dynamixel_interfaces
[0.682s] -- Up-to-date symlink: /home/youn/ROS/open_manipulator_ws/install/dynamixel_interfaces/share/dynamixel_interfaces/cmake/rosidl_cmake-extras.cmake
[0.682s] -- Up-to-date symlink: /home/youn/ROS/open_manipulator_ws/install/dynamixel_interfaces/share/dynamixel_interfaces/cmake/ament_cmake_export_dependencies-extras.cmake
[0.682s] -- Up-to-date symlink: /home/youn/ROS/open_manipulator_ws/install/dynamixel_interfaces/share/dynamixel_interfaces/cmake/ament_cmake_export_include_directories-extras.cmake
[0.682s] -- Up-to-date symlink: /home/youn/ROS/open_manipulator_ws/install/dynamixel_interfaces/share/dynamixel_interfaces/cmake/ament_cmake_export_libraries-extras.cmake
[0.683s] -- Up-to-date symlink: /home/youn/ROS/open_manipulator_ws/install/dynamixel_interfaces/share/dynamixel_interfaces/cmake/ament_cmake_export_targets-extras.cmake
[0.683s] -- Up-to-date symlink: /home/youn/ROS/open_manipulator_ws/install/dynamixel_interfaces/share/dynamixel_interfaces/cmake/rosidl_cmake_export_typesupport_targets-extras.cmake
[0.683s] -- Up-to-date symlink: /home/youn/ROS/open_manipulator_ws/install/dynamixel_interfaces/share/dynamixel_interfaces/cmake/rosidl_cmake_export_typesupport_libraries-extras.cmake
[0.684s] -- Up-to-date symlink: /home/youn/ROS/open_manipulator_ws/install/dynamixel_interfaces/share/dynamixel_interfaces/cmake/rosidl_cmake_aggregate_target-extras.cmake
[0.684s] -- Up-to-date symlink: /home/youn/ROS/open_manipulator_ws/install/dynamixel_interfaces/share/dynamixel_interfaces/cmake/dynamixel_interfacesConfig.cmake
[0.685s] -- Up-to-date symlink: /home/youn/ROS/open_manipulator_ws/install/dynamixel_interfaces/share/dynamixel_interfaces/cmake/dynamixel_interfacesConfig-version.cmake
[0.685s] -- Up-to-date symlink: /home/youn/ROS/open_manipulator_ws/install/dynamixel_interfaces/share/dynamixel_interfaces/package.xml
[0.686s] -- Up-to-date: /home/youn/ROS/open_manipulator_ws/install/dynamixel_interfaces/lib/libdynamixel_interfaces__rosidl_generator_c.so
[0.686s] -- Up-to-date: /home/youn/ROS/open_manipulator_ws/install/dynamixel_interfaces/lib/libdynamixel_interfaces__rosidl_typesupport_fastrtps_c.so
[0.686s] -- Up-to-date: /home/youn/ROS/open_manipulator_ws/install/dynamixel_interfaces/lib/libdynamixel_interfaces__rosidl_typesupport_fastrtps_cpp.so
[0.688s] -- Up-to-date: /home/youn/ROS/open_manipulator_ws/install/dynamixel_interfaces/lib/libdynamixel_interfaces__rosidl_typesupport_introspection_c.so
[0.688s] -- Up-to-date: /home/youn/ROS/open_manipulator_ws/install/dynamixel_interfaces/lib/libdynamixel_interfaces__rosidl_typesupport_c.so
[0.688s] -- Up-to-date: /home/youn/ROS/open_manipulator_ws/install/dynamixel_interfaces/lib/libdynamixel_interfaces__rosidl_typesupport_introspection_cpp.so
[0.688s] -- Up-to-date: /home/youn/ROS/open_manipulator_ws/install/dynamixel_interfaces/lib/libdynamixel_interfaces__rosidl_typesupport_cpp.so
[0.723s] Listing '/home/youn/ROS/open_manipulator_ws/install/dynamixel_interfaces/lib/python3.12/site-packages/dynamixel_interfaces'...
[0.723s] Listing '/home/youn/ROS/open_manipulator_ws/install/dynamixel_interfaces/lib/python3.12/site-packages/dynamixel_interfaces/msg'...
[0.723s] Listing '/home/youn/ROS/open_manipulator_ws/install/dynamixel_interfaces/lib/python3.12/site-packages/dynamixel_interfaces/srv'...
[0.723s] -- Up-to-date: /home/youn/ROS/open_manipulator_ws/install/dynamixel_interfaces/lib/libdynamixel_interfaces__rosidl_generator_py.so
[0.723s] -- Up-to-date: /home/youn/ROS/open_manipulator_ws/install/dynamixel_interfaces/share/dynamixel_interfaces/cmake/export_dynamixel_interfaces__rosidl_generator_cExport.cmake
[0.723s] -- Up-to-date: /home/youn/ROS/open_manipulator_ws/install/dynamixel_interfaces/share/dynamixel_interfaces/cmake/export_dynamixel_interfaces__rosidl_generator_cExport-release.cmake
[0.723s] -- Up-to-date: /home/youn/ROS/open_manipulator_ws/install/dynamixel_interfaces/share/dynamixel_interfaces/cmake/export_dynamixel_interfaces__rosidl_typesupport_fastrtps_cExport.cmake
[0.723s] -- Up-to-date: /home/youn/ROS/open_manipulator_ws/install/dynamixel_interfaces/share/dynamixel_interfaces/cmake/export_dynamixel_interfaces__rosidl_typesupport_fastrtps_cExport-release.cmake
[0.723s] -- Up-to-date: /home/youn/ROS/open_manipulator_ws/install/dynamixel_interfaces/share/dynamixel_interfaces/cmake/export_dynamixel_interfaces__rosidl_generator_cppExport.cmake
[0.724s] -- Up-to-date: /home/youn/ROS/open_manipulator_ws/install/dynamixel_interfaces/share/dynamixel_interfaces/cmake/export_dynamixel_interfaces__rosidl_typesupport_fastrtps_cppExport.cmake
[0.724s] -- Up-to-date: /home/youn/ROS/open_manipulator_ws/install/dynamixel_interfaces/share/dynamixel_interfaces/cmake/export_dynamixel_interfaces__rosidl_typesupport_fastrtps_cppExport-release.cmake
[0.724s] -- Up-to-date: /home/youn/ROS/open_manipulator_ws/install/dynamixel_interfaces/share/dynamixel_interfaces/cmake/dynamixel_interfaces__rosidl_typesupport_introspection_cExport.cmake
[0.724s] -- Up-to-date: /home/youn/ROS/open_manipulator_ws/install/dynamixel_interfaces/share/dynamixel_interfaces/cmake/dynamixel_interfaces__rosidl_typesupport_introspection_cExport-release.cmake
[0.724s] -- Up-to-date: /home/youn/ROS/open_manipulator_ws/install/dynamixel_interfaces/share/dynamixel_interfaces/cmake/dynamixel_interfaces__rosidl_typesupport_cExport.cmake
[0.724s] -- Up-to-date: /home/youn/ROS/open_manipulator_ws/install/dynamixel_interfaces/share/dynamixel_interfaces/cmake/dynamixel_interfaces__rosidl_typesupport_cExport-release.cmake
[0.724s] -- Up-to-date: /home/youn/ROS/open_manipulator_ws/install/dynamixel_interfaces/share/dynamixel_interfaces/cmake/dynamixel_interfaces__rosidl_typesupport_introspection_cppExport.cmake
[0.724s] -- Up-to-date: /home/youn/ROS/open_manipulator_ws/install/dynamixel_interfaces/share/dynamixel_interfaces/cmake/dynamixel_interfaces__rosidl_typesupport_introspection_cppExport-release.cmake
[0.724s] -- Up-to-date: /home/youn/ROS/open_manipulator_ws/install/dynamixel_interfaces/share/dynamixel_interfaces/cmake/dynamixel_interfaces__rosidl_typesupport_cppExport.cmake
[0.725s] -- Up-to-date: /home/youn/ROS/open_manipulator_ws/install/dynamixel_interfaces/share/dynamixel_interfaces/cmake/dynamixel_interfaces__rosidl_typesupport_cppExport-release.cmake
[0.725s] -- Up-to-date: /home/youn/ROS/open_manipulator_ws/install/dynamixel_interfaces/share/dynamixel_interfaces/cmake/export_dynamixel_interfaces__rosidl_generator_pyExport.cmake
[0.725s] -- Up-to-date: /home/youn/ROS/open_manipulator_ws/install/dynamixel_interfaces/share/dynamixel_interfaces/cmake/export_dynamixel_interfaces__rosidl_generator_pyExport-release.cmake
[0.744s] Invoked command in '/home/youn/ROS/open_manipulator_ws/build/dynamixel_interfaces' returned '0': CMAKE_PREFIX_PATH=${CMAKE_PREFIX_PATH}:/home/youn/ROS/ros_workspace/install/ros_basic:/home/youn/ROS/ros_workspace/install/tf2_basic:/opt/ros/jazzy /usr/bin/cmake --install /home/youn/ROS/open_manipulator_ws/build/dynamixel_interfaces
