[100%] Built target dynamixel_hardware_interface
-- Install configuration: "Release"
-- Execute custom install script
-- Up-to-date symlink: /home/youn/ROS/open_manipulator_ws/install/dynamixel_hardware_interface/share/dynamixel_hardware_interface//dynamixel_hardware_interface_plugin.xml
-- Up-to-date symlink: /home/youn/ROS/open_manipulator_ws/install/dynamixel_hardware_interface/include/dynamixel_hardware_interface/dynamixel/dynamixel.hpp
-- Up-to-date symlink: /home/youn/ROS/open_manipulator_ws/install/dynamixel_hardware_interface/include/dynamixel_hardware_interface/dynamixel/dynamixel_info.hpp
-- Up-to-date symlink: /home/youn/ROS/open_manipulator_ws/install/dynamixel_hardware_interface/include/dynamixel_hardware_interface/dynamixel_hardware_interface.hpp
-- Up-to-date symlink: /home/youn/ROS/open_manipulator_ws/install/dynamixel_hardware_interface/include/dynamixel_hardware_interface/visibility_control.h
-- Up-to-date symlink: /home/youn/ROS/open_manipulator_ws/install/dynamixel_hardware_interface/lib/dynamixel_hardware_interface//create_udev_rules
-- Up-to-date symlink: /home/youn/ROS/open_manipulator_ws/install/dynamixel_hardware_interface/share/dynamixel_hardware_interface//scripts/99-manipulator-cdc.rules
-- Up-to-date symlink: /home/youn/ROS/open_manipulator_ws/install/dynamixel_hardware_interface/share/dynamixel_hardware_interface//scripts/check_model_file_formatting.py
-- Up-to-date symlink: /home/youn/ROS/open_manipulator_ws/install/dynamixel_hardware_interface/share/dynamixel_hardware_interface//scripts/cluster_model_files.py
-- Up-to-date symlink: /home/youn/ROS/open_manipulator_ws/install/dynamixel_hardware_interface/share/dynamixel_hardware_interface//scripts/create_udev_rules
-- Up-to-date symlink: /home/youn/ROS/open_manipulator_ws/install/dynamixel_hardware_interface/share/dynamixel_hardware_interface//scripts/hx_synctable_model_generator.py
-- Up-to-date symlink: /home/youn/ROS/open_manipulator_ws/install/dynamixel_hardware_interface/share/dynamixel_hardware_interface//scripts/xml_to_model_parser.py
-- Up-to-date symlink: /home/youn/ROS/open_manipulator_ws/install/dynamixel_hardware_interface/share/dynamixel_hardware_interface/param/dxl_model/2xc430_w250.model
-- Up-to-date symlink: /home/youn/ROS/open_manipulator_ws/install/dynamixel_hardware_interface/share/dynamixel_hardware_interface/param/dxl_model/2xl430_w250.model
-- Up-to-date symlink: /home/youn/ROS/open_manipulator_ws/install/dynamixel_hardware_interface/share/dynamixel_hardware_interface/param/dxl_model/dynamixel.model
-- Up-to-date symlink: /home/youn/ROS/open_manipulator_ws/install/dynamixel_hardware_interface/share/dynamixel_hardware_interface/param/dxl_model/ffw_g10_led.model
-- Up-to-date symlink: /home/youn/ROS/open_manipulator_ws/install/dynamixel_hardware_interface/share/dynamixel_hardware_interface/param/dxl_model/ffw_g10_rcu.model
-- Up-to-date symlink: /home/youn/ROS/open_manipulator_ws/install/dynamixel_hardware_interface/share/dynamixel_hardware_interface/param/dxl_model/ffw_g40_imu.model
-- Up-to-date symlink: /home/youn/ROS/open_manipulator_ws/install/dynamixel_hardware_interface/share/dynamixel_hardware_interface/param/dxl_model/ffw_sg2_drive_1.model
-- Up-to-date symlink: /home/youn/ROS/open_manipulator_ws/install/dynamixel_hardware_interface/share/dynamixel_hardware_interface/param/dxl_model/ffw_sg2_drive_2.model
-- Up-to-date symlink: /home/youn/ROS/open_manipulator_ws/install/dynamixel_hardware_interface/share/dynamixel_hardware_interface/param/dxl_model/ffw_sg2_drive_3.model
-- Up-to-date symlink: /home/youn/ROS/open_manipulator_ws/install/dynamixel_hardware_interface/share/dynamixel_hardware_interface/param/dxl_model/ffw_sg2_steer_1.model
-- Up-to-date symlink: /home/youn/ROS/open_manipulator_ws/install/dynamixel_hardware_interface/share/dynamixel_hardware_interface/param/dxl_model/ffw_sg2_steer_2.model
-- Up-to-date symlink: /home/youn/ROS/open_manipulator_ws/install/dynamixel_hardware_interface/share/dynamixel_hardware_interface/param/dxl_model/ffw_sg2_steer_3.model
-- Up-to-date symlink: /home/youn/ROS/open_manipulator_ws/install/dynamixel_hardware_interface/share/dynamixel_hardware_interface/param/dxl_model/h42_20_s300_ra.model
-- Up-to-date symlink: /home/youn/ROS/open_manipulator_ws/install/dynamixel_hardware_interface/share/dynamixel_hardware_interface/param/dxl_model/h54_100_s500_ra.model
-- Up-to-date symlink: /home/youn/ROS/open_manipulator_ws/install/dynamixel_hardware_interface/share/dynamixel_hardware_interface/param/dxl_model/h54_200_s500_ra.model
-- Up-to-date symlink: /home/youn/ROS/open_manipulator_ws/install/dynamixel_hardware_interface/share/dynamixel_hardware_interface/param/dxl_model/hx5_d20_r_synctable_1_device_1.model
-- Up-to-date symlink: /home/youn/ROS/open_manipulator_ws/install/dynamixel_hardware_interface/share/dynamixel_hardware_interface/param/dxl_model/hx5_d20_r_synctable_1_device_2.model
-- Up-to-date symlink: /home/youn/ROS/open_manipulator_ws/install/dynamixel_hardware_interface/share/dynamixel_hardware_interface/param/dxl_model/hx5_d20_r_synctable_1_device_3.model
-- Up-to-date symlink: /home/youn/ROS/open_manipulator_ws/install/dynamixel_hardware_interface/share/dynamixel_hardware_interface/param/dxl_model/hx5_d20_r_synctable_1_device_4.model
-- Up-to-date symlink: /home/youn/ROS/open_manipulator_ws/install/dynamixel_hardware_interface/share/dynamixel_hardware_interface/param/dxl_model/hx5_d20_r_synctable_1_device_5.model
-- Up-to-date symlink: /home/youn/ROS/open_manipulator_ws/install/dynamixel_hardware_interface/share/dynamixel_hardware_interface/param/dxl_model/hx5_d20_r_synctable_2_device_1.model
-- Up-to-date symlink: /home/youn/ROS/open_manipulator_ws/install/dynamixel_hardware_interface/share/dynamixel_hardware_interface/param/dxl_model/hx5_d20_r_synctable_2_device_2.model
-- Up-to-date symlink: /home/youn/ROS/open_manipulator_ws/install/dynamixel_hardware_interface/share/dynamixel_hardware_interface/param/dxl_model/hx5_d20_r_synctable_2_device_3.model
-- Up-to-date symlink: /home/youn/ROS/open_manipulator_ws/install/dynamixel_hardware_interface/share/dynamixel_hardware_interface/param/dxl_model/hx5_d20_r_synctable_2_device_4.model
-- Up-to-date symlink: /home/youn/ROS/open_manipulator_ws/install/dynamixel_hardware_interface/share/dynamixel_hardware_interface/param/dxl_model/hx5_d20_r_synctable_2_device_5.model
-- Up-to-date symlink: /home/youn/ROS/open_manipulator_ws/install/dynamixel_hardware_interface/share/dynamixel_hardware_interface/param/dxl_model/hx5_d20_r_synctable_3_device_1.model
-- Up-to-date symlink: /home/youn/ROS/open_manipulator_ws/install/dynamixel_hardware_interface/share/dynamixel_hardware_interface/param/dxl_model/hx5_d20_r_synctable_3_device_2.model
-- Up-to-date symlink: /home/youn/ROS/open_manipulator_ws/install/dynamixel_hardware_interface/share/dynamixel_hardware_interface/param/dxl_model/hx5_d20_r_synctable_3_device_3.model
-- Up-to-date symlink: /home/youn/ROS/open_manipulator_ws/install/dynamixel_hardware_interface/share/dynamixel_hardware_interface/param/dxl_model/hx5_d20_r_synctable_3_device_4.model
-- Up-to-date symlink: /home/youn/ROS/open_manipulator_ws/install/dynamixel_hardware_interface/share/dynamixel_hardware_interface/param/dxl_model/hx5_d20_r_synctable_3_device_5.model
-- Up-to-date symlink: /home/youn/ROS/open_manipulator_ws/install/dynamixel_hardware_interface/share/dynamixel_hardware_interface/param/dxl_model/hx5_d20_r_synctable_4_device_1.model
-- Up-to-date symlink: /home/youn/ROS/open_manipulator_ws/install/dynamixel_hardware_interface/share/dynamixel_hardware_interface/param/dxl_model/hx5_d20_r_synctable_4_device_2.model
-- Up-to-date symlink: /home/youn/ROS/open_manipulator_ws/install/dynamixel_hardware_interface/share/dynamixel_hardware_interface/param/dxl_model/hx5_d20_r_synctable_4_device_3.model
-- Up-to-date symlink: /home/youn/ROS/open_manipulator_ws/install/dynamixel_hardware_interface/share/dynamixel_hardware_interface/param/dxl_model/hx5_d20_r_synctable_4_device_4.model
-- Up-to-date symlink: /home/youn/ROS/open_manipulator_ws/install/dynamixel_hardware_interface/share/dynamixel_hardware_interface/param/dxl_model/hx5_d20_r_synctable_4_device_5.model
-- Up-to-date symlink: /home/youn/ROS/open_manipulator_ws/install/dynamixel_hardware_interface/share/dynamixel_hardware_interface/param/dxl_model/hx5_d20_r_synctable_5_device_1.model
-- Up-to-date symlink: /home/youn/ROS/open_manipulator_ws/install/dynamixel_hardware_interface/share/dynamixel_hardware_interface/param/dxl_model/hx5_d20_r_synctable_5_device_2.model
-- Up-to-date symlink: /home/youn/ROS/open_manipulator_ws/install/dynamixel_hardware_interface/share/dynamixel_hardware_interface/param/dxl_model/hx5_d20_r_synctable_5_device_3.model
-- Up-to-date symlink: /home/youn/ROS/open_manipulator_ws/install/dynamixel_hardware_interface/share/dynamixel_hardware_interface/param/dxl_model/hx5_d20_r_synctable_5_device_4.model
-- Up-to-date symlink: /home/youn/ROS/open_manipulator_ws/install/dynamixel_hardware_interface/share/dynamixel_hardware_interface/param/dxl_model/hx5_d20_r_synctable_5_device_5.model
-- Up-to-date symlink: /home/youn/ROS/open_manipulator_ws/install/dynamixel_hardware_interface/share/dynamixel_hardware_interface/param/dxl_model/hx5_d20_rl.model
-- Up-to-date symlink: /home/youn/ROS/open_manipulator_ws/install/dynamixel_hardware_interface/share/dynamixel_hardware_interface/param/dxl_model/hx5_d20_rr.model
-- Up-to-date symlink: /home/youn/ROS/open_manipulator_ws/install/dynamixel_hardware_interface/share/dynamixel_hardware_interface/param/dxl_model/m42_10_s260_ra.model
-- Up-to-date symlink: /home/youn/ROS/open_manipulator_ws/install/dynamixel_hardware_interface/share/dynamixel_hardware_interface/param/dxl_model/m54_40_s250_ra.model
-- Up-to-date symlink: /home/youn/ROS/open_manipulator_ws/install/dynamixel_hardware_interface/share/dynamixel_hardware_interface/param/dxl_model/m54_60_s250_ra.model
-- Up-to-date symlink: /home/youn/ROS/open_manipulator_ws/install/dynamixel_hardware_interface/share/dynamixel_hardware_interface/param/dxl_model/mx_106.model
-- Up-to-date symlink: /home/youn/ROS/open_manipulator_ws/install/dynamixel_hardware_interface/share/dynamixel_hardware_interface/param/dxl_model/mx_28.model
-- Up-to-date symlink: /home/youn/ROS/open_manipulator_ws/install/dynamixel_hardware_interface/share/dynamixel_hardware_interface/param/dxl_model/mx_64.model
-- Up-to-date symlink: /home/youn/ROS/open_manipulator_ws/install/dynamixel_hardware_interface/share/dynamixel_hardware_interface/param/dxl_model/omy_end.model
-- Up-to-date symlink: /home/youn/ROS/open_manipulator_ws/install/dynamixel_hardware_interface/share/dynamixel_hardware_interface/param/dxl_model/omy_end_rh_p12_rn.model
-- Up-to-date symlink: /home/youn/ROS/open_manipulator_ws/install/dynamixel_hardware_interface/share/dynamixel_hardware_interface/param/dxl_model/omy_hat.model
-- Up-to-date symlink: /home/youn/ROS/open_manipulator_ws/install/dynamixel_hardware_interface/share/dynamixel_hardware_interface/param/dxl_model/ph42_020_s300.model
-- Up-to-date symlink: /home/youn/ROS/open_manipulator_ws/install/dynamixel_hardware_interface/share/dynamixel_hardware_interface/param/dxl_model/ph54_100_s500.model
-- Up-to-date symlink: /home/youn/ROS/open_manipulator_ws/install/dynamixel_hardware_interface/share/dynamixel_hardware_interface/param/dxl_model/ph54_200_s500.model
-- Up-to-date symlink: /home/youn/ROS/open_manipulator_ws/install/dynamixel_hardware_interface/share/dynamixel_hardware_interface/param/dxl_model/pm42_010_s260.model
-- Up-to-date symlink: /home/youn/ROS/open_manipulator_ws/install/dynamixel_hardware_interface/share/dynamixel_hardware_interface/param/dxl_model/pm54_040_s250.model
-- Up-to-date symlink: /home/youn/ROS/open_manipulator_ws/install/dynamixel_hardware_interface/share/dynamixel_hardware_interface/param/dxl_model/pm54_060_s250.model
-- Up-to-date symlink: /home/youn/ROS/open_manipulator_ws/install/dynamixel_hardware_interface/share/dynamixel_hardware_interface/param/dxl_model/rh_p12_rn.model
-- Up-to-date symlink: /home/youn/ROS/open_manipulator_ws/install/dynamixel_hardware_interface/share/dynamixel_hardware_interface/param/dxl_model/sensorxel_joy.model
-- Up-to-date symlink: /home/youn/ROS/open_manipulator_ws/install/dynamixel_hardware_interface/share/dynamixel_hardware_interface/param/dxl_model/xc330_m181.model
-- Up-to-date symlink: /home/youn/ROS/open_manipulator_ws/install/dynamixel_hardware_interface/share/dynamixel_hardware_interface/param/dxl_model/xc330_m181_fw52.model
-- Up-to-date symlink: /home/youn/ROS/open_manipulator_ws/install/dynamixel_hardware_interface/share/dynamixel_hardware_interface/param/dxl_model/xc330_m288.model
-- Up-to-date symlink: /home/youn/ROS/open_manipulator_ws/install/dynamixel_hardware_interface/share/dynamixel_hardware_interface/param/dxl_model/xc330_m288_fw52.model
-- Up-to-date symlink: /home/youn/ROS/open_manipulator_ws/install/dynamixel_hardware_interface/share/dynamixel_hardware_interface/param/dxl_model/xc330_t181.model
-- Up-to-date symlink: /home/youn/ROS/open_manipulator_ws/install/dynamixel_hardware_interface/share/dynamixel_hardware_interface/param/dxl_model/xc330_t181_fw52.model
-- Up-to-date symlink: /home/youn/ROS/open_manipulator_ws/install/dynamixel_hardware_interface/share/dynamixel_hardware_interface/param/dxl_model/xc330_t288.model
-- Up-to-date symlink: /home/youn/ROS/open_manipulator_ws/install/dynamixel_hardware_interface/share/dynamixel_hardware_interface/param/dxl_model/xc330_t288_fw52.model
-- Up-to-date symlink: /home/youn/ROS/open_manipulator_ws/install/dynamixel_hardware_interface/share/dynamixel_hardware_interface/param/dxl_model/xc430_w150.model
-- Up-to-date symlink: /home/youn/ROS/open_manipulator_ws/install/dynamixel_hardware_interface/share/dynamixel_hardware_interface/param/dxl_model/xc430_w240.model
-- Up-to-date symlink: /home/youn/ROS/open_manipulator_ws/install/dynamixel_hardware_interface/share/dynamixel_hardware_interface/param/dxl_model/xd430_t210.model
-- Up-to-date symlink: /home/youn/ROS/open_manipulator_ws/install/dynamixel_hardware_interface/share/dynamixel_hardware_interface/param/dxl_model/xd430_t350.model
-- Up-to-date symlink: /home/youn/ROS/open_manipulator_ws/install/dynamixel_hardware_interface/share/dynamixel_hardware_interface/param/dxl_model/xd540_t150.model
-- Up-to-date symlink: /home/youn/ROS/open_manipulator_ws/install/dynamixel_hardware_interface/share/dynamixel_hardware_interface/param/dxl_model/xd540_t270.model
-- Up-to-date symlink: /home/youn/ROS/open_manipulator_ws/install/dynamixel_hardware_interface/share/dynamixel_hardware_interface/param/dxl_model/xh430_v210.model
-- Up-to-date symlink: /home/youn/ROS/open_manipulator_ws/install/dynamixel_hardware_interface/share/dynamixel_hardware_interface/param/dxl_model/xh430_v350.model
-- Up-to-date symlink: /home/youn/ROS/open_manipulator_ws/install/dynamixel_hardware_interface/share/dynamixel_hardware_interface/param/dxl_model/xh430_w210.model
-- Up-to-date symlink: /home/youn/ROS/open_manipulator_ws/install/dynamixel_hardware_interface/share/dynamixel_hardware_interface/param/dxl_model/xh430_w350.model
-- Up-to-date symlink: /home/youn/ROS/open_manipulator_ws/install/dynamixel_hardware_interface/share/dynamixel_hardware_interface/param/dxl_model/xh540_v150.model
-- Up-to-date symlink: /home/youn/ROS/open_manipulator_ws/install/dynamixel_hardware_interface/share/dynamixel_hardware_interface/param/dxl_model/xh540_v270.model
-- Up-to-date symlink: /home/youn/ROS/open_manipulator_ws/install/dynamixel_hardware_interface/share/dynamixel_hardware_interface/param/dxl_model/xh540_w150.model
-- Up-to-date symlink: /home/youn/ROS/open_manipulator_ws/install/dynamixel_hardware_interface/share/dynamixel_hardware_interface/param/dxl_model/xh540_w270.model
-- Up-to-date symlink: /home/youn/ROS/open_manipulator_ws/install/dynamixel_hardware_interface/share/dynamixel_hardware_interface/param/dxl_model/xl320.model
-- Up-to-date symlink: /home/youn/ROS/open_manipulator_ws/install/dynamixel_hardware_interface/share/dynamixel_hardware_interface/param/dxl_model/xl330_m077.model
-- Up-to-date symlink: /home/youn/ROS/open_manipulator_ws/install/dynamixel_hardware_interface/share/dynamixel_hardware_interface/param/dxl_model/xl330_m077_fw52.model
-- Up-to-date symlink: /home/youn/ROS/open_manipulator_ws/install/dynamixel_hardware_interface/share/dynamixel_hardware_interface/param/dxl_model/xl330_m288.model
-- Up-to-date symlink: /home/youn/ROS/open_manipulator_ws/install/dynamixel_hardware_interface/share/dynamixel_hardware_interface/param/dxl_model/xl330_m288_fw52.model
-- Up-to-date symlink: /home/youn/ROS/open_manipulator_ws/install/dynamixel_hardware_interface/share/dynamixel_hardware_interface/param/dxl_model/xl430_w250.model
-- Up-to-date symlink: /home/youn/ROS/open_manipulator_ws/install/dynamixel_hardware_interface/share/dynamixel_hardware_interface/param/dxl_model/xm335_t323.model
-- Up-to-date symlink: /home/youn/ROS/open_manipulator_ws/install/dynamixel_hardware_interface/share/dynamixel_hardware_interface/param/dxl_model/xm335_t332.model
-- Up-to-date symlink: /home/youn/ROS/open_manipulator_ws/install/dynamixel_hardware_interface/share/dynamixel_hardware_interface/param/dxl_model/xm430_w210.model
-- Up-to-date symlink: /home/youn/ROS/open_manipulator_ws/install/dynamixel_hardware_interface/share/dynamixel_hardware_interface/param/dxl_model/xm430_w350.model
-- Up-to-date symlink: /home/youn/ROS/open_manipulator_ws/install/dynamixel_hardware_interface/share/dynamixel_hardware_interface/param/dxl_model/xm540_w150.model
-- Up-to-date symlink: /home/youn/ROS/open_manipulator_ws/install/dynamixel_hardware_interface/share/dynamixel_hardware_interface/param/dxl_model/xm540_w270.model
-- Up-to-date symlink: /home/youn/ROS/open_manipulator_ws/install/dynamixel_hardware_interface/share/dynamixel_hardware_interface/param/dxl_model/xw430_t200.model
-- Up-to-date symlink: /home/youn/ROS/open_manipulator_ws/install/dynamixel_hardware_interface/share/dynamixel_hardware_interface/param/dxl_model/xw430_t333.model
-- Up-to-date symlink: /home/youn/ROS/open_manipulator_ws/install/dynamixel_hardware_interface/share/dynamixel_hardware_interface/param/dxl_model/xw540_h260.model
-- Up-to-date symlink: /home/youn/ROS/open_manipulator_ws/install/dynamixel_hardware_interface/share/dynamixel_hardware_interface/param/dxl_model/xw540_t140.model
-- Up-to-date symlink: /home/youn/ROS/open_manipulator_ws/install/dynamixel_hardware_interface/share/dynamixel_hardware_interface/param/dxl_model/xw540_t260.model
-- Up-to-date symlink: /home/youn/ROS/open_manipulator_ws/install/dynamixel_hardware_interface/share/dynamixel_hardware_interface/param/dxl_model/ym070_210_a051.model
-- Up-to-date symlink: /home/youn/ROS/open_manipulator_ws/install/dynamixel_hardware_interface/share/dynamixel_hardware_interface/param/dxl_model/ym070_210_a099.model
-- Up-to-date symlink: /home/youn/ROS/open_manipulator_ws/install/dynamixel_hardware_interface/share/dynamixel_hardware_interface/param/dxl_model/ym070_210_b001.model
-- Up-to-date symlink: /home/youn/ROS/open_manipulator_ws/install/dynamixel_hardware_interface/share/dynamixel_hardware_interface/param/dxl_model/ym070_210_m001.model
-- Up-to-date symlink: /home/youn/ROS/open_manipulator_ws/install/dynamixel_hardware_interface/share/dynamixel_hardware_interface/param/dxl_model/ym070_210_r051.model
-- Up-to-date symlink: /home/youn/ROS/open_manipulator_ws/install/dynamixel_hardware_interface/share/dynamixel_hardware_interface/param/dxl_model/ym070_210_r099.model
-- Up-to-date symlink: /home/youn/ROS/open_manipulator_ws/install/dynamixel_hardware_interface/share/dynamixel_hardware_interface/param/dxl_model/ym080_230_a051.model
-- Up-to-date symlink: /home/youn/ROS/open_manipulator_ws/install/dynamixel_hardware_interface/share/dynamixel_hardware_interface/param/dxl_model/ym080_230_a099.model
-- Up-to-date symlink: /home/youn/ROS/open_manipulator_ws/install/dynamixel_hardware_interface/share/dynamixel_hardware_interface/param/dxl_model/ym080_230_b001.model
-- Up-to-date symlink: /home/youn/ROS/open_manipulator_ws/install/dynamixel_hardware_interface/share/dynamixel_hardware_interface/param/dxl_model/ym080_230_m001.model
-- Up-to-date symlink: /home/youn/ROS/open_manipulator_ws/install/dynamixel_hardware_interface/share/dynamixel_hardware_interface/param/dxl_model/ym080_230_r051.model
-- Up-to-date symlink: /home/youn/ROS/open_manipulator_ws/install/dynamixel_hardware_interface/share/dynamixel_hardware_interface/param/dxl_model/ym080_230_r099.model
-- Up-to-date symlink: /home/youn/ROS/open_manipulator_ws/install/dynamixel_hardware_interface/share/dynamixel_hardware_interface/environment/library_path.sh
-- Up-to-date symlink: /home/youn/ROS/open_manipulator_ws/install/dynamixel_hardware_interface/share/dynamixel_hardware_interface/environment/library_path.dsv
-- Up-to-date symlink: /home/youn/ROS/open_manipulator_ws/install/dynamixel_hardware_interface/share/ament_index/resource_index/package_run_dependencies/dynamixel_hardware_interface
-- Up-to-date symlink: /home/youn/ROS/open_manipulator_ws/install/dynamixel_hardware_interface/share/ament_index/resource_index/parent_prefix_path/dynamixel_hardware_interface
-- Up-to-date symlink: /home/youn/ROS/open_manipulator_ws/install/dynamixel_hardware_interface/share/dynamixel_hardware_interface/environment/ament_prefix_path.sh
-- Up-to-date symlink: /home/youn/ROS/open_manipulator_ws/install/dynamixel_hardware_interface/share/dynamixel_hardware_interface/environment/ament_prefix_path.dsv
-- Up-to-date symlink: /home/youn/ROS/open_manipulator_ws/install/dynamixel_hardware_interface/share/dynamixel_hardware_interface/environment/path.sh
-- Up-to-date symlink: /home/youn/ROS/open_manipulator_ws/install/dynamixel_hardware_interface/share/dynamixel_hardware_interface/environment/path.dsv
-- Up-to-date symlink: /home/youn/ROS/open_manipulator_ws/install/dynamixel_hardware_interface/share/dynamixel_hardware_interface/local_setup.bash
-- Up-to-date symlink: /home/youn/ROS/open_manipulator_ws/install/dynamixel_hardware_interface/share/dynamixel_hardware_interface/local_setup.sh
-- Up-to-date symlink: /home/youn/ROS/open_manipulator_ws/install/dynamixel_hardware_interface/share/dynamixel_hardware_interface/local_setup.zsh
-- Up-to-date symlink: /home/youn/ROS/open_manipulator_ws/install/dynamixel_hardware_interface/share/dynamixel_hardware_interface/local_setup.dsv
-- Symlinking: /home/youn/ROS/open_manipulator_ws/install/dynamixel_hardware_interface/share/dynamixel_hardware_interface/package.dsv
-- Up-to-date symlink: /home/youn/ROS/open_manipulator_ws/install/dynamixel_hardware_interface/share/ament_index/resource_index/packages/dynamixel_hardware_interface
-- Up-to-date symlink: /home/youn/ROS/open_manipulator_ws/install/dynamixel_hardware_interface/share/ament_index/resource_index/hardware_interface__pluginlib__plugin/dynamixel_hardware_interface
-- Up-to-date symlink: /home/youn/ROS/open_manipulator_ws/install/dynamixel_hardware_interface/share/dynamixel_hardware_interface/cmake/ament_cmake_export_include_directories-extras.cmake
-- Up-to-date symlink: /home/youn/ROS/open_manipulator_ws/install/dynamixel_hardware_interface/share/dynamixel_hardware_interface/cmake/ament_cmake_export_libraries-extras.cmake
-- Up-to-date symlink: /home/youn/ROS/open_manipulator_ws/install/dynamixel_hardware_interface/share/dynamixel_hardware_interface/cmake/ament_cmake_export_targets-extras.cmake
-- Up-to-date symlink: /home/youn/ROS/open_manipulator_ws/install/dynamixel_hardware_interface/share/dynamixel_hardware_interface/cmake/ament_cmake_export_dependencies-extras.cmake
-- Up-to-date symlink: /home/youn/ROS/open_manipulator_ws/install/dynamixel_hardware_interface/share/dynamixel_hardware_interface/cmake/dynamixel_hardware_interfaceConfig.cmake
-- Up-to-date symlink: /home/youn/ROS/open_manipulator_ws/install/dynamixel_hardware_interface/share/dynamixel_hardware_interface/cmake/dynamixel_hardware_interfaceConfig-version.cmake
-- Up-to-date symlink: /home/youn/ROS/open_manipulator_ws/install/dynamixel_hardware_interface/share/dynamixel_hardware_interface/package.xml
-- Up-to-date: /home/youn/ROS/open_manipulator_ws/install/dynamixel_hardware_interface/lib/libdynamixel_hardware_interface.so
-- Up-to-date: /home/youn/ROS/open_manipulator_ws/install/dynamixel_hardware_interface/share/dynamixel_hardware_interface/cmake/export_dynamixel_hardware_interfaceExport.cmake
-- Up-to-date: /home/youn/ROS/open_manipulator_ws/install/dynamixel_hardware_interface/share/dynamixel_hardware_interface/cmake/export_dynamixel_hardware_interfaceExport-release.cmake
