[0.070s] Invoking command in '/home/youn/ROS/open_manipulator_ws/build/dynamixel_hardware_interface': AMENT_PREFIX_PATH=/home/youn/ROS/open_manipulator_ws/install/dynamixel_sdk:/home/youn/ROS/open_manipulator_ws/install/dynamixel_interfaces:${AMENT_PREFIX_PATH} CMAKE_PREFIX_PATH=/home/youn/ROS/open_manipulator_ws/install/dynamixel_sdk:/home/youn/ROS/open_manipulator_ws/install/dynamixel_interfaces:/home/youn/ROS/ros_workspace/install/user_interface:/opt/ros/jazzy/opt/gz_sim_vendor:/opt/ros/jazzy/opt/gz_sensors_vendor:/opt/ros/jazzy/opt/gz_physics_vendor:/opt/ros/jazzy/opt/sdformat_vendor:/opt/ros/jazzy/opt/gz_gui_vendor:/opt/ros/jazzy/opt/gz_transport_vendor:/opt/ros/jazzy/opt/gz_rendering_vendor:/opt/ros/jazzy/opt/gz_plugin_vendor:/opt/ros/jazzy/opt/gz_fuel_tools_vendor:/opt/ros/jazzy/opt/gz_msgs_vendor:/opt/ros/jazzy/opt/gz_common_vendor:/opt/ros/jazzy/opt/gz_math_vendor:/opt/ros/jazzy/opt/gz_utils_vendor:/opt/ros/jazzy/opt/gz_tools_vendor:/opt/ros/jazzy/opt/gz_ogre_next_vendor:/opt/ros/jazzy/opt/gz_dartsim_vendor:/opt/ros/jazzy/opt/gz_cmake_vendor:/home/youn/ROS/ros_workspace/install/ros_basic:/home/youn/ROS/ros_workspace/install/tf2_basic:/opt/ros/jazzy LD_LIBRARY_PATH=/home/youn/ROS/open_manipulator_ws/install/dynamixel_sdk/lib:/home/youn/ROS/open_manipulator_ws/install/dynamixel_interfaces/lib:${LD_LIBRARY_PATH} PYTHONPATH=/home/youn/ROS/open_manipulator_ws/install/dynamixel_sdk/lib/python3.12/site-packages:/home/youn/ROS/open_manipulator_ws/install/dynamixel_interfaces/lib/python3.12/site-packages:${PYTHONPATH} /usr/bin/cmake --build /home/youn/ROS/open_manipulator_ws/build/dynamixel_hardware_interface -- -j14 -l14
[0.145s] [100%] Built target dynamixel_hardware_interface
[0.153s] Invoked command in '/home/youn/ROS/open_manipulator_ws/build/dynamixel_hardware_interface' returned '0': AMENT_PREFIX_PATH=/home/youn/ROS/open_manipulator_ws/install/dynamixel_sdk:/home/youn/ROS/open_manipulator_ws/install/dynamixel_interfaces:${AMENT_PREFIX_PATH} CMAKE_PREFIX_PATH=/home/youn/ROS/open_manipulator_ws/install/dynamixel_sdk:/home/youn/ROS/open_manipulator_ws/install/dynamixel_interfaces:/home/youn/ROS/ros_workspace/install/user_interface:/opt/ros/jazzy/opt/gz_sim_vendor:/opt/ros/jazzy/opt/gz_sensors_vendor:/opt/ros/jazzy/opt/gz_physics_vendor:/opt/ros/jazzy/opt/sdformat_vendor:/opt/ros/jazzy/opt/gz_gui_vendor:/opt/ros/jazzy/opt/gz_transport_vendor:/opt/ros/jazzy/opt/gz_rendering_vendor:/opt/ros/jazzy/opt/gz_plugin_vendor:/opt/ros/jazzy/opt/gz_fuel_tools_vendor:/opt/ros/jazzy/opt/gz_msgs_vendor:/opt/ros/jazzy/opt/gz_common_vendor:/opt/ros/jazzy/opt/gz_math_vendor:/opt/ros/jazzy/opt/gz_utils_vendor:/opt/ros/jazzy/opt/gz_tools_vendor:/opt/ros/jazzy/opt/gz_ogre_next_vendor:/opt/ros/jazzy/opt/gz_dartsim_vendor:/opt/ros/jazzy/opt/gz_cmake_vendor:/home/youn/ROS/ros_workspace/install/ros_basic:/home/youn/ROS/ros_workspace/install/tf2_basic:/opt/ros/jazzy LD_LIBRARY_PATH=/home/youn/ROS/open_manipulator_ws/install/dynamixel_sdk/lib:/home/youn/ROS/open_manipulator_ws/install/dynamixel_interfaces/lib:${LD_LIBRARY_PATH} PYTHONPATH=/home/youn/ROS/open_manipulator_ws/install/dynamixel_sdk/lib/python3.12/site-packages:/home/youn/ROS/open_manipulator_ws/install/dynamixel_interfaces/lib/python3.12/site-packages:${PYTHONPATH} /usr/bin/cmake --build /home/youn/ROS/open_manipulator_ws/build/dynamixel_hardware_interface -- -j14 -l14
[0.154s] Invoking command in '/home/youn/ROS/open_manipulator_ws/build/dynamixel_hardware_interface': AMENT_PREFIX_PATH=/home/youn/ROS/open_manipulator_ws/install/dynamixel_sdk:/home/youn/ROS/open_manipulator_ws/install/dynamixel_interfaces:${AMENT_PREFIX_PATH} CMAKE_PREFIX_PATH=/home/youn/ROS/open_manipulator_ws/install/dynamixel_sdk:/home/youn/ROS/open_manipulator_ws/install/dynamixel_interfaces:/home/youn/ROS/ros_workspace/install/user_interface:/opt/ros/jazzy/opt/gz_sim_vendor:/opt/ros/jazzy/opt/gz_sensors_vendor:/opt/ros/jazzy/opt/gz_physics_vendor:/opt/ros/jazzy/opt/sdformat_vendor:/opt/ros/jazzy/opt/gz_gui_vendor:/opt/ros/jazzy/opt/gz_transport_vendor:/opt/ros/jazzy/opt/gz_rendering_vendor:/opt/ros/jazzy/opt/gz_plugin_vendor:/opt/ros/jazzy/opt/gz_fuel_tools_vendor:/opt/ros/jazzy/opt/gz_msgs_vendor:/opt/ros/jazzy/opt/gz_common_vendor:/opt/ros/jazzy/opt/gz_math_vendor:/opt/ros/jazzy/opt/gz_utils_vendor:/opt/ros/jazzy/opt/gz_tools_vendor:/opt/ros/jazzy/opt/gz_ogre_next_vendor:/opt/ros/jazzy/opt/gz_dartsim_vendor:/opt/ros/jazzy/opt/gz_cmake_vendor:/home/youn/ROS/ros_workspace/install/ros_basic:/home/youn/ROS/ros_workspace/install/tf2_basic:/opt/ros/jazzy LD_LIBRARY_PATH=/home/youn/ROS/open_manipulator_ws/install/dynamixel_sdk/lib:/home/youn/ROS/open_manipulator_ws/install/dynamixel_interfaces/lib:${LD_LIBRARY_PATH} PYTHONPATH=/home/youn/ROS/open_manipulator_ws/install/dynamixel_sdk/lib/python3.12/site-packages:/home/youn/ROS/open_manipulator_ws/install/dynamixel_interfaces/lib/python3.12/site-packages:${PYTHONPATH} /usr/bin/cmake --install /home/youn/ROS/open_manipulator_ws/build/dynamixel_hardware_interface
[0.161s] -- Install configuration: "Release"
[0.161s] -- Execute custom install script
[0.162s] -- Up-to-date symlink: /home/youn/ROS/open_manipulator_ws/install/dynamixel_hardware_interface/share/dynamixel_hardware_interface//dynamixel_hardware_interface_plugin.xml
[0.162s] -- Up-to-date symlink: /home/youn/ROS/open_manipulator_ws/install/dynamixel_hardware_interface/include/dynamixel_hardware_interface/dynamixel/dynamixel.hpp
[0.162s] -- Up-to-date symlink: /home/youn/ROS/open_manipulator_ws/install/dynamixel_hardware_interface/include/dynamixel_hardware_interface/dynamixel/dynamixel_info.hpp
[0.162s] -- Up-to-date symlink: /home/youn/ROS/open_manipulator_ws/install/dynamixel_hardware_interface/include/dynamixel_hardware_interface/dynamixel_hardware_interface.hpp
[0.162s] -- Up-to-date symlink: /home/youn/ROS/open_manipulator_ws/install/dynamixel_hardware_interface/include/dynamixel_hardware_interface/visibility_control.h
[0.162s] -- Up-to-date symlink: /home/youn/ROS/open_manipulator_ws/install/dynamixel_hardware_interface/lib/dynamixel_hardware_interface//create_udev_rules
[0.163s] -- Up-to-date symlink: /home/youn/ROS/open_manipulator_ws/install/dynamixel_hardware_interface/share/dynamixel_hardware_interface//scripts/99-manipulator-cdc.rules
[0.163s] -- Up-to-date symlink: /home/youn/ROS/open_manipulator_ws/install/dynamixel_hardware_interface/share/dynamixel_hardware_interface//scripts/check_model_file_formatting.py
[0.163s] -- Up-to-date symlink: /home/youn/ROS/open_manipulator_ws/install/dynamixel_hardware_interface/share/dynamixel_hardware_interface//scripts/cluster_model_files.py
[0.163s] -- Up-to-date symlink: /home/youn/ROS/open_manipulator_ws/install/dynamixel_hardware_interface/share/dynamixel_hardware_interface//scripts/create_udev_rules
[0.163s] -- Up-to-date symlink: /home/youn/ROS/open_manipulator_ws/install/dynamixel_hardware_interface/share/dynamixel_hardware_interface//scripts/hx_synctable_model_generator.py
[0.163s] -- Up-to-date symlink: /home/youn/ROS/open_manipulator_ws/install/dynamixel_hardware_interface/share/dynamixel_hardware_interface//scripts/xml_to_model_parser.py
[0.163s] -- Up-to-date symlink: /home/youn/ROS/open_manipulator_ws/install/dynamixel_hardware_interface/share/dynamixel_hardware_interface/param/dxl_model/2xc430_w250.model
[0.164s] -- Up-to-date symlink: /home/youn/ROS/open_manipulator_ws/install/dynamixel_hardware_interface/share/dynamixel_hardware_interface/param/dxl_model/2xl430_w250.model
[0.164s] -- Up-to-date symlink: /home/youn/ROS/open_manipulator_ws/install/dynamixel_hardware_interface/share/dynamixel_hardware_interface/param/dxl_model/dynamixel.model
[0.164s] -- Up-to-date symlink: /home/youn/ROS/open_manipulator_ws/install/dynamixel_hardware_interface/share/dynamixel_hardware_interface/param/dxl_model/ffw_g10_led.model
[0.165s] -- Up-to-date symlink: /home/youn/ROS/open_manipulator_ws/install/dynamixel_hardware_interface/share/dynamixel_hardware_interface/param/dxl_model/ffw_g10_rcu.model
[0.165s] -- Up-to-date symlink: /home/youn/ROS/open_manipulator_ws/install/dynamixel_hardware_interface/share/dynamixel_hardware_interface/param/dxl_model/ffw_g40_imu.model
[0.165s] -- Up-to-date symlink: /home/youn/ROS/open_manipulator_ws/install/dynamixel_hardware_interface/share/dynamixel_hardware_interface/param/dxl_model/ffw_sg2_drive_1.model
[0.165s] -- Up-to-date symlink: /home/youn/ROS/open_manipulator_ws/install/dynamixel_hardware_interface/share/dynamixel_hardware_interface/param/dxl_model/ffw_sg2_drive_2.model
[0.166s] -- Up-to-date symlink: /home/youn/ROS/open_manipulator_ws/install/dynamixel_hardware_interface/share/dynamixel_hardware_interface/param/dxl_model/ffw_sg2_drive_3.model
[0.166s] -- Up-to-date symlink: /home/youn/ROS/open_manipulator_ws/install/dynamixel_hardware_interface/share/dynamixel_hardware_interface/param/dxl_model/ffw_sg2_steer_1.model
[0.166s] -- Up-to-date symlink: /home/youn/ROS/open_manipulator_ws/install/dynamixel_hardware_interface/share/dynamixel_hardware_interface/param/dxl_model/ffw_sg2_steer_2.model
[0.166s] -- Up-to-date symlink: /home/youn/ROS/open_manipulator_ws/install/dynamixel_hardware_interface/share/dynamixel_hardware_interface/param/dxl_model/ffw_sg2_steer_3.model
[0.167s] -- Up-to-date symlink: /home/youn/ROS/open_manipulator_ws/install/dynamixel_hardware_interface/share/dynamixel_hardware_interface/param/dxl_model/h42_20_s300_ra.model
[0.167s] -- Up-to-date symlink: /home/youn/ROS/open_manipulator_ws/install/dynamixel_hardware_interface/share/dynamixel_hardware_interface/param/dxl_model/h54_100_s500_ra.model
[0.167s] -- Up-to-date symlink: /home/youn/ROS/open_manipulator_ws/install/dynamixel_hardware_interface/share/dynamixel_hardware_interface/param/dxl_model/h54_200_s500_ra.model
[0.168s] -- Up-to-date symlink: /home/youn/ROS/open_manipulator_ws/install/dynamixel_hardware_interface/share/dynamixel_hardware_interface/param/dxl_model/hx5_d20_r_synctable_1_device_1.model
[0.168s] -- Up-to-date symlink: /home/youn/ROS/open_manipulator_ws/install/dynamixel_hardware_interface/share/dynamixel_hardware_interface/param/dxl_model/hx5_d20_r_synctable_1_device_2.model
[0.168s] -- Up-to-date symlink: /home/youn/ROS/open_manipulator_ws/install/dynamixel_hardware_interface/share/dynamixel_hardware_interface/param/dxl_model/hx5_d20_r_synctable_1_device_3.model
[0.168s] -- Up-to-date symlink: /home/youn/ROS/open_manipulator_ws/install/dynamixel_hardware_interface/share/dynamixel_hardware_interface/param/dxl_model/hx5_d20_r_synctable_1_device_4.model
[0.169s] -- Up-to-date symlink: /home/youn/ROS/open_manipulator_ws/install/dynamixel_hardware_interface/share/dynamixel_hardware_interface/param/dxl_model/hx5_d20_r_synctable_1_device_5.model
[0.169s] -- Up-to-date symlink: /home/youn/ROS/open_manipulator_ws/install/dynamixel_hardware_interface/share/dynamixel_hardware_interface/param/dxl_model/hx5_d20_r_synctable_2_device_1.model
[0.169s] -- Up-to-date symlink: /home/youn/ROS/open_manipulator_ws/install/dynamixel_hardware_interface/share/dynamixel_hardware_interface/param/dxl_model/hx5_d20_r_synctable_2_device_2.model
[0.169s] -- Up-to-date symlink: /home/youn/ROS/open_manipulator_ws/install/dynamixel_hardware_interface/share/dynamixel_hardware_interface/param/dxl_model/hx5_d20_r_synctable_2_device_3.model
[0.169s] -- Up-to-date symlink: /home/youn/ROS/open_manipulator_ws/install/dynamixel_hardware_interface/share/dynamixel_hardware_interface/param/dxl_model/hx5_d20_r_synctable_2_device_4.model
[0.170s] -- Up-to-date symlink: /home/youn/ROS/open_manipulator_ws/install/dynamixel_hardware_interface/share/dynamixel_hardware_interface/param/dxl_model/hx5_d20_r_synctable_2_device_5.model
[0.170s] -- Up-to-date symlink: /home/youn/ROS/open_manipulator_ws/install/dynamixel_hardware_interface/share/dynamixel_hardware_interface/param/dxl_model/hx5_d20_r_synctable_3_device_1.model
[0.170s] -- Up-to-date symlink: /home/youn/ROS/open_manipulator_ws/install/dynamixel_hardware_interface/share/dynamixel_hardware_interface/param/dxl_model/hx5_d20_r_synctable_3_device_2.model
[0.170s] -- Up-to-date symlink: /home/youn/ROS/open_manipulator_ws/install/dynamixel_hardware_interface/share/dynamixel_hardware_interface/param/dxl_model/hx5_d20_r_synctable_3_device_3.model
[0.171s] -- Up-to-date symlink: /home/youn/ROS/open_manipulator_ws/install/dynamixel_hardware_interface/share/dynamixel_hardware_interface/param/dxl_model/hx5_d20_r_synctable_3_device_4.model
[0.171s] -- Up-to-date symlink: /home/youn/ROS/open_manipulator_ws/install/dynamixel_hardware_interface/share/dynamixel_hardware_interface/param/dxl_model/hx5_d20_r_synctable_3_device_5.model
[0.171s] -- Up-to-date symlink: /home/youn/ROS/open_manipulator_ws/install/dynamixel_hardware_interface/share/dynamixel_hardware_interface/param/dxl_model/hx5_d20_r_synctable_4_device_1.model
[0.171s] -- Up-to-date symlink: /home/youn/ROS/open_manipulator_ws/install/dynamixel_hardware_interface/share/dynamixel_hardware_interface/param/dxl_model/hx5_d20_r_synctable_4_device_2.model
[0.171s] -- Up-to-date symlink: /home/youn/ROS/open_manipulator_ws/install/dynamixel_hardware_interface/share/dynamixel_hardware_interface/param/dxl_model/hx5_d20_r_synctable_4_device_3.model
[0.171s] -- Up-to-date symlink: /home/youn/ROS/open_manipulator_ws/install/dynamixel_hardware_interface/share/dynamixel_hardware_interface/param/dxl_model/hx5_d20_r_synctable_4_device_4.model
[0.171s] -- Up-to-date symlink: /home/youn/ROS/open_manipulator_ws/install/dynamixel_hardware_interface/share/dynamixel_hardware_interface/param/dxl_model/hx5_d20_r_synctable_4_device_5.model
[0.171s] -- Up-to-date symlink: /home/youn/ROS/open_manipulator_ws/install/dynamixel_hardware_interface/share/dynamixel_hardware_interface/param/dxl_model/hx5_d20_r_synctable_5_device_1.model
[0.171s] -- Up-to-date symlink: /home/youn/ROS/open_manipulator_ws/install/dynamixel_hardware_interface/share/dynamixel_hardware_interface/param/dxl_model/hx5_d20_r_synctable_5_device_2.model
[0.171s] -- Up-to-date symlink: /home/youn/ROS/open_manipulator_ws/install/dynamixel_hardware_interface/share/dynamixel_hardware_interface/param/dxl_model/hx5_d20_r_synctable_5_device_3.model
[0.171s] -- Up-to-date symlink: /home/youn/ROS/open_manipulator_ws/install/dynamixel_hardware_interface/share/dynamixel_hardware_interface/param/dxl_model/hx5_d20_r_synctable_5_device_4.model
[0.171s] -- Up-to-date symlink: /home/youn/ROS/open_manipulator_ws/install/dynamixel_hardware_interface/share/dynamixel_hardware_interface/param/dxl_model/hx5_d20_r_synctable_5_device_5.model
[0.172s] -- Up-to-date symlink: /home/youn/ROS/open_manipulator_ws/install/dynamixel_hardware_interface/share/dynamixel_hardware_interface/param/dxl_model/hx5_d20_rl.model
[0.172s] -- Up-to-date symlink: /home/youn/ROS/open_manipulator_ws/install/dynamixel_hardware_interface/share/dynamixel_hardware_interface/param/dxl_model/hx5_d20_rr.model
[0.172s] -- Up-to-date symlink: /home/youn/ROS/open_manipulator_ws/install/dynamixel_hardware_interface/share/dynamixel_hardware_interface/param/dxl_model/m42_10_s260_ra.model
[0.172s] -- Up-to-date symlink: /home/youn/ROS/open_manipulator_ws/install/dynamixel_hardware_interface/share/dynamixel_hardware_interface/param/dxl_model/m54_40_s250_ra.model
[0.172s] -- Up-to-date symlink: /home/youn/ROS/open_manipulator_ws/install/dynamixel_hardware_interface/share/dynamixel_hardware_interface/param/dxl_model/m54_60_s250_ra.model
[0.172s] -- Up-to-date symlink: /home/youn/ROS/open_manipulator_ws/install/dynamixel_hardware_interface/share/dynamixel_hardware_interface/param/dxl_model/mx_106.model
[0.172s] -- Up-to-date symlink: /home/youn/ROS/open_manipulator_ws/install/dynamixel_hardware_interface/share/dynamixel_hardware_interface/param/dxl_model/mx_28.model
[0.172s] -- Up-to-date symlink: /home/youn/ROS/open_manipulator_ws/install/dynamixel_hardware_interface/share/dynamixel_hardware_interface/param/dxl_model/mx_64.model
[0.172s] -- Up-to-date symlink: /home/youn/ROS/open_manipulator_ws/install/dynamixel_hardware_interface/share/dynamixel_hardware_interface/param/dxl_model/omy_end.model
[0.173s] -- Up-to-date symlink: /home/youn/ROS/open_manipulator_ws/install/dynamixel_hardware_interface/share/dynamixel_hardware_interface/param/dxl_model/omy_end_rh_p12_rn.model
[0.173s] -- Up-to-date symlink: /home/youn/ROS/open_manipulator_ws/install/dynamixel_hardware_interface/share/dynamixel_hardware_interface/param/dxl_model/omy_hat.model
[0.173s] -- Up-to-date symlink: /home/youn/ROS/open_manipulator_ws/install/dynamixel_hardware_interface/share/dynamixel_hardware_interface/param/dxl_model/ph42_020_s300.model
[0.173s] -- Up-to-date symlink: /home/youn/ROS/open_manipulator_ws/install/dynamixel_hardware_interface/share/dynamixel_hardware_interface/param/dxl_model/ph54_100_s500.model
[0.173s] -- Up-to-date symlink: /home/youn/ROS/open_manipulator_ws/install/dynamixel_hardware_interface/share/dynamixel_hardware_interface/param/dxl_model/ph54_200_s500.model
[0.174s] -- Up-to-date symlink: /home/youn/ROS/open_manipulator_ws/install/dynamixel_hardware_interface/share/dynamixel_hardware_interface/param/dxl_model/pm42_010_s260.model
[0.174s] -- Up-to-date symlink: /home/youn/ROS/open_manipulator_ws/install/dynamixel_hardware_interface/share/dynamixel_hardware_interface/param/dxl_model/pm54_040_s250.model
[0.174s] -- Up-to-date symlink: /home/youn/ROS/open_manipulator_ws/install/dynamixel_hardware_interface/share/dynamixel_hardware_interface/param/dxl_model/pm54_060_s250.model
[0.174s] -- Up-to-date symlink: /home/youn/ROS/open_manipulator_ws/install/dynamixel_hardware_interface/share/dynamixel_hardware_interface/param/dxl_model/rh_p12_rn.model
[0.175s] -- Up-to-date symlink: /home/youn/ROS/open_manipulator_ws/install/dynamixel_hardware_interface/share/dynamixel_hardware_interface/param/dxl_model/sensorxel_joy.model
[0.175s] -- Up-to-date symlink: /home/youn/ROS/open_manipulator_ws/install/dynamixel_hardware_interface/share/dynamixel_hardware_interface/param/dxl_model/xc330_m181.model
[0.175s] -- Up-to-date symlink: /home/youn/ROS/open_manipulator_ws/install/dynamixel_hardware_interface/share/dynamixel_hardware_interface/param/dxl_model/xc330_m181_fw52.model
[0.175s] -- Up-to-date symlink: /home/youn/ROS/open_manipulator_ws/install/dynamixel_hardware_interface/share/dynamixel_hardware_interface/param/dxl_model/xc330_m288.model
[0.175s] -- Up-to-date symlink: /home/youn/ROS/open_manipulator_ws/install/dynamixel_hardware_interface/share/dynamixel_hardware_interface/param/dxl_model/xc330_m288_fw52.model
[0.175s] -- Up-to-date symlink: /home/youn/ROS/open_manipulator_ws/install/dynamixel_hardware_interface/share/dynamixel_hardware_interface/param/dxl_model/xc330_t181.model
[0.175s] -- Up-to-date symlink: /home/youn/ROS/open_manipulator_ws/install/dynamixel_hardware_interface/share/dynamixel_hardware_interface/param/dxl_model/xc330_t181_fw52.model
[0.175s] -- Up-to-date symlink: /home/youn/ROS/open_manipulator_ws/install/dynamixel_hardware_interface/share/dynamixel_hardware_interface/param/dxl_model/xc330_t288.model
[0.175s] -- Up-to-date symlink: /home/youn/ROS/open_manipulator_ws/install/dynamixel_hardware_interface/share/dynamixel_hardware_interface/param/dxl_model/xc330_t288_fw52.model
[0.175s] -- Up-to-date symlink: /home/youn/ROS/open_manipulator_ws/install/dynamixel_hardware_interface/share/dynamixel_hardware_interface/param/dxl_model/xc430_w150.model
[0.175s] -- Up-to-date symlink: /home/youn/ROS/open_manipulator_ws/install/dynamixel_hardware_interface/share/dynamixel_hardware_interface/param/dxl_model/xc430_w240.model
[0.175s] -- Up-to-date symlink: /home/youn/ROS/open_manipulator_ws/install/dynamixel_hardware_interface/share/dynamixel_hardware_interface/param/dxl_model/xd430_t210.model
[0.175s] -- Up-to-date symlink: /home/youn/ROS/open_manipulator_ws/install/dynamixel_hardware_interface/share/dynamixel_hardware_interface/param/dxl_model/xd430_t350.model
[0.175s] -- Up-to-date symlink: /home/youn/ROS/open_manipulator_ws/install/dynamixel_hardware_interface/share/dynamixel_hardware_interface/param/dxl_model/xd540_t150.model
[0.175s] -- Up-to-date symlink: /home/youn/ROS/open_manipulator_ws/install/dynamixel_hardware_interface/share/dynamixel_hardware_interface/param/dxl_model/xd540_t270.model
[0.175s] -- Up-to-date symlink: /home/youn/ROS/open_manipulator_ws/install/dynamixel_hardware_interface/share/dynamixel_hardware_interface/param/dxl_model/xh430_v210.model
[0.175s] -- Up-to-date symlink: /home/youn/ROS/open_manipulator_ws/install/dynamixel_hardware_interface/share/dynamixel_hardware_interface/param/dxl_model/xh430_v350.model
[0.175s] -- Up-to-date symlink: /home/youn/ROS/open_manipulator_ws/install/dynamixel_hardware_interface/share/dynamixel_hardware_interface/param/dxl_model/xh430_w210.model
[0.176s] -- Up-to-date symlink: /home/youn/ROS/open_manipulator_ws/install/dynamixel_hardware_interface/share/dynamixel_hardware_interface/param/dxl_model/xh430_w350.model
[0.176s] -- Up-to-date symlink: /home/youn/ROS/open_manipulator_ws/install/dynamixel_hardware_interface/share/dynamixel_hardware_interface/param/dxl_model/xh540_v150.model
[0.176s] -- Up-to-date symlink: /home/youn/ROS/open_manipulator_ws/install/dynamixel_hardware_interface/share/dynamixel_hardware_interface/param/dxl_model/xh540_v270.model
[0.176s] -- Up-to-date symlink: /home/youn/ROS/open_manipulator_ws/install/dynamixel_hardware_interface/share/dynamixel_hardware_interface/param/dxl_model/xh540_w150.model
[0.176s] -- Up-to-date symlink: /home/youn/ROS/open_manipulator_ws/install/dynamixel_hardware_interface/share/dynamixel_hardware_interface/param/dxl_model/xh540_w270.model
[0.176s] -- Up-to-date symlink: /home/youn/ROS/open_manipulator_ws/install/dynamixel_hardware_interface/share/dynamixel_hardware_interface/param/dxl_model/xl320.model
[0.176s] -- Up-to-date symlink: /home/youn/ROS/open_manipulator_ws/install/dynamixel_hardware_interface/share/dynamixel_hardware_interface/param/dxl_model/xl330_m077.model
[0.176s] -- Up-to-date symlink: /home/youn/ROS/open_manipulator_ws/install/dynamixel_hardware_interface/share/dynamixel_hardware_interface/param/dxl_model/xl330_m077_fw52.model
[0.176s] -- Up-to-date symlink: /home/youn/ROS/open_manipulator_ws/install/dynamixel_hardware_interface/share/dynamixel_hardware_interface/param/dxl_model/xl330_m288.model
[0.176s] -- Up-to-date symlink: /home/youn/ROS/open_manipulator_ws/install/dynamixel_hardware_interface/share/dynamixel_hardware_interface/param/dxl_model/xl330_m288_fw52.model
[0.176s] -- Up-to-date symlink: /home/youn/ROS/open_manipulator_ws/install/dynamixel_hardware_interface/share/dynamixel_hardware_interface/param/dxl_model/xl430_w250.model
[0.176s] -- Up-to-date symlink: /home/youn/ROS/open_manipulator_ws/install/dynamixel_hardware_interface/share/dynamixel_hardware_interface/param/dxl_model/xm335_t323.model
[0.176s] -- Up-to-date symlink: /home/youn/ROS/open_manipulator_ws/install/dynamixel_hardware_interface/share/dynamixel_hardware_interface/param/dxl_model/xm335_t332.model
[0.176s] -- Up-to-date symlink: /home/youn/ROS/open_manipulator_ws/install/dynamixel_hardware_interface/share/dynamixel_hardware_interface/param/dxl_model/xm430_w210.model
[0.176s] -- Up-to-date symlink: /home/youn/ROS/open_manipulator_ws/install/dynamixel_hardware_interface/share/dynamixel_hardware_interface/param/dxl_model/xm430_w350.model
[0.176s] -- Up-to-date symlink: /home/youn/ROS/open_manipulator_ws/install/dynamixel_hardware_interface/share/dynamixel_hardware_interface/param/dxl_model/xm540_w150.model
[0.176s] -- Up-to-date symlink: /home/youn/ROS/open_manipulator_ws/install/dynamixel_hardware_interface/share/dynamixel_hardware_interface/param/dxl_model/xm540_w270.model
[0.176s] -- Up-to-date symlink: /home/youn/ROS/open_manipulator_ws/install/dynamixel_hardware_interface/share/dynamixel_hardware_interface/param/dxl_model/xw430_t200.model
[0.176s] -- Up-to-date symlink: /home/youn/ROS/open_manipulator_ws/install/dynamixel_hardware_interface/share/dynamixel_hardware_interface/param/dxl_model/xw430_t333.model
[0.176s] -- Up-to-date symlink: /home/youn/ROS/open_manipulator_ws/install/dynamixel_hardware_interface/share/dynamixel_hardware_interface/param/dxl_model/xw540_h260.model
[0.176s] -- Up-to-date symlink: /home/youn/ROS/open_manipulator_ws/install/dynamixel_hardware_interface/share/dynamixel_hardware_interface/param/dxl_model/xw540_t140.model
[0.176s] -- Up-to-date symlink: /home/youn/ROS/open_manipulator_ws/install/dynamixel_hardware_interface/share/dynamixel_hardware_interface/param/dxl_model/xw540_t260.model
[0.176s] -- Up-to-date symlink: /home/youn/ROS/open_manipulator_ws/install/dynamixel_hardware_interface/share/dynamixel_hardware_interface/param/dxl_model/ym070_210_a051.model
[0.176s] -- Up-to-date symlink: /home/youn/ROS/open_manipulator_ws/install/dynamixel_hardware_interface/share/dynamixel_hardware_interface/param/dxl_model/ym070_210_a099.model
[0.176s] -- Up-to-date symlink: /home/youn/ROS/open_manipulator_ws/install/dynamixel_hardware_interface/share/dynamixel_hardware_interface/param/dxl_model/ym070_210_b001.model
[0.176s] -- Up-to-date symlink: /home/youn/ROS/open_manipulator_ws/install/dynamixel_hardware_interface/share/dynamixel_hardware_interface/param/dxl_model/ym070_210_m001.model
[0.176s] -- Up-to-date symlink: /home/youn/ROS/open_manipulator_ws/install/dynamixel_hardware_interface/share/dynamixel_hardware_interface/param/dxl_model/ym070_210_r051.model
[0.176s] -- Up-to-date symlink: /home/youn/ROS/open_manipulator_ws/install/dynamixel_hardware_interface/share/dynamixel_hardware_interface/param/dxl_model/ym070_210_r099.model
[0.176s] -- Up-to-date symlink: /home/youn/ROS/open_manipulator_ws/install/dynamixel_hardware_interface/share/dynamixel_hardware_interface/param/dxl_model/ym080_230_a051.model
[0.177s] -- Up-to-date symlink: /home/youn/ROS/open_manipulator_ws/install/dynamixel_hardware_interface/share/dynamixel_hardware_interface/param/dxl_model/ym080_230_a099.model
[0.177s] -- Up-to-date symlink: /home/youn/ROS/open_manipulator_ws/install/dynamixel_hardware_interface/share/dynamixel_hardware_interface/param/dxl_model/ym080_230_b001.model
[0.177s] -- Up-to-date symlink: /home/youn/ROS/open_manipulator_ws/install/dynamixel_hardware_interface/share/dynamixel_hardware_interface/param/dxl_model/ym080_230_m001.model
[0.177s] -- Up-to-date symlink: /home/youn/ROS/open_manipulator_ws/install/dynamixel_hardware_interface/share/dynamixel_hardware_interface/param/dxl_model/ym080_230_r051.model
[0.177s] -- Up-to-date symlink: /home/youn/ROS/open_manipulator_ws/install/dynamixel_hardware_interface/share/dynamixel_hardware_interface/param/dxl_model/ym080_230_r099.model
[0.177s] -- Up-to-date symlink: /home/youn/ROS/open_manipulator_ws/install/dynamixel_hardware_interface/share/dynamixel_hardware_interface/environment/library_path.sh
[0.177s] -- Up-to-date symlink: /home/youn/ROS/open_manipulator_ws/install/dynamixel_hardware_interface/share/dynamixel_hardware_interface/environment/library_path.dsv
[0.177s] -- Up-to-date symlink: /home/youn/ROS/open_manipulator_ws/install/dynamixel_hardware_interface/share/ament_index/resource_index/package_run_dependencies/dynamixel_hardware_interface
[0.177s] -- Up-to-date symlink: /home/youn/ROS/open_manipulator_ws/install/dynamixel_hardware_interface/share/ament_index/resource_index/parent_prefix_path/dynamixel_hardware_interface
[0.177s] -- Up-to-date symlink: /home/youn/ROS/open_manipulator_ws/install/dynamixel_hardware_interface/share/dynamixel_hardware_interface/environment/ament_prefix_path.sh
[0.177s] -- Up-to-date symlink: /home/youn/ROS/open_manipulator_ws/install/dynamixel_hardware_interface/share/dynamixel_hardware_interface/environment/ament_prefix_path.dsv
[0.177s] -- Up-to-date symlink: /home/youn/ROS/open_manipulator_ws/install/dynamixel_hardware_interface/share/dynamixel_hardware_interface/environment/path.sh
[0.177s] -- Up-to-date symlink: /home/youn/ROS/open_manipulator_ws/install/dynamixel_hardware_interface/share/dynamixel_hardware_interface/environment/path.dsv
[0.177s] -- Up-to-date symlink: /home/youn/ROS/open_manipulator_ws/install/dynamixel_hardware_interface/share/dynamixel_hardware_interface/local_setup.bash
[0.177s] -- Up-to-date symlink: /home/youn/ROS/open_manipulator_ws/install/dynamixel_hardware_interface/share/dynamixel_hardware_interface/local_setup.sh
[0.178s] -- Up-to-date symlink: /home/youn/ROS/open_manipulator_ws/install/dynamixel_hardware_interface/share/dynamixel_hardware_interface/local_setup.zsh
[0.178s] -- Up-to-date symlink: /home/youn/ROS/open_manipulator_ws/install/dynamixel_hardware_interface/share/dynamixel_hardware_interface/local_setup.dsv
[0.178s] -- Symlinking: /home/youn/ROS/open_manipulator_ws/install/dynamixel_hardware_interface/share/dynamixel_hardware_interface/package.dsv
[0.182s] -- Up-to-date symlink: /home/youn/ROS/open_manipulator_ws/install/dynamixel_hardware_interface/share/ament_index/resource_index/packages/dynamixel_hardware_interface
[0.182s] -- Up-to-date symlink: /home/youn/ROS/open_manipulator_ws/install/dynamixel_hardware_interface/share/ament_index/resource_index/hardware_interface__pluginlib__plugin/dynamixel_hardware_interface
[0.183s] -- Up-to-date symlink: /home/youn/ROS/open_manipulator_ws/install/dynamixel_hardware_interface/share/dynamixel_hardware_interface/cmake/ament_cmake_export_include_directories-extras.cmake
[0.184s] -- Up-to-date symlink: /home/youn/ROS/open_manipulator_ws/install/dynamixel_hardware_interface/share/dynamixel_hardware_interface/cmake/ament_cmake_export_libraries-extras.cmake
[0.184s] -- Up-to-date symlink: /home/youn/ROS/open_manipulator_ws/install/dynamixel_hardware_interface/share/dynamixel_hardware_interface/cmake/ament_cmake_export_targets-extras.cmake
[0.184s] -- Up-to-date symlink: /home/youn/ROS/open_manipulator_ws/install/dynamixel_hardware_interface/share/dynamixel_hardware_interface/cmake/ament_cmake_export_dependencies-extras.cmake
[0.184s] -- Up-to-date symlink: /home/youn/ROS/open_manipulator_ws/install/dynamixel_hardware_interface/share/dynamixel_hardware_interface/cmake/dynamixel_hardware_interfaceConfig.cmake
[0.184s] -- Up-to-date symlink: /home/youn/ROS/open_manipulator_ws/install/dynamixel_hardware_interface/share/dynamixel_hardware_interface/cmake/dynamixel_hardware_interfaceConfig-version.cmake
[0.184s] -- Up-to-date symlink: /home/youn/ROS/open_manipulator_ws/install/dynamixel_hardware_interface/share/dynamixel_hardware_interface/package.xml
[0.184s] -- Up-to-date: /home/youn/ROS/open_manipulator_ws/install/dynamixel_hardware_interface/lib/libdynamixel_hardware_interface.so
[0.184s] -- Up-to-date: /home/youn/ROS/open_manipulator_ws/install/dynamixel_hardware_interface/share/dynamixel_hardware_interface/cmake/export_dynamixel_hardware_interfaceExport.cmake
[0.185s] -- Up-to-date: /home/youn/ROS/open_manipulator_ws/install/dynamixel_hardware_interface/share/dynamixel_hardware_interface/cmake/export_dynamixel_hardware_interfaceExport-release.cmake
[0.189s] Invoked command in '/home/youn/ROS/open_manipulator_ws/build/dynamixel_hardware_interface' returned '0': AMENT_PREFIX_PATH=/home/youn/ROS/open_manipulator_ws/install/dynamixel_sdk:/home/youn/ROS/open_manipulator_ws/install/dynamixel_interfaces:${AMENT_PREFIX_PATH} CMAKE_PREFIX_PATH=/home/youn/ROS/open_manipulator_ws/install/dynamixel_sdk:/home/youn/ROS/open_manipulator_ws/install/dynamixel_interfaces:/home/youn/ROS/ros_workspace/install/user_interface:/opt/ros/jazzy/opt/gz_sim_vendor:/opt/ros/jazzy/opt/gz_sensors_vendor:/opt/ros/jazzy/opt/gz_physics_vendor:/opt/ros/jazzy/opt/sdformat_vendor:/opt/ros/jazzy/opt/gz_gui_vendor:/opt/ros/jazzy/opt/gz_transport_vendor:/opt/ros/jazzy/opt/gz_rendering_vendor:/opt/ros/jazzy/opt/gz_plugin_vendor:/opt/ros/jazzy/opt/gz_fuel_tools_vendor:/opt/ros/jazzy/opt/gz_msgs_vendor:/opt/ros/jazzy/opt/gz_common_vendor:/opt/ros/jazzy/opt/gz_math_vendor:/opt/ros/jazzy/opt/gz_utils_vendor:/opt/ros/jazzy/opt/gz_tools_vendor:/opt/ros/jazzy/opt/gz_ogre_next_vendor:/opt/ros/jazzy/opt/gz_dartsim_vendor:/opt/ros/jazzy/opt/gz_cmake_vendor:/home/youn/ROS/ros_workspace/install/ros_basic:/home/youn/ROS/ros_workspace/install/tf2_basic:/opt/ros/jazzy LD_LIBRARY_PATH=/home/youn/ROS/open_manipulator_ws/install/dynamixel_sdk/lib:/home/youn/ROS/open_manipulator_ws/install/dynamixel_interfaces/lib:${LD_LIBRARY_PATH} PYTHONPATH=/home/youn/ROS/open_manipulator_ws/install/dynamixel_sdk/lib/python3.12/site-packages:/home/youn/ROS/open_manipulator_ws/install/dynamixel_interfaces/lib/python3.12/site-packages:${PYTHONPATH} /usr/bin/cmake --install /home/youn/ROS/open_manipulator_ws/build/dynamixel_hardware_interface
