[ 50%] Built target gravity_compensation_controller_parameters
[100%] Built target gravity_compensation_controller
-- Install configuration: "Release"
-- Execute custom install script
-- Up-to-date symlink: /home/youn/ROS/open_manipulator_ws/install/om_gravity_compensation_controller/include/om_gravity_compensation_controller/gravity_compensation_controller_parameters.hpp
-- Up-to-date symlink: /home/youn/ROS/open_manipulator_ws/install/om_gravity_compensation_controller/share/om_gravity_compensation_controller//gravity_compensation_plugin.xml
-- Up-to-date symlink: /home/youn/ROS/open_manipulator_ws/install/om_gravity_compensation_controller/include/gravity_compensation_controller/gravity_compensation_controller/gravity_compensation_controller.hpp
-- Up-to-date symlink: /home/youn/ROS/open_manipulator_ws/install/om_gravity_compensation_controller/include/gravity_compensation_controller/gravity_compensation_controller/visibility_control.h
-- Up-to-date symlink: /home/youn/ROS/open_manipulator_ws/install/om_gravity_compensation_controller/share/om_gravity_compensation_controller/environment/library_path.sh
-- Up-to-date symlink: /home/youn/ROS/open_manipulator_ws/install/om_gravity_compensation_controller/share/om_gravity_compensation_controller/environment/library_path.dsv
-- Up-to-date symlink: /home/youn/ROS/open_manipulator_ws/install/om_gravity_compensation_controller/share/ament_index/resource_index/package_run_dependencies/om_gravity_compensation_controller
-- Up-to-date symlink: /home/youn/ROS/open_manipulator_ws/install/om_gravity_compensation_controller/share/ament_index/resource_index/parent_prefix_path/om_gravity_compensation_controller
-- Up-to-date symlink: /home/youn/ROS/open_manipulator_ws/install/om_gravity_compensation_controller/share/om_gravity_compensation_controller/environment/ament_prefix_path.sh
-- Up-to-date symlink: /home/youn/ROS/open_manipulator_ws/install/om_gravity_compensation_controller/share/om_gravity_compensation_controller/environment/ament_prefix_path.dsv
-- Up-to-date symlink: /home/youn/ROS/open_manipulator_ws/install/om_gravity_compensation_controller/share/om_gravity_compensation_controller/environment/path.sh
-- Up-to-date symlink: /home/youn/ROS/open_manipulator_ws/install/om_gravity_compensation_controller/share/om_gravity_compensation_controller/environment/path.dsv
-- Up-to-date symlink: /home/youn/ROS/open_manipulator_ws/install/om_gravity_compensation_controller/share/om_gravity_compensation_controller/local_setup.bash
-- Up-to-date symlink: /home/youn/ROS/open_manipulator_ws/install/om_gravity_compensation_controller/share/om_gravity_compensation_controller/local_setup.sh
-- Up-to-date symlink: /home/youn/ROS/open_manipulator_ws/install/om_gravity_compensation_controller/share/om_gravity_compensation_controller/local_setup.zsh
-- Up-to-date symlink: /home/youn/ROS/open_manipulator_ws/install/om_gravity_compensation_controller/share/om_gravity_compensation_controller/local_setup.dsv
-- Symlinking: /home/youn/ROS/open_manipulator_ws/install/om_gravity_compensation_controller/share/om_gravity_compensation_controller/package.dsv
-- Up-to-date symlink: /home/youn/ROS/open_manipulator_ws/install/om_gravity_compensation_controller/share/ament_index/resource_index/packages/om_gravity_compensation_controller
-- Up-to-date symlink: /home/youn/ROS/open_manipulator_ws/install/om_gravity_compensation_controller/share/ament_index/resource_index/controller_interface__pluginlib__plugin/om_gravity_compensation_controller
-- Up-to-date symlink: /home/youn/ROS/open_manipulator_ws/install/om_gravity_compensation_controller/share/om_gravity_compensation_controller/cmake/ament_cmake_export_dependencies-extras.cmake
-- Up-to-date symlink: /home/youn/ROS/open_manipulator_ws/install/om_gravity_compensation_controller/share/om_gravity_compensation_controller/cmake/ament_cmake_export_targets-extras.cmake
-- Up-to-date symlink: /home/youn/ROS/open_manipulator_ws/install/om_gravity_compensation_controller/share/om_gravity_compensation_controller/cmake/om_gravity_compensation_controllerConfig.cmake
-- Up-to-date symlink: /home/youn/ROS/open_manipulator_ws/install/om_gravity_compensation_controller/share/om_gravity_compensation_controller/cmake/om_gravity_compensation_controllerConfig-version.cmake
-- Up-to-date symlink: /home/youn/ROS/open_manipulator_ws/install/om_gravity_compensation_controller/share/om_gravity_compensation_controller/package.xml
-- Up-to-date: /home/youn/ROS/open_manipulator_ws/install/om_gravity_compensation_controller/lib/libgravity_compensation_controller.so
-- Up-to-date: /home/youn/ROS/open_manipulator_ws/install/om_gravity_compensation_controller/share/om_gravity_compensation_controller/cmake/export_gravity_compensation_controllerExport.cmake
-- Up-to-date: /home/youn/ROS/open_manipulator_ws/install/om_gravity_compensation_controller/share/om_gravity_compensation_controller/cmake/export_gravity_compensation_controllerExport-release.cmake
