[0.038s] Invoking command in '/home/youn/ROS/open_manipulator_ws/build/robotis_interfaces': CMAKE_PREFIX_PATH=${CMAKE_PREFIX_PATH}:/home/youn/ROS/ros_workspace/install/ros_basic:/home/youn/ROS/ros_workspace/install/tf2_basic:/opt/ros/jazzy /usr/bin/cmake --build /home/youn/ROS/open_manipulator_ws/build/robotis_interfaces -- -j14 -l14
[0.484s] [  1%] Built target robotis_interfaces__rosidl_generator_type_description
[0.487s] [  3%] Built target robotis_interfaces__rs
[0.487s] [  3%] Built target ament_cmake_python_symlink_robotis_interfaces
[0.487s] [  4%] Built target robotis_interfaces__cpp
[0.487s] [ 26%] Built target robotis_interfaces__rosidl_generator_c
[0.487s] [ 35%] Built target robotis_interfaces__rosidl_typesupport_introspection_c
[0.487s] [ 53%] Built target robotis_interfaces__rosidl_typesupport_fastrtps_cpp
[0.487s] [ 53%] Built target robotis_interfaces__rosidl_typesupport_c
[0.487s] [ 63%] Built target robotis_interfaces__rosidl_typesupport_introspection_cpp
[0.487s] [ 72%] Built target robotis_interfaces__rosidl_typesupport_fastrtps_c
[0.504s] [ 81%] Built target robotis_interfaces__rosidl_typesupport_cpp
[0.542s] [ 81%] Built target robotis_interfaces
[0.617s] [ 83%] Built target robotis_interfaces__py
[0.816s] [ 90%] Built target robotis_interfaces__rosidl_generator_py
[0.897s] [ 93%] Built target robotis_interfaces_s__rosidl_typesupport_c
[0.920s] [ 96%] Built target robotis_interfaces_s__rosidl_typesupport_introspection_c
[0.926s] [100%] Built target robotis_interfaces_s__rosidl_typesupport_fastrtps_c
[0.959s] running egg_info
[0.994s] writing robotis_interfaces.egg-info/PKG-INFO
[0.994s] writing dependency_links to robotis_interfaces.egg-info/dependency_links.txt
[0.994s] writing top-level names to robotis_interfaces.egg-info/top_level.txt
[1.115s] reading manifest file 'robotis_interfaces.egg-info/SOURCES.txt'
[1.115s] writing manifest file 'robotis_interfaces.egg-info/SOURCES.txt'
[1.290s] [100%] Built target ament_cmake_python_build_robotis_interfaces_egg
[1.332s] Invoked command in '/home/youn/ROS/open_manipulator_ws/build/robotis_interfaces' returned '0': CMAKE_PREFIX_PATH=${CMAKE_PREFIX_PATH}:/home/youn/ROS/ros_workspace/install/ros_basic:/home/youn/ROS/ros_workspace/install/tf2_basic:/opt/ros/jazzy /usr/bin/cmake --build /home/youn/ROS/open_manipulator_ws/build/robotis_interfaces -- -j14 -l14
[1.352s] Invoking command in '/home/youn/ROS/open_manipulator_ws/build/robotis_interfaces': CMAKE_PREFIX_PATH=${CMAKE_PREFIX_PATH}:/home/youn/ROS/ros_workspace/install/ros_basic:/home/youn/ROS/ros_workspace/install/tf2_basic:/opt/ros/jazzy /usr/bin/cmake --install /home/youn/ROS/open_manipulator_ws/build/robotis_interfaces
[1.445s] -- Install configuration: "Release"
[1.445s] -- Execute custom install script
[1.445s] -- Up-to-date symlink: /home/youn/ROS/open_manipulator_ws/install/robotis_interfaces/share/ament_index/resource_index/rosidl_interfaces/robotis_interfaces
[1.445s] -- Up-to-date symlink: /home/youn/ROS/open_manipulator_ws/install/robotis_interfaces/share/robotis_interfaces/msg/HandJoints.json
[1.445s] -- Up-to-date symlink: /home/youn/ROS/open_manipulator_ws/install/robotis_interfaces/share/robotis_interfaces/msg/HandPressures.json
[1.445s] -- Up-to-date symlink: /home/youn/ROS/open_manipulator_ws/install/robotis_interfaces/share/robotis_interfaces/msg/MoveL.json
[1.445s] -- Up-to-date symlink: /home/youn/ROS/open_manipulator_ws/install/robotis_interfaces/share/robotis_interfaces/msg/TactileSensor.json
[1.445s] -- Up-to-date symlink: /home/youn/ROS/open_manipulator_ws/install/robotis_interfaces/include/robotis_interfaces/robotis_interfaces/msg/detail/hand_joints__functions.h
[1.445s] -- Up-to-date symlink: /home/youn/ROS/open_manipulator_ws/install/robotis_interfaces/include/robotis_interfaces/robotis_interfaces/msg/detail/hand_joints__struct.h
[1.445s] -- Up-to-date symlink: /home/youn/ROS/open_manipulator_ws/install/robotis_interfaces/include/robotis_interfaces/robotis_interfaces/msg/detail/hand_joints__type_support.h
[1.445s] -- Up-to-date symlink: /home/youn/ROS/open_manipulator_ws/install/robotis_interfaces/include/robotis_interfaces/robotis_interfaces/msg/detail/hand_pressures__functions.h
[1.445s] -- Up-to-date symlink: /home/youn/ROS/open_manipulator_ws/install/robotis_interfaces/include/robotis_interfaces/robotis_interfaces/msg/detail/hand_pressures__struct.h
[1.445s] -- Up-to-date symlink: /home/youn/ROS/open_manipulator_ws/install/robotis_interfaces/include/robotis_interfaces/robotis_interfaces/msg/detail/hand_pressures__type_support.h
[1.445s] -- Up-to-date symlink: /home/youn/ROS/open_manipulator_ws/install/robotis_interfaces/include/robotis_interfaces/robotis_interfaces/msg/detail/move_l__functions.h
[1.445s] -- Up-to-date symlink: /home/youn/ROS/open_manipulator_ws/install/robotis_interfaces/include/robotis_interfaces/robotis_interfaces/msg/detail/move_l__struct.h
[1.446s] -- Up-to-date symlink: /home/youn/ROS/open_manipulator_ws/install/robotis_interfaces/include/robotis_interfaces/robotis_interfaces/msg/detail/move_l__type_support.h
[1.446s] -- Up-to-date symlink: /home/youn/ROS/open_manipulator_ws/install/robotis_interfaces/include/robotis_interfaces/robotis_interfaces/msg/detail/tactile_sensor__functions.h
[1.446s] -- Up-to-date symlink: /home/youn/ROS/open_manipulator_ws/install/robotis_interfaces/include/robotis_interfaces/robotis_interfaces/msg/detail/tactile_sensor__struct.h
[1.446s] -- Up-to-date symlink: /home/youn/ROS/open_manipulator_ws/install/robotis_interfaces/include/robotis_interfaces/robotis_interfaces/msg/detail/tactile_sensor__type_support.h
[1.446s] -- Up-to-date symlink: /home/youn/ROS/open_manipulator_ws/install/robotis_interfaces/include/robotis_interfaces/robotis_interfaces/msg/hand_joints.h
[1.446s] -- Up-to-date symlink: /home/youn/ROS/open_manipulator_ws/install/robotis_interfaces/include/robotis_interfaces/robotis_interfaces/msg/hand_pressures.h
[1.446s] -- Up-to-date symlink: /home/youn/ROS/open_manipulator_ws/install/robotis_interfaces/include/robotis_interfaces/robotis_interfaces/msg/move_l.h
[1.446s] -- Up-to-date symlink: /home/youn/ROS/open_manipulator_ws/install/robotis_interfaces/include/robotis_interfaces/robotis_interfaces/msg/rosidl_generator_c__visibility_control.h
[1.446s] -- Up-to-date symlink: /home/youn/ROS/open_manipulator_ws/install/robotis_interfaces/include/robotis_interfaces/robotis_interfaces/msg/tactile_sensor.h
[1.446s] -- Up-to-date symlink: /home/youn/ROS/open_manipulator_ws/install/robotis_interfaces/share/robotis_interfaces/environment/library_path.sh
[1.446s] -- Up-to-date symlink: /home/youn/ROS/open_manipulator_ws/install/robotis_interfaces/share/robotis_interfaces/environment/library_path.dsv
[1.446s] -- Up-to-date symlink: /home/youn/ROS/open_manipulator_ws/install/robotis_interfaces/include/robotis_interfaces/robotis_interfaces/msg/detail/hand_joints__rosidl_typesupport_fastrtps_c.h
[1.446s] -- Up-to-date symlink: /home/youn/ROS/open_manipulator_ws/install/robotis_interfaces/include/robotis_interfaces/robotis_interfaces/msg/detail/hand_pressures__rosidl_typesupport_fastrtps_c.h
[1.446s] -- Up-to-date symlink: /home/youn/ROS/open_manipulator_ws/install/robotis_interfaces/include/robotis_interfaces/robotis_interfaces/msg/detail/move_l__rosidl_typesupport_fastrtps_c.h
[1.446s] -- Up-to-date symlink: /home/youn/ROS/open_manipulator_ws/install/robotis_interfaces/include/robotis_interfaces/robotis_interfaces/msg/detail/tactile_sensor__rosidl_typesupport_fastrtps_c.h
[1.447s] -- Up-to-date symlink: /home/youn/ROS/open_manipulator_ws/install/robotis_interfaces/include/robotis_interfaces/robotis_interfaces/msg/rosidl_typesupport_fastrtps_c__visibility_control.h
[1.447s] -- Up-to-date symlink: /home/youn/ROS/open_manipulator_ws/install/robotis_interfaces/include/robotis_interfaces/robotis_interfaces/msg/detail/hand_joints__builder.hpp
[1.447s] -- Up-to-date symlink: /home/youn/ROS/open_manipulator_ws/install/robotis_interfaces/include/robotis_interfaces/robotis_interfaces/msg/detail/hand_joints__struct.hpp
[1.447s] -- Up-to-date symlink: /home/youn/ROS/open_manipulator_ws/install/robotis_interfaces/include/robotis_interfaces/robotis_interfaces/msg/detail/hand_joints__traits.hpp
[1.447s] -- Up-to-date symlink: /home/youn/ROS/open_manipulator_ws/install/robotis_interfaces/include/robotis_interfaces/robotis_interfaces/msg/detail/hand_joints__type_support.hpp
[1.447s] -- Up-to-date symlink: /home/youn/ROS/open_manipulator_ws/install/robotis_interfaces/include/robotis_interfaces/robotis_interfaces/msg/detail/hand_pressures__builder.hpp
[1.447s] -- Up-to-date symlink: /home/youn/ROS/open_manipulator_ws/install/robotis_interfaces/include/robotis_interfaces/robotis_interfaces/msg/detail/hand_pressures__struct.hpp
[1.447s] -- Up-to-date symlink: /home/youn/ROS/open_manipulator_ws/install/robotis_interfaces/include/robotis_interfaces/robotis_interfaces/msg/detail/hand_pressures__traits.hpp
[1.447s] -- Up-to-date symlink: /home/youn/ROS/open_manipulator_ws/install/robotis_interfaces/include/robotis_interfaces/robotis_interfaces/msg/detail/hand_pressures__type_support.hpp
[1.447s] -- Up-to-date symlink: /home/youn/ROS/open_manipulator_ws/install/robotis_interfaces/include/robotis_interfaces/robotis_interfaces/msg/detail/move_l__builder.hpp
[1.447s] -- Up-to-date symlink: /home/youn/ROS/open_manipulator_ws/install/robotis_interfaces/include/robotis_interfaces/robotis_interfaces/msg/detail/move_l__struct.hpp
[1.447s] -- Up-to-date symlink: /home/youn/ROS/open_manipulator_ws/install/robotis_interfaces/include/robotis_interfaces/robotis_interfaces/msg/detail/move_l__traits.hpp
[1.447s] -- Up-to-date symlink: /home/youn/ROS/open_manipulator_ws/install/robotis_interfaces/include/robotis_interfaces/robotis_interfaces/msg/detail/move_l__type_support.hpp
[1.448s] -- Up-to-date symlink: /home/youn/ROS/open_manipulator_ws/install/robotis_interfaces/include/robotis_interfaces/robotis_interfaces/msg/detail/tactile_sensor__builder.hpp
[1.448s] -- Up-to-date symlink: /home/youn/ROS/open_manipulator_ws/install/robotis_interfaces/include/robotis_interfaces/robotis_interfaces/msg/detail/tactile_sensor__struct.hpp
[1.448s] -- Up-to-date symlink: /home/youn/ROS/open_manipulator_ws/install/robotis_interfaces/include/robotis_interfaces/robotis_interfaces/msg/detail/tactile_sensor__traits.hpp
[1.448s] -- Up-to-date symlink: /home/youn/ROS/open_manipulator_ws/install/robotis_interfaces/include/robotis_interfaces/robotis_interfaces/msg/detail/tactile_sensor__type_support.hpp
[1.448s] -- Up-to-date symlink: /home/youn/ROS/open_manipulator_ws/install/robotis_interfaces/include/robotis_interfaces/robotis_interfaces/msg/hand_joints.hpp
[1.448s] -- Up-to-date symlink: /home/youn/ROS/open_manipulator_ws/install/robotis_interfaces/include/robotis_interfaces/robotis_interfaces/msg/hand_pressures.hpp
[1.448s] -- Up-to-date symlink: /home/youn/ROS/open_manipulator_ws/install/robotis_interfaces/include/robotis_interfaces/robotis_interfaces/msg/move_l.hpp
[1.448s] -- Up-to-date symlink: /home/youn/ROS/open_manipulator_ws/install/robotis_interfaces/include/robotis_interfaces/robotis_interfaces/msg/rosidl_generator_cpp__visibility_control.hpp
[1.448s] -- Up-to-date symlink: /home/youn/ROS/open_manipulator_ws/install/robotis_interfaces/include/robotis_interfaces/robotis_interfaces/msg/tactile_sensor.hpp
[1.448s] -- Up-to-date symlink: /home/youn/ROS/open_manipulator_ws/install/robotis_interfaces/include/robotis_interfaces/robotis_interfaces/msg/detail/hand_joints__rosidl_typesupport_fastrtps_cpp.hpp
[1.448s] -- Up-to-date symlink: /home/youn/ROS/open_manipulator_ws/install/robotis_interfaces/include/robotis_interfaces/robotis_interfaces/msg/detail/hand_pressures__rosidl_typesupport_fastrtps_cpp.hpp
[1.455s] -- Up-to-date symlink: /home/youn/ROS/open_manipulator_ws/install/robotis_interfaces/include/robotis_interfaces/robotis_interfaces/msg/detail/move_l__rosidl_typesupport_fastrtps_cpp.hpp
[1.455s] -- Up-to-date symlink: /home/youn/ROS/open_manipulator_ws/install/robotis_interfaces/include/robotis_interfaces/robotis_interfaces/msg/detail/tactile_sensor__rosidl_typesupport_fastrtps_cpp.hpp
[1.455s] -- Up-to-date symlink: /home/youn/ROS/open_manipulator_ws/install/robotis_interfaces/include/robotis_interfaces/robotis_interfaces/msg/rosidl_typesupport_fastrtps_cpp__visibility_control.h
[1.456s] -- Up-to-date symlink: /home/youn/ROS/open_manipulator_ws/install/robotis_interfaces/include/robotis_interfaces/robotis_interfaces/msg/detail/hand_joints__rosidl_typesupport_introspection_c.h
[1.463s] -- Up-to-date symlink: /home/youn/ROS/open_manipulator_ws/install/robotis_interfaces/include/robotis_interfaces/robotis_interfaces/msg/detail/hand_pressures__rosidl_typesupport_introspection_c.h
[1.464s] -- Up-to-date symlink: /home/youn/ROS/open_manipulator_ws/install/robotis_interfaces/include/robotis_interfaces/robotis_interfaces/msg/detail/move_l__rosidl_typesupport_introspection_c.h
[1.465s] -- Up-to-date symlink: /home/youn/ROS/open_manipulator_ws/install/robotis_interfaces/include/robotis_interfaces/robotis_interfaces/msg/detail/tactile_sensor__rosidl_typesupport_introspection_c.h
[1.465s] -- Up-to-date symlink: /home/youn/ROS/open_manipulator_ws/install/robotis_interfaces/include/robotis_interfaces/robotis_interfaces/msg/rosidl_typesupport_introspection_c__visibility_control.h
[1.465s] -- Up-to-date symlink: /home/youn/ROS/open_manipulator_ws/install/robotis_interfaces/include/robotis_interfaces/robotis_interfaces/msg/detail/hand_joints__rosidl_typesupport_introspection_cpp.hpp
[1.465s] -- Up-to-date symlink: /home/youn/ROS/open_manipulator_ws/install/robotis_interfaces/include/robotis_interfaces/robotis_interfaces/msg/detail/hand_pressures__rosidl_typesupport_introspection_cpp.hpp
[1.472s] -- Up-to-date symlink: /home/youn/ROS/open_manipulator_ws/install/robotis_interfaces/include/robotis_interfaces/robotis_interfaces/msg/detail/move_l__rosidl_typesupport_introspection_cpp.hpp
[1.482s] -- Up-to-date symlink: /home/youn/ROS/open_manipulator_ws/install/robotis_interfaces/include/robotis_interfaces/robotis_interfaces/msg/detail/tactile_sensor__rosidl_typesupport_introspection_cpp.hpp
[1.482s] -- Up-to-date symlink: /home/youn/ROS/open_manipulator_ws/install/robotis_interfaces/share/robotis_interfaces/environment/pythonpath.sh
[1.482s] -- Up-to-date symlink: /home/youn/ROS/open_manipulator_ws/install/robotis_interfaces/share/robotis_interfaces/environment/pythonpath.dsv
[1.483s] -- Up-to-date symlink: /home/youn/ROS/open_manipulator_ws/install/robotis_interfaces/lib/python3.12/site-packages/robotis_interfaces-1.1.0-py3.12.egg-info/PKG-INFO
[1.483s] -- Up-to-date symlink: /home/youn/ROS/open_manipulator_ws/install/robotis_interfaces/lib/python3.12/site-packages/robotis_interfaces-1.1.0-py3.12.egg-info/SOURCES.txt
[1.490s] -- Up-to-date symlink: /home/youn/ROS/open_manipulator_ws/install/robotis_interfaces/lib/python3.12/site-packages/robotis_interfaces-1.1.0-py3.12.egg-info/dependency_links.txt
[1.508s] -- Up-to-date symlink: /home/youn/ROS/open_manipulator_ws/install/robotis_interfaces/lib/python3.12/site-packages/robotis_interfaces-1.1.0-py3.12.egg-info/top_level.txt
[1.508s] -- Up-to-date symlink: /home/youn/ROS/open_manipulator_ws/install/robotis_interfaces/lib/python3.12/site-packages/robotis_interfaces/__init__.py
[1.509s] -- Up-to-date symlink: /home/youn/ROS/open_manipulator_ws/install/robotis_interfaces/lib/python3.12/site-packages/robotis_interfaces/_robotis_interfaces_s.ep.rosidl_typesupport_c.c
[1.510s] -- Up-to-date symlink: /home/youn/ROS/open_manipulator_ws/install/robotis_interfaces/lib/python3.12/site-packages/robotis_interfaces/_robotis_interfaces_s.ep.rosidl_typesupport_fastrtps_c.c
[1.514s] -- Up-to-date symlink: /home/youn/ROS/open_manipulator_ws/install/robotis_interfaces/lib/python3.12/site-packages/robotis_interfaces/_robotis_interfaces_s.ep.rosidl_typesupport_introspection_c.c
[1.515s] -- Up-to-date symlink: /home/youn/ROS/open_manipulator_ws/install/robotis_interfaces/lib/python3.12/site-packages/robotis_interfaces/msg/__init__.py
[1.515s] -- Up-to-date symlink: /home/youn/ROS/open_manipulator_ws/install/robotis_interfaces/lib/python3.12/site-packages/robotis_interfaces/msg/_hand_joints.py
[1.515s] -- Up-to-date symlink: /home/youn/ROS/open_manipulator_ws/install/robotis_interfaces/lib/python3.12/site-packages/robotis_interfaces/msg/_hand_joints_s.c
[1.515s] -- Up-to-date symlink: /home/youn/ROS/open_manipulator_ws/install/robotis_interfaces/lib/python3.12/site-packages/robotis_interfaces/msg/_hand_pressures.py
[1.515s] -- Up-to-date symlink: /home/youn/ROS/open_manipulator_ws/install/robotis_interfaces/lib/python3.12/site-packages/robotis_interfaces/msg/_hand_pressures_s.c
[1.515s] -- Up-to-date symlink: /home/youn/ROS/open_manipulator_ws/install/robotis_interfaces/lib/python3.12/site-packages/robotis_interfaces/msg/_move_l.py
[1.516s] -- Up-to-date symlink: /home/youn/ROS/open_manipulator_ws/install/robotis_interfaces/lib/python3.12/site-packages/robotis_interfaces/msg/_move_l_s.c
[1.517s] -- Up-to-date symlink: /home/youn/ROS/open_manipulator_ws/install/robotis_interfaces/lib/python3.12/site-packages/robotis_interfaces/msg/_tactile_sensor.py
[1.517s] -- Up-to-date symlink: /home/youn/ROS/open_manipulator_ws/install/robotis_interfaces/lib/python3.12/site-packages/robotis_interfaces/msg/_tactile_sensor_s.c
[1.517s] -- Up-to-date symlink: /home/youn/ROS/open_manipulator_ws/install/robotis_interfaces/lib/python3.12/site-packages/robotis_interfaces/robotis_interfaces_s__rosidl_typesupport_c.so
[1.517s] -- Up-to-date symlink: /home/youn/ROS/open_manipulator_ws/install/robotis_interfaces/lib/python3.12/site-packages/robotis_interfaces/robotis_interfaces_s__rosidl_typesupport_fastrtps_c.so
[1.517s] -- Up-to-date symlink: /home/youn/ROS/open_manipulator_ws/install/robotis_interfaces/lib/python3.12/site-packages/robotis_interfaces/robotis_interfaces_s__rosidl_typesupport_introspection_c.so
[1.518s] -- Up-to-date symlink: /home/youn/ROS/open_manipulator_ws/install/robotis_interfaces/lib/python3.12/site-packages/robotis_interfaces/robotis_interfaces_s__rosidl_typesupport_fastrtps_c.so
[1.518s] -- Up-to-date symlink: /home/youn/ROS/open_manipulator_ws/install/robotis_interfaces/lib/python3.12/site-packages/robotis_interfaces/robotis_interfaces_s__rosidl_typesupport_introspection_c.so
[1.518s] -- Up-to-date symlink: /home/youn/ROS/open_manipulator_ws/install/robotis_interfaces/lib/python3.12/site-packages/robotis_interfaces/robotis_interfaces_s__rosidl_typesupport_c.so
[1.519s] -- Up-to-date symlink: /home/youn/ROS/open_manipulator_ws/install/robotis_interfaces/share/ament_index/resource_index/rust_packages/robotis_interfaces
[1.519s] -- Up-to-date symlink: /home/youn/ROS/open_manipulator_ws/install/robotis_interfaces/share/robotis_interfaces/rust/Cargo.toml
[1.519s] -- Up-to-date symlink: /home/youn/ROS/open_manipulator_ws/install/robotis_interfaces/share/robotis_interfaces/rust/build.rs
[1.542s] -- Up-to-date symlink: /home/youn/ROS/open_manipulator_ws/install/robotis_interfaces/share/robotis_interfaces/rust/src/lib.rs
[1.542s] -- Up-to-date symlink: /home/youn/ROS/open_manipulator_ws/install/robotis_interfaces/share/robotis_interfaces/rust/src/msg.rs
[1.543s] -- Up-to-date symlink: /home/youn/ROS/open_manipulator_ws/install/robotis_interfaces/share/robotis_interfaces/rust/src/msg/rmw.rs
[1.543s] -- Up-to-date symlink: /home/youn/ROS/open_manipulator_ws/install/robotis_interfaces/share/robotis_interfaces/msg/HandJoints.idl
[1.550s] -- Up-to-date symlink: /home/youn/ROS/open_manipulator_ws/install/robotis_interfaces/share/robotis_interfaces/msg/HandPressures.idl
[1.550s] -- Up-to-date symlink: /home/youn/ROS/open_manipulator_ws/install/robotis_interfaces/share/robotis_interfaces/msg/MoveL.idl
[1.550s] -- Up-to-date symlink: /home/youn/ROS/open_manipulator_ws/install/robotis_interfaces/share/robotis_interfaces/msg/TactileSensor.idl
[1.550s] -- Up-to-date symlink: /home/youn/ROS/open_manipulator_ws/install/robotis_interfaces/share/robotis_interfaces/msg/HandJoints.msg
[1.550s] -- Up-to-date symlink: /home/youn/ROS/open_manipulator_ws/install/robotis_interfaces/share/robotis_interfaces/msg/HandPressures.msg
[1.550s] -- Up-to-date symlink: /home/youn/ROS/open_manipulator_ws/install/robotis_interfaces/share/robotis_interfaces/msg/MoveL.msg
[1.551s] -- Up-to-date symlink: /home/youn/ROS/open_manipulator_ws/install/robotis_interfaces/share/robotis_interfaces/msg/TactileSensor.msg
[1.551s] -- Up-to-date symlink: /home/youn/ROS/open_manipulator_ws/install/robotis_interfaces/share/ament_index/resource_index/package_run_dependencies/robotis_interfaces
[1.551s] -- Up-to-date symlink: /home/youn/ROS/open_manipulator_ws/install/robotis_interfaces/share/ament_index/resource_index/parent_prefix_path/robotis_interfaces
[1.551s] -- Up-to-date symlink: /home/youn/ROS/open_manipulator_ws/install/robotis_interfaces/share/robotis_interfaces/environment/ament_prefix_path.sh
[1.563s] -- Up-to-date symlink: /home/youn/ROS/open_manipulator_ws/install/robotis_interfaces/share/robotis_interfaces/environment/ament_prefix_path.dsv
[1.563s] -- Up-to-date symlink: /home/youn/ROS/open_manipulator_ws/install/robotis_interfaces/share/robotis_interfaces/environment/path.sh
[1.563s] -- Up-to-date symlink: /home/youn/ROS/open_manipulator_ws/install/robotis_interfaces/share/robotis_interfaces/environment/path.dsv
[1.563s] -- Up-to-date symlink: /home/youn/ROS/open_manipulator_ws/install/robotis_interfaces/share/robotis_interfaces/local_setup.bash
[1.563s] -- Up-to-date symlink: /home/youn/ROS/open_manipulator_ws/install/robotis_interfaces/share/robotis_interfaces/local_setup.sh
[1.563s] -- Up-to-date symlink: /home/youn/ROS/open_manipulator_ws/install/robotis_interfaces/share/robotis_interfaces/local_setup.zsh
[1.563s] -- Up-to-date symlink: /home/youn/ROS/open_manipulator_ws/install/robotis_interfaces/share/robotis_interfaces/local_setup.dsv
[1.564s] -- Symlinking: /home/youn/ROS/open_manipulator_ws/install/robotis_interfaces/share/robotis_interfaces/package.dsv
[1.583s] -- Up-to-date symlink: /home/youn/ROS/open_manipulator_ws/install/robotis_interfaces/share/ament_index/resource_index/packages/robotis_interfaces
[1.583s] -- Up-to-date symlink: /home/youn/ROS/open_manipulator_ws/install/robotis_interfaces/share/robotis_interfaces/cmake/rosidl_cmake-extras.cmake
[1.583s] -- Up-to-date symlink: /home/youn/ROS/open_manipulator_ws/install/robotis_interfaces/share/robotis_interfaces/cmake/ament_cmake_export_dependencies-extras.cmake
[1.583s] -- Up-to-date symlink: /home/youn/ROS/open_manipulator_ws/install/robotis_interfaces/share/robotis_interfaces/cmake/ament_cmake_export_include_directories-extras.cmake
[1.583s] -- Up-to-date symlink: /home/youn/ROS/open_manipulator_ws/install/robotis_interfaces/share/robotis_interfaces/cmake/ament_cmake_export_libraries-extras.cmake
[1.583s] -- Up-to-date symlink: /home/youn/ROS/open_manipulator_ws/install/robotis_interfaces/share/robotis_interfaces/cmake/ament_cmake_export_targets-extras.cmake
[1.628s] -- Up-to-date symlink: /home/youn/ROS/open_manipulator_ws/install/robotis_interfaces/share/robotis_interfaces/cmake/rosidl_cmake_export_typesupport_targets-extras.cmake
[1.628s] -- Up-to-date symlink: /home/youn/ROS/open_manipulator_ws/install/robotis_interfaces/share/robotis_interfaces/cmake/rosidl_cmake_export_typesupport_libraries-extras.cmake
[1.628s] -- Up-to-date symlink: /home/youn/ROS/open_manipulator_ws/install/robotis_interfaces/share/robotis_interfaces/cmake/rosidl_cmake_aggregate_target-extras.cmake
[1.628s] -- Up-to-date symlink: /home/youn/ROS/open_manipulator_ws/install/robotis_interfaces/share/robotis_interfaces/cmake/robotis_interfacesConfig.cmake
[1.628s] -- Up-to-date symlink: /home/youn/ROS/open_manipulator_ws/install/robotis_interfaces/share/robotis_interfaces/cmake/robotis_interfacesConfig-version.cmake
[1.628s] -- Up-to-date symlink: /home/youn/ROS/open_manipulator_ws/install/robotis_interfaces/share/robotis_interfaces/package.xml
[1.628s] -- Up-to-date: /home/youn/ROS/open_manipulator_ws/install/robotis_interfaces/lib/librobotis_interfaces__rosidl_generator_c.so
[1.628s] -- Up-to-date: /home/youn/ROS/open_manipulator_ws/install/robotis_interfaces/lib/librobotis_interfaces__rosidl_typesupport_fastrtps_c.so
[1.628s] -- Up-to-date: /home/youn/ROS/open_manipulator_ws/install/robotis_interfaces/lib/librobotis_interfaces__rosidl_typesupport_fastrtps_cpp.so
[1.633s] -- Up-to-date: /home/youn/ROS/open_manipulator_ws/install/robotis_interfaces/lib/librobotis_interfaces__rosidl_typesupport_introspection_c.so
[1.633s] -- Up-to-date: /home/youn/ROS/open_manipulator_ws/install/robotis_interfaces/lib/librobotis_interfaces__rosidl_typesupport_c.so
[1.633s] -- Up-to-date: /home/youn/ROS/open_manipulator_ws/install/robotis_interfaces/lib/librobotis_interfaces__rosidl_typesupport_introspection_cpp.so
[1.639s] -- Up-to-date: /home/youn/ROS/open_manipulator_ws/install/robotis_interfaces/lib/librobotis_interfaces__rosidl_typesupport_cpp.so
[1.808s] Listing '/home/youn/ROS/open_manipulator_ws/install/robotis_interfaces/lib/python3.12/site-packages/robotis_interfaces'...
[1.808s] Listing '/home/youn/ROS/open_manipulator_ws/install/robotis_interfaces/lib/python3.12/site-packages/robotis_interfaces/msg'...
[1.857s] -- Up-to-date: /home/youn/ROS/open_manipulator_ws/install/robotis_interfaces/lib/librobotis_interfaces__rosidl_generator_py.so
[1.860s] -- Up-to-date: /home/youn/ROS/open_manipulator_ws/install/robotis_interfaces/share/robotis_interfaces/cmake/export_robotis_interfaces__rosidl_generator_cExport.cmake
[1.860s] -- Up-to-date: /home/youn/ROS/open_manipulator_ws/install/robotis_interfaces/share/robotis_interfaces/cmake/export_robotis_interfaces__rosidl_generator_cExport-release.cmake
[1.861s] -- Up-to-date: /home/youn/ROS/open_manipulator_ws/install/robotis_interfaces/share/robotis_interfaces/cmake/export_robotis_interfaces__rosidl_typesupport_fastrtps_cExport.cmake
[1.861s] -- Up-to-date: /home/youn/ROS/open_manipulator_ws/install/robotis_interfaces/share/robotis_interfaces/cmake/export_robotis_interfaces__rosidl_typesupport_fastrtps_cExport-release.cmake
[1.862s] -- Up-to-date: /home/youn/ROS/open_manipulator_ws/install/robotis_interfaces/share/robotis_interfaces/cmake/export_robotis_interfaces__rosidl_generator_cppExport.cmake
[1.863s] -- Up-to-date: /home/youn/ROS/open_manipulator_ws/install/robotis_interfaces/share/robotis_interfaces/cmake/export_robotis_interfaces__rosidl_typesupport_fastrtps_cppExport.cmake
[1.867s] -- Up-to-date: /home/youn/ROS/open_manipulator_ws/install/robotis_interfaces/share/robotis_interfaces/cmake/export_robotis_interfaces__rosidl_typesupport_fastrtps_cppExport-release.cmake
[1.867s] -- Up-to-date: /home/youn/ROS/open_manipulator_ws/install/robotis_interfaces/share/robotis_interfaces/cmake/robotis_interfaces__rosidl_typesupport_introspection_cExport.cmake
[1.869s] -- Up-to-date: /home/youn/ROS/open_manipulator_ws/install/robotis_interfaces/share/robotis_interfaces/cmake/robotis_interfaces__rosidl_typesupport_introspection_cExport-release.cmake
[1.884s] -- Up-to-date: /home/youn/ROS/open_manipulator_ws/install/robotis_interfaces/share/robotis_interfaces/cmake/robotis_interfaces__rosidl_typesupport_cExport.cmake
[1.884s] -- Up-to-date: /home/youn/ROS/open_manipulator_ws/install/robotis_interfaces/share/robotis_interfaces/cmake/robotis_interfaces__rosidl_typesupport_cExport-release.cmake
[1.884s] -- Up-to-date: /home/youn/ROS/open_manipulator_ws/install/robotis_interfaces/share/robotis_interfaces/cmake/robotis_interfaces__rosidl_typesupport_introspection_cppExport.cmake
[1.884s] -- Up-to-date: /home/youn/ROS/open_manipulator_ws/install/robotis_interfaces/share/robotis_interfaces/cmake/robotis_interfaces__rosidl_typesupport_introspection_cppExport-release.cmake
[1.884s] -- Up-to-date: /home/youn/ROS/open_manipulator_ws/install/robotis_interfaces/share/robotis_interfaces/cmake/robotis_interfaces__rosidl_typesupport_cppExport.cmake
[1.884s] -- Up-to-date: /home/youn/ROS/open_manipulator_ws/install/robotis_interfaces/share/robotis_interfaces/cmake/robotis_interfaces__rosidl_typesupport_cppExport-release.cmake
[1.884s] -- Up-to-date: /home/youn/ROS/open_manipulator_ws/install/robotis_interfaces/share/robotis_interfaces/cmake/export_robotis_interfaces__rosidl_generator_pyExport.cmake
[1.885s] -- Up-to-date: /home/youn/ROS/open_manipulator_ws/install/robotis_interfaces/share/robotis_interfaces/cmake/export_robotis_interfaces__rosidl_generator_pyExport-release.cmake
[2.052s] Invoked command in '/home/youn/ROS/open_manipulator_ws/build/robotis_interfaces' returned '0': CMAKE_PREFIX_PATH=${CMAKE_PREFIX_PATH}:/home/youn/ROS/ros_workspace/install/ros_basic:/home/youn/ROS/ros_workspace/install/tf2_basic:/opt/ros/jazzy /usr/bin/cmake --install /home/youn/ROS/open_manipulator_ws/build/robotis_interfaces
