[0.046s] Invoking command in '/home/youn/ROS/open_manipulator_ws/build/robotis_interfaces': CMAKE_PREFIX_PATH=${CMAKE_PREFIX_PATH}:/home/youn/ROS/ros_workspace/install/ros_basic:/home/youn/ROS/ros_workspace/install/tf2_basic:/opt/ros/jazzy /usr/bin/cmake /home/youn/ROS/open_manipulator_ws/src/robotis_interfaces -DCMAKE_BUILD_TYPE=Release -DAMENT_CMAKE_SYMLINK_INSTALL=1 -DCMAKE_INSTALL_PREFIX=/home/youn/ROS/open_manipulator_ws/install/robotis_interfaces
[0.087s] -- Found ament_cmake: 2.5.6 (/opt/ros/jazzy/share/ament_cmake/cmake)
[0.250s] -- Override CMake install command with custom implementation using symlinks instead of copying resources
[0.292s] -- Found builtin_interfaces: 2.0.4 (/opt/ros/jazzy/share/builtin_interfaces/cmake)
[0.411s] -- Found rosidl_generator_c: 4.6.9 (/opt/ros/jazzy/share/rosidl_generator_c/cmake)
[0.429s] -- Found rosidl_generator_cpp: 4.6.9 (/opt/ros/jazzy/share/rosidl_generator_cpp/cmake)
[0.461s] -- Using all available rosidl_typesupport_c: rosidl_typesupport_fastrtps_c;rosidl_typesupport_introspection_c
[0.491s] -- Using all available rosidl_typesupport_cpp: rosidl_typesupport_fastrtps_cpp;rosidl_typesupport_introspection_cpp
[0.516s] -- Found geometry_msgs: 5.3.8 (/opt/ros/jazzy/share/geometry_msgs/cmake)
[0.572s] -- Found rosidl_default_generators: 1.6.1 (/opt/ros/jazzy/share/rosidl_default_generators/cmake)
[0.583s] -- Found rosidl_adapter: 4.6.9 (/opt/ros/jazzy/share/rosidl_adapter/cmake)
[1.063s] -- Found ament_cmake_ros: 0.12.1 (/opt/ros/jazzy/share/ament_cmake_ros/cmake)
[2.027s] -- Using all available rosidl_typesupport_c: rosidl_typesupport_fastrtps_c;rosidl_typesupport_introspection_c
[2.299s] -- Using all available rosidl_typesupport_cpp: rosidl_typesupport_fastrtps_cpp;rosidl_typesupport_introspection_cpp
[2.299s] -- Found python_cmake_module: 0.11.1 (/opt/ros/jazzy/share/python_cmake_module/cmake)
[2.847s] -- Found Python3: /usr/bin/python3 (found version "3.12.3") found components: Interpreter Development NumPy Development.Module Development.Embed 
[3.005s] -- Found Python3: /usr/bin/python3 (found version "3.12.3") found components: Interpreter 
[3.043s] -- Configuring done (3.0s)
[3.238s] -- Generating done (0.2s)
[3.262s] -- Build files have been written to: /home/youn/ROS/open_manipulator_ws/build/robotis_interfaces
[3.329s] Invoked command in '/home/youn/ROS/open_manipulator_ws/build/robotis_interfaces' returned '0': CMAKE_PREFIX_PATH=${CMAKE_PREFIX_PATH}:/home/youn/ROS/ros_workspace/install/ros_basic:/home/youn/ROS/ros_workspace/install/tf2_basic:/opt/ros/jazzy /usr/bin/cmake /home/youn/ROS/open_manipulator_ws/src/robotis_interfaces -DCMAKE_BUILD_TYPE=Release -DAMENT_CMAKE_SYMLINK_INSTALL=1 -DCMAKE_INSTALL_PREFIX=/home/youn/ROS/open_manipulator_ws/install/robotis_interfaces
[3.330s] Invoking command in '/home/youn/ROS/open_manipulator_ws/build/robotis_interfaces': CMAKE_PREFIX_PATH=${CMAKE_PREFIX_PATH}:/home/youn/ROS/ros_workspace/install/ros_basic:/home/youn/ROS/ros_workspace/install/tf2_basic:/opt/ros/jazzy /usr/bin/cmake --build /home/youn/ROS/open_manipulator_ws/build/robotis_interfaces -- -j14 -l14
[3.508s] [  1%] Built target robotis_interfaces__rosidl_generator_type_description
[3.508s] [  3%] Built target robotis_interfaces__rs
[3.508s] [  3%] Built target ament_cmake_python_symlink_robotis_interfaces
[3.538s] [  4%] [32mBuilding C object CMakeFiles/robotis_interfaces__rosidl_generator_c.dir/rosidl_generator_c/robotis_interfaces/msg/detail/hand_joints__description.c.o[0m
[3.538s] [  6%] Built target robotis_interfaces__cpp
[3.538s] [  7%] [32mBuilding C object CMakeFiles/robotis_interfaces__rosidl_generator_c.dir/rosidl_generator_c/robotis_interfaces/msg/detail/hand_joints__type_support.c.o[0m
[3.538s] [  9%] [32mBuilding C object CMakeFiles/robotis_interfaces__rosidl_generator_c.dir/rosidl_generator_c/robotis_interfaces/msg/detail/hand_joints__functions.c.o[0m
[3.538s] [ 10%] [32mBuilding C object CMakeFiles/robotis_interfaces__rosidl_generator_c.dir/rosidl_generator_c/robotis_interfaces/msg/detail/hand_pressures__type_support.c.o[0m
[3.551s] [ 12%] [32mBuilding C object CMakeFiles/robotis_interfaces__rosidl_generator_c.dir/rosidl_generator_c/robotis_interfaces/msg/detail/hand_pressures__description.c.o[0m
[3.551s] [ 13%] [32mBuilding C object CMakeFiles/robotis_interfaces__rosidl_generator_c.dir/rosidl_generator_c/robotis_interfaces/msg/detail/hand_pressures__functions.c.o[0m
[3.551s] [ 15%] [32mBuilding C object CMakeFiles/robotis_interfaces__rosidl_generator_c.dir/rosidl_generator_c/robotis_interfaces/msg/detail/move_l__functions.c.o[0m
[3.583s] [ 16%] [32mBuilding C object CMakeFiles/robotis_interfaces__rosidl_generator_c.dir/rosidl_generator_c/robotis_interfaces/msg/detail/tactile_sensor__type_support.c.o[0m
[3.583s] [ 18%] [32mBuilding C object CMakeFiles/robotis_interfaces__rosidl_generator_c.dir/rosidl_generator_c/robotis_interfaces/msg/detail/move_l__description.c.o[0m
[3.583s] [ 20%] [32mBuilding C object CMakeFiles/robotis_interfaces__rosidl_generator_c.dir/rosidl_generator_c/robotis_interfaces/msg/detail/tactile_sensor__description.c.o[0m
[3.583s] [ 21%] [32mBuilding C object CMakeFiles/robotis_interfaces__rosidl_generator_c.dir/rosidl_generator_c/robotis_interfaces/msg/detail/move_l__type_support.c.o[0m
[3.588s] [ 23%] [32mBuilding C object CMakeFiles/robotis_interfaces__rosidl_generator_c.dir/rosidl_generator_c/robotis_interfaces/msg/detail/tactile_sensor__functions.c.o[0m
[3.849s] [ 24%] [32m[1mLinking C shared library librobotis_interfaces__rosidl_generator_c.so[0m
[4.094s] [ 26%] Built target robotis_interfaces__rosidl_generator_c
[4.168s] [ 27%] [32mBuilding CXX object CMakeFiles/robotis_interfaces__rosidl_typesupport_c.dir/rosidl_typesupport_c/robotis_interfaces/msg/hand_joints__type_support.cpp.o[0m
[4.170s] [ 29%] [32mBuilding CXX object CMakeFiles/robotis_interfaces__rosidl_typesupport_cpp.dir/rosidl_typesupport_cpp/robotis_interfaces/msg/hand_joints__type_support.cpp.o[0m
[4.174s] [ 30%] [32mBuilding CXX object CMakeFiles/robotis_interfaces__rosidl_typesupport_cpp.dir/rosidl_typesupport_cpp/robotis_interfaces/msg/move_l__type_support.cpp.o[0m
[4.185s] [ 32%] [32mBuilding CXX object CMakeFiles/robotis_interfaces__rosidl_typesupport_c.dir/rosidl_typesupport_c/robotis_interfaces/msg/hand_pressures__type_support.cpp.o[0m
[4.199s] [ 33%] [32mBuilding CXX object CMakeFiles/robotis_interfaces__rosidl_typesupport_cpp.dir/rosidl_typesupport_cpp/robotis_interfaces/msg/hand_pressures__type_support.cpp.o[0m
[4.206s] [ 35%] [32mBuilding CXX object CMakeFiles/robotis_interfaces__rosidl_typesupport_introspection_cpp.dir/rosidl_typesupport_introspection_cpp/robotis_interfaces/msg/detail/hand_joints__type_support.cpp.o[0m
[4.216s] [ 36%] [32mBuilding CXX object CMakeFiles/robotis_interfaces__rosidl_typesupport_cpp.dir/rosidl_typesupport_cpp/robotis_interfaces/msg/tactile_sensor__type_support.cpp.o[0m
[4.216s] [ 38%] [32mBuilding CXX object CMakeFiles/robotis_interfaces__rosidl_typesupport_introspection_cpp.dir/rosidl_typesupport_introspection_cpp/robotis_interfaces/msg/detail/hand_pressures__type_support.cpp.o[0m
[4.236s] [ 41%] [32mBuilding C object CMakeFiles/robotis_interfaces__rosidl_typesupport_introspection_c.dir/rosidl_typesupport_introspection_c/robotis_interfaces/msg/detail/hand_joints__type_support.c.o[0m
[4.236s] [ 41%] [32mBuilding CXX object CMakeFiles/robotis_interfaces__rosidl_typesupport_fastrtps_cpp.dir/rosidl_typesupport_fastrtps_cpp/robotis_interfaces/msg/detail/dds_fastrtps/hand_joints__type_support.cpp.o[0m
[4.238s] [ 43%] [32mBuilding CXX object CMakeFiles/robotis_interfaces__rosidl_typesupport_c.dir/rosidl_typesupport_c/robotis_interfaces/msg/move_l__type_support.cpp.o[0m
[4.238s] [ 44%] [32mBuilding CXX object CMakeFiles/robotis_interfaces__rosidl_typesupport_c.dir/rosidl_typesupport_c/robotis_interfaces/msg/tactile_sensor__type_support.cpp.o[0m
[4.267s] [ 46%] [32mBuilding CXX object CMakeFiles/robotis_interfaces__rosidl_typesupport_fastrtps_c.dir/rosidl_typesupport_fastrtps_c/robotis_interfaces/msg/detail/hand_joints__type_support_c.cpp.o[0m
[4.313s] [ 47%] [32mBuilding CXX object CMakeFiles/robotis_interfaces__rosidl_typesupport_fastrtps_c.dir/rosidl_typesupport_fastrtps_c/robotis_interfaces/msg/detail/hand_pressures__type_support_c.cpp.o[0m
[4.369s] [ 49%] [32mBuilding C object CMakeFiles/robotis_interfaces__rosidl_typesupport_introspection_c.dir/rosidl_typesupport_introspection_c/robotis_interfaces/msg/detail/hand_pressures__type_support.c.o[0m
[4.430s] [ 50%] [32mBuilding CXX object CMakeFiles/robotis_interfaces__rosidl_typesupport_fastrtps_c.dir/rosidl_typesupport_fastrtps_c/robotis_interfaces/msg/detail/move_l__type_support_c.cpp.o[0m
[4.489s] [ 52%] [32mBuilding CXX object CMakeFiles/robotis_interfaces__rosidl_typesupport_fastrtps_c.dir/rosidl_typesupport_fastrtps_c/robotis_interfaces/msg/detail/tactile_sensor__type_support_c.cpp.o[0m
[4.513s] [ 53%] [32m[1mLinking CXX shared library librobotis_interfaces__rosidl_typesupport_c.so[0m
[4.547s] [ 55%] [32mBuilding C object CMakeFiles/robotis_interfaces__rosidl_typesupport_introspection_c.dir/rosidl_typesupport_introspection_c/robotis_interfaces/msg/detail/move_l__type_support.c.o[0m
[4.614s] running egg_info
[4.700s] writing robotis_interfaces.egg-info/PKG-INFO
[4.710s] writing dependency_links to robotis_interfaces.egg-info/dependency_links.txt
[4.711s] writing top-level names to robotis_interfaces.egg-info/top_level.txt
[4.741s] [ 56%] [32mBuilding C object CMakeFiles/robotis_interfaces__rosidl_typesupport_introspection_c.dir/rosidl_typesupport_introspection_c/robotis_interfaces/msg/detail/tactile_sensor__type_support.c.o[0m
[4.787s] [ 58%] Built target robotis_interfaces__rosidl_typesupport_c
[4.851s] [ 60%] [32mBuilding CXX object CMakeFiles/robotis_interfaces__rosidl_typesupport_fastrtps_cpp.dir/rosidl_typesupport_fastrtps_cpp/robotis_interfaces/msg/detail/dds_fastrtps/hand_pressures__type_support.cpp.o[0m
[4.947s] reading manifest file 'robotis_interfaces.egg-info/SOURCES.txt'
[4.951s] writing manifest file 'robotis_interfaces.egg-info/SOURCES.txt'
[4.959s] [ 61%] [32mBuilding CXX object CMakeFiles/robotis_interfaces__rosidl_typesupport_introspection_cpp.dir/rosidl_typesupport_introspection_cpp/robotis_interfaces/msg/detail/move_l__type_support.cpp.o[0m
[5.057s] [ 63%] [32m[1mLinking C shared library librobotis_interfaces__rosidl_typesupport_introspection_c.so[0m
[5.209s] [ 63%] Built target ament_cmake_python_build_robotis_interfaces_egg
[5.222s] [ 64%] [32mBuilding CXX object CMakeFiles/robotis_interfaces__rosidl_typesupport_fastrtps_cpp.dir/rosidl_typesupport_fastrtps_cpp/robotis_interfaces/msg/detail/dds_fastrtps/move_l__type_support.cpp.o[0m
[5.222s] [ 66%] [32mBuilding CXX object CMakeFiles/robotis_interfaces__rosidl_typesupport_introspection_cpp.dir/rosidl_typesupport_introspection_cpp/robotis_interfaces/msg/detail/tactile_sensor__type_support.cpp.o[0m
[5.258s] [ 67%] [32mBuilding CXX object CMakeFiles/robotis_interfaces__rosidl_typesupport_fastrtps_cpp.dir/rosidl_typesupport_fastrtps_cpp/robotis_interfaces/msg/detail/dds_fastrtps/tactile_sensor__type_support.cpp.o[0m
[5.286s] [ 69%] Built target robotis_interfaces__rosidl_typesupport_introspection_c
[5.787s] [ 70%] [32m[1mLinking CXX shared library librobotis_interfaces__rosidl_typesupport_cpp.so[0m
[6.057s] [ 72%] Built target robotis_interfaces__rosidl_typesupport_cpp
[7.331s] [ 73%] [32m[1mLinking CXX shared library librobotis_interfaces__rosidl_typesupport_introspection_cpp.so[0m
[7.515s] [ 75%] [32m[1mLinking CXX shared library librobotis_interfaces__rosidl_typesupport_fastrtps_c.so[0m
[7.785s] [ 76%] Built target robotis_interfaces__rosidl_typesupport_introspection_cpp
[7.883s] [ 78%] Built target robotis_interfaces__rosidl_typesupport_fastrtps_c
[8.397s] [ 80%] [32m[1mLinking CXX shared library librobotis_interfaces__rosidl_typesupport_fastrtps_cpp.so[0m
[8.727s] [ 81%] Built target robotis_interfaces__rosidl_typesupport_fastrtps_cpp
[8.790s] [ 81%] Built target robotis_interfaces
[8.857s] [ 83%] Built target robotis_interfaces__py
[8.941s] [ 84%] [32mBuilding C object CMakeFiles/robotis_interfaces__rosidl_generator_py.dir/rosidl_generator_py/robotis_interfaces/msg/_hand_pressures_s.c.o[0m
[8.946s] [ 86%] [32mBuilding C object CMakeFiles/robotis_interfaces__rosidl_generator_py.dir/rosidl_generator_py/robotis_interfaces/msg/_hand_joints_s.c.o[0m
[8.948s] [ 87%] [32mBuilding C object CMakeFiles/robotis_interfaces__rosidl_generator_py.dir/rosidl_generator_py/robotis_interfaces/msg/_move_l_s.c.o[0m
[8.952s] [ 89%] [32mBuilding C object CMakeFiles/robotis_interfaces__rosidl_generator_py.dir/rosidl_generator_py/robotis_interfaces/msg/_tactile_sensor_s.c.o[0m
[9.560s] [ 90%] [32m[1mLinking C shared library librobotis_interfaces__rosidl_generator_py.so[0m
[9.773s] [ 90%] Built target robotis_interfaces__rosidl_generator_py
[9.842s] [ 92%] [32mBuilding C object CMakeFiles/robotis_interfaces_s__rosidl_typesupport_introspection_c.dir/rosidl_generator_py/robotis_interfaces/_robotis_interfaces_s.ep.rosidl_typesupport_introspection_c.c.o[0m
[9.880s] [ 93%] [32mBuilding C object CMakeFiles/robotis_interfaces_s__rosidl_typesupport_fastrtps_c.dir/rosidl_generator_py/robotis_interfaces/_robotis_interfaces_s.ep.rosidl_typesupport_fastrtps_c.c.o[0m
[9.942s] [ 95%] [32mBuilding C object CMakeFiles/robotis_interfaces_s__rosidl_typesupport_c.dir/rosidl_generator_py/robotis_interfaces/_robotis_interfaces_s.ep.rosidl_typesupport_c.c.o[0m
[10.244s] [ 96%] [32m[1mLinking C shared module rosidl_generator_py/robotis_interfaces/robotis_interfaces_s__rosidl_typesupport_introspection_c.so[0m
[10.410s] [ 98%] [32m[1mLinking C shared module rosidl_generator_py/robotis_interfaces/robotis_interfaces_s__rosidl_typesupport_c.so[0m
[10.494s] [ 98%] Built target robotis_interfaces_s__rosidl_typesupport_introspection_c
[10.645s] [ 98%] Built target robotis_interfaces_s__rosidl_typesupport_c
[10.718s] [100%] [32m[1mLinking C shared module rosidl_generator_py/robotis_interfaces/robotis_interfaces_s__rosidl_typesupport_fastrtps_c.so[0m
[10.879s] [100%] Built target robotis_interfaces_s__rosidl_typesupport_fastrtps_c
[10.914s] Invoked command in '/home/youn/ROS/open_manipulator_ws/build/robotis_interfaces' returned '0': CMAKE_PREFIX_PATH=${CMAKE_PREFIX_PATH}:/home/youn/ROS/ros_workspace/install/ros_basic:/home/youn/ROS/ros_workspace/install/tf2_basic:/opt/ros/jazzy /usr/bin/cmake --build /home/youn/ROS/open_manipulator_ws/build/robotis_interfaces -- -j14 -l14
[10.915s] Invoking command in '/home/youn/ROS/open_manipulator_ws/build/robotis_interfaces': CMAKE_PREFIX_PATH=${CMAKE_PREFIX_PATH}:/home/youn/ROS/ros_workspace/install/ros_basic:/home/youn/ROS/ros_workspace/install/tf2_basic:/opt/ros/jazzy /usr/bin/cmake --install /home/youn/ROS/open_manipulator_ws/build/robotis_interfaces
[10.939s] -- Install configuration: "Release"
[10.939s] -- Execute custom install script
[10.947s] -- Up-to-date symlink: /home/youn/ROS/open_manipulator_ws/install/robotis_interfaces/share/ament_index/resource_index/rosidl_interfaces/robotis_interfaces
[10.953s] -- Up-to-date symlink: /home/youn/ROS/open_manipulator_ws/install/robotis_interfaces/share/robotis_interfaces/msg/HandJoints.json
[10.953s] -- Up-to-date symlink: /home/youn/ROS/open_manipulator_ws/install/robotis_interfaces/share/robotis_interfaces/msg/HandPressures.json
[10.953s] -- Up-to-date symlink: /home/youn/ROS/open_manipulator_ws/install/robotis_interfaces/share/robotis_interfaces/msg/MoveL.json
[10.953s] -- Up-to-date symlink: /home/youn/ROS/open_manipulator_ws/install/robotis_interfaces/share/robotis_interfaces/msg/TactileSensor.json
[10.959s] -- Up-to-date symlink: /home/youn/ROS/open_manipulator_ws/install/robotis_interfaces/include/robotis_interfaces/robotis_interfaces/msg/detail/hand_joints__functions.h
[10.959s] -- Up-to-date symlink: /home/youn/ROS/open_manipulator_ws/install/robotis_interfaces/include/robotis_interfaces/robotis_interfaces/msg/detail/hand_joints__struct.h
[10.964s] -- Up-to-date symlink: /home/youn/ROS/open_manipulator_ws/install/robotis_interfaces/include/robotis_interfaces/robotis_interfaces/msg/detail/hand_joints__type_support.h
[10.969s] -- Up-to-date symlink: /home/youn/ROS/open_manipulator_ws/install/robotis_interfaces/include/robotis_interfaces/robotis_interfaces/msg/detail/hand_pressures__functions.h
[10.970s] -- Up-to-date symlink: /home/youn/ROS/open_manipulator_ws/install/robotis_interfaces/include/robotis_interfaces/robotis_interfaces/msg/detail/hand_pressures__struct.h
[10.971s] -- Up-to-date symlink: /home/youn/ROS/open_manipulator_ws/install/robotis_interfaces/include/robotis_interfaces/robotis_interfaces/msg/detail/hand_pressures__type_support.h
[10.971s] -- Up-to-date symlink: /home/youn/ROS/open_manipulator_ws/install/robotis_interfaces/include/robotis_interfaces/robotis_interfaces/msg/detail/move_l__functions.h
[10.972s] -- Up-to-date symlink: /home/youn/ROS/open_manipulator_ws/install/robotis_interfaces/include/robotis_interfaces/robotis_interfaces/msg/detail/move_l__struct.h
[10.972s] -- Up-to-date symlink: /home/youn/ROS/open_manipulator_ws/install/robotis_interfaces/include/robotis_interfaces/robotis_interfaces/msg/detail/move_l__type_support.h
[10.973s] -- Up-to-date symlink: /home/youn/ROS/open_manipulator_ws/install/robotis_interfaces/include/robotis_interfaces/robotis_interfaces/msg/detail/tactile_sensor__functions.h
[10.973s] -- Up-to-date symlink: /home/youn/ROS/open_manipulator_ws/install/robotis_interfaces/include/robotis_interfaces/robotis_interfaces/msg/detail/tactile_sensor__struct.h
[10.974s] -- Up-to-date symlink: /home/youn/ROS/open_manipulator_ws/install/robotis_interfaces/include/robotis_interfaces/robotis_interfaces/msg/detail/tactile_sensor__type_support.h
[10.975s] -- Up-to-date symlink: /home/youn/ROS/open_manipulator_ws/install/robotis_interfaces/include/robotis_interfaces/robotis_interfaces/msg/hand_joints.h
[10.983s] -- Up-to-date symlink: /home/youn/ROS/open_manipulator_ws/install/robotis_interfaces/include/robotis_interfaces/robotis_interfaces/msg/hand_pressures.h
[10.983s] -- Up-to-date symlink: /home/youn/ROS/open_manipulator_ws/install/robotis_interfaces/include/robotis_interfaces/robotis_interfaces/msg/move_l.h
[10.983s] -- Up-to-date symlink: /home/youn/ROS/open_manipulator_ws/install/robotis_interfaces/include/robotis_interfaces/robotis_interfaces/msg/rosidl_generator_c__visibility_control.h
[10.983s] -- Up-to-date symlink: /home/youn/ROS/open_manipulator_ws/install/robotis_interfaces/include/robotis_interfaces/robotis_interfaces/msg/tactile_sensor.h
[10.983s] -- Up-to-date symlink: /home/youn/ROS/open_manipulator_ws/install/robotis_interfaces/share/robotis_interfaces/environment/library_path.sh
[10.983s] -- Up-to-date symlink: /home/youn/ROS/open_manipulator_ws/install/robotis_interfaces/share/robotis_interfaces/environment/library_path.dsv
[10.983s] -- Up-to-date symlink: /home/youn/ROS/open_manipulator_ws/install/robotis_interfaces/include/robotis_interfaces/robotis_interfaces/msg/detail/hand_joints__rosidl_typesupport_fastrtps_c.h
[10.985s] -- Up-to-date symlink: /home/youn/ROS/open_manipulator_ws/install/robotis_interfaces/include/robotis_interfaces/robotis_interfaces/msg/detail/hand_pressures__rosidl_typesupport_fastrtps_c.h
[10.992s] -- Up-to-date symlink: /home/youn/ROS/open_manipulator_ws/install/robotis_interfaces/include/robotis_interfaces/robotis_interfaces/msg/detail/move_l__rosidl_typesupport_fastrtps_c.h
[10.992s] -- Up-to-date symlink: /home/youn/ROS/open_manipulator_ws/install/robotis_interfaces/include/robotis_interfaces/robotis_interfaces/msg/detail/tactile_sensor__rosidl_typesupport_fastrtps_c.h
[10.992s] -- Up-to-date symlink: /home/youn/ROS/open_manipulator_ws/install/robotis_interfaces/include/robotis_interfaces/robotis_interfaces/msg/rosidl_typesupport_fastrtps_c__visibility_control.h
[10.993s] -- Up-to-date symlink: /home/youn/ROS/open_manipulator_ws/install/robotis_interfaces/include/robotis_interfaces/robotis_interfaces/msg/detail/hand_joints__builder.hpp
[10.994s] -- Up-to-date symlink: /home/youn/ROS/open_manipulator_ws/install/robotis_interfaces/include/robotis_interfaces/robotis_interfaces/msg/detail/hand_joints__struct.hpp
[10.999s] -- Up-to-date symlink: /home/youn/ROS/open_manipulator_ws/install/robotis_interfaces/include/robotis_interfaces/robotis_interfaces/msg/detail/hand_joints__traits.hpp
[10.999s] -- Up-to-date symlink: /home/youn/ROS/open_manipulator_ws/install/robotis_interfaces/include/robotis_interfaces/robotis_interfaces/msg/detail/hand_joints__type_support.hpp
[10.999s] -- Up-to-date symlink: /home/youn/ROS/open_manipulator_ws/install/robotis_interfaces/include/robotis_interfaces/robotis_interfaces/msg/detail/hand_pressures__builder.hpp
[10.999s] -- Up-to-date symlink: /home/youn/ROS/open_manipulator_ws/install/robotis_interfaces/include/robotis_interfaces/robotis_interfaces/msg/detail/hand_pressures__struct.hpp
[10.999s] -- Up-to-date symlink: /home/youn/ROS/open_manipulator_ws/install/robotis_interfaces/include/robotis_interfaces/robotis_interfaces/msg/detail/hand_pressures__traits.hpp
[11.000s] -- Up-to-date symlink: /home/youn/ROS/open_manipulator_ws/install/robotis_interfaces/include/robotis_interfaces/robotis_interfaces/msg/detail/hand_pressures__type_support.hpp
[11.000s] -- Up-to-date symlink: /home/youn/ROS/open_manipulator_ws/install/robotis_interfaces/include/robotis_interfaces/robotis_interfaces/msg/detail/move_l__builder.hpp
[11.000s] -- Up-to-date symlink: /home/youn/ROS/open_manipulator_ws/install/robotis_interfaces/include/robotis_interfaces/robotis_interfaces/msg/detail/move_l__struct.hpp
[11.004s] -- Up-to-date symlink: /home/youn/ROS/open_manipulator_ws/install/robotis_interfaces/include/robotis_interfaces/robotis_interfaces/msg/detail/move_l__traits.hpp
[11.007s] -- Up-to-date symlink: /home/youn/ROS/open_manipulator_ws/install/robotis_interfaces/include/robotis_interfaces/robotis_interfaces/msg/detail/move_l__type_support.hpp
[11.007s] -- Up-to-date symlink: /home/youn/ROS/open_manipulator_ws/install/robotis_interfaces/include/robotis_interfaces/robotis_interfaces/msg/detail/tactile_sensor__builder.hpp
[11.011s] -- Up-to-date symlink: /home/youn/ROS/open_manipulator_ws/install/robotis_interfaces/include/robotis_interfaces/robotis_interfaces/msg/detail/tactile_sensor__struct.hpp
[11.012s] -- Up-to-date symlink: /home/youn/ROS/open_manipulator_ws/install/robotis_interfaces/include/robotis_interfaces/robotis_interfaces/msg/detail/tactile_sensor__traits.hpp
[11.019s] -- Up-to-date symlink: /home/youn/ROS/open_manipulator_ws/install/robotis_interfaces/include/robotis_interfaces/robotis_interfaces/msg/detail/tactile_sensor__type_support.hpp
[11.019s] -- Up-to-date symlink: /home/youn/ROS/open_manipulator_ws/install/robotis_interfaces/include/robotis_interfaces/robotis_interfaces/msg/hand_joints.hpp
[11.019s] -- Up-to-date symlink: /home/youn/ROS/open_manipulator_ws/install/robotis_interfaces/include/robotis_interfaces/robotis_interfaces/msg/hand_pressures.hpp
[11.019s] -- Up-to-date symlink: /home/youn/ROS/open_manipulator_ws/install/robotis_interfaces/include/robotis_interfaces/robotis_interfaces/msg/move_l.hpp
[11.019s] -- Up-to-date symlink: /home/youn/ROS/open_manipulator_ws/install/robotis_interfaces/include/robotis_interfaces/robotis_interfaces/msg/rosidl_generator_cpp__visibility_control.hpp
[11.019s] -- Up-to-date symlink: /home/youn/ROS/open_manipulator_ws/install/robotis_interfaces/include/robotis_interfaces/robotis_interfaces/msg/tactile_sensor.hpp
[11.019s] -- Up-to-date symlink: /home/youn/ROS/open_manipulator_ws/install/robotis_interfaces/include/robotis_interfaces/robotis_interfaces/msg/detail/hand_joints__rosidl_typesupport_fastrtps_cpp.hpp
[11.023s] -- Up-to-date symlink: /home/youn/ROS/open_manipulator_ws/install/robotis_interfaces/include/robotis_interfaces/robotis_interfaces/msg/detail/hand_pressures__rosidl_typesupport_fastrtps_cpp.hpp
[11.039s] -- Up-to-date symlink: /home/youn/ROS/open_manipulator_ws/install/robotis_interfaces/include/robotis_interfaces/robotis_interfaces/msg/detail/move_l__rosidl_typesupport_fastrtps_cpp.hpp
[11.039s] -- Up-to-date symlink: /home/youn/ROS/open_manipulator_ws/install/robotis_interfaces/include/robotis_interfaces/robotis_interfaces/msg/detail/tactile_sensor__rosidl_typesupport_fastrtps_cpp.hpp
[11.039s] -- Up-to-date symlink: /home/youn/ROS/open_manipulator_ws/install/robotis_interfaces/include/robotis_interfaces/robotis_interfaces/msg/rosidl_typesupport_fastrtps_cpp__visibility_control.h
[11.040s] -- Up-to-date symlink: /home/youn/ROS/open_manipulator_ws/install/robotis_interfaces/include/robotis_interfaces/robotis_interfaces/msg/detail/hand_joints__rosidl_typesupport_introspection_c.h
[11.040s] -- Up-to-date symlink: /home/youn/ROS/open_manipulator_ws/install/robotis_interfaces/include/robotis_interfaces/robotis_interfaces/msg/detail/hand_pressures__rosidl_typesupport_introspection_c.h
[11.040s] -- Up-to-date symlink: /home/youn/ROS/open_manipulator_ws/install/robotis_interfaces/include/robotis_interfaces/robotis_interfaces/msg/detail/move_l__rosidl_typesupport_introspection_c.h
[11.040s] -- Up-to-date symlink: /home/youn/ROS/open_manipulator_ws/install/robotis_interfaces/include/robotis_interfaces/robotis_interfaces/msg/detail/tactile_sensor__rosidl_typesupport_introspection_c.h
[11.040s] -- Up-to-date symlink: /home/youn/ROS/open_manipulator_ws/install/robotis_interfaces/include/robotis_interfaces/robotis_interfaces/msg/rosidl_typesupport_introspection_c__visibility_control.h
[11.040s] -- Up-to-date symlink: /home/youn/ROS/open_manipulator_ws/install/robotis_interfaces/include/robotis_interfaces/robotis_interfaces/msg/detail/hand_joints__rosidl_typesupport_introspection_cpp.hpp
[11.040s] -- Up-to-date symlink: /home/youn/ROS/open_manipulator_ws/install/robotis_interfaces/include/robotis_interfaces/robotis_interfaces/msg/detail/hand_pressures__rosidl_typesupport_introspection_cpp.hpp
[11.040s] -- Up-to-date symlink: /home/youn/ROS/open_manipulator_ws/install/robotis_interfaces/include/robotis_interfaces/robotis_interfaces/msg/detail/move_l__rosidl_typesupport_introspection_cpp.hpp
[11.049s] -- Up-to-date symlink: /home/youn/ROS/open_manipulator_ws/install/robotis_interfaces/include/robotis_interfaces/robotis_interfaces/msg/detail/tactile_sensor__rosidl_typesupport_introspection_cpp.hpp
[11.060s] -- Up-to-date symlink: /home/youn/ROS/open_manipulator_ws/install/robotis_interfaces/share/robotis_interfaces/environment/pythonpath.sh
[11.061s] -- Up-to-date symlink: /home/youn/ROS/open_manipulator_ws/install/robotis_interfaces/share/robotis_interfaces/environment/pythonpath.dsv
[11.061s] -- Up-to-date symlink: /home/youn/ROS/open_manipulator_ws/install/robotis_interfaces/lib/python3.12/site-packages/robotis_interfaces-1.1.0-py3.12.egg-info/PKG-INFO
[11.061s] -- Up-to-date symlink: /home/youn/ROS/open_manipulator_ws/install/robotis_interfaces/lib/python3.12/site-packages/robotis_interfaces-1.1.0-py3.12.egg-info/SOURCES.txt
[11.061s] -- Up-to-date symlink: /home/youn/ROS/open_manipulator_ws/install/robotis_interfaces/lib/python3.12/site-packages/robotis_interfaces-1.1.0-py3.12.egg-info/dependency_links.txt
[11.061s] -- Up-to-date symlink: /home/youn/ROS/open_manipulator_ws/install/robotis_interfaces/lib/python3.12/site-packages/robotis_interfaces-1.1.0-py3.12.egg-info/top_level.txt
[11.062s] -- Up-to-date symlink: /home/youn/ROS/open_manipulator_ws/install/robotis_interfaces/lib/python3.12/site-packages/robotis_interfaces/__init__.py
[11.064s] -- Up-to-date symlink: /home/youn/ROS/open_manipulator_ws/install/robotis_interfaces/lib/python3.12/site-packages/robotis_interfaces/_robotis_interfaces_s.ep.rosidl_typesupport_c.c
[11.064s] -- Up-to-date symlink: /home/youn/ROS/open_manipulator_ws/install/robotis_interfaces/lib/python3.12/site-packages/robotis_interfaces/_robotis_interfaces_s.ep.rosidl_typesupport_fastrtps_c.c
[11.064s] -- Up-to-date symlink: /home/youn/ROS/open_manipulator_ws/install/robotis_interfaces/lib/python3.12/site-packages/robotis_interfaces/_robotis_interfaces_s.ep.rosidl_typesupport_introspection_c.c
[11.066s] -- Up-to-date symlink: /home/youn/ROS/open_manipulator_ws/install/robotis_interfaces/lib/python3.12/site-packages/robotis_interfaces/msg/__init__.py
[11.066s] -- Up-to-date symlink: /home/youn/ROS/open_manipulator_ws/install/robotis_interfaces/lib/python3.12/site-packages/robotis_interfaces/msg/_hand_joints.py
[11.067s] -- Up-to-date symlink: /home/youn/ROS/open_manipulator_ws/install/robotis_interfaces/lib/python3.12/site-packages/robotis_interfaces/msg/_hand_joints_s.c
[11.067s] -- Up-to-date symlink: /home/youn/ROS/open_manipulator_ws/install/robotis_interfaces/lib/python3.12/site-packages/robotis_interfaces/msg/_hand_pressures.py
[11.067s] -- Up-to-date symlink: /home/youn/ROS/open_manipulator_ws/install/robotis_interfaces/lib/python3.12/site-packages/robotis_interfaces/msg/_hand_pressures_s.c
[11.067s] -- Up-to-date symlink: /home/youn/ROS/open_manipulator_ws/install/robotis_interfaces/lib/python3.12/site-packages/robotis_interfaces/msg/_move_l.py
[11.075s] -- Up-to-date symlink: /home/youn/ROS/open_manipulator_ws/install/robotis_interfaces/lib/python3.12/site-packages/robotis_interfaces/msg/_move_l_s.c
[11.080s] -- Up-to-date symlink: /home/youn/ROS/open_manipulator_ws/install/robotis_interfaces/lib/python3.12/site-packages/robotis_interfaces/msg/_tactile_sensor.py
[11.081s] -- Up-to-date symlink: /home/youn/ROS/open_manipulator_ws/install/robotis_interfaces/lib/python3.12/site-packages/robotis_interfaces/msg/_tactile_sensor_s.c
[11.083s] -- Up-to-date symlink: /home/youn/ROS/open_manipulator_ws/install/robotis_interfaces/lib/python3.12/site-packages/robotis_interfaces/robotis_interfaces_s__rosidl_typesupport_c.so
[11.096s] -- Up-to-date symlink: /home/youn/ROS/open_manipulator_ws/install/robotis_interfaces/lib/python3.12/site-packages/robotis_interfaces/robotis_interfaces_s__rosidl_typesupport_fastrtps_c.so
[11.097s] -- Up-to-date symlink: /home/youn/ROS/open_manipulator_ws/install/robotis_interfaces/lib/python3.12/site-packages/robotis_interfaces/robotis_interfaces_s__rosidl_typesupport_introspection_c.so
[11.097s] -- Up-to-date symlink: /home/youn/ROS/open_manipulator_ws/install/robotis_interfaces/lib/python3.12/site-packages/robotis_interfaces/robotis_interfaces_s__rosidl_typesupport_fastrtps_c.so
[11.097s] -- Up-to-date symlink: /home/youn/ROS/open_manipulator_ws/install/robotis_interfaces/lib/python3.12/site-packages/robotis_interfaces/robotis_interfaces_s__rosidl_typesupport_introspection_c.so
[11.097s] -- Up-to-date symlink: /home/youn/ROS/open_manipulator_ws/install/robotis_interfaces/lib/python3.12/site-packages/robotis_interfaces/robotis_interfaces_s__rosidl_typesupport_c.so
[11.097s] -- Up-to-date symlink: /home/youn/ROS/open_manipulator_ws/install/robotis_interfaces/share/ament_index/resource_index/rust_packages/robotis_interfaces
[11.097s] -- Up-to-date symlink: /home/youn/ROS/open_manipulator_ws/install/robotis_interfaces/share/robotis_interfaces/rust/Cargo.toml
[11.097s] -- Up-to-date symlink: /home/youn/ROS/open_manipulator_ws/install/robotis_interfaces/share/robotis_interfaces/rust/build.rs
[11.097s] -- Up-to-date symlink: /home/youn/ROS/open_manipulator_ws/install/robotis_interfaces/share/robotis_interfaces/rust/src/lib.rs
[11.097s] -- Up-to-date symlink: /home/youn/ROS/open_manipulator_ws/install/robotis_interfaces/share/robotis_interfaces/rust/src/msg.rs
[11.097s] -- Up-to-date symlink: /home/youn/ROS/open_manipulator_ws/install/robotis_interfaces/share/robotis_interfaces/rust/src/msg/rmw.rs
[11.097s] -- Up-to-date symlink: /home/youn/ROS/open_manipulator_ws/install/robotis_interfaces/share/robotis_interfaces/msg/HandJoints.idl
[11.098s] -- Up-to-date symlink: /home/youn/ROS/open_manipulator_ws/install/robotis_interfaces/share/robotis_interfaces/msg/HandPressures.idl
[11.098s] -- Up-to-date symlink: /home/youn/ROS/open_manipulator_ws/install/robotis_interfaces/share/robotis_interfaces/msg/MoveL.idl
[11.098s] -- Up-to-date symlink: /home/youn/ROS/open_manipulator_ws/install/robotis_interfaces/share/robotis_interfaces/msg/TactileSensor.idl
[11.105s] -- Up-to-date symlink: /home/youn/ROS/open_manipulator_ws/install/robotis_interfaces/share/robotis_interfaces/msg/HandJoints.msg
[11.106s] -- Up-to-date symlink: /home/youn/ROS/open_manipulator_ws/install/robotis_interfaces/share/robotis_interfaces/msg/HandPressures.msg
[11.106s] -- Up-to-date symlink: /home/youn/ROS/open_manipulator_ws/install/robotis_interfaces/share/robotis_interfaces/msg/MoveL.msg
[11.106s] -- Up-to-date symlink: /home/youn/ROS/open_manipulator_ws/install/robotis_interfaces/share/robotis_interfaces/msg/TactileSensor.msg
[11.106s] -- Up-to-date symlink: /home/youn/ROS/open_manipulator_ws/install/robotis_interfaces/share/ament_index/resource_index/package_run_dependencies/robotis_interfaces
[11.107s] -- Up-to-date symlink: /home/youn/ROS/open_manipulator_ws/install/robotis_interfaces/share/ament_index/resource_index/parent_prefix_path/robotis_interfaces
[11.107s] -- Up-to-date symlink: /home/youn/ROS/open_manipulator_ws/install/robotis_interfaces/share/robotis_interfaces/environment/ament_prefix_path.sh
[11.113s] -- Up-to-date symlink: /home/youn/ROS/open_manipulator_ws/install/robotis_interfaces/share/robotis_interfaces/environment/ament_prefix_path.dsv
[11.113s] -- Up-to-date symlink: /home/youn/ROS/open_manipulator_ws/install/robotis_interfaces/share/robotis_interfaces/environment/path.sh
[11.113s] -- Up-to-date symlink: /home/youn/ROS/open_manipulator_ws/install/robotis_interfaces/share/robotis_interfaces/environment/path.dsv
[11.113s] -- Up-to-date symlink: /home/youn/ROS/open_manipulator_ws/install/robotis_interfaces/share/robotis_interfaces/local_setup.bash
[11.114s] -- Up-to-date symlink: /home/youn/ROS/open_manipulator_ws/install/robotis_interfaces/share/robotis_interfaces/local_setup.sh
[11.114s] -- Up-to-date symlink: /home/youn/ROS/open_manipulator_ws/install/robotis_interfaces/share/robotis_interfaces/local_setup.zsh
[11.122s] -- Up-to-date symlink: /home/youn/ROS/open_manipulator_ws/install/robotis_interfaces/share/robotis_interfaces/local_setup.dsv
[11.122s] -- Symlinking: /home/youn/ROS/open_manipulator_ws/install/robotis_interfaces/share/robotis_interfaces/package.dsv
[11.157s] -- Up-to-date symlink: /home/youn/ROS/open_manipulator_ws/install/robotis_interfaces/share/ament_index/resource_index/packages/robotis_interfaces
[11.158s] -- Up-to-date symlink: /home/youn/ROS/open_manipulator_ws/install/robotis_interfaces/share/robotis_interfaces/cmake/rosidl_cmake-extras.cmake
[11.158s] -- Up-to-date symlink: /home/youn/ROS/open_manipulator_ws/install/robotis_interfaces/share/robotis_interfaces/cmake/ament_cmake_export_dependencies-extras.cmake
[11.161s] -- Up-to-date symlink: /home/youn/ROS/open_manipulator_ws/install/robotis_interfaces/share/robotis_interfaces/cmake/ament_cmake_export_include_directories-extras.cmake
[11.161s] -- Up-to-date symlink: /home/youn/ROS/open_manipulator_ws/install/robotis_interfaces/share/robotis_interfaces/cmake/ament_cmake_export_libraries-extras.cmake
[11.161s] -- Up-to-date symlink: /home/youn/ROS/open_manipulator_ws/install/robotis_interfaces/share/robotis_interfaces/cmake/ament_cmake_export_targets-extras.cmake
[11.162s] -- Up-to-date symlink: /home/youn/ROS/open_manipulator_ws/install/robotis_interfaces/share/robotis_interfaces/cmake/rosidl_cmake_export_typesupport_targets-extras.cmake
[11.162s] -- Up-to-date symlink: /home/youn/ROS/open_manipulator_ws/install/robotis_interfaces/share/robotis_interfaces/cmake/rosidl_cmake_export_typesupport_libraries-extras.cmake
[11.162s] -- Up-to-date symlink: /home/youn/ROS/open_manipulator_ws/install/robotis_interfaces/share/robotis_interfaces/cmake/rosidl_cmake_aggregate_target-extras.cmake
[11.163s] -- Up-to-date symlink: /home/youn/ROS/open_manipulator_ws/install/robotis_interfaces/share/robotis_interfaces/cmake/robotis_interfacesConfig.cmake
[11.163s] -- Up-to-date symlink: /home/youn/ROS/open_manipulator_ws/install/robotis_interfaces/share/robotis_interfaces/cmake/robotis_interfacesConfig-version.cmake
[11.163s] -- Up-to-date symlink: /home/youn/ROS/open_manipulator_ws/install/robotis_interfaces/share/robotis_interfaces/package.xml
[11.175s] -- Installing: /home/youn/ROS/open_manipulator_ws/install/robotis_interfaces/lib/librobotis_interfaces__rosidl_generator_c.so
[11.175s] -- Set non-toolchain portion of runtime path of "/home/youn/ROS/open_manipulator_ws/install/robotis_interfaces/lib/librobotis_interfaces__rosidl_generator_c.so" to ""
[11.175s] -- Installing: /home/youn/ROS/open_manipulator_ws/install/robotis_interfaces/lib/librobotis_interfaces__rosidl_typesupport_fastrtps_c.so
[11.176s] -- Set non-toolchain portion of runtime path of "/home/youn/ROS/open_manipulator_ws/install/robotis_interfaces/lib/librobotis_interfaces__rosidl_typesupport_fastrtps_c.so" to ""
[11.179s] -- Installing: /home/youn/ROS/open_manipulator_ws/install/robotis_interfaces/lib/librobotis_interfaces__rosidl_typesupport_fastrtps_cpp.so
[11.179s] -- Set non-toolchain portion of runtime path of "/home/youn/ROS/open_manipulator_ws/install/robotis_interfaces/lib/librobotis_interfaces__rosidl_typesupport_fastrtps_cpp.so" to ""
[11.191s] -- Installing: /home/youn/ROS/open_manipulator_ws/install/robotis_interfaces/lib/librobotis_interfaces__rosidl_typesupport_introspection_c.so
[11.192s] -- Set non-toolchain portion of runtime path of "/home/youn/ROS/open_manipulator_ws/install/robotis_interfaces/lib/librobotis_interfaces__rosidl_typesupport_introspection_c.so" to ""
[11.192s] -- Installing: /home/youn/ROS/open_manipulator_ws/install/robotis_interfaces/lib/librobotis_interfaces__rosidl_typesupport_c.so
[11.193s] -- Set non-toolchain portion of runtime path of "/home/youn/ROS/open_manipulator_ws/install/robotis_interfaces/lib/librobotis_interfaces__rosidl_typesupport_c.so" to ""
[11.194s] -- Installing: /home/youn/ROS/open_manipulator_ws/install/robotis_interfaces/lib/librobotis_interfaces__rosidl_typesupport_introspection_cpp.so
[11.198s] -- Set non-toolchain portion of runtime path of "/home/youn/ROS/open_manipulator_ws/install/robotis_interfaces/lib/librobotis_interfaces__rosidl_typesupport_introspection_cpp.so" to ""
[11.199s] -- Installing: /home/youn/ROS/open_manipulator_ws/install/robotis_interfaces/lib/librobotis_interfaces__rosidl_typesupport_cpp.so
[11.199s] -- Set non-toolchain portion of runtime path of "/home/youn/ROS/open_manipulator_ws/install/robotis_interfaces/lib/librobotis_interfaces__rosidl_typesupport_cpp.so" to ""
[11.342s] Listing '/home/youn/ROS/open_manipulator_ws/install/robotis_interfaces/lib/python3.12/site-packages/robotis_interfaces'...
[11.343s] Compiling '/home/youn/ROS/open_manipulator_ws/install/robotis_interfaces/lib/python3.12/site-packages/robotis_interfaces/__init__.py'...
[11.343s] Listing '/home/youn/ROS/open_manipulator_ws/install/robotis_interfaces/lib/python3.12/site-packages/robotis_interfaces/msg'...
[11.393s] -- Installing: /home/youn/ROS/open_manipulator_ws/install/robotis_interfaces/lib/librobotis_interfaces__rosidl_generator_py.so
[11.394s] -- Set non-toolchain portion of runtime path of "/home/youn/ROS/open_manipulator_ws/install/robotis_interfaces/lib/librobotis_interfaces__rosidl_generator_py.so" to ""
[11.395s] -- Up-to-date: /home/youn/ROS/open_manipulator_ws/install/robotis_interfaces/share/robotis_interfaces/cmake/export_robotis_interfaces__rosidl_generator_cExport.cmake
[11.395s] -- Installing: /home/youn/ROS/open_manipulator_ws/install/robotis_interfaces/share/robotis_interfaces/cmake/export_robotis_interfaces__rosidl_generator_cExport-release.cmake
[11.395s] -- Up-to-date: /home/youn/ROS/open_manipulator_ws/install/robotis_interfaces/share/robotis_interfaces/cmake/export_robotis_interfaces__rosidl_typesupport_fastrtps_cExport.cmake
[11.395s] -- Installing: /home/youn/ROS/open_manipulator_ws/install/robotis_interfaces/share/robotis_interfaces/cmake/export_robotis_interfaces__rosidl_typesupport_fastrtps_cExport-release.cmake
[11.399s] -- Up-to-date: /home/youn/ROS/open_manipulator_ws/install/robotis_interfaces/share/robotis_interfaces/cmake/export_robotis_interfaces__rosidl_generator_cppExport.cmake
[11.400s] -- Up-to-date: /home/youn/ROS/open_manipulator_ws/install/robotis_interfaces/share/robotis_interfaces/cmake/export_robotis_interfaces__rosidl_typesupport_fastrtps_cppExport.cmake
[11.400s] -- Installing: /home/youn/ROS/open_manipulator_ws/install/robotis_interfaces/share/robotis_interfaces/cmake/export_robotis_interfaces__rosidl_typesupport_fastrtps_cppExport-release.cmake
[11.400s] -- Up-to-date: /home/youn/ROS/open_manipulator_ws/install/robotis_interfaces/share/robotis_interfaces/cmake/robotis_interfaces__rosidl_typesupport_introspection_cExport.cmake
[11.401s] -- Installing: /home/youn/ROS/open_manipulator_ws/install/robotis_interfaces/share/robotis_interfaces/cmake/robotis_interfaces__rosidl_typesupport_introspection_cExport-release.cmake
[11.403s] -- Up-to-date: /home/youn/ROS/open_manipulator_ws/install/robotis_interfaces/share/robotis_interfaces/cmake/robotis_interfaces__rosidl_typesupport_cExport.cmake
[11.404s] -- Installing: /home/youn/ROS/open_manipulator_ws/install/robotis_interfaces/share/robotis_interfaces/cmake/robotis_interfaces__rosidl_typesupport_cExport-release.cmake
[11.406s] -- Up-to-date: /home/youn/ROS/open_manipulator_ws/install/robotis_interfaces/share/robotis_interfaces/cmake/robotis_interfaces__rosidl_typesupport_introspection_cppExport.cmake
[11.406s] -- Installing: /home/youn/ROS/open_manipulator_ws/install/robotis_interfaces/share/robotis_interfaces/cmake/robotis_interfaces__rosidl_typesupport_introspection_cppExport-release.cmake
[11.407s] -- Up-to-date: /home/youn/ROS/open_manipulator_ws/install/robotis_interfaces/share/robotis_interfaces/cmake/robotis_interfaces__rosidl_typesupport_cppExport.cmake
[11.407s] -- Installing: /home/youn/ROS/open_manipulator_ws/install/robotis_interfaces/share/robotis_interfaces/cmake/robotis_interfaces__rosidl_typesupport_cppExport-release.cmake
[11.412s] -- Up-to-date: /home/youn/ROS/open_manipulator_ws/install/robotis_interfaces/share/robotis_interfaces/cmake/export_robotis_interfaces__rosidl_generator_pyExport.cmake
[11.412s] -- Installing: /home/youn/ROS/open_manipulator_ws/install/robotis_interfaces/share/robotis_interfaces/cmake/export_robotis_interfaces__rosidl_generator_pyExport-release.cmake
[11.427s] Invoked command in '/home/youn/ROS/open_manipulator_ws/build/robotis_interfaces' returned '0': CMAKE_PREFIX_PATH=${CMAKE_PREFIX_PATH}:/home/youn/ROS/ros_workspace/install/ros_basic:/home/youn/ROS/ros_workspace/install/tf2_basic:/opt/ros/jazzy /usr/bin/cmake --install /home/youn/ROS/open_manipulator_ws/build/robotis_interfaces
