-- Found ament_cmake: 2.5.6 (/opt/ros/jazzy/share/ament_cmake/cmake)
-- Override CMake install command with custom implementation using symlinks instead of copying resources
-- Found builtin_interfaces: 2.0.4 (/opt/ros/jazzy/share/builtin_interfaces/cmake)
-- Found rosidl_generator_c: 4.6.9 (/opt/ros/jazzy/share/rosidl_generator_c/cmake)
-- Found rosidl_generator_cpp: 4.6.9 (/opt/ros/jazzy/share/rosidl_generator_cpp/cmake)
-- Using all available rosidl_typesupport_c: rosidl_typesupport_fastrtps_c;rosidl_typesupport_introspection_c
-- Using all available rosidl_typesupport_cpp: rosidl_typesupport_fastrtps_cpp;rosidl_typesupport_introspection_cpp
-- Found controller_interface: 4.45.2 (/opt/ros/jazzy/share/controller_interface/cmake)
-- Found TinyXML2 via Config file: /usr/lib/x86_64-linux-gnu/cmake/tinyxml2
-- Found rmw_implementation_cmake: 7.3.3 (/opt/ros/jazzy/share/rmw_implementation_cmake/cmake)
-- Found rmw_fastrtps_cpp: 8.4.4 (/opt/ros/jazzy/share/rmw_fastrtps_cpp/cmake)
-- Found TinyXML2 via Config file: /usr/lib/x86_64-linux-gnu/cmake/tinyxml2
-- Found TinyXML2 via Config file: /usr/lib/x86_64-linux-gnu/cmake/tinyxml2
-- Found TinyXML2 via Config file: /usr/lib/x86_64-linux-gnu/cmake/tinyxml2
-- Found TinyXML2 via Config file: /usr/lib/x86_64-linux-gnu/cmake/tinyxml2
-- Using RMW implementation 'rmw_fastrtps_cpp' as default
-- Found generate_parameter_library: 0.7.3 (/opt/ros/jazzy/share/generate_parameter_library/cmake)
-- Found parameter_traits: 0.7.3 (/opt/ros/jazzy/share/parameter_traits/cmake)
-- Configuring done (1.3s)
-- Generating done (0.0s)
-- Build files have been written to: /home/youn/ROS/open_manipulator_ws/build/om_joint_trajectory_command_broadcaster
[ 50%] Built target joint_trajectory_command_broadcaster_parameters
[ 75%] [32mBuilding CXX object CMakeFiles/joint_trajectory_command_broadcaster.dir/src/joint_trajectory_command_broadcaster.cpp.o[0m
[100%] [32m[1mLinking CXX shared library libjoint_trajectory_command_broadcaster.so[0m
[100%] Built target joint_trajectory_command_broadcaster
-- Install configuration: "R"
-- Execute custom install script
-- Up-to-date symlink: /home/youn/ROS/open_manipulator_ws/install/om_joint_trajectory_command_broadcaster/include/om_joint_trajectory_command_broadcaster/joint_trajectory_command_broadcaster_parameters.hpp
-- Up-to-date symlink: /home/youn/ROS/open_manipulator_ws/install/om_joint_trajectory_command_broadcaster/share/om_joint_trajectory_command_broadcaster//joint_trajectory_command_plugin.xml
-- Up-to-date symlink: /home/youn/ROS/open_manipulator_ws/install/om_joint_trajectory_command_broadcaster/include/joint_trajectory_command_broadcaster/joint_trajectory_command_broadcaster/joint_trajectory_command_broadcaster.hpp
-- Up-to-date symlink: /home/youn/ROS/open_manipulator_ws/install/om_joint_trajectory_command_broadcaster/include/joint_trajectory_command_broadcaster/joint_trajectory_command_broadcaster/visibility_control.h
-- Up-to-date symlink: /home/youn/ROS/open_manipulator_ws/install/om_joint_trajectory_command_broadcaster/share/om_joint_trajectory_command_broadcaster/environment/library_path.sh
-- Up-to-date symlink: /home/youn/ROS/open_manipulator_ws/install/om_joint_trajectory_command_broadcaster/share/om_joint_trajectory_command_broadcaster/environment/library_path.dsv
-- Up-to-date symlink: /home/youn/ROS/open_manipulator_ws/install/om_joint_trajectory_command_broadcaster/share/ament_index/resource_index/package_run_dependencies/om_joint_trajectory_command_broadcaster
-- Up-to-date symlink: /home/youn/ROS/open_manipulator_ws/install/om_joint_trajectory_command_broadcaster/share/ament_index/resource_index/parent_prefix_path/om_joint_trajectory_command_broadcaster
-- Up-to-date symlink: /home/youn/ROS/open_manipulator_ws/install/om_joint_trajectory_command_broadcaster/share/om_joint_trajectory_command_broadcaster/environment/ament_prefix_path.sh
-- Up-to-date symlink: /home/youn/ROS/open_manipulator_ws/install/om_joint_trajectory_command_broadcaster/share/om_joint_trajectory_command_broadcaster/environment/ament_prefix_path.dsv
-- Up-to-date symlink: /home/youn/ROS/open_manipulator_ws/install/om_joint_trajectory_command_broadcaster/share/om_joint_trajectory_command_broadcaster/environment/path.sh
-- Up-to-date symlink: /home/youn/ROS/open_manipulator_ws/install/om_joint_trajectory_command_broadcaster/share/om_joint_trajectory_command_broadcaster/environment/path.dsv
-- Up-to-date symlink: /home/youn/ROS/open_manipulator_ws/install/om_joint_trajectory_command_broadcaster/share/om_joint_trajectory_command_broadcaster/local_setup.bash
-- Up-to-date symlink: /home/youn/ROS/open_manipulator_ws/install/om_joint_trajectory_command_broadcaster/share/om_joint_trajectory_command_broadcaster/local_setup.sh
-- Up-to-date symlink: /home/youn/ROS/open_manipulator_ws/install/om_joint_trajectory_command_broadcaster/share/om_joint_trajectory_command_broadcaster/local_setup.zsh
-- Up-to-date symlink: /home/youn/ROS/open_manipulator_ws/install/om_joint_trajectory_command_broadcaster/share/om_joint_trajectory_command_broadcaster/local_setup.dsv
-- Symlinking: /home/youn/ROS/open_manipulator_ws/install/om_joint_trajectory_command_broadcaster/share/om_joint_trajectory_command_broadcaster/package.dsv
-- Up-to-date symlink: /home/youn/ROS/open_manipulator_ws/install/om_joint_trajectory_command_broadcaster/share/ament_index/resource_index/packages/om_joint_trajectory_command_broadcaster
-- Up-to-date symlink: /home/youn/ROS/open_manipulator_ws/install/om_joint_trajectory_command_broadcaster/share/ament_index/resource_index/controller_interface__pluginlib__plugin/om_joint_trajectory_command_broadcaster
-- Up-to-date symlink: /home/youn/ROS/open_manipulator_ws/install/om_joint_trajectory_command_broadcaster/share/om_joint_trajectory_command_broadcaster/cmake/ament_cmake_export_dependencies-extras.cmake
-- Up-to-date symlink: /home/youn/ROS/open_manipulator_ws/install/om_joint_trajectory_command_broadcaster/share/om_joint_trajectory_command_broadcaster/cmake/ament_cmake_export_targets-extras.cmake
-- Up-to-date symlink: /home/youn/ROS/open_manipulator_ws/install/om_joint_trajectory_command_broadcaster/share/om_joint_trajectory_command_broadcaster/cmake/om_joint_trajectory_command_broadcasterConfig.cmake
-- Up-to-date symlink: /home/youn/ROS/open_manipulator_ws/install/om_joint_trajectory_command_broadcaster/share/om_joint_trajectory_command_broadcaster/cmake/om_joint_trajectory_command_broadcasterConfig-version.cmake
-- Up-to-date symlink: /home/youn/ROS/open_manipulator_ws/install/om_joint_trajectory_command_broadcaster/share/om_joint_trajectory_command_broadcaster/package.xml
-- Installing: /home/youn/ROS/open_manipulator_ws/install/om_joint_trajectory_command_broadcaster/lib/libjoint_trajectory_command_broadcaster.so
-- Set non-toolchain portion of runtime path of "/home/youn/ROS/open_manipulator_ws/install/om_joint_trajectory_command_broadcaster/lib/libjoint_trajectory_command_broadcaster.so" to ""
-- Up-to-date: /home/youn/ROS/open_manipulator_ws/install/om_joint_trajectory_command_broadcaster/share/om_joint_trajectory_command_broadcaster/cmake/export_joint_trajectory_command_broadcasterExport.cmake
-- Installing: /home/youn/ROS/open_manipulator_ws/install/om_joint_trajectory_command_broadcaster/share/om_joint_trajectory_command_broadcaster/cmake/export_joint_trajectory_command_broadcasterExport-r.cmake
