[ 33%] Built target omy_3m_hello_moveit
[ 66%] Built target omy_f3m_hello_moveit
[100%] Built target open_manipulator_x_hello_moveit
-- Install configuration: "Release"
-- Execute custom install script
-- Up-to-date symlink: /home/youn/ROS/open_manipulator_ws/install/open_manipulator_playground/include/open_manipulator_playground/omy_3m_hello_moveit.h
-- Up-to-date symlink: /home/youn/ROS/open_manipulator_ws/install/open_manipulator_playground/include/open_manipulator_playground/omy_f3m_hello_moveit.h
-- Up-to-date symlink: /home/youn/ROS/open_manipulator_ws/install/open_manipulator_playground/include/open_manipulator_playground/open_manipulator_x_hello_moveit.h
-- Up-to-date symlink: /home/youn/ROS/open_manipulator_ws/install/open_manipulator_playground/lib/open_manipulator_playground/shape_detector_node.py
-- Up-to-date symlink: /home/youn/ROS/open_manipulator_ws/install/open_manipulator_playground/lib/open_manipulator_playground/omx_trajectory_controller_node.py
-- Up-to-date symlink: /home/youn/ROS/open_manipulator_ws/install/open_manipulator_playground/share/open_manipulator_playground/launch/omx_drawing.launch.py
-- Up-to-date symlink: /home/youn/ROS/open_manipulator_ws/install/open_manipulator_playground/share/open_manipulator_playground/images/square.png
-- Up-to-date symlink: /home/youn/ROS/open_manipulator_ws/install/open_manipulator_playground/share/ament_index/resource_index/package_run_dependencies/open_manipulator_playground
-- Up-to-date symlink: /home/youn/ROS/open_manipulator_ws/install/open_manipulator_playground/share/ament_index/resource_index/parent_prefix_path/open_manipulator_playground
-- Up-to-date symlink: /home/youn/ROS/open_manipulator_ws/install/open_manipulator_playground/share/open_manipulator_playground/environment/ament_prefix_path.sh
-- Up-to-date symlink: /home/youn/ROS/open_manipulator_ws/install/open_manipulator_playground/share/open_manipulator_playground/environment/ament_prefix_path.dsv
-- Up-to-date symlink: /home/youn/ROS/open_manipulator_ws/install/open_manipulator_playground/share/open_manipulator_playground/environment/path.sh
-- Up-to-date symlink: /home/youn/ROS/open_manipulator_ws/install/open_manipulator_playground/share/open_manipulator_playground/environment/path.dsv
-- Up-to-date symlink: /home/youn/ROS/open_manipulator_ws/install/open_manipulator_playground/share/open_manipulator_playground/local_setup.bash
-- Up-to-date symlink: /home/youn/ROS/open_manipulator_ws/install/open_manipulator_playground/share/open_manipulator_playground/local_setup.sh
-- Up-to-date symlink: /home/youn/ROS/open_manipulator_ws/install/open_manipulator_playground/share/open_manipulator_playground/local_setup.zsh
-- Up-to-date symlink: /home/youn/ROS/open_manipulator_ws/install/open_manipulator_playground/share/open_manipulator_playground/local_setup.dsv
-- Symlinking: /home/youn/ROS/open_manipulator_ws/install/open_manipulator_playground/share/open_manipulator_playground/package.dsv
-- Up-to-date symlink: /home/youn/ROS/open_manipulator_ws/install/open_manipulator_playground/share/ament_index/resource_index/packages/open_manipulator_playground
-- Up-to-date symlink: /home/youn/ROS/open_manipulator_ws/install/open_manipulator_playground/share/open_manipulator_playground/cmake/ament_cmake_export_include_directories-extras.cmake
-- Up-to-date symlink: /home/youn/ROS/open_manipulator_ws/install/open_manipulator_playground/share/open_manipulator_playground/cmake/ament_cmake_export_targets-extras.cmake
-- Up-to-date symlink: /home/youn/ROS/open_manipulator_ws/install/open_manipulator_playground/share/open_manipulator_playground/cmake/open_manipulator_playgroundConfig.cmake
-- Up-to-date symlink: /home/youn/ROS/open_manipulator_ws/install/open_manipulator_playground/share/open_manipulator_playground/cmake/open_manipulator_playgroundConfig-version.cmake
-- Up-to-date symlink: /home/youn/ROS/open_manipulator_ws/install/open_manipulator_playground/share/open_manipulator_playground/package.xml
-- Up-to-date: /home/youn/ROS/open_manipulator_ws/install/open_manipulator_playground/lib/open_manipulator_playground/open_manipulator_x_hello_moveit
-- Up-to-date: /home/youn/ROS/open_manipulator_ws/install/open_manipulator_playground/lib/open_manipulator_playground/omy_f3m_hello_moveit
-- Up-to-date: /home/youn/ROS/open_manipulator_ws/install/open_manipulator_playground/lib/open_manipulator_playground/omy_3m_hello_moveit
-- Up-to-date: /home/youn/ROS/open_manipulator_ws/install/open_manipulator_playground/share/open_manipulator_playground/cmake/export_open_manipulator_playgroundExport.cmake
-- Up-to-date: /home/youn/ROS/open_manipulator_ws/install/open_manipulator_playground/share/open_manipulator_playground/cmake/export_open_manipulator_playgroundExport-release.cmake
