[0.041s] Invoking command in '/home/youn/ROS/open_manipulator_ws/build/open_manipulator_playground': AMENT_PREFIX_PATH=/home/youn/ROS/open_manipulator_ws/install/robotis_interfaces:${AMENT_PREFIX_PATH} CMAKE_PREFIX_PATH=/home/youn/ROS/open_manipulator_ws/install/robotis_interfaces:/home/youn/ROS/ros_workspace/install/user_interface:/opt/ros/jazzy/opt/gz_sim_vendor:/opt/ros/jazzy/opt/gz_sensors_vendor:/opt/ros/jazzy/opt/gz_physics_vendor:/opt/ros/jazzy/opt/sdformat_vendor:/opt/ros/jazzy/opt/gz_gui_vendor:/opt/ros/jazzy/opt/gz_transport_vendor:/opt/ros/jazzy/opt/gz_rendering_vendor:/opt/ros/jazzy/opt/gz_plugin_vendor:/opt/ros/jazzy/opt/gz_fuel_tools_vendor:/opt/ros/jazzy/opt/gz_msgs_vendor:/opt/ros/jazzy/opt/gz_common_vendor:/opt/ros/jazzy/opt/gz_math_vendor:/opt/ros/jazzy/opt/gz_utils_vendor:/opt/ros/jazzy/opt/gz_tools_vendor:/opt/ros/jazzy/opt/gz_ogre_next_vendor:/opt/ros/jazzy/opt/gz_dartsim_vendor:/opt/ros/jazzy/opt/gz_cmake_vendor:/home/youn/ROS/ros_workspace/install/ros_basic:/home/youn/ROS/ros_workspace/install/tf2_basic:/opt/ros/jazzy LD_LIBRARY_PATH=/home/youn/ROS/open_manipulator_ws/install/robotis_interfaces/lib:${LD_LIBRARY_PATH} PYTHONPATH=/home/youn/ROS/open_manipulator_ws/install/robotis_interfaces/lib/python3.12/site-packages:${PYTHONPATH} /usr/bin/cmake --build /home/youn/ROS/open_manipulator_ws/build/open_manipulator_playground -- -j14 -l14
[0.096s] [ 33%] Built target omy_3m_hello_moveit
[0.097s] [ 66%] Built target omy_f3m_hello_moveit
[0.099s] [100%] Built target open_manipulator_x_hello_moveit
[0.110s] Invoked command in '/home/youn/ROS/open_manipulator_ws/build/open_manipulator_playground' returned '0': AMENT_PREFIX_PATH=/home/youn/ROS/open_manipulator_ws/install/robotis_interfaces:${AMENT_PREFIX_PATH} CMAKE_PREFIX_PATH=/home/youn/ROS/open_manipulator_ws/install/robotis_interfaces:/home/youn/ROS/ros_workspace/install/user_interface:/opt/ros/jazzy/opt/gz_sim_vendor:/opt/ros/jazzy/opt/gz_sensors_vendor:/opt/ros/jazzy/opt/gz_physics_vendor:/opt/ros/jazzy/opt/sdformat_vendor:/opt/ros/jazzy/opt/gz_gui_vendor:/opt/ros/jazzy/opt/gz_transport_vendor:/opt/ros/jazzy/opt/gz_rendering_vendor:/opt/ros/jazzy/opt/gz_plugin_vendor:/opt/ros/jazzy/opt/gz_fuel_tools_vendor:/opt/ros/jazzy/opt/gz_msgs_vendor:/opt/ros/jazzy/opt/gz_common_vendor:/opt/ros/jazzy/opt/gz_math_vendor:/opt/ros/jazzy/opt/gz_utils_vendor:/opt/ros/jazzy/opt/gz_tools_vendor:/opt/ros/jazzy/opt/gz_ogre_next_vendor:/opt/ros/jazzy/opt/gz_dartsim_vendor:/opt/ros/jazzy/opt/gz_cmake_vendor:/home/youn/ROS/ros_workspace/install/ros_basic:/home/youn/ROS/ros_workspace/install/tf2_basic:/opt/ros/jazzy LD_LIBRARY_PATH=/home/youn/ROS/open_manipulator_ws/install/robotis_interfaces/lib:${LD_LIBRARY_PATH} PYTHONPATH=/home/youn/ROS/open_manipulator_ws/install/robotis_interfaces/lib/python3.12/site-packages:${PYTHONPATH} /usr/bin/cmake --build /home/youn/ROS/open_manipulator_ws/build/open_manipulator_playground -- -j14 -l14
[0.112s] Invoking command in '/home/youn/ROS/open_manipulator_ws/build/open_manipulator_playground': AMENT_PREFIX_PATH=/home/youn/ROS/open_manipulator_ws/install/robotis_interfaces:${AMENT_PREFIX_PATH} CMAKE_PREFIX_PATH=/home/youn/ROS/open_manipulator_ws/install/robotis_interfaces:/home/youn/ROS/ros_workspace/install/user_interface:/opt/ros/jazzy/opt/gz_sim_vendor:/opt/ros/jazzy/opt/gz_sensors_vendor:/opt/ros/jazzy/opt/gz_physics_vendor:/opt/ros/jazzy/opt/sdformat_vendor:/opt/ros/jazzy/opt/gz_gui_vendor:/opt/ros/jazzy/opt/gz_transport_vendor:/opt/ros/jazzy/opt/gz_rendering_vendor:/opt/ros/jazzy/opt/gz_plugin_vendor:/opt/ros/jazzy/opt/gz_fuel_tools_vendor:/opt/ros/jazzy/opt/gz_msgs_vendor:/opt/ros/jazzy/opt/gz_common_vendor:/opt/ros/jazzy/opt/gz_math_vendor:/opt/ros/jazzy/opt/gz_utils_vendor:/opt/ros/jazzy/opt/gz_tools_vendor:/opt/ros/jazzy/opt/gz_ogre_next_vendor:/opt/ros/jazzy/opt/gz_dartsim_vendor:/opt/ros/jazzy/opt/gz_cmake_vendor:/home/youn/ROS/ros_workspace/install/ros_basic:/home/youn/ROS/ros_workspace/install/tf2_basic:/opt/ros/jazzy LD_LIBRARY_PATH=/home/youn/ROS/open_manipulator_ws/install/robotis_interfaces/lib:${LD_LIBRARY_PATH} PYTHONPATH=/home/youn/ROS/open_manipulator_ws/install/robotis_interfaces/lib/python3.12/site-packages:${PYTHONPATH} /usr/bin/cmake --install /home/youn/ROS/open_manipulator_ws/build/open_manipulator_playground
[0.120s] -- Install configuration: "Release"
[0.120s] -- Execute custom install script
[0.120s] -- Up-to-date symlink: /home/youn/ROS/open_manipulator_ws/install/open_manipulator_playground/include/open_manipulator_playground/omy_3m_hello_moveit.h
[0.120s] -- Up-to-date symlink: /home/youn/ROS/open_manipulator_ws/install/open_manipulator_playground/include/open_manipulator_playground/omy_f3m_hello_moveit.h
[0.120s] -- Up-to-date symlink: /home/youn/ROS/open_manipulator_ws/install/open_manipulator_playground/include/open_manipulator_playground/open_manipulator_x_hello_moveit.h
[0.121s] -- Up-to-date symlink: /home/youn/ROS/open_manipulator_ws/install/open_manipulator_playground/lib/open_manipulator_playground/shape_detector_node.py
[0.121s] -- Up-to-date symlink: /home/youn/ROS/open_manipulator_ws/install/open_manipulator_playground/lib/open_manipulator_playground/omx_trajectory_controller_node.py
[0.121s] -- Up-to-date symlink: /home/youn/ROS/open_manipulator_ws/install/open_manipulator_playground/share/open_manipulator_playground/launch/omx_drawing.launch.py
[0.121s] -- Up-to-date symlink: /home/youn/ROS/open_manipulator_ws/install/open_manipulator_playground/share/open_manipulator_playground/images/square.png
[0.122s] -- Up-to-date symlink: /home/youn/ROS/open_manipulator_ws/install/open_manipulator_playground/share/ament_index/resource_index/package_run_dependencies/open_manipulator_playground
[0.122s] -- Up-to-date symlink: /home/youn/ROS/open_manipulator_ws/install/open_manipulator_playground/share/ament_index/resource_index/parent_prefix_path/open_manipulator_playground
[0.122s] -- Up-to-date symlink: /home/youn/ROS/open_manipulator_ws/install/open_manipulator_playground/share/open_manipulator_playground/environment/ament_prefix_path.sh
[0.122s] -- Up-to-date symlink: /home/youn/ROS/open_manipulator_ws/install/open_manipulator_playground/share/open_manipulator_playground/environment/ament_prefix_path.dsv
[0.122s] -- Up-to-date symlink: /home/youn/ROS/open_manipulator_ws/install/open_manipulator_playground/share/open_manipulator_playground/environment/path.sh
[0.122s] -- Up-to-date symlink: /home/youn/ROS/open_manipulator_ws/install/open_manipulator_playground/share/open_manipulator_playground/environment/path.dsv
[0.122s] -- Up-to-date symlink: /home/youn/ROS/open_manipulator_ws/install/open_manipulator_playground/share/open_manipulator_playground/local_setup.bash
[0.123s] -- Up-to-date symlink: /home/youn/ROS/open_manipulator_ws/install/open_manipulator_playground/share/open_manipulator_playground/local_setup.sh
[0.123s] -- Up-to-date symlink: /home/youn/ROS/open_manipulator_ws/install/open_manipulator_playground/share/open_manipulator_playground/local_setup.zsh
[0.123s] -- Up-to-date symlink: /home/youn/ROS/open_manipulator_ws/install/open_manipulator_playground/share/open_manipulator_playground/local_setup.dsv
[0.123s] -- Symlinking: /home/youn/ROS/open_manipulator_ws/install/open_manipulator_playground/share/open_manipulator_playground/package.dsv
[0.131s] -- Up-to-date symlink: /home/youn/ROS/open_manipulator_ws/install/open_manipulator_playground/share/ament_index/resource_index/packages/open_manipulator_playground
[0.131s] -- Up-to-date symlink: /home/youn/ROS/open_manipulator_ws/install/open_manipulator_playground/share/open_manipulator_playground/cmake/ament_cmake_export_include_directories-extras.cmake
[0.131s] -- Up-to-date symlink: /home/youn/ROS/open_manipulator_ws/install/open_manipulator_playground/share/open_manipulator_playground/cmake/ament_cmake_export_targets-extras.cmake
[0.131s] -- Up-to-date symlink: /home/youn/ROS/open_manipulator_ws/install/open_manipulator_playground/share/open_manipulator_playground/cmake/open_manipulator_playgroundConfig.cmake
[0.131s] -- Up-to-date symlink: /home/youn/ROS/open_manipulator_ws/install/open_manipulator_playground/share/open_manipulator_playground/cmake/open_manipulator_playgroundConfig-version.cmake
[0.132s] -- Up-to-date symlink: /home/youn/ROS/open_manipulator_ws/install/open_manipulator_playground/share/open_manipulator_playground/package.xml
[0.132s] -- Up-to-date: /home/youn/ROS/open_manipulator_ws/install/open_manipulator_playground/lib/open_manipulator_playground/open_manipulator_x_hello_moveit
[0.132s] -- Up-to-date: /home/youn/ROS/open_manipulator_ws/install/open_manipulator_playground/lib/open_manipulator_playground/omy_f3m_hello_moveit
[0.132s] -- Up-to-date: /home/youn/ROS/open_manipulator_ws/install/open_manipulator_playground/lib/open_manipulator_playground/omy_3m_hello_moveit
[0.132s] -- Up-to-date: /home/youn/ROS/open_manipulator_ws/install/open_manipulator_playground/share/open_manipulator_playground/cmake/export_open_manipulator_playgroundExport.cmake
[0.133s] -- Up-to-date: /home/youn/ROS/open_manipulator_ws/install/open_manipulator_playground/share/open_manipulator_playground/cmake/export_open_manipulator_playgroundExport-release.cmake
[0.134s] Invoked command in '/home/youn/ROS/open_manipulator_ws/build/open_manipulator_playground' returned '0': AMENT_PREFIX_PATH=/home/youn/ROS/open_manipulator_ws/install/robotis_interfaces:${AMENT_PREFIX_PATH} CMAKE_PREFIX_PATH=/home/youn/ROS/open_manipulator_ws/install/robotis_interfaces:/home/youn/ROS/ros_workspace/install/user_interface:/opt/ros/jazzy/opt/gz_sim_vendor:/opt/ros/jazzy/opt/gz_sensors_vendor:/opt/ros/jazzy/opt/gz_physics_vendor:/opt/ros/jazzy/opt/sdformat_vendor:/opt/ros/jazzy/opt/gz_gui_vendor:/opt/ros/jazzy/opt/gz_transport_vendor:/opt/ros/jazzy/opt/gz_rendering_vendor:/opt/ros/jazzy/opt/gz_plugin_vendor:/opt/ros/jazzy/opt/gz_fuel_tools_vendor:/opt/ros/jazzy/opt/gz_msgs_vendor:/opt/ros/jazzy/opt/gz_common_vendor:/opt/ros/jazzy/opt/gz_math_vendor:/opt/ros/jazzy/opt/gz_utils_vendor:/opt/ros/jazzy/opt/gz_tools_vendor:/opt/ros/jazzy/opt/gz_ogre_next_vendor:/opt/ros/jazzy/opt/gz_dartsim_vendor:/opt/ros/jazzy/opt/gz_cmake_vendor:/home/youn/ROS/ros_workspace/install/ros_basic:/home/youn/ROS/ros_workspace/install/tf2_basic:/opt/ros/jazzy LD_LIBRARY_PATH=/home/youn/ROS/open_manipulator_ws/install/robotis_interfaces/lib:${LD_LIBRARY_PATH} PYTHONPATH=/home/youn/ROS/open_manipulator_ws/install/robotis_interfaces/lib/python3.12/site-packages:${PYTHONPATH} /usr/bin/cmake --install /home/youn/ROS/open_manipulator_ws/build/open_manipulator_playground
