[0.042s] Invoking command in '/home/youn/ROS/open_manipulator_ws/build/robotis_interfaces': CMAKE_PREFIX_PATH=${CMAKE_PREFIX_PATH}:/home/youn/ROS/ros_workspace/install/ros_basic:/home/youn/ROS/ros_workspace/install/tf2_basic:/opt/ros/jazzy /usr/bin/cmake /home/youn/ROS/open_manipulator_ws/src/robotis_interfaces -DCMAKE_BUILD_TYPE=R -DAMENT_CMAKE_SYMLINK_INSTALL=1 -DCMAKE_INSTALL_PREFIX=/home/youn/ROS/open_manipulator_ws/install/robotis_interfaces
[0.084s] -- Found ament_cmake: 2.5.6 (/opt/ros/jazzy/share/ament_cmake/cmake)
[0.229s] -- Override CMake install command with custom implementation using symlinks instead of copying resources
[0.268s] -- Found builtin_interfaces: 2.0.4 (/opt/ros/jazzy/share/builtin_interfaces/cmake)
[0.378s] -- Found rosidl_generator_c: 4.6.9 (/opt/ros/jazzy/share/rosidl_generator_c/cmake)
[0.396s] -- Found rosidl_generator_cpp: 4.6.9 (/opt/ros/jazzy/share/rosidl_generator_cpp/cmake)
[0.421s] -- Using all available rosidl_typesupport_c: rosidl_typesupport_fastrtps_c;rosidl_typesupport_introspection_c
[0.449s] -- Using all available rosidl_typesupport_cpp: rosidl_typesupport_fastrtps_cpp;rosidl_typesupport_introspection_cpp
[0.474s] -- Found geometry_msgs: 5.3.8 (/opt/ros/jazzy/share/geometry_msgs/cmake)
[0.528s] -- Found rosidl_default_generators: 1.6.1 (/opt/ros/jazzy/share/rosidl_default_generators/cmake)
[0.540s] -- Found rosidl_adapter: 4.6.9 (/opt/ros/jazzy/share/rosidl_adapter/cmake)
[0.937s] -- Found ament_cmake_ros: 0.12.1 (/opt/ros/jazzy/share/ament_cmake_ros/cmake)
[1.266s] -- Using all available rosidl_typesupport_c: rosidl_typesupport_fastrtps_c;rosidl_typesupport_introspection_c
[1.409s] -- Using all available rosidl_typesupport_cpp: rosidl_typesupport_fastrtps_cpp;rosidl_typesupport_introspection_cpp
[1.411s] -- Found python_cmake_module: 0.11.1 (/opt/ros/jazzy/share/python_cmake_module/cmake)
[1.845s] -- Found Python3: /usr/bin/python3 (found version "3.12.3") found components: Interpreter Development NumPy Development.Module Development.Embed 
[1.973s] -- Found Python3: /usr/bin/python3 (found version "3.12.3") found components: Interpreter 
[1.995s] -- Configuring done (1.9s)
[2.100s] -- Generating done (0.1s)
[2.115s] -- Build files have been written to: /home/youn/ROS/open_manipulator_ws/build/robotis_interfaces
[2.127s] Invoked command in '/home/youn/ROS/open_manipulator_ws/build/robotis_interfaces' returned '0': CMAKE_PREFIX_PATH=${CMAKE_PREFIX_PATH}:/home/youn/ROS/ros_workspace/install/ros_basic:/home/youn/ROS/ros_workspace/install/tf2_basic:/opt/ros/jazzy /usr/bin/cmake /home/youn/ROS/open_manipulator_ws/src/robotis_interfaces -DCMAKE_BUILD_TYPE=R -DAMENT_CMAKE_SYMLINK_INSTALL=1 -DCMAKE_INSTALL_PREFIX=/home/youn/ROS/open_manipulator_ws/install/robotis_interfaces
[2.128s] Invoking command in '/home/youn/ROS/open_manipulator_ws/build/robotis_interfaces': CMAKE_PREFIX_PATH=${CMAKE_PREFIX_PATH}:/home/youn/ROS/ros_workspace/install/ros_basic:/home/youn/ROS/ros_workspace/install/tf2_basic:/opt/ros/jazzy /usr/bin/cmake --build /home/youn/ROS/open_manipulator_ws/build/robotis_interfaces
[2.322s] [  1%] Built target robotis_interfaces__rs
[2.322s] [  3%] Built target robotis_interfaces__rosidl_generator_type_description
[2.322s] [  4%] [32mBuilding C object CMakeFiles/robotis_interfaces__rosidl_generator_c.dir/rosidl_generator_c/robotis_interfaces/msg/detail/hand_joints__description.c.o[0m
[2.323s] [  6%] [32mBuilding C object CMakeFiles/robotis_interfaces__rosidl_generator_c.dir/rosidl_generator_c/robotis_interfaces/msg/detail/hand_joints__functions.c.o[0m
[2.402s] [  7%] [32mBuilding C object CMakeFiles/robotis_interfaces__rosidl_generator_c.dir/rosidl_generator_c/robotis_interfaces/msg/detail/hand_joints__type_support.c.o[0m
[2.437s] [  9%] [32mBuilding C object CMakeFiles/robotis_interfaces__rosidl_generator_c.dir/rosidl_generator_c/robotis_interfaces/msg/detail/hand_pressures__description.c.o[0m
[2.500s] [ 10%] [32mBuilding C object CMakeFiles/robotis_interfaces__rosidl_generator_c.dir/rosidl_generator_c/robotis_interfaces/msg/detail/hand_pressures__functions.c.o[0m
[2.569s] [ 12%] [32mBuilding C object CMakeFiles/robotis_interfaces__rosidl_generator_c.dir/rosidl_generator_c/robotis_interfaces/msg/detail/hand_pressures__type_support.c.o[0m
[2.608s] [ 13%] [32mBuilding C object CMakeFiles/robotis_interfaces__rosidl_generator_c.dir/rosidl_generator_c/robotis_interfaces/msg/detail/move_l__description.c.o[0m
[2.675s] [ 15%] [32mBuilding C object CMakeFiles/robotis_interfaces__rosidl_generator_c.dir/rosidl_generator_c/robotis_interfaces/msg/detail/move_l__functions.c.o[0m
[2.732s] [ 16%] [32mBuilding C object CMakeFiles/robotis_interfaces__rosidl_generator_c.dir/rosidl_generator_c/robotis_interfaces/msg/detail/move_l__type_support.c.o[0m
[2.768s] [ 18%] [32mBuilding C object CMakeFiles/robotis_interfaces__rosidl_generator_c.dir/rosidl_generator_c/robotis_interfaces/msg/detail/tactile_sensor__description.c.o[0m
[2.825s] [ 20%] [32mBuilding C object CMakeFiles/robotis_interfaces__rosidl_generator_c.dir/rosidl_generator_c/robotis_interfaces/msg/detail/tactile_sensor__functions.c.o[0m
[2.897s] [ 21%] [32mBuilding C object CMakeFiles/robotis_interfaces__rosidl_generator_c.dir/rosidl_generator_c/robotis_interfaces/msg/detail/tactile_sensor__type_support.c.o[0m
[2.926s] [ 23%] [32m[1mLinking C shared library librobotis_interfaces__rosidl_generator_c.so[0m
[3.009s] [ 24%] Built target robotis_interfaces__rosidl_generator_c
[3.047s] [ 26%] [32mBuilding CXX object CMakeFiles/robotis_interfaces__rosidl_typesupport_fastrtps_c.dir/rosidl_typesupport_fastrtps_c/robotis_interfaces/msg/detail/hand_joints__type_support_c.cpp.o[0m
[3.701s] [ 27%] [32mBuilding CXX object CMakeFiles/robotis_interfaces__rosidl_typesupport_fastrtps_c.dir/rosidl_typesupport_fastrtps_c/robotis_interfaces/msg/detail/hand_pressures__type_support_c.cpp.o[0m
[4.230s] [ 29%] [32mBuilding CXX object CMakeFiles/robotis_interfaces__rosidl_typesupport_fastrtps_c.dir/rosidl_typesupport_fastrtps_c/robotis_interfaces/msg/detail/move_l__type_support_c.cpp.o[0m
[4.709s] [ 30%] [32mBuilding CXX object CMakeFiles/robotis_interfaces__rosidl_typesupport_fastrtps_c.dir/rosidl_typesupport_fastrtps_c/robotis_interfaces/msg/detail/tactile_sensor__type_support_c.cpp.o[0m
[5.233s] [ 32%] [32m[1mLinking CXX shared library librobotis_interfaces__rosidl_typesupport_fastrtps_c.so[0m
[5.400s] [ 33%] Built target robotis_interfaces__rosidl_typesupport_fastrtps_c
[5.428s] [ 35%] Built target robotis_interfaces__cpp
[5.465s] [ 36%] [32mBuilding CXX object CMakeFiles/robotis_interfaces__rosidl_typesupport_fastrtps_cpp.dir/rosidl_typesupport_fastrtps_cpp/robotis_interfaces/msg/detail/dds_fastrtps/hand_joints__type_support.cpp.o[0m
[6.078s] [ 38%] [32mBuilding CXX object CMakeFiles/robotis_interfaces__rosidl_typesupport_fastrtps_cpp.dir/rosidl_typesupport_fastrtps_cpp/robotis_interfaces/msg/detail/dds_fastrtps/hand_pressures__type_support.cpp.o[0m
[6.824s] [ 40%] [32mBuilding CXX object CMakeFiles/robotis_interfaces__rosidl_typesupport_fastrtps_cpp.dir/rosidl_typesupport_fastrtps_cpp/robotis_interfaces/msg/detail/dds_fastrtps/move_l__type_support.cpp.o[0m
[7.443s] [ 41%] [32mBuilding CXX object CMakeFiles/robotis_interfaces__rosidl_typesupport_fastrtps_cpp.dir/rosidl_typesupport_fastrtps_cpp/robotis_interfaces/msg/detail/dds_fastrtps/tactile_sensor__type_support.cpp.o[0m
[8.126s] [ 43%] [32m[1mLinking CXX shared library librobotis_interfaces__rosidl_typesupport_fastrtps_cpp.so[0m
[8.290s] [ 44%] Built target robotis_interfaces__rosidl_typesupport_fastrtps_cpp
[8.331s] [ 46%] [32mBuilding C object CMakeFiles/robotis_interfaces__rosidl_typesupport_introspection_c.dir/rosidl_typesupport_introspection_c/robotis_interfaces/msg/detail/hand_joints__type_support.c.o[0m
[8.392s] [ 47%] [32mBuilding C object CMakeFiles/robotis_interfaces__rosidl_typesupport_introspection_c.dir/rosidl_typesupport_introspection_c/robotis_interfaces/msg/detail/hand_pressures__type_support.c.o[0m
[8.447s] [ 49%] [32mBuilding C object CMakeFiles/robotis_interfaces__rosidl_typesupport_introspection_c.dir/rosidl_typesupport_introspection_c/robotis_interfaces/msg/detail/move_l__type_support.c.o[0m
[8.497s] [ 50%] [32mBuilding C object CMakeFiles/robotis_interfaces__rosidl_typesupport_introspection_c.dir/rosidl_typesupport_introspection_c/robotis_interfaces/msg/detail/tactile_sensor__type_support.c.o[0m
[8.547s] [ 52%] [32m[1mLinking C shared library librobotis_interfaces__rosidl_typesupport_introspection_c.so[0m
[8.624s] [ 53%] Built target robotis_interfaces__rosidl_typesupport_introspection_c
[8.652s] [ 55%] [32mBuilding CXX object CMakeFiles/robotis_interfaces__rosidl_typesupport_c.dir/rosidl_typesupport_c/robotis_interfaces/msg/hand_joints__type_support.cpp.o[0m
[8.710s] [ 56%] [32mBuilding CXX object CMakeFiles/robotis_interfaces__rosidl_typesupport_c.dir/rosidl_typesupport_c/robotis_interfaces/msg/hand_pressures__type_support.cpp.o[0m
[8.762s] [ 58%] [32mBuilding CXX object CMakeFiles/robotis_interfaces__rosidl_typesupport_c.dir/rosidl_typesupport_c/robotis_interfaces/msg/move_l__type_support.cpp.o[0m
[8.818s] [ 60%] [32mBuilding CXX object CMakeFiles/robotis_interfaces__rosidl_typesupport_c.dir/rosidl_typesupport_c/robotis_interfaces/msg/tactile_sensor__type_support.cpp.o[0m
[8.876s] [ 61%] [32m[1mLinking CXX shared library librobotis_interfaces__rosidl_typesupport_c.so[0m
[8.972s] [ 63%] Built target robotis_interfaces__rosidl_typesupport_c
[9.011s] [ 64%] [32mBuilding CXX object CMakeFiles/robotis_interfaces__rosidl_typesupport_introspection_cpp.dir/rosidl_typesupport_introspection_cpp/robotis_interfaces/msg/detail/hand_joints__type_support.cpp.o[0m
[9.431s] [ 66%] [32mBuilding CXX object CMakeFiles/robotis_interfaces__rosidl_typesupport_introspection_cpp.dir/rosidl_typesupport_introspection_cpp/robotis_interfaces/msg/detail/hand_pressures__type_support.cpp.o[0m
[9.848s] [ 67%] [32mBuilding CXX object CMakeFiles/robotis_interfaces__rosidl_typesupport_introspection_cpp.dir/rosidl_typesupport_introspection_cpp/robotis_interfaces/msg/detail/move_l__type_support.cpp.o[0m
[10.271s] [ 69%] [32mBuilding CXX object CMakeFiles/robotis_interfaces__rosidl_typesupport_introspection_cpp.dir/rosidl_typesupport_introspection_cpp/robotis_interfaces/msg/detail/tactile_sensor__type_support.cpp.o[0m
[10.661s] [ 70%] [32m[1mLinking CXX shared library librobotis_interfaces__rosidl_typesupport_introspection_cpp.so[0m
[10.789s] [ 72%] Built target robotis_interfaces__rosidl_typesupport_introspection_cpp
[10.820s] [ 73%] [32mBuilding CXX object CMakeFiles/robotis_interfaces__rosidl_typesupport_cpp.dir/rosidl_typesupport_cpp/robotis_interfaces/msg/hand_joints__type_support.cpp.o[0m
[11.181s] [ 75%] [32mBuilding CXX object CMakeFiles/robotis_interfaces__rosidl_typesupport_cpp.dir/rosidl_typesupport_cpp/robotis_interfaces/msg/hand_pressures__type_support.cpp.o[0m
[11.581s] [ 76%] [32mBuilding CXX object CMakeFiles/robotis_interfaces__rosidl_typesupport_cpp.dir/rosidl_typesupport_cpp/robotis_interfaces/msg/move_l__type_support.cpp.o[0m
[12.009s] [ 78%] [32mBuilding CXX object CMakeFiles/robotis_interfaces__rosidl_typesupport_cpp.dir/rosidl_typesupport_cpp/robotis_interfaces/msg/tactile_sensor__type_support.cpp.o[0m
[12.402s] [ 80%] [32m[1mLinking CXX shared library librobotis_interfaces__rosidl_typesupport_cpp.so[0m
[12.499s] [ 81%] Built target robotis_interfaces__rosidl_typesupport_cpp
[12.533s] [ 81%] Built target robotis_interfaces
[12.571s] [ 81%] Built target ament_cmake_python_symlink_robotis_interfaces
[12.865s] running egg_info
[12.884s] writing robotis_interfaces.egg-info/PKG-INFO
[12.884s] writing dependency_links to robotis_interfaces.egg-info/dependency_links.txt
[12.885s] writing top-level names to robotis_interfaces.egg-info/top_level.txt
[12.962s] reading manifest file 'robotis_interfaces.egg-info/SOURCES.txt'
[12.965s] writing manifest file 'robotis_interfaces.egg-info/SOURCES.txt'
[13.019s] [ 81%] Built target ament_cmake_python_build_robotis_interfaces_egg
[13.049s] [ 83%] [34m[1mGenerating Python code for ROS interfaces[0m
[14.052s] [ 83%] Built target robotis_interfaces__py
[14.084s] [ 84%] [32mBuilding C object CMakeFiles/robotis_interfaces__rosidl_generator_py.dir/rosidl_generator_py/robotis_interfaces/msg/_hand_joints_s.c.o[0m
[14.236s] [ 86%] [32mBuilding C object CMakeFiles/robotis_interfaces__rosidl_generator_py.dir/rosidl_generator_py/robotis_interfaces/msg/_hand_pressures_s.c.o[0m
[14.401s] [ 87%] [32mBuilding C object CMakeFiles/robotis_interfaces__rosidl_generator_py.dir/rosidl_generator_py/robotis_interfaces/msg/_move_l_s.c.o[0m
[14.532s] [ 89%] [32mBuilding C object CMakeFiles/robotis_interfaces__rosidl_generator_py.dir/rosidl_generator_py/robotis_interfaces/msg/_tactile_sensor_s.c.o[0m
[14.705s] [ 90%] [32m[1mLinking C shared library librobotis_interfaces__rosidl_generator_py.so[0m
[14.810s] [ 90%] Built target robotis_interfaces__rosidl_generator_py
[14.840s] [ 92%] [32mBuilding C object CMakeFiles/robotis_interfaces_s__rosidl_typesupport_fastrtps_c.dir/rosidl_generator_py/robotis_interfaces/_robotis_interfaces_s.ep.rosidl_typesupport_fastrtps_c.c.o[0m
[14.991s] [ 93%] [32m[1mLinking C shared module rosidl_generator_py/robotis_interfaces/robotis_interfaces_s__rosidl_typesupport_fastrtps_c.so[0m
[15.064s] [ 93%] Built target robotis_interfaces_s__rosidl_typesupport_fastrtps_c
[15.092s] [ 95%] [32mBuilding C object CMakeFiles/robotis_interfaces_s__rosidl_typesupport_introspection_c.dir/rosidl_generator_py/robotis_interfaces/_robotis_interfaces_s.ep.rosidl_typesupport_introspection_c.c.o[0m
[15.211s] [ 96%] [32m[1mLinking C shared module rosidl_generator_py/robotis_interfaces/robotis_interfaces_s__rosidl_typesupport_introspection_c.so[0m
[15.281s] [ 96%] Built target robotis_interfaces_s__rosidl_typesupport_introspection_c
[15.313s] [ 98%] [32mBuilding C object CMakeFiles/robotis_interfaces_s__rosidl_typesupport_c.dir/rosidl_generator_py/robotis_interfaces/_robotis_interfaces_s.ep.rosidl_typesupport_c.c.o[0m
[15.451s] [100%] [32m[1mLinking C shared module rosidl_generator_py/robotis_interfaces/robotis_interfaces_s__rosidl_typesupport_c.so[0m
[15.530s] [100%] Built target robotis_interfaces_s__rosidl_typesupport_c
[15.552s] Invoked command in '/home/youn/ROS/open_manipulator_ws/build/robotis_interfaces' returned '0': CMAKE_PREFIX_PATH=${CMAKE_PREFIX_PATH}:/home/youn/ROS/ros_workspace/install/ros_basic:/home/youn/ROS/ros_workspace/install/tf2_basic:/opt/ros/jazzy /usr/bin/cmake --build /home/youn/ROS/open_manipulator_ws/build/robotis_interfaces
[15.554s] Invoking command in '/home/youn/ROS/open_manipulator_ws/build/robotis_interfaces': CMAKE_PREFIX_PATH=${CMAKE_PREFIX_PATH}:/home/youn/ROS/ros_workspace/install/ros_basic:/home/youn/ROS/ros_workspace/install/tf2_basic:/opt/ros/jazzy /usr/bin/cmake --install /home/youn/ROS/open_manipulator_ws/build/robotis_interfaces
[15.568s] -- Install configuration: "R"
[15.568s] -- Execute custom install script
[15.570s] -- Symlinking: /home/youn/ROS/open_manipulator_ws/install/robotis_interfaces/share/ament_index/resource_index/rosidl_interfaces/robotis_interfaces
[15.580s] -- Symlinking: /home/youn/ROS/open_manipulator_ws/install/robotis_interfaces/share/robotis_interfaces/msg/HandJoints.json
[15.588s] -- Symlinking: /home/youn/ROS/open_manipulator_ws/install/robotis_interfaces/share/robotis_interfaces/msg/HandPressures.json
[15.602s] -- Symlinking: /home/youn/ROS/open_manipulator_ws/install/robotis_interfaces/share/robotis_interfaces/msg/MoveL.json
[15.613s] -- Symlinking: /home/youn/ROS/open_manipulator_ws/install/robotis_interfaces/share/robotis_interfaces/msg/TactileSensor.json
[15.623s] -- Symlinking: /home/youn/ROS/open_manipulator_ws/install/robotis_interfaces/include/robotis_interfaces/robotis_interfaces/msg/detail/hand_joints__functions.h
[15.639s] -- Symlinking: /home/youn/ROS/open_manipulator_ws/install/robotis_interfaces/include/robotis_interfaces/robotis_interfaces/msg/detail/hand_joints__struct.h
[15.649s] -- Symlinking: /home/youn/ROS/open_manipulator_ws/install/robotis_interfaces/include/robotis_interfaces/robotis_interfaces/msg/detail/hand_joints__type_support.h
[15.663s] -- Symlinking: /home/youn/ROS/open_manipulator_ws/install/robotis_interfaces/include/robotis_interfaces/robotis_interfaces/msg/detail/hand_pressures__functions.h
[15.674s] -- Symlinking: /home/youn/ROS/open_manipulator_ws/install/robotis_interfaces/include/robotis_interfaces/robotis_interfaces/msg/detail/hand_pressures__struct.h
[15.690s] -- Symlinking: /home/youn/ROS/open_manipulator_ws/install/robotis_interfaces/include/robotis_interfaces/robotis_interfaces/msg/detail/hand_pressures__type_support.h
[15.701s] -- Symlinking: /home/youn/ROS/open_manipulator_ws/install/robotis_interfaces/include/robotis_interfaces/robotis_interfaces/msg/detail/move_l__functions.h
[15.714s] -- Symlinking: /home/youn/ROS/open_manipulator_ws/install/robotis_interfaces/include/robotis_interfaces/robotis_interfaces/msg/detail/move_l__struct.h
[15.728s] -- Symlinking: /home/youn/ROS/open_manipulator_ws/install/robotis_interfaces/include/robotis_interfaces/robotis_interfaces/msg/detail/move_l__type_support.h
[15.741s] -- Symlinking: /home/youn/ROS/open_manipulator_ws/install/robotis_interfaces/include/robotis_interfaces/robotis_interfaces/msg/detail/tactile_sensor__functions.h
[15.755s] -- Symlinking: /home/youn/ROS/open_manipulator_ws/install/robotis_interfaces/include/robotis_interfaces/robotis_interfaces/msg/detail/tactile_sensor__struct.h
[15.770s] -- Symlinking: /home/youn/ROS/open_manipulator_ws/install/robotis_interfaces/include/robotis_interfaces/robotis_interfaces/msg/detail/tactile_sensor__type_support.h
[15.784s] -- Symlinking: /home/youn/ROS/open_manipulator_ws/install/robotis_interfaces/include/robotis_interfaces/robotis_interfaces/msg/hand_joints.h
[15.799s] -- Symlinking: /home/youn/ROS/open_manipulator_ws/install/robotis_interfaces/include/robotis_interfaces/robotis_interfaces/msg/hand_pressures.h
[15.814s] -- Symlinking: /home/youn/ROS/open_manipulator_ws/install/robotis_interfaces/include/robotis_interfaces/robotis_interfaces/msg/move_l.h
[15.829s] -- Symlinking: /home/youn/ROS/open_manipulator_ws/install/robotis_interfaces/include/robotis_interfaces/robotis_interfaces/msg/rosidl_generator_c__visibility_control.h
[15.843s] -- Symlinking: /home/youn/ROS/open_manipulator_ws/install/robotis_interfaces/include/robotis_interfaces/robotis_interfaces/msg/tactile_sensor.h
[15.858s] -- Symlinking: /home/youn/ROS/open_manipulator_ws/install/robotis_interfaces/share/robotis_interfaces/environment/library_path.sh
[15.874s] -- Symlinking: /home/youn/ROS/open_manipulator_ws/install/robotis_interfaces/share/robotis_interfaces/environment/library_path.dsv
[15.886s] -- Symlinking: /home/youn/ROS/open_manipulator_ws/install/robotis_interfaces/include/robotis_interfaces/robotis_interfaces/msg/detail/hand_joints__rosidl_typesupport_fastrtps_c.h
[15.899s] -- Symlinking: /home/youn/ROS/open_manipulator_ws/install/robotis_interfaces/include/robotis_interfaces/robotis_interfaces/msg/detail/hand_pressures__rosidl_typesupport_fastrtps_c.h
[15.909s] -- Symlinking: /home/youn/ROS/open_manipulator_ws/install/robotis_interfaces/include/robotis_interfaces/robotis_interfaces/msg/detail/move_l__rosidl_typesupport_fastrtps_c.h
[15.917s] -- Symlinking: /home/youn/ROS/open_manipulator_ws/install/robotis_interfaces/include/robotis_interfaces/robotis_interfaces/msg/detail/tactile_sensor__rosidl_typesupport_fastrtps_c.h
[15.929s] -- Symlinking: /home/youn/ROS/open_manipulator_ws/install/robotis_interfaces/include/robotis_interfaces/robotis_interfaces/msg/rosidl_typesupport_fastrtps_c__visibility_control.h
[15.945s] -- Symlinking: /home/youn/ROS/open_manipulator_ws/install/robotis_interfaces/include/robotis_interfaces/robotis_interfaces/msg/detail/hand_joints__builder.hpp
[15.957s] -- Symlinking: /home/youn/ROS/open_manipulator_ws/install/robotis_interfaces/include/robotis_interfaces/robotis_interfaces/msg/detail/hand_joints__struct.hpp
[15.969s] -- Symlinking: /home/youn/ROS/open_manipulator_ws/install/robotis_interfaces/include/robotis_interfaces/robotis_interfaces/msg/detail/hand_joints__traits.hpp
[15.979s] -- Symlinking: /home/youn/ROS/open_manipulator_ws/install/robotis_interfaces/include/robotis_interfaces/robotis_interfaces/msg/detail/hand_joints__type_support.hpp
[15.993s] -- Symlinking: /home/youn/ROS/open_manipulator_ws/install/robotis_interfaces/include/robotis_interfaces/robotis_interfaces/msg/detail/hand_pressures__builder.hpp
[16.008s] -- Symlinking: /home/youn/ROS/open_manipulator_ws/install/robotis_interfaces/include/robotis_interfaces/robotis_interfaces/msg/detail/hand_pressures__struct.hpp
[16.022s] -- Symlinking: /home/youn/ROS/open_manipulator_ws/install/robotis_interfaces/include/robotis_interfaces/robotis_interfaces/msg/detail/hand_pressures__traits.hpp
[16.034s] -- Symlinking: /home/youn/ROS/open_manipulator_ws/install/robotis_interfaces/include/robotis_interfaces/robotis_interfaces/msg/detail/hand_pressures__type_support.hpp
[16.042s] -- Symlinking: /home/youn/ROS/open_manipulator_ws/install/robotis_interfaces/include/robotis_interfaces/robotis_interfaces/msg/detail/move_l__builder.hpp
[16.056s] -- Symlinking: /home/youn/ROS/open_manipulator_ws/install/robotis_interfaces/include/robotis_interfaces/robotis_interfaces/msg/detail/move_l__struct.hpp
[16.066s] -- Symlinking: /home/youn/ROS/open_manipulator_ws/install/robotis_interfaces/include/robotis_interfaces/robotis_interfaces/msg/detail/move_l__traits.hpp
[16.073s] -- Symlinking: /home/youn/ROS/open_manipulator_ws/install/robotis_interfaces/include/robotis_interfaces/robotis_interfaces/msg/detail/move_l__type_support.hpp
[16.088s] -- Symlinking: /home/youn/ROS/open_manipulator_ws/install/robotis_interfaces/include/robotis_interfaces/robotis_interfaces/msg/detail/tactile_sensor__builder.hpp
[16.097s] -- Symlinking: /home/youn/ROS/open_manipulator_ws/install/robotis_interfaces/include/robotis_interfaces/robotis_interfaces/msg/detail/tactile_sensor__struct.hpp
[16.112s] -- Symlinking: /home/youn/ROS/open_manipulator_ws/install/robotis_interfaces/include/robotis_interfaces/robotis_interfaces/msg/detail/tactile_sensor__traits.hpp
[16.127s] -- Symlinking: /home/youn/ROS/open_manipulator_ws/install/robotis_interfaces/include/robotis_interfaces/robotis_interfaces/msg/detail/tactile_sensor__type_support.hpp
[16.142s] -- Symlinking: /home/youn/ROS/open_manipulator_ws/install/robotis_interfaces/include/robotis_interfaces/robotis_interfaces/msg/hand_joints.hpp
[16.151s] -- Symlinking: /home/youn/ROS/open_manipulator_ws/install/robotis_interfaces/include/robotis_interfaces/robotis_interfaces/msg/hand_pressures.hpp
[16.159s] -- Symlinking: /home/youn/ROS/open_manipulator_ws/install/robotis_interfaces/include/robotis_interfaces/robotis_interfaces/msg/move_l.hpp
[16.173s] -- Symlinking: /home/youn/ROS/open_manipulator_ws/install/robotis_interfaces/include/robotis_interfaces/robotis_interfaces/msg/rosidl_generator_cpp__visibility_control.hpp
[16.188s] -- Symlinking: /home/youn/ROS/open_manipulator_ws/install/robotis_interfaces/include/robotis_interfaces/robotis_interfaces/msg/tactile_sensor.hpp
[16.202s] -- Symlinking: /home/youn/ROS/open_manipulator_ws/install/robotis_interfaces/include/robotis_interfaces/robotis_interfaces/msg/detail/hand_joints__rosidl_typesupport_fastrtps_cpp.hpp
[16.217s] -- Symlinking: /home/youn/ROS/open_manipulator_ws/install/robotis_interfaces/include/robotis_interfaces/robotis_interfaces/msg/detail/hand_pressures__rosidl_typesupport_fastrtps_cpp.hpp
[16.230s] -- Symlinking: /home/youn/ROS/open_manipulator_ws/install/robotis_interfaces/include/robotis_interfaces/robotis_interfaces/msg/detail/move_l__rosidl_typesupport_fastrtps_cpp.hpp
[16.244s] -- Symlinking: /home/youn/ROS/open_manipulator_ws/install/robotis_interfaces/include/robotis_interfaces/robotis_interfaces/msg/detail/tactile_sensor__rosidl_typesupport_fastrtps_cpp.hpp
[16.257s] -- Symlinking: /home/youn/ROS/open_manipulator_ws/install/robotis_interfaces/include/robotis_interfaces/robotis_interfaces/msg/rosidl_typesupport_fastrtps_cpp__visibility_control.h
[16.267s] -- Symlinking: /home/youn/ROS/open_manipulator_ws/install/robotis_interfaces/include/robotis_interfaces/robotis_interfaces/msg/detail/hand_joints__rosidl_typesupport_introspection_c.h
[16.281s] -- Symlinking: /home/youn/ROS/open_manipulator_ws/install/robotis_interfaces/include/robotis_interfaces/robotis_interfaces/msg/detail/hand_pressures__rosidl_typesupport_introspection_c.h
[16.295s] -- Symlinking: /home/youn/ROS/open_manipulator_ws/install/robotis_interfaces/include/robotis_interfaces/robotis_interfaces/msg/detail/move_l__rosidl_typesupport_introspection_c.h
[16.310s] -- Symlinking: /home/youn/ROS/open_manipulator_ws/install/robotis_interfaces/include/robotis_interfaces/robotis_interfaces/msg/detail/tactile_sensor__rosidl_typesupport_introspection_c.h
[16.320s] -- Symlinking: /home/youn/ROS/open_manipulator_ws/install/robotis_interfaces/include/robotis_interfaces/robotis_interfaces/msg/rosidl_typesupport_introspection_c__visibility_control.h
[16.328s] -- Symlinking: /home/youn/ROS/open_manipulator_ws/install/robotis_interfaces/include/robotis_interfaces/robotis_interfaces/msg/detail/hand_joints__rosidl_typesupport_introspection_cpp.hpp
[16.340s] -- Symlinking: /home/youn/ROS/open_manipulator_ws/install/robotis_interfaces/include/robotis_interfaces/robotis_interfaces/msg/detail/hand_pressures__rosidl_typesupport_introspection_cpp.hpp
[16.352s] -- Symlinking: /home/youn/ROS/open_manipulator_ws/install/robotis_interfaces/include/robotis_interfaces/robotis_interfaces/msg/detail/move_l__rosidl_typesupport_introspection_cpp.hpp
[16.366s] -- Symlinking: /home/youn/ROS/open_manipulator_ws/install/robotis_interfaces/include/robotis_interfaces/robotis_interfaces/msg/detail/tactile_sensor__rosidl_typesupport_introspection_cpp.hpp
[16.378s] -- Symlinking: /home/youn/ROS/open_manipulator_ws/install/robotis_interfaces/share/robotis_interfaces/environment/pythonpath.sh
[16.388s] -- Symlinking: /home/youn/ROS/open_manipulator_ws/install/robotis_interfaces/share/robotis_interfaces/environment/pythonpath.dsv
[16.398s] -- Symlinking: /home/youn/ROS/open_manipulator_ws/install/robotis_interfaces/lib/python3.12/site-packages/robotis_interfaces-1.1.0-py3.12.egg-info/PKG-INFO
[16.411s] -- Symlinking: /home/youn/ROS/open_manipulator_ws/install/robotis_interfaces/lib/python3.12/site-packages/robotis_interfaces-1.1.0-py3.12.egg-info/SOURCES.txt
[16.420s] -- Symlinking: /home/youn/ROS/open_manipulator_ws/install/robotis_interfaces/lib/python3.12/site-packages/robotis_interfaces-1.1.0-py3.12.egg-info/dependency_links.txt
[16.437s] -- Symlinking: /home/youn/ROS/open_manipulator_ws/install/robotis_interfaces/lib/python3.12/site-packages/robotis_interfaces-1.1.0-py3.12.egg-info/top_level.txt
[16.449s] -- Symlinking: /home/youn/ROS/open_manipulator_ws/install/robotis_interfaces/lib/python3.12/site-packages/robotis_interfaces/__init__.py
[16.464s] -- Symlinking: /home/youn/ROS/open_manipulator_ws/install/robotis_interfaces/lib/python3.12/site-packages/robotis_interfaces/_robotis_interfaces_s.ep.rosidl_typesupport_c.c
[16.478s] -- Symlinking: /home/youn/ROS/open_manipulator_ws/install/robotis_interfaces/lib/python3.12/site-packages/robotis_interfaces/_robotis_interfaces_s.ep.rosidl_typesupport_fastrtps_c.c
[16.491s] -- Symlinking: /home/youn/ROS/open_manipulator_ws/install/robotis_interfaces/lib/python3.12/site-packages/robotis_interfaces/_robotis_interfaces_s.ep.rosidl_typesupport_introspection_c.c
[16.503s] -- Symlinking: /home/youn/ROS/open_manipulator_ws/install/robotis_interfaces/lib/python3.12/site-packages/robotis_interfaces/msg/__init__.py
[16.519s] -- Symlinking: /home/youn/ROS/open_manipulator_ws/install/robotis_interfaces/lib/python3.12/site-packages/robotis_interfaces/msg/_hand_joints.py
[16.533s] -- Symlinking: /home/youn/ROS/open_manipulator_ws/install/robotis_interfaces/lib/python3.12/site-packages/robotis_interfaces/msg/_hand_joints_s.c
[16.545s] -- Symlinking: /home/youn/ROS/open_manipulator_ws/install/robotis_interfaces/lib/python3.12/site-packages/robotis_interfaces/msg/_hand_pressures.py
[16.560s] -- Symlinking: /home/youn/ROS/open_manipulator_ws/install/robotis_interfaces/lib/python3.12/site-packages/robotis_interfaces/msg/_hand_pressures_s.c
[16.574s] -- Symlinking: /home/youn/ROS/open_manipulator_ws/install/robotis_interfaces/lib/python3.12/site-packages/robotis_interfaces/msg/_move_l.py
[16.588s] -- Symlinking: /home/youn/ROS/open_manipulator_ws/install/robotis_interfaces/lib/python3.12/site-packages/robotis_interfaces/msg/_move_l_s.c
[16.602s] -- Symlinking: /home/youn/ROS/open_manipulator_ws/install/robotis_interfaces/lib/python3.12/site-packages/robotis_interfaces/msg/_tactile_sensor.py
[16.617s] -- Symlinking: /home/youn/ROS/open_manipulator_ws/install/robotis_interfaces/lib/python3.12/site-packages/robotis_interfaces/msg/_tactile_sensor_s.c
[16.632s] -- Symlinking: /home/youn/ROS/open_manipulator_ws/install/robotis_interfaces/lib/python3.12/site-packages/robotis_interfaces/robotis_interfaces_s__rosidl_typesupport_c.so
[16.648s] -- Symlinking: /home/youn/ROS/open_manipulator_ws/install/robotis_interfaces/lib/python3.12/site-packages/robotis_interfaces/robotis_interfaces_s__rosidl_typesupport_fastrtps_c.so
[16.663s] -- Symlinking: /home/youn/ROS/open_manipulator_ws/install/robotis_interfaces/lib/python3.12/site-packages/robotis_interfaces/robotis_interfaces_s__rosidl_typesupport_introspection_c.so
[16.680s] -- Up-to-date symlink: /home/youn/ROS/open_manipulator_ws/install/robotis_interfaces/lib/python3.12/site-packages/robotis_interfaces/robotis_interfaces_s__rosidl_typesupport_fastrtps_c.so
[16.680s] -- Up-to-date symlink: /home/youn/ROS/open_manipulator_ws/install/robotis_interfaces/lib/python3.12/site-packages/robotis_interfaces/robotis_interfaces_s__rosidl_typesupport_introspection_c.so
[16.681s] -- Up-to-date symlink: /home/youn/ROS/open_manipulator_ws/install/robotis_interfaces/lib/python3.12/site-packages/robotis_interfaces/robotis_interfaces_s__rosidl_typesupport_c.so
[16.682s] -- Symlinking: /home/youn/ROS/open_manipulator_ws/install/robotis_interfaces/share/ament_index/resource_index/rust_packages/robotis_interfaces
[16.697s] -- Symlinking: /home/youn/ROS/open_manipulator_ws/install/robotis_interfaces/share/robotis_interfaces/rust/Cargo.toml
[16.705s] -- Symlinking: /home/youn/ROS/open_manipulator_ws/install/robotis_interfaces/share/robotis_interfaces/rust/build.rs
[16.716s] -- Symlinking: /home/youn/ROS/open_manipulator_ws/install/robotis_interfaces/share/robotis_interfaces/rust/src/lib.rs
[16.724s] -- Symlinking: /home/youn/ROS/open_manipulator_ws/install/robotis_interfaces/share/robotis_interfaces/rust/src/msg.rs
[16.739s] -- Symlinking: /home/youn/ROS/open_manipulator_ws/install/robotis_interfaces/share/robotis_interfaces/rust/src/msg/rmw.rs
[16.753s] -- Symlinking: /home/youn/ROS/open_manipulator_ws/install/robotis_interfaces/share/robotis_interfaces/msg/HandJoints.idl
[16.763s] -- Symlinking: /home/youn/ROS/open_manipulator_ws/install/robotis_interfaces/share/robotis_interfaces/msg/HandPressures.idl
[16.776s] -- Symlinking: /home/youn/ROS/open_manipulator_ws/install/robotis_interfaces/share/robotis_interfaces/msg/MoveL.idl
[16.785s] -- Symlinking: /home/youn/ROS/open_manipulator_ws/install/robotis_interfaces/share/robotis_interfaces/msg/TactileSensor.idl
[16.801s] -- Symlinking: /home/youn/ROS/open_manipulator_ws/install/robotis_interfaces/share/robotis_interfaces/msg/HandJoints.msg
[16.812s] -- Symlinking: /home/youn/ROS/open_manipulator_ws/install/robotis_interfaces/share/robotis_interfaces/msg/HandPressures.msg
[16.824s] -- Symlinking: /home/youn/ROS/open_manipulator_ws/install/robotis_interfaces/share/robotis_interfaces/msg/MoveL.msg
[16.836s] -- Symlinking: /home/youn/ROS/open_manipulator_ws/install/robotis_interfaces/share/robotis_interfaces/msg/TactileSensor.msg
[16.854s] -- Symlinking: /home/youn/ROS/open_manipulator_ws/install/robotis_interfaces/share/ament_index/resource_index/package_run_dependencies/robotis_interfaces
[16.867s] -- Symlinking: /home/youn/ROS/open_manipulator_ws/install/robotis_interfaces/share/ament_index/resource_index/parent_prefix_path/robotis_interfaces
[16.883s] -- Symlinking: /home/youn/ROS/open_manipulator_ws/install/robotis_interfaces/share/robotis_interfaces/environment/ament_prefix_path.sh
[16.898s] -- Symlinking: /home/youn/ROS/open_manipulator_ws/install/robotis_interfaces/share/robotis_interfaces/environment/ament_prefix_path.dsv
[16.914s] -- Symlinking: /home/youn/ROS/open_manipulator_ws/install/robotis_interfaces/share/robotis_interfaces/environment/path.sh
[16.925s] -- Symlinking: /home/youn/ROS/open_manipulator_ws/install/robotis_interfaces/share/robotis_interfaces/environment/path.dsv
[16.935s] -- Symlinking: /home/youn/ROS/open_manipulator_ws/install/robotis_interfaces/share/robotis_interfaces/local_setup.bash
[16.945s] -- Symlinking: /home/youn/ROS/open_manipulator_ws/install/robotis_interfaces/share/robotis_interfaces/local_setup.sh
[16.957s] -- Symlinking: /home/youn/ROS/open_manipulator_ws/install/robotis_interfaces/share/robotis_interfaces/local_setup.zsh
[16.964s] -- Symlinking: /home/youn/ROS/open_manipulator_ws/install/robotis_interfaces/share/robotis_interfaces/local_setup.dsv
[16.974s] -- Symlinking: /home/youn/ROS/open_manipulator_ws/install/robotis_interfaces/share/robotis_interfaces/package.dsv
[16.988s] -- Symlinking: /home/youn/ROS/open_manipulator_ws/install/robotis_interfaces/share/ament_index/resource_index/packages/robotis_interfaces
[17.004s] -- Symlinking: /home/youn/ROS/open_manipulator_ws/install/robotis_interfaces/share/robotis_interfaces/cmake/rosidl_cmake-extras.cmake
[17.019s] -- Symlinking: /home/youn/ROS/open_manipulator_ws/install/robotis_interfaces/share/robotis_interfaces/cmake/ament_cmake_export_dependencies-extras.cmake
[17.035s] -- Symlinking: /home/youn/ROS/open_manipulator_ws/install/robotis_interfaces/share/robotis_interfaces/cmake/ament_cmake_export_include_directories-extras.cmake
[17.049s] -- Symlinking: /home/youn/ROS/open_manipulator_ws/install/robotis_interfaces/share/robotis_interfaces/cmake/ament_cmake_export_libraries-extras.cmake
[17.063s] -- Symlinking: /home/youn/ROS/open_manipulator_ws/install/robotis_interfaces/share/robotis_interfaces/cmake/ament_cmake_export_targets-extras.cmake
[17.075s] -- Symlinking: /home/youn/ROS/open_manipulator_ws/install/robotis_interfaces/share/robotis_interfaces/cmake/rosidl_cmake_export_typesupport_targets-extras.cmake
[17.092s] -- Symlinking: /home/youn/ROS/open_manipulator_ws/install/robotis_interfaces/share/robotis_interfaces/cmake/rosidl_cmake_export_typesupport_libraries-extras.cmake
[17.105s] -- Symlinking: /home/youn/ROS/open_manipulator_ws/install/robotis_interfaces/share/robotis_interfaces/cmake/rosidl_cmake_aggregate_target-extras.cmake
[17.119s] -- Symlinking: /home/youn/ROS/open_manipulator_ws/install/robotis_interfaces/share/robotis_interfaces/cmake/robotis_interfacesConfig.cmake
[17.132s] -- Symlinking: /home/youn/ROS/open_manipulator_ws/install/robotis_interfaces/share/robotis_interfaces/cmake/robotis_interfacesConfig-version.cmake
[17.143s] -- Symlinking: /home/youn/ROS/open_manipulator_ws/install/robotis_interfaces/share/robotis_interfaces/package.xml
[17.160s] -- Installing: /home/youn/ROS/open_manipulator_ws/install/robotis_interfaces/lib/librobotis_interfaces__rosidl_generator_c.so
[17.160s] -- Set non-toolchain portion of runtime path of "/home/youn/ROS/open_manipulator_ws/install/robotis_interfaces/lib/librobotis_interfaces__rosidl_generator_c.so" to ""
[17.161s] -- Installing: /home/youn/ROS/open_manipulator_ws/install/robotis_interfaces/lib/librobotis_interfaces__rosidl_typesupport_fastrtps_c.so
[17.161s] -- Set non-toolchain portion of runtime path of "/home/youn/ROS/open_manipulator_ws/install/robotis_interfaces/lib/librobotis_interfaces__rosidl_typesupport_fastrtps_c.so" to ""
[17.161s] -- Installing: /home/youn/ROS/open_manipulator_ws/install/robotis_interfaces/lib/librobotis_interfaces__rosidl_typesupport_fastrtps_cpp.so
[17.162s] -- Set non-toolchain portion of runtime path of "/home/youn/ROS/open_manipulator_ws/install/robotis_interfaces/lib/librobotis_interfaces__rosidl_typesupport_fastrtps_cpp.so" to ""
[17.162s] -- Installing: /home/youn/ROS/open_manipulator_ws/install/robotis_interfaces/lib/librobotis_interfaces__rosidl_typesupport_introspection_c.so
[17.162s] -- Set non-toolchain portion of runtime path of "/home/youn/ROS/open_manipulator_ws/install/robotis_interfaces/lib/librobotis_interfaces__rosidl_typesupport_introspection_c.so" to ""
[17.162s] -- Installing: /home/youn/ROS/open_manipulator_ws/install/robotis_interfaces/lib/librobotis_interfaces__rosidl_typesupport_c.so
[17.163s] -- Set non-toolchain portion of runtime path of "/home/youn/ROS/open_manipulator_ws/install/robotis_interfaces/lib/librobotis_interfaces__rosidl_typesupport_c.so" to ""
[17.163s] -- Installing: /home/youn/ROS/open_manipulator_ws/install/robotis_interfaces/lib/librobotis_interfaces__rosidl_typesupport_introspection_cpp.so
[17.163s] -- Set non-toolchain portion of runtime path of "/home/youn/ROS/open_manipulator_ws/install/robotis_interfaces/lib/librobotis_interfaces__rosidl_typesupport_introspection_cpp.so" to ""
[17.163s] -- Installing: /home/youn/ROS/open_manipulator_ws/install/robotis_interfaces/lib/librobotis_interfaces__rosidl_typesupport_cpp.so
[17.164s] -- Set non-toolchain portion of runtime path of "/home/youn/ROS/open_manipulator_ws/install/robotis_interfaces/lib/librobotis_interfaces__rosidl_typesupport_cpp.so" to ""
[17.221s] Listing '/home/youn/ROS/open_manipulator_ws/install/robotis_interfaces/lib/python3.12/site-packages/robotis_interfaces'...
[17.221s] Compiling '/home/youn/ROS/open_manipulator_ws/install/robotis_interfaces/lib/python3.12/site-packages/robotis_interfaces/__init__.py'...
[17.221s] Listing '/home/youn/ROS/open_manipulator_ws/install/robotis_interfaces/lib/python3.12/site-packages/robotis_interfaces/msg'...
[17.221s] Compiling '/home/youn/ROS/open_manipulator_ws/install/robotis_interfaces/lib/python3.12/site-packages/robotis_interfaces/msg/__init__.py'...
[17.221s] Compiling '/home/youn/ROS/open_manipulator_ws/install/robotis_interfaces/lib/python3.12/site-packages/robotis_interfaces/msg/_hand_joints.py'...
[17.222s] Compiling '/home/youn/ROS/open_manipulator_ws/install/robotis_interfaces/lib/python3.12/site-packages/robotis_interfaces/msg/_hand_pressures.py'...
[17.222s] Compiling '/home/youn/ROS/open_manipulator_ws/install/robotis_interfaces/lib/python3.12/site-packages/robotis_interfaces/msg/_move_l.py'...
[17.222s] Compiling '/home/youn/ROS/open_manipulator_ws/install/robotis_interfaces/lib/python3.12/site-packages/robotis_interfaces/msg/_tactile_sensor.py'...
[17.231s] -- Installing: /home/youn/ROS/open_manipulator_ws/install/robotis_interfaces/lib/librobotis_interfaces__rosidl_generator_py.so
[17.232s] -- Set non-toolchain portion of runtime path of "/home/youn/ROS/open_manipulator_ws/install/robotis_interfaces/lib/librobotis_interfaces__rosidl_generator_py.so" to ""
[17.232s] -- Installing: /home/youn/ROS/open_manipulator_ws/install/robotis_interfaces/share/robotis_interfaces/cmake/export_robotis_interfaces__rosidl_generator_cExport.cmake
[17.233s] -- Installing: /home/youn/ROS/open_manipulator_ws/install/robotis_interfaces/share/robotis_interfaces/cmake/export_robotis_interfaces__rosidl_generator_cExport-r.cmake
[17.233s] -- Installing: /home/youn/ROS/open_manipulator_ws/install/robotis_interfaces/share/robotis_interfaces/cmake/export_robotis_interfaces__rosidl_typesupport_fastrtps_cExport.cmake
[17.233s] -- Installing: /home/youn/ROS/open_manipulator_ws/install/robotis_interfaces/share/robotis_interfaces/cmake/export_robotis_interfaces__rosidl_typesupport_fastrtps_cExport-r.cmake
[17.234s] -- Installing: /home/youn/ROS/open_manipulator_ws/install/robotis_interfaces/share/robotis_interfaces/cmake/export_robotis_interfaces__rosidl_generator_cppExport.cmake
[17.234s] -- Installing: /home/youn/ROS/open_manipulator_ws/install/robotis_interfaces/share/robotis_interfaces/cmake/export_robotis_interfaces__rosidl_typesupport_fastrtps_cppExport.cmake
[17.234s] -- Installing: /home/youn/ROS/open_manipulator_ws/install/robotis_interfaces/share/robotis_interfaces/cmake/export_robotis_interfaces__rosidl_typesupport_fastrtps_cppExport-r.cmake
[17.234s] -- Installing: /home/youn/ROS/open_manipulator_ws/install/robotis_interfaces/share/robotis_interfaces/cmake/robotis_interfaces__rosidl_typesupport_introspection_cExport.cmake
[17.235s] -- Installing: /home/youn/ROS/open_manipulator_ws/install/robotis_interfaces/share/robotis_interfaces/cmake/robotis_interfaces__rosidl_typesupport_introspection_cExport-r.cmake
[17.235s] -- Installing: /home/youn/ROS/open_manipulator_ws/install/robotis_interfaces/share/robotis_interfaces/cmake/robotis_interfaces__rosidl_typesupport_cExport.cmake
[17.235s] -- Installing: /home/youn/ROS/open_manipulator_ws/install/robotis_interfaces/share/robotis_interfaces/cmake/robotis_interfaces__rosidl_typesupport_cExport-r.cmake
[17.236s] -- Installing: /home/youn/ROS/open_manipulator_ws/install/robotis_interfaces/share/robotis_interfaces/cmake/robotis_interfaces__rosidl_typesupport_introspection_cppExport.cmake
[17.236s] -- Installing: /home/youn/ROS/open_manipulator_ws/install/robotis_interfaces/share/robotis_interfaces/cmake/robotis_interfaces__rosidl_typesupport_introspection_cppExport-r.cmake
[17.236s] -- Installing: /home/youn/ROS/open_manipulator_ws/install/robotis_interfaces/share/robotis_interfaces/cmake/robotis_interfaces__rosidl_typesupport_cppExport.cmake
[17.236s] -- Installing: /home/youn/ROS/open_manipulator_ws/install/robotis_interfaces/share/robotis_interfaces/cmake/robotis_interfaces__rosidl_typesupport_cppExport-r.cmake
[17.237s] -- Installing: /home/youn/ROS/open_manipulator_ws/install/robotis_interfaces/share/robotis_interfaces/cmake/export_robotis_interfaces__rosidl_generator_pyExport.cmake
[17.237s] -- Installing: /home/youn/ROS/open_manipulator_ws/install/robotis_interfaces/share/robotis_interfaces/cmake/export_robotis_interfaces__rosidl_generator_pyExport-r.cmake
[17.240s] Invoked command in '/home/youn/ROS/open_manipulator_ws/build/robotis_interfaces' returned '0': CMAKE_PREFIX_PATH=${CMAKE_PREFIX_PATH}:/home/youn/ROS/ros_workspace/install/ros_basic:/home/youn/ROS/ros_workspace/install/tf2_basic:/opt/ros/jazzy /usr/bin/cmake --install /home/youn/ROS/open_manipulator_ws/build/robotis_interfaces
