[1.926s] Invoking command in '/home/youn/ROS/open_manipulator_ws/build/open_manipulator_teleop': PYTHONPATH=/home/youn/ROS/open_manipulator_ws/build/open_manipulator_teleop/prefix_override:/usr/lib/python3/dist-packages/colcon_core/task/python/colcon_distutils_commands:/home/youn/ROS/open_manipulator_ws/install/open_manipulator_teleop/lib/python3.12/site-packages:${PYTHONPATH} /usr/bin/python3 -W ignore:setup.py install is deprecated -W ignore:easy_install command is deprecated setup.py develop --editable --build-directory /home/youn/ROS/open_manipulator_ws/build/open_manipulator_teleop/build --no-deps symlink_data
[2.373s] running develop
[2.634s] running egg_info
[2.664s] writing open_manipulator_teleop.egg-info/PKG-INFO
[2.665s] writing dependency_links to open_manipulator_teleop.egg-info/dependency_links.txt
[2.665s] writing entry points to open_manipulator_teleop.egg-info/entry_points.txt
[2.666s] writing requirements to open_manipulator_teleop.egg-info/requires.txt
[2.666s] writing top-level names to open_manipulator_teleop.egg-info/top_level.txt
[2.725s] reading manifest file 'open_manipulator_teleop.egg-info/SOURCES.txt'
[2.727s] writing manifest file 'open_manipulator_teleop.egg-info/SOURCES.txt'
[2.752s] running build_ext
[2.752s] Creating /home/youn/ROS/open_manipulator_ws/install/open_manipulator_teleop/lib/python3.12/site-packages/open-manipulator-teleop.egg-link (link to .)
[2.752s] Installing omx_f_teleop script to /home/youn/ROS/open_manipulator_ws/install/open_manipulator_teleop/lib/open_manipulator_teleop
[2.753s] Installing omy_3m_teleop script to /home/youn/ROS/open_manipulator_ws/install/open_manipulator_teleop/lib/open_manipulator_teleop
[2.753s] Installing omy_f3m_teleop script to /home/youn/ROS/open_manipulator_ws/install/open_manipulator_teleop/lib/open_manipulator_teleop
[2.753s] Installing open_manipulator_x_teleop script to /home/youn/ROS/open_manipulator_ws/install/open_manipulator_teleop/lib/open_manipulator_teleop
[2.753s] 
[2.753s] Installed /home/youn/ROS/open_manipulator_ws/build/open_manipulator_teleop
[2.754s] running symlink_data
[2.835s] Invoked command in '/home/youn/ROS/open_manipulator_ws/build/open_manipulator_teleop' returned '0': PYTHONPATH=/home/youn/ROS/open_manipulator_ws/build/open_manipulator_teleop/prefix_override:/usr/lib/python3/dist-packages/colcon_core/task/python/colcon_distutils_commands:/home/youn/ROS/open_manipulator_ws/install/open_manipulator_teleop/lib/python3.12/site-packages:${PYTHONPATH} /usr/bin/python3 -W ignore:setup.py install is deprecated -W ignore:easy_install command is deprecated setup.py develop --editable --build-directory /home/youn/ROS/open_manipulator_ws/build/open_manipulator_teleop/build --no-deps symlink_data
