[0.095s] Invoking command in '/home/youn/ROS/open_manipulator_ws/build/open_manipulator_playground': AMENT_PREFIX_PATH=/home/youn/ROS/open_manipulator_ws/install/robotis_interfaces:${AMENT_PREFIX_PATH} CMAKE_PREFIX_PATH=/home/youn/ROS/open_manipulator_ws/install/robotis_interfaces:/home/youn/ROS/ros_workspace/install/user_interface:/opt/ros/jazzy/opt/gz_sim_vendor:/opt/ros/jazzy/opt/gz_sensors_vendor:/opt/ros/jazzy/opt/gz_physics_vendor:/opt/ros/jazzy/opt/sdformat_vendor:/opt/ros/jazzy/opt/gz_gui_vendor:/opt/ros/jazzy/opt/gz_transport_vendor:/opt/ros/jazzy/opt/gz_rendering_vendor:/opt/ros/jazzy/opt/gz_plugin_vendor:/opt/ros/jazzy/opt/gz_fuel_tools_vendor:/opt/ros/jazzy/opt/gz_msgs_vendor:/opt/ros/jazzy/opt/gz_common_vendor:/opt/ros/jazzy/opt/gz_math_vendor:/opt/ros/jazzy/opt/gz_utils_vendor:/opt/ros/jazzy/opt/gz_tools_vendor:/opt/ros/jazzy/opt/gz_ogre_next_vendor:/opt/ros/jazzy/opt/gz_dartsim_vendor:/opt/ros/jazzy/opt/gz_cmake_vendor:/home/youn/ROS/ros_workspace/install/ros_basic:/home/youn/ROS/ros_workspace/install/tf2_basic:/opt/ros/jazzy LD_LIBRARY_PATH=/home/youn/ROS/open_manipulator_ws/install/robotis_interfaces/lib:${LD_LIBRARY_PATH} PYTHONPATH=/home/youn/ROS/open_manipulator_ws/install/robotis_interfaces/lib/python3.12/site-packages:${PYTHONPATH} /usr/bin/cmake --build /home/youn/ROS/open_manipulator_ws/build/open_manipulator_playground
[0.202s] [ 16%] [32mBuilding CXX object CMakeFiles/open_manipulator_x_hello_moveit.dir/src/open_manipulator_x_hello_moveit.cpp.o[0m
[12.300s] [ 33%] [32m[1mLinking CXX executable open_manipulator_x_hello_moveit[0m
[13.040s] [ 33%] Built target open_manipulator_x_hello_moveit
[13.083s] [ 50%] [32mBuilding CXX object CMakeFiles/omy_f3m_hello_moveit.dir/src/omy_f3m_hello_moveit.cpp.o[0m
[26.598s] [ 66%] [32m[1mLinking CXX executable omy_f3m_hello_moveit[0m
[27.019s] [ 66%] Built target omy_f3m_hello_moveit
[27.064s] [ 83%] [32mBuilding CXX object CMakeFiles/omy_3m_hello_moveit.dir/src/omy_3m_hello_moveit.cpp.o[0m
[36.429s] [100%] [32m[1mLinking CXX executable omy_3m_hello_moveit[0m
[36.850s] [100%] Built target omy_3m_hello_moveit
[36.869s] Invoked command in '/home/youn/ROS/open_manipulator_ws/build/open_manipulator_playground' returned '0': AMENT_PREFIX_PATH=/home/youn/ROS/open_manipulator_ws/install/robotis_interfaces:${AMENT_PREFIX_PATH} CMAKE_PREFIX_PATH=/home/youn/ROS/open_manipulator_ws/install/robotis_interfaces:/home/youn/ROS/ros_workspace/install/user_interface:/opt/ros/jazzy/opt/gz_sim_vendor:/opt/ros/jazzy/opt/gz_sensors_vendor:/opt/ros/jazzy/opt/gz_physics_vendor:/opt/ros/jazzy/opt/sdformat_vendor:/opt/ros/jazzy/opt/gz_gui_vendor:/opt/ros/jazzy/opt/gz_transport_vendor:/opt/ros/jazzy/opt/gz_rendering_vendor:/opt/ros/jazzy/opt/gz_plugin_vendor:/opt/ros/jazzy/opt/gz_fuel_tools_vendor:/opt/ros/jazzy/opt/gz_msgs_vendor:/opt/ros/jazzy/opt/gz_common_vendor:/opt/ros/jazzy/opt/gz_math_vendor:/opt/ros/jazzy/opt/gz_utils_vendor:/opt/ros/jazzy/opt/gz_tools_vendor:/opt/ros/jazzy/opt/gz_ogre_next_vendor:/opt/ros/jazzy/opt/gz_dartsim_vendor:/opt/ros/jazzy/opt/gz_cmake_vendor:/home/youn/ROS/ros_workspace/install/ros_basic:/home/youn/ROS/ros_workspace/install/tf2_basic:/opt/ros/jazzy LD_LIBRARY_PATH=/home/youn/ROS/open_manipulator_ws/install/robotis_interfaces/lib:${LD_LIBRARY_PATH} PYTHONPATH=/home/youn/ROS/open_manipulator_ws/install/robotis_interfaces/lib/python3.12/site-packages:${PYTHONPATH} /usr/bin/cmake --build /home/youn/ROS/open_manipulator_ws/build/open_manipulator_playground
[36.871s] Invoking command in '/home/youn/ROS/open_manipulator_ws/build/open_manipulator_playground': AMENT_PREFIX_PATH=/home/youn/ROS/open_manipulator_ws/install/robotis_interfaces:${AMENT_PREFIX_PATH} CMAKE_PREFIX_PATH=/home/youn/ROS/open_manipulator_ws/install/robotis_interfaces:/home/youn/ROS/ros_workspace/install/user_interface:/opt/ros/jazzy/opt/gz_sim_vendor:/opt/ros/jazzy/opt/gz_sensors_vendor:/opt/ros/jazzy/opt/gz_physics_vendor:/opt/ros/jazzy/opt/sdformat_vendor:/opt/ros/jazzy/opt/gz_gui_vendor:/opt/ros/jazzy/opt/gz_transport_vendor:/opt/ros/jazzy/opt/gz_rendering_vendor:/opt/ros/jazzy/opt/gz_plugin_vendor:/opt/ros/jazzy/opt/gz_fuel_tools_vendor:/opt/ros/jazzy/opt/gz_msgs_vendor:/opt/ros/jazzy/opt/gz_common_vendor:/opt/ros/jazzy/opt/gz_math_vendor:/opt/ros/jazzy/opt/gz_utils_vendor:/opt/ros/jazzy/opt/gz_tools_vendor:/opt/ros/jazzy/opt/gz_ogre_next_vendor:/opt/ros/jazzy/opt/gz_dartsim_vendor:/opt/ros/jazzy/opt/gz_cmake_vendor:/home/youn/ROS/ros_workspace/install/ros_basic:/home/youn/ROS/ros_workspace/install/tf2_basic:/opt/ros/jazzy LD_LIBRARY_PATH=/home/youn/ROS/open_manipulator_ws/install/robotis_interfaces/lib:${LD_LIBRARY_PATH} PYTHONPATH=/home/youn/ROS/open_manipulator_ws/install/robotis_interfaces/lib/python3.12/site-packages:${PYTHONPATH} /usr/bin/cmake --install /home/youn/ROS/open_manipulator_ws/build/open_manipulator_playground
[36.881s] -- Install configuration: "Release"
[36.882s] -- Execute custom install script
[36.884s] -- Symlinking: /home/youn/ROS/open_manipulator_ws/install/open_manipulator_playground/include/open_manipulator_playground/omy_3m_hello_moveit.h
[36.894s] -- Symlinking: /home/youn/ROS/open_manipulator_ws/install/open_manipulator_playground/include/open_manipulator_playground/omy_f3m_hello_moveit.h
[36.904s] -- Symlinking: /home/youn/ROS/open_manipulator_ws/install/open_manipulator_playground/include/open_manipulator_playground/open_manipulator_x_hello_moveit.h
[36.916s] -- Symlinking: /home/youn/ROS/open_manipulator_ws/install/open_manipulator_playground/lib/open_manipulator_playground/shape_detector_node.py
[36.928s] -- Symlinking: /home/youn/ROS/open_manipulator_ws/install/open_manipulator_playground/lib/open_manipulator_playground/omx_trajectory_controller_node.py
[36.941s] -- Symlinking: /home/youn/ROS/open_manipulator_ws/install/open_manipulator_playground/share/open_manipulator_playground/launch/omx_drawing.launch.py
[36.950s] -- Symlinking: /home/youn/ROS/open_manipulator_ws/install/open_manipulator_playground/share/open_manipulator_playground/images/square.png
[36.960s] -- Symlinking: /home/youn/ROS/open_manipulator_ws/install/open_manipulator_playground/share/ament_index/resource_index/package_run_dependencies/open_manipulator_playground
[36.973s] -- Symlinking: /home/youn/ROS/open_manipulator_ws/install/open_manipulator_playground/share/ament_index/resource_index/parent_prefix_path/open_manipulator_playground
[36.986s] -- Symlinking: /home/youn/ROS/open_manipulator_ws/install/open_manipulator_playground/share/open_manipulator_playground/environment/ament_prefix_path.sh
[37.002s] -- Symlinking: /home/youn/ROS/open_manipulator_ws/install/open_manipulator_playground/share/open_manipulator_playground/environment/ament_prefix_path.dsv
[37.012s] -- Symlinking: /home/youn/ROS/open_manipulator_ws/install/open_manipulator_playground/share/open_manipulator_playground/environment/path.sh
[37.027s] -- Symlinking: /home/youn/ROS/open_manipulator_ws/install/open_manipulator_playground/share/open_manipulator_playground/environment/path.dsv
[37.041s] -- Symlinking: /home/youn/ROS/open_manipulator_ws/install/open_manipulator_playground/share/open_manipulator_playground/local_setup.bash
[37.050s] -- Symlinking: /home/youn/ROS/open_manipulator_ws/install/open_manipulator_playground/share/open_manipulator_playground/local_setup.sh
[37.059s] -- Symlinking: /home/youn/ROS/open_manipulator_ws/install/open_manipulator_playground/share/open_manipulator_playground/local_setup.zsh
[37.071s] -- Symlinking: /home/youn/ROS/open_manipulator_ws/install/open_manipulator_playground/share/open_manipulator_playground/local_setup.dsv
[37.080s] -- Symlinking: /home/youn/ROS/open_manipulator_ws/install/open_manipulator_playground/share/open_manipulator_playground/package.dsv
[37.091s] -- Symlinking: /home/youn/ROS/open_manipulator_ws/install/open_manipulator_playground/share/ament_index/resource_index/packages/open_manipulator_playground
[37.101s] -- Symlinking: /home/youn/ROS/open_manipulator_ws/install/open_manipulator_playground/share/open_manipulator_playground/cmake/ament_cmake_export_include_directories-extras.cmake
[37.113s] -- Symlinking: /home/youn/ROS/open_manipulator_ws/install/open_manipulator_playground/share/open_manipulator_playground/cmake/ament_cmake_export_targets-extras.cmake
[37.127s] -- Symlinking: /home/youn/ROS/open_manipulator_ws/install/open_manipulator_playground/share/open_manipulator_playground/cmake/open_manipulator_playgroundConfig.cmake
[37.140s] -- Symlinking: /home/youn/ROS/open_manipulator_ws/install/open_manipulator_playground/share/open_manipulator_playground/cmake/open_manipulator_playgroundConfig-version.cmake
[37.152s] -- Symlinking: /home/youn/ROS/open_manipulator_ws/install/open_manipulator_playground/share/open_manipulator_playground/package.xml
[37.168s] -- Installing: /home/youn/ROS/open_manipulator_ws/install/open_manipulator_playground/lib/open_manipulator_playground/open_manipulator_x_hello_moveit
[37.169s] -- Set non-toolchain portion of runtime path of "/home/youn/ROS/open_manipulator_ws/install/open_manipulator_playground/lib/open_manipulator_playground/open_manipulator_x_hello_moveit" to ""
[37.169s] -- Installing: /home/youn/ROS/open_manipulator_ws/install/open_manipulator_playground/lib/open_manipulator_playground/omy_f3m_hello_moveit
[37.170s] -- Set non-toolchain portion of runtime path of "/home/youn/ROS/open_manipulator_ws/install/open_manipulator_playground/lib/open_manipulator_playground/omy_f3m_hello_moveit" to ""
[37.170s] -- Installing: /home/youn/ROS/open_manipulator_ws/install/open_manipulator_playground/lib/open_manipulator_playground/omy_3m_hello_moveit
[37.170s] -- Set non-toolchain portion of runtime path of "/home/youn/ROS/open_manipulator_ws/install/open_manipulator_playground/lib/open_manipulator_playground/omy_3m_hello_moveit" to ""
[37.181s] -- Installing: /home/youn/ROS/open_manipulator_ws/install/open_manipulator_playground/share/open_manipulator_playground/cmake/export_open_manipulator_playgroundExport.cmake
[37.182s] -- Installing: /home/youn/ROS/open_manipulator_ws/install/open_manipulator_playground/share/open_manipulator_playground/cmake/export_open_manipulator_playgroundExport-release.cmake
[37.185s] Invoked command in '/home/youn/ROS/open_manipulator_ws/build/open_manipulator_playground' returned '0': AMENT_PREFIX_PATH=/home/youn/ROS/open_manipulator_ws/install/robotis_interfaces:${AMENT_PREFIX_PATH} CMAKE_PREFIX_PATH=/home/youn/ROS/open_manipulator_ws/install/robotis_interfaces:/home/youn/ROS/ros_workspace/install/user_interface:/opt/ros/jazzy/opt/gz_sim_vendor:/opt/ros/jazzy/opt/gz_sensors_vendor:/opt/ros/jazzy/opt/gz_physics_vendor:/opt/ros/jazzy/opt/sdformat_vendor:/opt/ros/jazzy/opt/gz_gui_vendor:/opt/ros/jazzy/opt/gz_transport_vendor:/opt/ros/jazzy/opt/gz_rendering_vendor:/opt/ros/jazzy/opt/gz_plugin_vendor:/opt/ros/jazzy/opt/gz_fuel_tools_vendor:/opt/ros/jazzy/opt/gz_msgs_vendor:/opt/ros/jazzy/opt/gz_common_vendor:/opt/ros/jazzy/opt/gz_math_vendor:/opt/ros/jazzy/opt/gz_utils_vendor:/opt/ros/jazzy/opt/gz_tools_vendor:/opt/ros/jazzy/opt/gz_ogre_next_vendor:/opt/ros/jazzy/opt/gz_dartsim_vendor:/opt/ros/jazzy/opt/gz_cmake_vendor:/home/youn/ROS/ros_workspace/install/ros_basic:/home/youn/ROS/ros_workspace/install/tf2_basic:/opt/ros/jazzy LD_LIBRARY_PATH=/home/youn/ROS/open_manipulator_ws/install/robotis_interfaces/lib:${LD_LIBRARY_PATH} PYTHONPATH=/home/youn/ROS/open_manipulator_ws/install/robotis_interfaces/lib/python3.12/site-packages:${PYTHONPATH} /usr/bin/cmake --install /home/youn/ROS/open_manipulator_ws/build/open_manipulator_playground
