[ 14%] Built target copy_ui_headers
[ 14%] Built target omx_f_gui_node_autogen_timestamp_deps
[ 14%] Built target open_manipulator_x_gui_node_autogen_timestamp_deps
[ 14%] Built target omy_f3m_gui_node_autogen_timestamp_deps
[ 14%] Built target omy_3m_gui_node_autogen_timestamp_deps
[ 16%] Built target omx_f_gui_node_autogen
[ 17%] Built target omy_3m_gui_node_autogen
[ 19%] Built target omy_f3m_gui_node_autogen
[ 21%] Built target open_manipulator_x_gui_node_autogen
[ 23%] [32mBuilding CXX object CMakeFiles/omx_f_gui_node.dir/src/omx_f/main.cpp.o[0m
[ 25%] [32mBuilding CXX object CMakeFiles/omx_f_gui_node.dir/include/omx_f_gui/moc_qnode.cpp.o[0m
[ 26%] [32mBuilding CXX object CMakeFiles/omx_f_gui_node.dir/include/omx_f_gui/moc_main_window.cpp.o[0m
[ 28%] [32mBuilding CXX object CMakeFiles/omx_f_gui_node.dir/src/omx_f/qnode.cpp.o[0m
[ 30%] [32mBuilding CXX object CMakeFiles/omx_f_gui_node.dir/src/omx_f/main_window.cpp.o[0m
[ 32%] [32mBuilding CXX object CMakeFiles/omy_3m_gui_node.dir/src/omy_3m/qnode.cpp.o[0m
[ 33%] [32mBuilding CXX object CMakeFiles/omy_3m_gui_node.dir/src/omy_3m/main.cpp.o[0m
[ 35%] [32mBuilding CXX object CMakeFiles/omy_3m_gui_node.dir/src/omy_3m/main_window.cpp.o[0m
[ 37%] [32mBuilding CXX object CMakeFiles/omy_3m_gui_node.dir/include/omy_3m_gui/moc_qnode.cpp.o[0m
[ 39%] [32mBuilding CXX object CMakeFiles/omy_3m_gui_node.dir/include/omy_3m_gui/moc_main_window.cpp.o[0m
[ 41%] [32mBuilding CXX object CMakeFiles/omy_f3m_gui_node.dir/src/omy_f3m/qnode.cpp.o[0m
[ 42%] [32mBuilding CXX object CMakeFiles/omy_f3m_gui_node.dir/src/omy_f3m/main_window.cpp.o[0m
[ 44%] [32mBuilding CXX object CMakeFiles/omy_f3m_gui_node.dir/src/omy_f3m/main.cpp.o[0m
[ 46%] [32mBuilding CXX object CMakeFiles/open_manipulator_x_gui_node.dir/src/open_manipulator_x/main.cpp.o[0m
gmake[2]: *** [CMakeFiles/omx_f_gui_node.dir/build.make:109: CMakeFiles/omx_f_gui_node.dir/src/omx_f/main.cpp.o] Interrupt
gmake[2]: *** [CMakeFiles/omx_f_gui_node.dir/build.make:123: CMakeFiles/omx_f_gui_node.dir/src/omx_f/main_window.cpp.o] Interrupt
gmake[2]: *** [CMakeFiles/omx_f_gui_node.dir/build.make:165: CMakeFiles/omx_f_gui_node.dir/include/omx_f_gui/moc_qnode.cpp.o] Interrupt
gmake[2]: *** [CMakeFiles/omx_f_gui_node.dir/build.make:137: CMakeFiles/omx_f_gui_node.dir/src/omx_f/qnode.cpp.o] Interrupt
gmake[2]: *** [CMakeFiles/omx_f_gui_node.dir/build.make:151: CMakeFiles/omx_f_gui_node.dir/include/omx_f_gui/moc_main_window.cpp.o] Interrupt
gmake[2]: *** [CMakeFiles/omy_3m_gui_node.dir/build.make:137: CMakeFiles/omy_3m_gui_node.dir/src/omy_3m/qnode.cpp.o] Interrupt
gmake[2]: *** [CMakeFiles/omy_3m_gui_node.dir/build.make:109: CMakeFiles/omy_3m_gui_node.dir/src/omy_3m/main.cpp.o] Interrupt
gmake[2]: *** [CMakeFiles/omy_3m_gui_node.dir/build.make:165: CMakeFiles/omy_3m_gui_node.dir/include/omy_3m_gui/moc_qnode.cpp.o] Interrupt
gmake[2]: *** [CMakeFiles/omy_3m_gui_node.dir/build.make:123: CMakeFiles/omy_3m_gui_node.dir/src/omy_3m/main_window.cpp.o] Interrupt
gmake[2]: *** [CMakeFiles/omy_3m_gui_node.dir/build.make:151: CMakeFiles/omy_3m_gui_node.dir/include/omy_3m_gui/moc_main_window.cpp.o] Interrupt
gmake[2]: *** [CMakeFiles/open_manipulator_x_gui_node.dir/build.make:109: CMakeFiles/open_manipulator_x_gui_node.dir/src/open_manipulator_x/main.cpp.o] Interrupt
gmake[2]: *** [CMakeFiles/omy_f3m_gui_node.dir/build.make:137: CMakeFiles/omy_f3m_gui_node.dir/src/omy_f3m/qnode.cpp.o] Interrupt
gmake[2]: *** [CMakeFiles/omy_f3m_gui_node.dir/build.make:123: CMakeFiles/omy_f3m_gui_node.dir/src/omy_f3m/main_window.cpp.o] Interrupt
gmake[2]: *** [CMakeFiles/omy_f3m_gui_node.dir/build.make:109: CMakeFiles/omy_f3m_gui_node.dir/src/omy_f3m/main.cpp.o] Interrupt
gmake[1]: *** [CMakeFiles/Makefile2:239: CMakeFiles/omx_f_gui_node.dir/all] Interrupt
gmake[1]: *** [CMakeFiles/Makefile2:183: CMakeFiles/omy_3m_gui_node.dir/all] Interrupt
gmake[1]: *** [CMakeFiles/Makefile2:211: CMakeFiles/omy_f3m_gui_node.dir/all] Interrupt
gmake[1]: *** [CMakeFiles/Makefile2:155: CMakeFiles/open_manipulator_x_gui_node.dir/all] Interrupt
gmake: *** [Makefile:146: all] Interrupt
