[0.040s] Invoking command in '/home/youn/ROS/open_manipulator_ws/build/open_manipulator_gui': CMAKE_PREFIX_PATH=${CMAKE_PREFIX_PATH}:/home/youn/ROS/ros_workspace/install/ros_basic:/home/youn/ROS/ros_workspace/install/tf2_basic:/opt/ros/jazzy /usr/bin/cmake --build /home/youn/ROS/open_manipulator_ws/build/open_manipulator_gui -- -j14 -l14
[0.499s] [ 14%] Built target copy_ui_headers
[0.502s] [ 14%] Built target omx_f_gui_node_autogen_timestamp_deps
[0.502s] [ 14%] Built target open_manipulator_x_gui_node_autogen_timestamp_deps
[0.506s] [ 14%] Built target omy_f3m_gui_node_autogen_timestamp_deps
[0.506s] [ 14%] Built target omy_3m_gui_node_autogen_timestamp_deps
[0.506s] [ 16%] Built target omx_f_gui_node_autogen
[0.506s] [ 17%] Built target omy_3m_gui_node_autogen
[0.507s] [ 19%] Built target omy_f3m_gui_node_autogen
[0.507s] [ 21%] Built target open_manipulator_x_gui_node_autogen
[0.542s] [ 23%] [32mBuilding CXX object CMakeFiles/omx_f_gui_node.dir/src/omx_f/main.cpp.o[0m
[0.551s] [ 25%] [32mBuilding CXX object CMakeFiles/omx_f_gui_node.dir/include/omx_f_gui/moc_qnode.cpp.o[0m
[0.552s] [ 26%] [32mBuilding CXX object CMakeFiles/omx_f_gui_node.dir/include/omx_f_gui/moc_main_window.cpp.o[0m
[0.553s] [ 28%] [32mBuilding CXX object CMakeFiles/omx_f_gui_node.dir/src/omx_f/qnode.cpp.o[0m
[0.555s] [ 30%] [32mBuilding CXX object CMakeFiles/omx_f_gui_node.dir/src/omx_f/main_window.cpp.o[0m
[0.583s] [ 32%] [32mBuilding CXX object CMakeFiles/omy_3m_gui_node.dir/src/omy_3m/qnode.cpp.o[0m
[0.590s] [ 33%] [32mBuilding CXX object CMakeFiles/omy_3m_gui_node.dir/src/omy_3m/main.cpp.o[0m
[0.590s] [ 35%] [32mBuilding CXX object CMakeFiles/omy_3m_gui_node.dir/src/omy_3m/main_window.cpp.o[0m
[0.590s] [ 37%] [32mBuilding CXX object CMakeFiles/omy_3m_gui_node.dir/include/omy_3m_gui/moc_qnode.cpp.o[0m
[0.607s] [ 39%] [32mBuilding CXX object CMakeFiles/omy_3m_gui_node.dir/include/omy_3m_gui/moc_main_window.cpp.o[0m
[0.614s] [ 41%] [32mBuilding CXX object CMakeFiles/omy_f3m_gui_node.dir/src/omy_f3m/qnode.cpp.o[0m
[0.614s] [ 42%] [32mBuilding CXX object CMakeFiles/omy_f3m_gui_node.dir/src/omy_f3m/main_window.cpp.o[0m
[0.617s] [ 44%] [32mBuilding CXX object CMakeFiles/omy_f3m_gui_node.dir/src/omy_f3m/main.cpp.o[0m
[0.775s] [ 46%] [32mBuilding CXX object CMakeFiles/open_manipulator_x_gui_node.dir/src/open_manipulator_x/main.cpp.o[0m
[19.749s] gmake[2]: *** [CMakeFiles/omx_f_gui_node.dir/build.make:109: CMakeFiles/omx_f_gui_node.dir/src/omx_f/main.cpp.o] Interrupt
[19.784s] gmake[2]: *** [CMakeFiles/omx_f_gui_node.dir/build.make:123: CMakeFiles/omx_f_gui_node.dir/src/omx_f/main_window.cpp.o] Interrupt
[19.784s] gmake[2]: *** [CMakeFiles/omx_f_gui_node.dir/build.make:165: CMakeFiles/omx_f_gui_node.dir/include/omx_f_gui/moc_qnode.cpp.o] Interrupt
[19.784s] gmake[2]: *** [CMakeFiles/omx_f_gui_node.dir/build.make:137: CMakeFiles/omx_f_gui_node.dir/src/omx_f/qnode.cpp.o] Interrupt
[19.784s] gmake[2]: *** [CMakeFiles/omx_f_gui_node.dir/build.make:151: CMakeFiles/omx_f_gui_node.dir/include/omx_f_gui/moc_main_window.cpp.o] Interrupt
[19.784s] gmake[2]: *** [CMakeFiles/omy_3m_gui_node.dir/build.make:137: CMakeFiles/omy_3m_gui_node.dir/src/omy_3m/qnode.cpp.o] Interrupt
[19.784s] gmake[2]: *** [CMakeFiles/omy_3m_gui_node.dir/build.make:109: CMakeFiles/omy_3m_gui_node.dir/src/omy_3m/main.cpp.o] Interrupt
[19.784s] gmake[2]: *** [CMakeFiles/omy_3m_gui_node.dir/build.make:165: CMakeFiles/omy_3m_gui_node.dir/include/omy_3m_gui/moc_qnode.cpp.o] Interrupt
[19.784s] gmake[2]: *** [CMakeFiles/omy_3m_gui_node.dir/build.make:123: CMakeFiles/omy_3m_gui_node.dir/src/omy_3m/main_window.cpp.o] Interrupt
[19.784s] gmake[2]: *** [CMakeFiles/omy_3m_gui_node.dir/build.make:151: CMakeFiles/omy_3m_gui_node.dir/include/omy_3m_gui/moc_main_window.cpp.o] Interrupt
[19.784s] gmake[2]: *** [CMakeFiles/open_manipulator_x_gui_node.dir/build.make:109: CMakeFiles/open_manipulator_x_gui_node.dir/src/open_manipulator_x/main.cpp.o] Interrupt
[19.784s] gmake[2]: *** [CMakeFiles/omy_f3m_gui_node.dir/build.make:137: CMakeFiles/omy_f3m_gui_node.dir/src/omy_f3m/qnode.cpp.o] Interrupt
[19.784s] gmake[2]: *** [CMakeFiles/omy_f3m_gui_node.dir/build.make:123: CMakeFiles/omy_f3m_gui_node.dir/src/omy_f3m/main_window.cpp.o] Interrupt
[19.784s] gmake[2]: *** [CMakeFiles/omy_f3m_gui_node.dir/build.make:109: CMakeFiles/omy_f3m_gui_node.dir/src/omy_f3m/main.cpp.o] Interrupt
[19.784s] gmake[1]: *** [CMakeFiles/Makefile2:239: CMakeFiles/omx_f_gui_node.dir/all] Interrupt
[19.784s] gmake[1]: *** [CMakeFiles/Makefile2:183: CMakeFiles/omy_3m_gui_node.dir/all] Interrupt
[19.784s] gmake[1]: *** [CMakeFiles/Makefile2:211: CMakeFiles/omy_f3m_gui_node.dir/all] Interrupt
[19.784s] gmake[1]: *** [CMakeFiles/Makefile2:155: CMakeFiles/open_manipulator_x_gui_node.dir/all] Interrupt
[19.784s] gmake: *** [Makefile:146: all] Interrupt
