[0.007s] Invoking command in '/home/youn/ROS/open_manipulator_ws/build/open_manipulator_description': CMAKE_PREFIX_PATH=${CMAKE_PREFIX_PATH}:/home/youn/ROS/ros_workspace/open_manipulator_ws/install/open_manipulator_teleop:/home/youn/ROS/ros_workspace/open_manipulator_ws/install/open_manipulator_bringup:/home/youn/ROS/ros_workspace/install/open_manipulator_teleop:/home/youn/ROS/ros_workspace/install/ros_basic:/home/youn/ROS/ros_workspace/install/gong_basic:/home/youn/ROS/ros_workspace/install/tf2_basic:/opt/ros/jazzy /usr/bin/cmake --build /home/youn/ROS/open_manipulator_ws/build/open_manipulator_description -- -j14 -l14
[0.037s] Invoked command in '/home/youn/ROS/open_manipulator_ws/build/open_manipulator_description' returned '0': CMAKE_PREFIX_PATH=${CMAKE_PREFIX_PATH}:/home/youn/ROS/ros_workspace/open_manipulator_ws/install/open_manipulator_teleop:/home/youn/ROS/ros_workspace/open_manipulator_ws/install/open_manipulator_bringup:/home/youn/ROS/ros_workspace/install/open_manipulator_teleop:/home/youn/ROS/ros_workspace/install/ros_basic:/home/youn/ROS/ros_workspace/install/gong_basic:/home/youn/ROS/ros_workspace/install/tf2_basic:/opt/ros/jazzy /usr/bin/cmake --build /home/youn/ROS/open_manipulator_ws/build/open_manipulator_description -- -j14 -l14
[0.040s] Invoking command in '/home/youn/ROS/open_manipulator_ws/build/open_manipulator_description': CMAKE_PREFIX_PATH=${CMAKE_PREFIX_PATH}:/home/youn/ROS/ros_workspace/open_manipulator_ws/install/open_manipulator_teleop:/home/youn/ROS/ros_workspace/open_manipulator_ws/install/open_manipulator_bringup:/home/youn/ROS/ros_workspace/install/open_manipulator_teleop:/home/youn/ROS/ros_workspace/install/ros_basic:/home/youn/ROS/ros_workspace/install/gong_basic:/home/youn/ROS/ros_workspace/install/tf2_basic:/opt/ros/jazzy /usr/bin/cmake --install /home/youn/ROS/open_manipulator_ws/build/open_manipulator_description
[0.045s] -- Install configuration: "Release"
[0.046s] -- Execute custom install script
[0.047s] -- Up-to-date symlink: /home/youn/ROS/open_manipulator_ws/install/open_manipulator_description/share/open_manipulator_description/launch/omx_f.launch.py
[0.048s] -- Up-to-date symlink: /home/youn/ROS/open_manipulator_ws/install/open_manipulator_description/share/open_manipulator_description/launch/omx_l.launch.py
[0.048s] -- Up-to-date symlink: /home/youn/ROS/open_manipulator_ws/install/open_manipulator_description/share/open_manipulator_description/launch/omy_3m.launch.py
[0.048s] -- Up-to-date symlink: /home/youn/ROS/open_manipulator_ws/install/open_manipulator_description/share/open_manipulator_description/launch/omy_f3m.launch.py
[0.048s] -- Up-to-date symlink: /home/youn/ROS/open_manipulator_ws/install/open_manipulator_description/share/open_manipulator_description/launch/omy_l100.launch.py
[0.049s] -- Up-to-date symlink: /home/youn/ROS/open_manipulator_ws/install/open_manipulator_description/share/open_manipulator_description/launch/open_manipulator_x.launch.py
[0.051s] -- Up-to-date symlink: /home/youn/ROS/open_manipulator_ws/install/open_manipulator_description/share/open_manipulator_description/meshes/omx_f/follower_01_base.stl
[0.051s] -- Up-to-date symlink: /home/youn/ROS/open_manipulator_ws/install/open_manipulator_description/share/open_manipulator_description/meshes/omx_f/follower_02_base_tilt_Revised.stl
[0.052s] -- Up-to-date symlink: /home/youn/ROS/open_manipulator_ws/install/open_manipulator_description/share/open_manipulator_description/meshes/omx_f/follower_03_middle_verticle.stl
[0.052s] -- Up-to-date symlink: /home/youn/ROS/open_manipulator_ws/install/open_manipulator_description/share/open_manipulator_description/meshes/omx_f/follower_04_middle_horizontal.stl
[0.052s] -- Up-to-date symlink: /home/youn/ROS/open_manipulator_ws/install/open_manipulator_description/share/open_manipulator_description/meshes/omx_f/follower_05_tip.stl
[0.052s] -- Up-to-date symlink: /home/youn/ROS/open_manipulator_ws/install/open_manipulator_description/share/open_manipulator_description/meshes/omx_f/follower_06_pan_Revised.stl
[0.053s] -- Up-to-date symlink: /home/youn/ROS/open_manipulator_ws/install/open_manipulator_description/share/open_manipulator_description/meshes/omx_f/follower_07_gripper_motorized.stl
[0.053s] -- Up-to-date symlink: /home/youn/ROS/open_manipulator_ws/install/open_manipulator_description/share/open_manipulator_description/meshes/omx_f/follower_08_gripper_gear.stl
[0.053s] -- Up-to-date symlink: /home/youn/ROS/open_manipulator_ws/install/open_manipulator_description/share/open_manipulator_description/meshes/omx_l/leader_01_base_roll.stl
[0.054s] -- Up-to-date symlink: /home/youn/ROS/open_manipulator_ws/install/open_manipulator_description/share/open_manipulator_description/meshes/omx_l/leader_02_base_tilt_revised.stl
[0.054s] -- Up-to-date symlink: /home/youn/ROS/open_manipulator_ws/install/open_manipulator_description/share/open_manipulator_description/meshes/omx_l/leader_03_middle_vertical.stl
[0.055s] -- Up-to-date symlink: /home/youn/ROS/open_manipulator_ws/install/open_manipulator_description/share/open_manipulator_description/meshes/omx_l/leader_04_middle_horizontal.stl
[0.055s] -- Up-to-date symlink: /home/youn/ROS/open_manipulator_ws/install/open_manipulator_description/share/open_manipulator_description/meshes/omx_l/leader_05_tip_roll.stl
[0.055s] -- Up-to-date symlink: /home/youn/ROS/open_manipulator_ws/install/open_manipulator_description/share/open_manipulator_description/meshes/omx_l/leader_06_tip_pan_revised.stl
[0.055s] -- Up-to-date symlink: /home/youn/ROS/open_manipulator_ws/install/open_manipulator_description/share/open_manipulator_description/meshes/omx_l/leader_07_tip_grip.stl
[0.056s] -- Up-to-date symlink: /home/youn/ROS/open_manipulator_ws/install/open_manipulator_description/share/open_manipulator_description/meshes/omy_3m/base_unit.stl
[0.056s] -- Up-to-date symlink: /home/youn/ROS/open_manipulator_ws/install/open_manipulator_description/share/open_manipulator_description/meshes/omy_3m/link1.stl
[0.057s] -- Up-to-date symlink: /home/youn/ROS/open_manipulator_ws/install/open_manipulator_description/share/open_manipulator_description/meshes/omy_3m/link2.stl
[0.057s] -- Up-to-date symlink: /home/youn/ROS/open_manipulator_ws/install/open_manipulator_description/share/open_manipulator_description/meshes/omy_3m/link3.stl
[0.057s] -- Up-to-date symlink: /home/youn/ROS/open_manipulator_ws/install/open_manipulator_description/share/open_manipulator_description/meshes/omy_3m/link4.stl
[0.057s] -- Up-to-date symlink: /home/youn/ROS/open_manipulator_ws/install/open_manipulator_description/share/open_manipulator_description/meshes/omy_3m/link5.stl
[0.058s] -- Up-to-date symlink: /home/youn/ROS/open_manipulator_ws/install/open_manipulator_description/share/open_manipulator_description/meshes/omy_3m/link6.stl
[0.058s] -- Up-to-date symlink: /home/youn/ROS/open_manipulator_ws/install/open_manipulator_description/share/open_manipulator_description/meshes/omy_f3m/base_unit.stl
[0.058s] -- Up-to-date symlink: /home/youn/ROS/open_manipulator_ws/install/open_manipulator_description/share/open_manipulator_description/meshes/omy_f3m/flange.stl
[0.058s] -- Up-to-date symlink: /home/youn/ROS/open_manipulator_ws/install/open_manipulator_description/share/open_manipulator_description/meshes/omy_f3m/link1.stl
[0.059s] -- Up-to-date symlink: /home/youn/ROS/open_manipulator_ws/install/open_manipulator_description/share/open_manipulator_description/meshes/omy_f3m/link2.stl
[0.059s] -- Up-to-date symlink: /home/youn/ROS/open_manipulator_ws/install/open_manipulator_description/share/open_manipulator_description/meshes/omy_f3m/link3.stl
[0.059s] -- Up-to-date symlink: /home/youn/ROS/open_manipulator_ws/install/open_manipulator_description/share/open_manipulator_description/meshes/omy_f3m/link4.stl
[0.059s] -- Up-to-date symlink: /home/youn/ROS/open_manipulator_ws/install/open_manipulator_description/share/open_manipulator_description/meshes/omy_f3m/link5.stl
[0.060s] -- Up-to-date symlink: /home/youn/ROS/open_manipulator_ws/install/open_manipulator_description/share/open_manipulator_description/meshes/omy_f3m/link6.stl
[0.060s] -- Up-to-date symlink: /home/youn/ROS/open_manipulator_ws/install/open_manipulator_description/share/open_manipulator_description/meshes/omy_l100/base_unit.stl
[0.060s] -- Up-to-date symlink: /home/youn/ROS/open_manipulator_ws/install/open_manipulator_description/share/open_manipulator_description/meshes/omy_l100/link1.stl
[0.060s] -- Up-to-date symlink: /home/youn/ROS/open_manipulator_ws/install/open_manipulator_description/share/open_manipulator_description/meshes/omy_l100/link2.stl
[0.061s] -- Up-to-date symlink: /home/youn/ROS/open_manipulator_ws/install/open_manipulator_description/share/open_manipulator_description/meshes/omy_l100/link3.stl
[0.061s] -- Up-to-date symlink: /home/youn/ROS/open_manipulator_ws/install/open_manipulator_description/share/open_manipulator_description/meshes/omy_l100/link4.stl
[0.061s] -- Up-to-date symlink: /home/youn/ROS/open_manipulator_ws/install/open_manipulator_description/share/open_manipulator_description/meshes/omy_l100/link5.stl
[0.061s] -- Up-to-date symlink: /home/youn/ROS/open_manipulator_ws/install/open_manipulator_description/share/open_manipulator_description/meshes/omy_l100/link6.stl
[0.062s] -- Up-to-date symlink: /home/youn/ROS/open_manipulator_ws/install/open_manipulator_description/share/open_manipulator_description/meshes/omy_l100/link7.stl
[0.062s] -- Up-to-date symlink: /home/youn/ROS/open_manipulator_ws/install/open_manipulator_description/share/open_manipulator_description/meshes/open_manipulator_x/gripper_left_palm.stl
[0.062s] -- Up-to-date symlink: /home/youn/ROS/open_manipulator_ws/install/open_manipulator_description/share/open_manipulator_description/meshes/open_manipulator_x/gripper_right_palm.stl
[0.062s] -- Up-to-date symlink: /home/youn/ROS/open_manipulator_ws/install/open_manipulator_description/share/open_manipulator_description/meshes/open_manipulator_x/link1.stl
[0.063s] -- Up-to-date symlink: /home/youn/ROS/open_manipulator_ws/install/open_manipulator_description/share/open_manipulator_description/meshes/open_manipulator_x/link2.stl
[0.063s] -- Up-to-date symlink: /home/youn/ROS/open_manipulator_ws/install/open_manipulator_description/share/open_manipulator_description/meshes/open_manipulator_x/link3.stl
[0.063s] -- Up-to-date symlink: /home/youn/ROS/open_manipulator_ws/install/open_manipulator_description/share/open_manipulator_description/meshes/open_manipulator_x/link4.stl
[0.063s] -- Up-to-date symlink: /home/youn/ROS/open_manipulator_ws/install/open_manipulator_description/share/open_manipulator_description/meshes/open_manipulator_x/link5.stl
[0.064s] -- Up-to-date symlink: /home/youn/ROS/open_manipulator_ws/install/open_manipulator_description/share/open_manipulator_description/meshes/open_manipulator_x/plate.stl
[0.064s] -- Up-to-date symlink: /home/youn/ROS/open_manipulator_ws/install/open_manipulator_description/share/open_manipulator_description/meshes/rh_p12_rn_a/base.stl
[0.064s] -- Up-to-date symlink: /home/youn/ROS/open_manipulator_ws/install/open_manipulator_description/share/open_manipulator_description/meshes/rh_p12_rn_a/l1.stl
[0.064s] -- Up-to-date symlink: /home/youn/ROS/open_manipulator_ws/install/open_manipulator_description/share/open_manipulator_description/meshes/rh_p12_rn_a/l2.stl
[0.065s] -- Up-to-date symlink: /home/youn/ROS/open_manipulator_ws/install/open_manipulator_description/share/open_manipulator_description/meshes/rh_p12_rn_a/r1.stl
[0.065s] -- Up-to-date symlink: /home/youn/ROS/open_manipulator_ws/install/open_manipulator_description/share/open_manipulator_description/meshes/rh_p12_rn_a/r2.stl
[0.066s] -- Up-to-date symlink: /home/youn/ROS/open_manipulator_ws/install/open_manipulator_description/share/open_manipulator_description/rviz/open_manipulator.rviz
[0.067s] -- Up-to-date symlink: /home/youn/ROS/open_manipulator_ws/install/open_manipulator_description/share/open_manipulator_description/urdf/omx_f/omx_f.urdf
[0.068s] -- Up-to-date symlink: /home/youn/ROS/open_manipulator_ws/install/open_manipulator_description/share/open_manipulator_description/urdf/omx_f/omx_f.urdf.xacro
[0.068s] -- Up-to-date symlink: /home/youn/ROS/open_manipulator_ws/install/open_manipulator_description/share/open_manipulator_description/urdf/omx_f/omx_f_arm.urdf.xacro
[0.068s] -- Up-to-date symlink: /home/youn/ROS/open_manipulator_ws/install/open_manipulator_description/share/open_manipulator_description/urdf/omx_l/omx_l.urdf
[0.069s] -- Up-to-date symlink: /home/youn/ROS/open_manipulator_ws/install/open_manipulator_description/share/open_manipulator_description/urdf/omx_l/omx_l.urdf.xacro
[0.069s] -- Up-to-date symlink: /home/youn/ROS/open_manipulator_ws/install/open_manipulator_description/share/open_manipulator_description/urdf/omx_l/omx_l_arm.urdf.xacro
[0.070s] -- Up-to-date symlink: /home/youn/ROS/open_manipulator_ws/install/open_manipulator_description/share/open_manipulator_description/urdf/omy_3m/omy_3m.urdf
[0.070s] -- Up-to-date symlink: /home/youn/ROS/open_manipulator_ws/install/open_manipulator_description/share/open_manipulator_description/urdf/omy_3m/omy_3m.urdf.xacro
[0.070s] -- Up-to-date symlink: /home/youn/ROS/open_manipulator_ws/install/open_manipulator_description/share/open_manipulator_description/urdf/omy_3m/omy_3m_arm.urdf.xacro
[0.071s] -- Up-to-date symlink: /home/youn/ROS/open_manipulator_ws/install/open_manipulator_description/share/open_manipulator_description/urdf/omy_f3m/omy_f3m.urdf
[0.071s] -- Up-to-date symlink: /home/youn/ROS/open_manipulator_ws/install/open_manipulator_description/share/open_manipulator_description/urdf/omy_f3m/omy_f3m.urdf.xacro
[0.071s] -- Up-to-date symlink: /home/youn/ROS/open_manipulator_ws/install/open_manipulator_description/share/open_manipulator_description/urdf/omy_f3m/omy_f3m_arm.urdf.xacro
[0.072s] -- Up-to-date symlink: /home/youn/ROS/open_manipulator_ws/install/open_manipulator_description/share/open_manipulator_description/urdf/omy_f3m/rh_p12_rn_a.urdf.xacro
[0.072s] -- Up-to-date symlink: /home/youn/ROS/open_manipulator_ws/install/open_manipulator_description/share/open_manipulator_description/urdf/omy_l100/omy_l100.urdf
[0.072s] -- Up-to-date symlink: /home/youn/ROS/open_manipulator_ws/install/open_manipulator_description/share/open_manipulator_description/urdf/omy_l100/omy_l100.urdf.xacro
[0.072s] -- Up-to-date symlink: /home/youn/ROS/open_manipulator_ws/install/open_manipulator_description/share/open_manipulator_description/urdf/omy_l100/omy_l100_arm.urdf.xacro
[0.073s] -- Up-to-date symlink: /home/youn/ROS/open_manipulator_ws/install/open_manipulator_description/share/open_manipulator_description/urdf/open_manipulator_x/open_manipulator_x.urdf
[0.073s] -- Up-to-date symlink: /home/youn/ROS/open_manipulator_ws/install/open_manipulator_description/share/open_manipulator_description/urdf/open_manipulator_x/open_manipulator_x.urdf.xacro
[0.074s] -- Up-to-date symlink: /home/youn/ROS/open_manipulator_ws/install/open_manipulator_description/share/open_manipulator_description/urdf/open_manipulator_x/open_manipulator_x_arm.urdf.xacro
[0.074s] -- Up-to-date symlink: /home/youn/ROS/open_manipulator_ws/install/open_manipulator_description/share/open_manipulator_description/gazebo/omx_f.gazebo.xacro
[0.074s] -- Up-to-date symlink: /home/youn/ROS/open_manipulator_ws/install/open_manipulator_description/share/open_manipulator_description/gazebo/omx_l.gazebo.xacro
[0.075s] -- Up-to-date symlink: /home/youn/ROS/open_manipulator_ws/install/open_manipulator_description/share/open_manipulator_description/gazebo/omy_3m.gazebo.xacro
[0.075s] -- Up-to-date symlink: /home/youn/ROS/open_manipulator_ws/install/open_manipulator_description/share/open_manipulator_description/gazebo/omy_f3m.gazebo.xacro
[0.075s] -- Up-to-date symlink: /home/youn/ROS/open_manipulator_ws/install/open_manipulator_description/share/open_manipulator_description/gazebo/omy_l100.gazebo.xacro
[0.075s] -- Up-to-date symlink: /home/youn/ROS/open_manipulator_ws/install/open_manipulator_description/share/open_manipulator_description/gazebo/open_manipulator_x.gazebo.xacro
[0.076s] -- Up-to-date symlink: /home/youn/ROS/open_manipulator_ws/install/open_manipulator_description/share/open_manipulator_description/gazebo/rh_p12_rn_a.gazebo.xacro
[0.076s] -- Up-to-date symlink: /home/youn/ROS/open_manipulator_ws/install/open_manipulator_description/share/open_manipulator_description/ros2_control/omx_f.ros2_control.xacro
[0.077s] -- Up-to-date symlink: /home/youn/ROS/open_manipulator_ws/install/open_manipulator_description/share/open_manipulator_description/ros2_control/omx_l.ros2_control.xacro
[0.077s] -- Up-to-date symlink: /home/youn/ROS/open_manipulator_ws/install/open_manipulator_description/share/open_manipulator_description/ros2_control/omy_3m_end_unit.ros2_control.xacro
[0.077s] -- Up-to-date symlink: /home/youn/ROS/open_manipulator_ws/install/open_manipulator_description/share/open_manipulator_description/ros2_control/omy_3m_position.ros2_control.xacro
[0.078s] -- Up-to-date symlink: /home/youn/ROS/open_manipulator_ws/install/open_manipulator_description/share/open_manipulator_description/ros2_control/omy_f3m_current.ros2_control.xacro
[0.078s] -- Up-to-date symlink: /home/youn/ROS/open_manipulator_ws/install/open_manipulator_description/share/open_manipulator_description/ros2_control/omy_f3m_end_unit.ros2_control.xacro
[0.078s] -- Up-to-date symlink: /home/youn/ROS/open_manipulator_ws/install/open_manipulator_description/share/open_manipulator_description/ros2_control/omy_f3m_position.ros2_control.xacro
[0.078s] -- Up-to-date symlink: /home/youn/ROS/open_manipulator_ws/install/open_manipulator_description/share/open_manipulator_description/ros2_control/omy_f3m_smooth.ros2_control.xacro
[0.079s] -- Up-to-date symlink: /home/youn/ROS/open_manipulator_ws/install/open_manipulator_description/share/open_manipulator_description/ros2_control/omy_l100_current.ros2_control.xacro
[0.079s] -- Up-to-date symlink: /home/youn/ROS/open_manipulator_ws/install/open_manipulator_description/share/open_manipulator_description/ros2_control/omy_l100_position.ros2_control.xacro
[0.079s] -- Up-to-date symlink: /home/youn/ROS/open_manipulator_ws/install/open_manipulator_description/share/open_manipulator_description/ros2_control/open_manipulator_x_position.ros2_control.xacro
[0.080s] -- Up-to-date symlink: /home/youn/ROS/open_manipulator_ws/install/open_manipulator_description/share/ament_index/resource_index/package_run_dependencies/open_manipulator_description
[0.081s] -- Up-to-date symlink: /home/youn/ROS/open_manipulator_ws/install/open_manipulator_description/share/ament_index/resource_index/parent_prefix_path/open_manipulator_description
[0.081s] -- Up-to-date symlink: /home/youn/ROS/open_manipulator_ws/install/open_manipulator_description/share/open_manipulator_description/environment/ament_prefix_path.sh
[0.081s] -- Up-to-date symlink: /home/youn/ROS/open_manipulator_ws/install/open_manipulator_description/share/open_manipulator_description/environment/ament_prefix_path.dsv
[0.082s] -- Up-to-date symlink: /home/youn/ROS/open_manipulator_ws/install/open_manipulator_description/share/open_manipulator_description/environment/path.sh
[0.082s] -- Up-to-date symlink: /home/youn/ROS/open_manipulator_ws/install/open_manipulator_description/share/open_manipulator_description/environment/path.dsv
[0.082s] -- Up-to-date symlink: /home/youn/ROS/open_manipulator_ws/install/open_manipulator_description/share/open_manipulator_description/local_setup.bash
[0.082s] -- Up-to-date symlink: /home/youn/ROS/open_manipulator_ws/install/open_manipulator_description/share/open_manipulator_description/local_setup.sh
[0.083s] -- Up-to-date symlink: /home/youn/ROS/open_manipulator_ws/install/open_manipulator_description/share/open_manipulator_description/local_setup.zsh
[0.083s] -- Up-to-date symlink: /home/youn/ROS/open_manipulator_ws/install/open_manipulator_description/share/open_manipulator_description/local_setup.dsv
[0.083s] -- Symlinking: /home/youn/ROS/open_manipulator_ws/install/open_manipulator_description/share/open_manipulator_description/package.dsv
[0.091s] -- Up-to-date symlink: /home/youn/ROS/open_manipulator_ws/install/open_manipulator_description/share/ament_index/resource_index/packages/open_manipulator_description
[0.091s] -- Up-to-date symlink: /home/youn/ROS/open_manipulator_ws/install/open_manipulator_description/share/open_manipulator_description/cmake/open_manipulator_descriptionConfig.cmake
[0.091s] -- Up-to-date symlink: /home/youn/ROS/open_manipulator_ws/install/open_manipulator_description/share/open_manipulator_description/cmake/open_manipulator_descriptionConfig-version.cmake
[0.091s] -- Up-to-date symlink: /home/youn/ROS/open_manipulator_ws/install/open_manipulator_description/share/open_manipulator_description/package.xml
[0.093s] Invoked command in '/home/youn/ROS/open_manipulator_ws/build/open_manipulator_description' returned '0': CMAKE_PREFIX_PATH=${CMAKE_PREFIX_PATH}:/home/youn/ROS/ros_workspace/open_manipulator_ws/install/open_manipulator_teleop:/home/youn/ROS/ros_workspace/open_manipulator_ws/install/open_manipulator_bringup:/home/youn/ROS/ros_workspace/install/open_manipulator_teleop:/home/youn/ROS/ros_workspace/install/ros_basic:/home/youn/ROS/ros_workspace/install/gong_basic:/home/youn/ROS/ros_workspace/install/tf2_basic:/opt/ros/jazzy /usr/bin/cmake --install /home/youn/ROS/open_manipulator_ws/build/open_manipulator_description
