[0.043s] Invoking command in '/home/youn/ROS/open_manipulator_ws/build/open_manipulator_collision': CMAKE_PREFIX_PATH=${CMAKE_PREFIX_PATH}:/home/youn/ROS/ros_workspace/install/ros_basic:/home/youn/ROS/ros_workspace/install/tf2_basic:/opt/ros/jazzy /usr/bin/cmake --build /home/youn/ROS/open_manipulator_ws/build/open_manipulator_collision
[0.192s] [100%] Built target self_collision_node
[0.353s] Invoked command in '/home/youn/ROS/open_manipulator_ws/build/open_manipulator_collision' returned '0': CMAKE_PREFIX_PATH=${CMAKE_PREFIX_PATH}:/home/youn/ROS/ros_workspace/install/ros_basic:/home/youn/ROS/ros_workspace/install/tf2_basic:/opt/ros/jazzy /usr/bin/cmake --build /home/youn/ROS/open_manipulator_ws/build/open_manipulator_collision
[0.356s] Invoking command in '/home/youn/ROS/open_manipulator_ws/build/open_manipulator_collision': CMAKE_PREFIX_PATH=${CMAKE_PREFIX_PATH}:/home/youn/ROS/ros_workspace/install/ros_basic:/home/youn/ROS/ros_workspace/install/tf2_basic:/opt/ros/jazzy /usr/bin/cmake --install /home/youn/ROS/open_manipulator_ws/build/open_manipulator_collision
[0.399s] -- Install configuration: "Release"
[0.400s] -- Execute custom install script
[0.400s] -- Up-to-date symlink: /home/youn/ROS/open_manipulator_ws/install/open_manipulator_collision/lib/open_manipulator_collision/self_collision_node
[0.400s] -- Up-to-date symlink: /home/youn/ROS/open_manipulator_ws/install/open_manipulator_collision/include//open_manipulator_collision/self_collision_node.hpp
[0.401s] -- Up-to-date symlink: /home/youn/ROS/open_manipulator_ws/install/open_manipulator_collision/share/open_manipulator_collision/self_collision.launch.py
[0.401s] -- Up-to-date symlink: /home/youn/ROS/open_manipulator_ws/install/open_manipulator_collision/share/open_manipulator_collision/environment/library_path.sh
[0.401s] -- Up-to-date symlink: /home/youn/ROS/open_manipulator_ws/install/open_manipulator_collision/share/open_manipulator_collision/environment/library_path.dsv
[0.403s] -- Up-to-date symlink: /home/youn/ROS/open_manipulator_ws/install/open_manipulator_collision/share/ament_index/resource_index/package_run_dependencies/open_manipulator_collision
[0.403s] -- Up-to-date symlink: /home/youn/ROS/open_manipulator_ws/install/open_manipulator_collision/share/ament_index/resource_index/parent_prefix_path/open_manipulator_collision
[0.403s] -- Up-to-date symlink: /home/youn/ROS/open_manipulator_ws/install/open_manipulator_collision/share/open_manipulator_collision/environment/ament_prefix_path.sh
[0.404s] -- Up-to-date symlink: /home/youn/ROS/open_manipulator_ws/install/open_manipulator_collision/share/open_manipulator_collision/environment/ament_prefix_path.dsv
[0.404s] -- Up-to-date symlink: /home/youn/ROS/open_manipulator_ws/install/open_manipulator_collision/share/open_manipulator_collision/environment/path.sh
[0.404s] -- Up-to-date symlink: /home/youn/ROS/open_manipulator_ws/install/open_manipulator_collision/share/open_manipulator_collision/environment/path.dsv
[0.404s] -- Up-to-date symlink: /home/youn/ROS/open_manipulator_ws/install/open_manipulator_collision/share/open_manipulator_collision/local_setup.bash
[0.405s] -- Up-to-date symlink: /home/youn/ROS/open_manipulator_ws/install/open_manipulator_collision/share/open_manipulator_collision/local_setup.sh
[0.405s] -- Up-to-date symlink: /home/youn/ROS/open_manipulator_ws/install/open_manipulator_collision/share/open_manipulator_collision/local_setup.zsh
[0.405s] -- Up-to-date symlink: /home/youn/ROS/open_manipulator_ws/install/open_manipulator_collision/share/open_manipulator_collision/local_setup.dsv
[0.406s] -- Symlinking: /home/youn/ROS/open_manipulator_ws/install/open_manipulator_collision/share/open_manipulator_collision/package.dsv
[0.406s] -- Up-to-date symlink: /home/youn/ROS/open_manipulator_ws/install/open_manipulator_collision/share/ament_index/resource_index/packages/open_manipulator_collision
[0.406s] -- Up-to-date symlink: /home/youn/ROS/open_manipulator_ws/install/open_manipulator_collision/share/open_manipulator_collision/cmake/ament_cmake_export_dependencies-extras.cmake
[0.406s] -- Up-to-date symlink: /home/youn/ROS/open_manipulator_ws/install/open_manipulator_collision/share/open_manipulator_collision/cmake/ament_cmake_export_include_directories-extras.cmake
[0.407s] -- Up-to-date symlink: /home/youn/ROS/open_manipulator_ws/install/open_manipulator_collision/share/open_manipulator_collision/cmake/ament_cmake_export_libraries-extras.cmake
[0.407s] -- Up-to-date symlink: /home/youn/ROS/open_manipulator_ws/install/open_manipulator_collision/share/open_manipulator_collision/cmake/open_manipulator_collisionConfig.cmake
[0.408s] -- Up-to-date symlink: /home/youn/ROS/open_manipulator_ws/install/open_manipulator_collision/share/open_manipulator_collision/cmake/open_manipulator_collisionConfig-version.cmake
[0.408s] -- Up-to-date symlink: /home/youn/ROS/open_manipulator_ws/install/open_manipulator_collision/share/open_manipulator_collision/package.xml
[0.471s] Invoked command in '/home/youn/ROS/open_manipulator_ws/build/open_manipulator_collision' returned '0': CMAKE_PREFIX_PATH=${CMAKE_PREFIX_PATH}:/home/youn/ROS/ros_workspace/install/ros_basic:/home/youn/ROS/ros_workspace/install/tf2_basic:/opt/ros/jazzy /usr/bin/cmake --install /home/youn/ROS/open_manipulator_ws/build/open_manipulator_collision
