[0.055s] Invoking command in '/home/youn/ROS/open_manipulator_ws/build/om_spring_actuator_controller': CMAKE_PREFIX_PATH=${CMAKE_PREFIX_PATH}:/home/youn/ROS/ros_workspace/install/ros_basic:/home/youn/ROS/ros_workspace/install/tf2_basic:/opt/ros/jazzy /usr/bin/cmake /home/youn/ROS/open_manipulator_ws/src/open_manipulator/ros2_controller/om_spring_actuator_controller -DCMAKE_BUILD_TYPE=R -DAMENT_CMAKE_SYMLINK_INSTALL=1 -DCMAKE_INSTALL_PREFIX=/home/youn/ROS/open_manipulator_ws/install/om_spring_actuator_controller
[0.075s] -- Found ament_cmake: 2.5.6 (/opt/ros/jazzy/share/ament_cmake/cmake)
[0.364s] -- Override CMake install command with custom implementation using symlinks instead of copying resources
[0.376s] -- Found controller_interface: 4.45.2 (/opt/ros/jazzy/share/controller_interface/cmake)
[0.485s] -- Found rosidl_generator_c: 4.6.9 (/opt/ros/jazzy/share/rosidl_generator_c/cmake)
[0.497s] -- Found rosidl_generator_cpp: 4.6.9 (/opt/ros/jazzy/share/rosidl_generator_cpp/cmake)
[0.512s] -- Using all available rosidl_typesupport_c: rosidl_typesupport_fastrtps_c;rosidl_typesupport_introspection_c
[0.524s] -- Using all available rosidl_typesupport_cpp: rosidl_typesupport_fastrtps_cpp;rosidl_typesupport_introspection_cpp
[0.805s] -- Found TinyXML2 via Config file: /usr/lib/x86_64-linux-gnu/cmake/tinyxml2
[0.853s] -- Found rmw_implementation_cmake: 7.3.3 (/opt/ros/jazzy/share/rmw_implementation_cmake/cmake)
[0.855s] -- Found rmw_fastrtps_cpp: 8.4.4 (/opt/ros/jazzy/share/rmw_fastrtps_cpp/cmake)
[0.880s] -- Found TinyXML2 via Config file: /usr/lib/x86_64-linux-gnu/cmake/tinyxml2
[0.892s] -- Found TinyXML2 via Config file: /usr/lib/x86_64-linux-gnu/cmake/tinyxml2
[0.946s] -- Found TinyXML2 via Config file: /usr/lib/x86_64-linux-gnu/cmake/tinyxml2
[0.958s] -- Found TinyXML2 via Config file: /usr/lib/x86_64-linux-gnu/cmake/tinyxml2
[1.015s] -- Using RMW implementation 'rmw_fastrtps_cpp' as default
[1.244s] -- Found generate_parameter_library: 0.7.3 (/opt/ros/jazzy/share/generate_parameter_library/cmake)
[1.244s] -- Found parameter_traits: 0.7.3 (/opt/ros/jazzy/share/parameter_traits/cmake)
[1.250s] [0mCMake Deprecation Warning at /opt/ros/jazzy/share/tl_expected/cmake/tl_expectedConfig.cmake:37 (message):
[1.250s]   Package 'tl_expected' is deprecated (This package will be removed in ROS 2
[1.250s]   Lyrical Luth.
[1.250s] 
[1.250s]         Use tl/expected.hpp from libexpected-dev,
[1.250s]         or rcpputils/tl_expected/expected.hpp if the system header is not available)
[1.250s] Call Stack (most recent call first):
[1.250s]   /opt/ros/jazzy/share/parameter_traits/cmake/ament_cmake_export_dependencies-extras.cmake:21 (find_package)
[1.250s]   /opt/ros/jazzy/share/parameter_traits/cmake/parameter_traitsConfig.cmake:41 (include)
[1.250s]   /opt/ros/jazzy/share/generate_parameter_library/cmake/generate_parameter_library-extras.cmake:30 (find_package)
[1.251s]   /opt/ros/jazzy/share/generate_parameter_library/cmake/generate_parameter_libraryConfig.cmake:41 (include)
[1.251s]   CMakeLists.txt:28 (find_package)
[1.251s] 
[1.251s] [0m
[1.377s] -- Configuring done (1.3s)
[1.440s] -- Generating done (0.1s)
[1.449s] -- Build files have been written to: /home/youn/ROS/open_manipulator_ws/build/om_spring_actuator_controller
[1.466s] Invoked command in '/home/youn/ROS/open_manipulator_ws/build/om_spring_actuator_controller' returned '0': CMAKE_PREFIX_PATH=${CMAKE_PREFIX_PATH}:/home/youn/ROS/ros_workspace/install/ros_basic:/home/youn/ROS/ros_workspace/install/tf2_basic:/opt/ros/jazzy /usr/bin/cmake /home/youn/ROS/open_manipulator_ws/src/open_manipulator/ros2_controller/om_spring_actuator_controller -DCMAKE_BUILD_TYPE=R -DAMENT_CMAKE_SYMLINK_INSTALL=1 -DCMAKE_INSTALL_PREFIX=/home/youn/ROS/open_manipulator_ws/install/om_spring_actuator_controller
[1.467s] Invoking command in '/home/youn/ROS/open_manipulator_ws/build/om_spring_actuator_controller': CMAKE_PREFIX_PATH=${CMAKE_PREFIX_PATH}:/home/youn/ROS/ros_workspace/install/ros_basic:/home/youn/ROS/ros_workspace/install/tf2_basic:/opt/ros/jazzy /usr/bin/cmake --build /home/youn/ROS/open_manipulator_ws/build/om_spring_actuator_controller
[1.542s] [ 50%] Built target spring_actuator_controller_parameters
[1.592s] [ 75%] [32mBuilding CXX object CMakeFiles/spring_actuator_controller.dir/src/spring_actuator_controller.cpp.o[0m
[5.856s] In file included from [01m[K/opt/ros/jazzy/include/parameter_traits/parameter_traits/parameter_traits.hpp:37[m[K,
[5.856s]                  from [01m[K/home/youn/ROS/open_manipulator_ws/build/om_spring_actuator_controller/include/om_spring_actuator_controller/spring_actuator_controller_parameters.hpp:26[m[K,
[5.856s]                  from [01m[K/home/youn/ROS/open_manipulator_ws/src/open_manipulator/ros2_controller/om_spring_actuator_controller/include/spring_actuator_controller/spring_actuator_controller.hpp:34[m[K,
[5.856s]                  from [01m[K/home/youn/ROS/open_manipulator_ws/src/open_manipulator/ros2_controller/om_spring_actuator_controller/src/spring_actuator_controller.cpp:17[m[K:
[5.856s] [01m[K/opt/ros/jazzy/include/tl_expected/expected.hpp:18:167:[m[K [01;36m[Knote: [m[K‘[01m[K#pragma message: tl_expected/expected.hpp is deprecated. Use <tl/expected.hpp> from libexpected-dev, or <rcpputils/tl_expected/expected.hpp> if the system header is not available.[m[K’
[5.856s]    18 | rom libexpected-dev, or <rcpputils/tl_expected/expected.hpp> if the system header is not available."[01;36m[K)[m[K // NOLINT
[5.856s]       |                                                                                                     [01;36m[K^[m[K
[5.856s] 
[9.317s] [100%] [32m[1mLinking CXX shared library libspring_actuator_controller.so[0m
[9.799s] [100%] Built target spring_actuator_controller
[9.812s] Invoked command in '/home/youn/ROS/open_manipulator_ws/build/om_spring_actuator_controller' returned '0': CMAKE_PREFIX_PATH=${CMAKE_PREFIX_PATH}:/home/youn/ROS/ros_workspace/install/ros_basic:/home/youn/ROS/ros_workspace/install/tf2_basic:/opt/ros/jazzy /usr/bin/cmake --build /home/youn/ROS/open_manipulator_ws/build/om_spring_actuator_controller
[9.816s] Invoking command in '/home/youn/ROS/open_manipulator_ws/build/om_spring_actuator_controller': CMAKE_PREFIX_PATH=${CMAKE_PREFIX_PATH}:/home/youn/ROS/ros_workspace/install/ros_basic:/home/youn/ROS/ros_workspace/install/tf2_basic:/opt/ros/jazzy /usr/bin/cmake --install /home/youn/ROS/open_manipulator_ws/build/om_spring_actuator_controller
[9.834s] -- Install configuration: "R"
[9.836s] -- Execute custom install script
[9.838s] -- Up-to-date symlink: /home/youn/ROS/open_manipulator_ws/install/om_spring_actuator_controller/include/om_spring_actuator_controller/spring_actuator_controller_parameters.hpp
[9.838s] -- Up-to-date symlink: /home/youn/ROS/open_manipulator_ws/install/om_spring_actuator_controller/share/om_spring_actuator_controller//spring_actuator_plugin.xml
[9.839s] -- Up-to-date symlink: /home/youn/ROS/open_manipulator_ws/install/om_spring_actuator_controller/include/spring_actuator_controller/spring_actuator_controller/spring_actuator_controller.hpp
[9.839s] -- Up-to-date symlink: /home/youn/ROS/open_manipulator_ws/install/om_spring_actuator_controller/include/spring_actuator_controller/spring_actuator_controller/visibility_control.h
[9.841s] -- Up-to-date symlink: /home/youn/ROS/open_manipulator_ws/install/om_spring_actuator_controller/share/om_spring_actuator_controller/environment/library_path.sh
[9.842s] -- Up-to-date symlink: /home/youn/ROS/open_manipulator_ws/install/om_spring_actuator_controller/share/om_spring_actuator_controller/environment/library_path.dsv
[9.842s] -- Up-to-date symlink: /home/youn/ROS/open_manipulator_ws/install/om_spring_actuator_controller/share/ament_index/resource_index/package_run_dependencies/om_spring_actuator_controller
[9.843s] -- Up-to-date symlink: /home/youn/ROS/open_manipulator_ws/install/om_spring_actuator_controller/share/ament_index/resource_index/parent_prefix_path/om_spring_actuator_controller
[9.844s] -- Up-to-date symlink: /home/youn/ROS/open_manipulator_ws/install/om_spring_actuator_controller/share/om_spring_actuator_controller/environment/ament_prefix_path.sh
[9.845s] -- Up-to-date symlink: /home/youn/ROS/open_manipulator_ws/install/om_spring_actuator_controller/share/om_spring_actuator_controller/environment/ament_prefix_path.dsv
[9.845s] -- Up-to-date symlink: /home/youn/ROS/open_manipulator_ws/install/om_spring_actuator_controller/share/om_spring_actuator_controller/environment/path.sh
[9.846s] -- Up-to-date symlink: /home/youn/ROS/open_manipulator_ws/install/om_spring_actuator_controller/share/om_spring_actuator_controller/environment/path.dsv
[9.846s] -- Up-to-date symlink: /home/youn/ROS/open_manipulator_ws/install/om_spring_actuator_controller/share/om_spring_actuator_controller/local_setup.bash
[9.847s] -- Up-to-date symlink: /home/youn/ROS/open_manipulator_ws/install/om_spring_actuator_controller/share/om_spring_actuator_controller/local_setup.sh
[9.847s] -- Up-to-date symlink: /home/youn/ROS/open_manipulator_ws/install/om_spring_actuator_controller/share/om_spring_actuator_controller/local_setup.zsh
[9.848s] -- Up-to-date symlink: /home/youn/ROS/open_manipulator_ws/install/om_spring_actuator_controller/share/om_spring_actuator_controller/local_setup.dsv
[9.848s] -- Symlinking: /home/youn/ROS/open_manipulator_ws/install/om_spring_actuator_controller/share/om_spring_actuator_controller/package.dsv
[9.860s] -- Up-to-date symlink: /home/youn/ROS/open_manipulator_ws/install/om_spring_actuator_controller/share/ament_index/resource_index/packages/om_spring_actuator_controller
[9.861s] -- Up-to-date symlink: /home/youn/ROS/open_manipulator_ws/install/om_spring_actuator_controller/share/ament_index/resource_index/controller_interface__pluginlib__plugin/om_spring_actuator_controller
[9.862s] -- Up-to-date symlink: /home/youn/ROS/open_manipulator_ws/install/om_spring_actuator_controller/share/om_spring_actuator_controller/cmake/ament_cmake_export_dependencies-extras.cmake
[9.863s] -- Up-to-date symlink: /home/youn/ROS/open_manipulator_ws/install/om_spring_actuator_controller/share/om_spring_actuator_controller/cmake/ament_cmake_export_targets-extras.cmake
[9.863s] -- Up-to-date symlink: /home/youn/ROS/open_manipulator_ws/install/om_spring_actuator_controller/share/om_spring_actuator_controller/cmake/om_spring_actuator_controllerConfig.cmake
[9.863s] -- Up-to-date symlink: /home/youn/ROS/open_manipulator_ws/install/om_spring_actuator_controller/share/om_spring_actuator_controller/cmake/om_spring_actuator_controllerConfig-version.cmake
[9.864s] -- Up-to-date symlink: /home/youn/ROS/open_manipulator_ws/install/om_spring_actuator_controller/share/om_spring_actuator_controller/package.xml
[9.865s] -- Installing: /home/youn/ROS/open_manipulator_ws/install/om_spring_actuator_controller/lib/libspring_actuator_controller.so
[9.867s] -- Set non-toolchain portion of runtime path of "/home/youn/ROS/open_manipulator_ws/install/om_spring_actuator_controller/lib/libspring_actuator_controller.so" to ""
[9.867s] -- Up-to-date: /home/youn/ROS/open_manipulator_ws/install/om_spring_actuator_controller/share/om_spring_actuator_controller/cmake/export_spring_actuator_controllerExport.cmake
[9.868s] -- Installing: /home/youn/ROS/open_manipulator_ws/install/om_spring_actuator_controller/share/om_spring_actuator_controller/cmake/export_spring_actuator_controllerExport-r.cmake
[9.879s] Invoked command in '/home/youn/ROS/open_manipulator_ws/build/om_spring_actuator_controller' returned '0': CMAKE_PREFIX_PATH=${CMAKE_PREFIX_PATH}:/home/youn/ROS/ros_workspace/install/ros_basic:/home/youn/ROS/ros_workspace/install/tf2_basic:/opt/ros/jazzy /usr/bin/cmake --install /home/youn/ROS/open_manipulator_ws/build/om_spring_actuator_controller
