-- The C compiler identification is GNU 13.3.0
-- The CXX compiler identification is GNU 13.3.0
-- Detecting C compiler ABI info
-- Detecting C compiler ABI info - done
-- Check for working C compiler: /usr/bin/cc - skipped
-- Detecting C compile features
-- Detecting C compile features - done
-- Detecting CXX compiler ABI info
-- Detecting CXX compiler ABI info - done
-- Check for working CXX compiler: /usr/bin/c++ - skipped
-- Detecting CXX compile features
-- Detecting CXX compile features - done
-- Found ament_cmake: 2.5.6 (/opt/ros/jazzy/share/ament_cmake/cmake)
-- Found Python3: /usr/bin/python3 (found version "3.12.3") found components: Interpreter 
-- Override CMake install command with custom implementation using symlinks instead of copying resources
-- Configuring done (0.9s)
-- Generating done (0.0s)
-- Build files have been written to: /home/youn/ROS/open_manipulator_ws/build/open_manipulator
-- Install configuration: "Release"
-- Execute custom install script
-- Symlinking: /home/youn/ROS/open_manipulator_ws/install/open_manipulator/share/ament_index/resource_index/package_run_dependencies/open_manipulator
-- Symlinking: /home/youn/ROS/open_manipulator_ws/install/open_manipulator/share/ament_index/resource_index/parent_prefix_path/open_manipulator
-- Symlinking: /home/youn/ROS/open_manipulator_ws/install/open_manipulator/share/open_manipulator/environment/ament_prefix_path.sh
-- Symlinking: /home/youn/ROS/open_manipulator_ws/install/open_manipulator/share/open_manipulator/environment/ament_prefix_path.dsv
-- Symlinking: /home/youn/ROS/open_manipulator_ws/install/open_manipulator/share/open_manipulator/environment/path.sh
-- Symlinking: /home/youn/ROS/open_manipulator_ws/install/open_manipulator/share/open_manipulator/environment/path.dsv
-- Symlinking: /home/youn/ROS/open_manipulator_ws/install/open_manipulator/share/open_manipulator/local_setup.bash
-- Symlinking: /home/youn/ROS/open_manipulator_ws/install/open_manipulator/share/open_manipulator/local_setup.sh
-- Symlinking: /home/youn/ROS/open_manipulator_ws/install/open_manipulator/share/open_manipulator/local_setup.zsh
-- Symlinking: /home/youn/ROS/open_manipulator_ws/install/open_manipulator/share/open_manipulator/local_setup.dsv
-- Symlinking: /home/youn/ROS/open_manipulator_ws/install/open_manipulator/share/open_manipulator/package.dsv
-- Symlinking: /home/youn/ROS/open_manipulator_ws/install/open_manipulator/share/ament_index/resource_index/packages/open_manipulator
-- Symlinking: /home/youn/ROS/open_manipulator_ws/install/open_manipulator/share/open_manipulator/cmake/open_manipulatorConfig.cmake
-- Symlinking: /home/youn/ROS/open_manipulator_ws/install/open_manipulator/share/open_manipulator/cmake/open_manipulatorConfig-version.cmake
-- Symlinking: /home/youn/ROS/open_manipulator_ws/install/open_manipulator/share/open_manipulator/package.xml
