[1.254s] Invoking command in '/home/youn/ROS/open_manipulator_ws/build/open_manipulator_bringup': AMENT_PREFIX_PATH=/home/youn/ROS/open_manipulator_ws/install/dynamixel_hardware_interface:/home/youn/ROS/open_manipulator_ws/install/open_manipulator_description:/home/youn/ROS/open_manipulator_ws/install/dynamixel_sdk:/home/youn/ROS/open_manipulator_ws/install/dynamixel_interfaces:${AMENT_PREFIX_PATH} CMAKE_PREFIX_PATH=/home/youn/ROS/open_manipulator_ws/install/dynamixel_hardware_interface:/home/youn/ROS/open_manipulator_ws/install/open_manipulator_description:/home/youn/ROS/open_manipulator_ws/install/dynamixel_sdk:/home/youn/ROS/open_manipulator_ws/install/dynamixel_interfaces:${CMAKE_PREFIX_PATH} LD_LIBRARY_PATH=/home/youn/ROS/open_manipulator_ws/install/dynamixel_hardware_interface/lib:/home/youn/ROS/open_manipulator_ws/install/dynamixel_sdk/lib:/home/youn/ROS/open_manipulator_ws/install/dynamixel_interfaces/lib:${LD_LIBRARY_PATH} PYTHONPATH=/home/youn/ROS/open_manipulator_ws/build/open_manipulator_bringup/prefix_override:/usr/lib/python3/dist-packages/colcon_core/task/python/colcon_distutils_commands:/home/youn/ROS/open_manipulator_ws/install/open_manipulator_bringup/lib/python3.12/site-packages:/home/youn/ROS/open_manipulator_ws/install/dynamixel_sdk/lib/python3.12/site-packages:/home/youn/ROS/open_manipulator_ws/install/dynamixel_interfaces/lib/python3.12/site-packages:${PYTHONPATH} /usr/bin/python3 -W ignore:setup.py install is deprecated -W ignore:easy_install command is deprecated setup.py develop --editable --build-directory /home/youn/ROS/open_manipulator_ws/build/open_manipulator_bringup/build --no-deps symlink_data
[1.499s] running develop
[1.643s] running egg_info
[1.643s] creating open_manipulator_bringup.egg-info
[1.657s] writing open_manipulator_bringup.egg-info/PKG-INFO
[1.657s] writing dependency_links to open_manipulator_bringup.egg-info/dependency_links.txt
[1.658s] writing entry points to open_manipulator_bringup.egg-info/entry_points.txt
[1.658s] writing requirements to open_manipulator_bringup.egg-info/requires.txt
[1.658s] writing top-level names to open_manipulator_bringup.egg-info/top_level.txt
[1.658s] writing manifest file 'open_manipulator_bringup.egg-info/SOURCES.txt'
[1.685s] reading manifest file 'open_manipulator_bringup.egg-info/SOURCES.txt'
[1.685s] writing manifest file 'open_manipulator_bringup.egg-info/SOURCES.txt'
[1.702s] running build_ext
[1.702s] Creating /home/youn/ROS/open_manipulator_ws/install/open_manipulator_bringup/lib/python3.12/site-packages/open-manipulator-bringup.egg-link (link to .)
[1.702s] Installing joint_trajectory_executor script to /home/youn/ROS/open_manipulator_ws/install/open_manipulator_bringup/lib/open_manipulator_bringup
[1.703s] Installing om_create_udev_rules script to /home/youn/ROS/open_manipulator_ws/install/open_manipulator_bringup/lib/open_manipulator_bringup
[1.703s] 
[1.703s] Installed /home/youn/ROS/open_manipulator_ws/build/open_manipulator_bringup
[1.703s] running symlink_data
[1.703s] creating /home/youn/ROS/open_manipulator_ws/install/open_manipulator_bringup/share/ament_index
[1.703s] creating /home/youn/ROS/open_manipulator_ws/install/open_manipulator_bringup/share/ament_index/resource_index
[1.704s] creating /home/youn/ROS/open_manipulator_ws/install/open_manipulator_bringup/share/ament_index/resource_index/packages
[1.704s] symbolically linking /home/youn/ROS/open_manipulator_ws/build/open_manipulator_bringup/resource/open_manipulator_bringup -> /home/youn/ROS/open_manipulator_ws/install/open_manipulator_bringup/share/ament_index/resource_index/packages
[1.704s] symbolically linking /home/youn/ROS/open_manipulator_ws/build/open_manipulator_bringup/package.xml -> /home/youn/ROS/open_manipulator_ws/install/open_manipulator_bringup/share/open_manipulator_bringup
[1.705s] creating /home/youn/ROS/open_manipulator_ws/install/open_manipulator_bringup/share/open_manipulator_bringup/launch
[1.705s] symbolically linking /home/youn/ROS/open_manipulator_ws/build/open_manipulator_bringup/launch/omy_3m_pack.launch.py -> /home/youn/ROS/open_manipulator_ws/install/open_manipulator_bringup/share/open_manipulator_bringup/launch
[1.705s] symbolically linking /home/youn/ROS/open_manipulator_ws/build/open_manipulator_bringup/launch/omy_ai.launch.py -> /home/youn/ROS/open_manipulator_ws/install/open_manipulator_bringup/share/open_manipulator_bringup/launch
[1.705s] symbolically linking /home/youn/ROS/open_manipulator_ws/build/open_manipulator_bringup/launch/omx_f.launch.py -> /home/youn/ROS/open_manipulator_ws/install/open_manipulator_bringup/share/open_manipulator_bringup/launch
[1.705s] symbolically linking /home/youn/ROS/open_manipulator_ws/build/open_manipulator_bringup/launch/omx_f_follower_ai_gazebo.launch.py -> /home/youn/ROS/open_manipulator_ws/install/open_manipulator_bringup/share/open_manipulator_bringup/launch
[1.705s] symbolically linking /home/youn/ROS/open_manipulator_ws/build/open_manipulator_bringup/launch/omy_3m_unpack.launch.py -> /home/youn/ROS/open_manipulator_ws/install/open_manipulator_bringup/share/open_manipulator_bringup/launch
[1.705s] symbolically linking /home/youn/ROS/open_manipulator_ws/build/open_manipulator_bringup/launch/open_manipulator_x.launch.py -> /home/youn/ROS/open_manipulator_ws/install/open_manipulator_bringup/share/open_manipulator_bringup/launch
[1.705s] symbolically linking /home/youn/ROS/open_manipulator_ws/build/open_manipulator_bringup/launch/omx_f_follower_ai.launch.py -> /home/youn/ROS/open_manipulator_ws/install/open_manipulator_bringup/share/open_manipulator_bringup/launch
[1.705s] symbolically linking /home/youn/ROS/open_manipulator_ws/build/open_manipulator_bringup/launch/open_manipulator_x_gazebo.launch.py -> /home/youn/ROS/open_manipulator_ws/install/open_manipulator_bringup/share/open_manipulator_bringup/launch
[1.705s] symbolically linking /home/youn/ROS/open_manipulator_ws/build/open_manipulator_bringup/launch/omy_3m.launch.py -> /home/youn/ROS/open_manipulator_ws/install/open_manipulator_bringup/share/open_manipulator_bringup/launch
[1.706s] symbolically linking /home/youn/ROS/open_manipulator_ws/build/open_manipulator_bringup/launch/omy_f3m.launch.py -> /home/youn/ROS/open_manipulator_ws/install/open_manipulator_bringup/share/open_manipulator_bringup/launch
[1.706s] symbolically linking /home/youn/ROS/open_manipulator_ws/build/open_manipulator_bringup/launch/camera_usb_cam.launch.py -> /home/youn/ROS/open_manipulator_ws/install/open_manipulator_bringup/share/open_manipulator_bringup/launch
[1.706s] symbolically linking /home/youn/ROS/open_manipulator_ws/build/open_manipulator_bringup/launch/camera_realsense.launch.py -> /home/youn/ROS/open_manipulator_ws/install/open_manipulator_bringup/share/open_manipulator_bringup/launch
[1.706s] symbolically linking /home/youn/ROS/open_manipulator_ws/build/open_manipulator_bringup/launch/omx_f_gazebo.launch.py -> /home/youn/ROS/open_manipulator_ws/install/open_manipulator_bringup/share/open_manipulator_bringup/launch
[1.706s] symbolically linking /home/youn/ROS/open_manipulator_ws/build/open_manipulator_bringup/launch/omy_f3m_follower_ai_gazebo.launch.py -> /home/youn/ROS/open_manipulator_ws/install/open_manipulator_bringup/share/open_manipulator_bringup/launch
[1.706s] symbolically linking /home/youn/ROS/open_manipulator_ws/build/open_manipulator_bringup/launch/omy_3m_gazebo.launch.py -> /home/youn/ROS/open_manipulator_ws/install/open_manipulator_bringup/share/open_manipulator_bringup/launch
[1.706s] symbolically linking /home/youn/ROS/open_manipulator_ws/build/open_manipulator_bringup/launch/omy_l100_leader_ai.launch.py -> /home/youn/ROS/open_manipulator_ws/install/open_manipulator_bringup/share/open_manipulator_bringup/launch
[1.707s] symbolically linking /home/youn/ROS/open_manipulator_ws/build/open_manipulator_bringup/launch/omy_l100_follower_ai.launch.py -> /home/youn/ROS/open_manipulator_ws/install/open_manipulator_bringup/share/open_manipulator_bringup/launch
[1.707s] symbolically linking /home/youn/ROS/open_manipulator_ws/build/open_manipulator_bringup/launch/omx_ai.launch.py -> /home/youn/ROS/open_manipulator_ws/install/open_manipulator_bringup/share/open_manipulator_bringup/launch
[1.707s] symbolically linking /home/youn/ROS/open_manipulator_ws/build/open_manipulator_bringup/launch/omy_f3m_gazebo.launch.py -> /home/youn/ROS/open_manipulator_ws/install/open_manipulator_bringup/share/open_manipulator_bringup/launch
[1.708s] symbolically linking /home/youn/ROS/open_manipulator_ws/build/open_manipulator_bringup/launch/omy_ai_reverse.launch.py -> /home/youn/ROS/open_manipulator_ws/install/open_manipulator_bringup/share/open_manipulator_bringup/launch
[1.708s] symbolically linking /home/youn/ROS/open_manipulator_ws/build/open_manipulator_bringup/launch/omy_f3m_leader_ai.launch.py -> /home/youn/ROS/open_manipulator_ws/install/open_manipulator_bringup/share/open_manipulator_bringup/launch
[1.708s] symbolically linking /home/youn/ROS/open_manipulator_ws/build/open_manipulator_bringup/launch/omx_l_leader_ai.launch.py -> /home/youn/ROS/open_manipulator_ws/install/open_manipulator_bringup/share/open_manipulator_bringup/launch
[1.708s] symbolically linking /home/youn/ROS/open_manipulator_ws/build/open_manipulator_bringup/launch/omy_f3m_follower_ai.launch.py -> /home/youn/ROS/open_manipulator_ws/install/open_manipulator_bringup/share/open_manipulator_bringup/launch
[1.709s] creating /home/youn/ROS/open_manipulator_ws/install/open_manipulator_bringup/share/open_manipulator_bringup/config
[1.709s] creating /home/youn/ROS/open_manipulator_ws/install/open_manipulator_bringup/share/open_manipulator_bringup/config/open_manipulator_x
[1.709s] symbolically linking /home/youn/ROS/open_manipulator_ws/build/open_manipulator_bringup/config/open_manipulator_x/hardware_controller_manager.yaml -> /home/youn/ROS/open_manipulator_ws/install/open_manipulator_bringup/share/open_manipulator_bringup/config/open_manipulator_x
[1.710s] symbolically linking /home/youn/ROS/open_manipulator_ws/build/open_manipulator_bringup/config/open_manipulator_x/initial_positions.yaml -> /home/youn/ROS/open_manipulator_ws/install/open_manipulator_bringup/share/open_manipulator_bringup/config/open_manipulator_x
[1.710s] creating /home/youn/ROS/open_manipulator_ws/install/open_manipulator_bringup/share/open_manipulator_bringup/config/omy_3m
[1.710s] symbolically linking /home/youn/ROS/open_manipulator_ws/build/open_manipulator_bringup/config/omy_3m/hardware_controller_manager.yaml -> /home/youn/ROS/open_manipulator_ws/install/open_manipulator_bringup/share/open_manipulator_bringup/config/omy_3m
[1.710s] symbolically linking /home/youn/ROS/open_manipulator_ws/build/open_manipulator_bringup/config/omy_3m/qc_positions.yaml -> /home/youn/ROS/open_manipulator_ws/install/open_manipulator_bringup/share/open_manipulator_bringup/config/omy_3m
[1.711s] symbolically linking /home/youn/ROS/open_manipulator_ws/build/open_manipulator_bringup/config/omy_3m/pack_positions.yaml -> /home/youn/ROS/open_manipulator_ws/install/open_manipulator_bringup/share/open_manipulator_bringup/config/omy_3m
[1.711s] symbolically linking /home/youn/ROS/open_manipulator_ws/build/open_manipulator_bringup/config/omy_3m/initial_positions.yaml -> /home/youn/ROS/open_manipulator_ws/install/open_manipulator_bringup/share/open_manipulator_bringup/config/omy_3m
[1.711s] creating /home/youn/ROS/open_manipulator_ws/install/open_manipulator_bringup/share/open_manipulator_bringup/config/omy_f3m
[1.712s] symbolically linking /home/youn/ROS/open_manipulator_ws/build/open_manipulator_bringup/config/omy_f3m/hardware_controller_manager.yaml -> /home/youn/ROS/open_manipulator_ws/install/open_manipulator_bringup/share/open_manipulator_bringup/config/omy_f3m
[1.712s] symbolically linking /home/youn/ROS/open_manipulator_ws/build/open_manipulator_bringup/config/omy_f3m/initial_positions.yaml -> /home/youn/ROS/open_manipulator_ws/install/open_manipulator_bringup/share/open_manipulator_bringup/config/omy_f3m
[1.712s] creating /home/youn/ROS/open_manipulator_ws/install/open_manipulator_bringup/share/open_manipulator_bringup/config/omy_f3m_follower_ai
[1.712s] symbolically linking /home/youn/ROS/open_manipulator_ws/build/open_manipulator_bringup/config/omy_f3m_follower_ai/hardware_controller_manager.yaml -> /home/youn/ROS/open_manipulator_ws/install/open_manipulator_bringup/share/open_manipulator_bringup/config/omy_f3m_follower_ai
[1.713s] symbolically linking /home/youn/ROS/open_manipulator_ws/build/open_manipulator_bringup/config/omy_f3m_follower_ai/qc_positions.yaml -> /home/youn/ROS/open_manipulator_ws/install/open_manipulator_bringup/share/open_manipulator_bringup/config/omy_f3m_follower_ai
[1.714s] symbolically linking /home/youn/ROS/open_manipulator_ws/build/open_manipulator_bringup/config/omy_f3m_follower_ai/initial_positions.yaml -> /home/youn/ROS/open_manipulator_ws/install/open_manipulator_bringup/share/open_manipulator_bringup/config/omy_f3m_follower_ai
[1.714s] creating /home/youn/ROS/open_manipulator_ws/install/open_manipulator_bringup/share/open_manipulator_bringup/config/omy_f3m_leader_ai
[1.714s] symbolically linking /home/youn/ROS/open_manipulator_ws/build/open_manipulator_bringup/config/omy_f3m_leader_ai/hardware_controller_manager.yaml -> /home/youn/ROS/open_manipulator_ws/install/open_manipulator_bringup/share/open_manipulator_bringup/config/omy_f3m_leader_ai
[1.714s] creating /home/youn/ROS/open_manipulator_ws/install/open_manipulator_bringup/share/open_manipulator_bringup/config/omy_l100_follower_ai
[1.714s] symbolically linking /home/youn/ROS/open_manipulator_ws/build/open_manipulator_bringup/config/omy_l100_follower_ai/hardware_controller_manager.yaml -> /home/youn/ROS/open_manipulator_ws/install/open_manipulator_bringup/share/open_manipulator_bringup/config/omy_l100_follower_ai
[1.715s] symbolically linking /home/youn/ROS/open_manipulator_ws/build/open_manipulator_bringup/config/omy_l100_follower_ai/initial_positions.yaml -> /home/youn/ROS/open_manipulator_ws/install/open_manipulator_bringup/share/open_manipulator_bringup/config/omy_l100_follower_ai
[1.715s] creating /home/youn/ROS/open_manipulator_ws/install/open_manipulator_bringup/share/open_manipulator_bringup/config/omy_l100_leader_ai
[1.715s] symbolically linking /home/youn/ROS/open_manipulator_ws/build/open_manipulator_bringup/config/omy_l100_leader_ai/hardware_controller_manager.yaml -> /home/youn/ROS/open_manipulator_ws/install/open_manipulator_bringup/share/open_manipulator_bringup/config/omy_l100_leader_ai
[1.716s] creating /home/youn/ROS/open_manipulator_ws/install/open_manipulator_bringup/share/open_manipulator_bringup/config/omx_f
[1.716s] symbolically linking /home/youn/ROS/open_manipulator_ws/build/open_manipulator_bringup/config/omx_f/hardware_controller_manager.yaml -> /home/youn/ROS/open_manipulator_ws/install/open_manipulator_bringup/share/open_manipulator_bringup/config/omx_f
[1.716s] symbolically linking /home/youn/ROS/open_manipulator_ws/build/open_manipulator_bringup/config/omx_f/initial_positions.yaml -> /home/youn/ROS/open_manipulator_ws/install/open_manipulator_bringup/share/open_manipulator_bringup/config/omx_f
[1.716s] creating /home/youn/ROS/open_manipulator_ws/install/open_manipulator_bringup/share/open_manipulator_bringup/config/omx_f_follower_ai
[1.716s] symbolically linking /home/youn/ROS/open_manipulator_ws/build/open_manipulator_bringup/config/omx_f_follower_ai/hardware_controller_manager.yaml -> /home/youn/ROS/open_manipulator_ws/install/open_manipulator_bringup/share/open_manipulator_bringup/config/omx_f_follower_ai
[1.717s] symbolically linking /home/youn/ROS/open_manipulator_ws/build/open_manipulator_bringup/config/omx_f_follower_ai/initial_positions.yaml -> /home/youn/ROS/open_manipulator_ws/install/open_manipulator_bringup/share/open_manipulator_bringup/config/omx_f_follower_ai
[1.717s] creating /home/youn/ROS/open_manipulator_ws/install/open_manipulator_bringup/share/open_manipulator_bringup/config/omx_l_leader_ai
[1.717s] symbolically linking /home/youn/ROS/open_manipulator_ws/build/open_manipulator_bringup/config/omx_l_leader_ai/hardware_controller_manager.yaml -> /home/youn/ROS/open_manipulator_ws/install/open_manipulator_bringup/share/open_manipulator_bringup/config/omx_l_leader_ai
[1.717s] creating /home/youn/ROS/open_manipulator_ws/install/open_manipulator_bringup/share/open_manipulator_bringup/worlds
[1.717s] symbolically linking /home/youn/ROS/open_manipulator_ws/build/open_manipulator_bringup/worlds/empty_world.sdf -> /home/youn/ROS/open_manipulator_ws/install/open_manipulator_bringup/share/open_manipulator_bringup/worlds
[1.717s] symbolically linking /home/youn/ROS/open_manipulator_ws/build/open_manipulator_bringup/open-manipulator-cdc.rules -> /home/youn/ROS/open_manipulator_ws/install/open_manipulator_bringup/share/open_manipulator_bringup
[1.745s] Invoked command in '/home/youn/ROS/open_manipulator_ws/build/open_manipulator_bringup' returned '0': AMENT_PREFIX_PATH=/home/youn/ROS/open_manipulator_ws/install/dynamixel_hardware_interface:/home/youn/ROS/open_manipulator_ws/install/open_manipulator_description:/home/youn/ROS/open_manipulator_ws/install/dynamixel_sdk:/home/youn/ROS/open_manipulator_ws/install/dynamixel_interfaces:${AMENT_PREFIX_PATH} CMAKE_PREFIX_PATH=/home/youn/ROS/open_manipulator_ws/install/dynamixel_hardware_interface:/home/youn/ROS/open_manipulator_ws/install/open_manipulator_description:/home/youn/ROS/open_manipulator_ws/install/dynamixel_sdk:/home/youn/ROS/open_manipulator_ws/install/dynamixel_interfaces:${CMAKE_PREFIX_PATH} LD_LIBRARY_PATH=/home/youn/ROS/open_manipulator_ws/install/dynamixel_hardware_interface/lib:/home/youn/ROS/open_manipulator_ws/install/dynamixel_sdk/lib:/home/youn/ROS/open_manipulator_ws/install/dynamixel_interfaces/lib:${LD_LIBRARY_PATH} PYTHONPATH=/home/youn/ROS/open_manipulator_ws/build/open_manipulator_bringup/prefix_override:/usr/lib/python3/dist-packages/colcon_core/task/python/colcon_distutils_commands:/home/youn/ROS/open_manipulator_ws/install/open_manipulator_bringup/lib/python3.12/site-packages:/home/youn/ROS/open_manipulator_ws/install/dynamixel_sdk/lib/python3.12/site-packages:/home/youn/ROS/open_manipulator_ws/install/dynamixel_interfaces/lib/python3.12/site-packages:${PYTHONPATH} /usr/bin/python3 -W ignore:setup.py install is deprecated -W ignore:easy_install command is deprecated setup.py develop --editable --build-directory /home/youn/ROS/open_manipulator_ws/build/open_manipulator_bringup/build --no-deps symlink_data
