[1.925s] Invoking command in '/home/youn/ROS/open_manipulator_ws/build/open_manipulator_teleop': PYTHONPATH=/home/youn/ROS/open_manipulator_ws/build/open_manipulator_teleop/prefix_override:/usr/lib/python3/dist-packages/colcon_core/task/python/colcon_distutils_commands:/home/youn/ROS/open_manipulator_ws/install/open_manipulator_teleop/lib/python3.12/site-packages:${PYTHONPATH} /usr/bin/python3 -W ignore:setup.py install is deprecated -W ignore:easy_install command is deprecated setup.py develop --editable --build-directory /home/youn/ROS/open_manipulator_ws/build/open_manipulator_teleop/build --no-deps symlink_data
[2.372s] running develop
[3.257s] running egg_info
[3.257s] creating open_manipulator_teleop.egg-info
[3.321s] writing open_manipulator_teleop.egg-info/PKG-INFO
[3.329s] writing dependency_links to open_manipulator_teleop.egg-info/dependency_links.txt
[3.329s] writing entry points to open_manipulator_teleop.egg-info/entry_points.txt
[3.329s] writing requirements to open_manipulator_teleop.egg-info/requires.txt
[3.329s] writing top-level names to open_manipulator_teleop.egg-info/top_level.txt
[3.329s] writing manifest file 'open_manipulator_teleop.egg-info/SOURCES.txt'
[3.604s] reading manifest file 'open_manipulator_teleop.egg-info/SOURCES.txt'
[3.604s] writing manifest file 'open_manipulator_teleop.egg-info/SOURCES.txt'
[3.701s] running build_ext
[3.702s] Creating /home/youn/ROS/open_manipulator_ws/install/open_manipulator_teleop/lib/python3.12/site-packages/open-manipulator-teleop.egg-link (link to .)
[3.703s] Installing omx_f_teleop script to /home/youn/ROS/open_manipulator_ws/install/open_manipulator_teleop/lib/open_manipulator_teleop
[3.707s] Installing omy_3m_teleop script to /home/youn/ROS/open_manipulator_ws/install/open_manipulator_teleop/lib/open_manipulator_teleop
[3.712s] Installing omy_f3m_teleop script to /home/youn/ROS/open_manipulator_ws/install/open_manipulator_teleop/lib/open_manipulator_teleop
[3.712s] Installing open_manipulator_x_teleop script to /home/youn/ROS/open_manipulator_ws/install/open_manipulator_teleop/lib/open_manipulator_teleop
[3.712s] 
[3.713s] Installed /home/youn/ROS/open_manipulator_ws/build/open_manipulator_teleop
[3.713s] running symlink_data
[3.713s] creating /home/youn/ROS/open_manipulator_ws/install/open_manipulator_teleop/share/ament_index
[3.713s] creating /home/youn/ROS/open_manipulator_ws/install/open_manipulator_teleop/share/ament_index/resource_index
[3.724s] creating /home/youn/ROS/open_manipulator_ws/install/open_manipulator_teleop/share/ament_index/resource_index/packages
[3.724s] symbolically linking /home/youn/ROS/open_manipulator_ws/build/open_manipulator_teleop/resource/open_manipulator_teleop -> /home/youn/ROS/open_manipulator_ws/install/open_manipulator_teleop/share/ament_index/resource_index/packages
[3.734s] symbolically linking /home/youn/ROS/open_manipulator_ws/build/open_manipulator_teleop/package.xml -> /home/youn/ROS/open_manipulator_ws/install/open_manipulator_teleop/share/open_manipulator_teleop
[3.744s] creating /home/youn/ROS/open_manipulator_ws/install/open_manipulator_teleop/share/open_manipulator_teleop/launch
[3.906s] Invoked command in '/home/youn/ROS/open_manipulator_ws/build/open_manipulator_teleop' returned '0': PYTHONPATH=/home/youn/ROS/open_manipulator_ws/build/open_manipulator_teleop/prefix_override:/usr/lib/python3/dist-packages/colcon_core/task/python/colcon_distutils_commands:/home/youn/ROS/open_manipulator_ws/install/open_manipulator_teleop/lib/python3.12/site-packages:${PYTHONPATH} /usr/bin/python3 -W ignore:setup.py install is deprecated -W ignore:easy_install command is deprecated setup.py develop --editable --build-directory /home/youn/ROS/open_manipulator_ws/build/open_manipulator_teleop/build --no-deps symlink_data
