[0.007s] Invoking command in '/home/youn/ROS/open_manipulator_ws/build/om_gravity_compensation_controller': CMAKE_PREFIX_PATH=${CMAKE_PREFIX_PATH}:/home/youn/ROS/ros_workspace/open_manipulator_ws/install/open_manipulator_teleop:/home/youn/ROS/ros_workspace/open_manipulator_ws/install/open_manipulator_bringup:/home/youn/ROS/ros_workspace/install/open_manipulator_teleop:/home/youn/ROS/ros_workspace/install/ros_basic:/home/youn/ROS/ros_workspace/install/gong_basic:/home/youn/ROS/ros_workspace/install/tf2_basic:/opt/ros/jazzy /usr/bin/cmake --build /home/youn/ROS/open_manipulator_ws/build/om_gravity_compensation_controller -- -j14 -l14
[0.079s] [ 50%] Built target gravity_compensation_controller_parameters
[0.095s] [ 75%] [32mBuilding CXX object CMakeFiles/gravity_compensation_controller.dir/src/gravity_compensation_controller.cpp.o[0m
[2.456s] In file included from [01m[K/opt/ros/jazzy/include/parameter_traits/parameter_traits/parameter_traits.hpp:37[m[K,
[2.456s]                  from [01m[K/home/youn/ROS/open_manipulator_ws/build/om_gravity_compensation_controller/include/om_gravity_compensation_controller/gravity_compensation_controller_parameters.hpp:26[m[K,
[2.456s]                  from [01m[K/home/youn/ROS/open_manipulator_ws/src/open_manipulator/ros2_controller/om_gravity_compensation_controller/include/gravity_compensation_controller/gravity_compensation_controller.hpp:46[m[K,
[2.456s]                  from [01m[K/home/youn/ROS/open_manipulator_ws/src/open_manipulator/ros2_controller/om_gravity_compensation_controller/src/gravity_compensation_controller.cpp:15[m[K:
[2.456s] [01m[K/opt/ros/jazzy/include/tl_expected/expected.hpp:18:167:[m[K [01;36m[Knote: [m[K‘[01m[K#pragma message: tl_expected/expected.hpp is deprecated. Use <tl/expected.hpp> from libexpected-dev, or <rcpputils/tl_expected/expected.hpp> if the system header is not available.[m[K’
[2.456s]    18 | rom libexpected-dev, or <rcpputils/tl_expected/expected.hpp> if the system header is not available."[01;36m[K)[m[K // NOLINT
[2.456s]       |                                                                                                     [01;36m[K^[m[K
[2.456s] 
[13.045s] [100%] [32m[1mLinking CXX shared library libgravity_compensation_controller.so[0m
[13.302s] [100%] Built target gravity_compensation_controller
[13.309s] Invoked command in '/home/youn/ROS/open_manipulator_ws/build/om_gravity_compensation_controller' returned '0': CMAKE_PREFIX_PATH=${CMAKE_PREFIX_PATH}:/home/youn/ROS/ros_workspace/open_manipulator_ws/install/open_manipulator_teleop:/home/youn/ROS/ros_workspace/open_manipulator_ws/install/open_manipulator_bringup:/home/youn/ROS/ros_workspace/install/open_manipulator_teleop:/home/youn/ROS/ros_workspace/install/ros_basic:/home/youn/ROS/ros_workspace/install/gong_basic:/home/youn/ROS/ros_workspace/install/tf2_basic:/opt/ros/jazzy /usr/bin/cmake --build /home/youn/ROS/open_manipulator_ws/build/om_gravity_compensation_controller -- -j14 -l14
[13.312s] Invoking command in '/home/youn/ROS/open_manipulator_ws/build/om_gravity_compensation_controller': CMAKE_PREFIX_PATH=${CMAKE_PREFIX_PATH}:/home/youn/ROS/ros_workspace/open_manipulator_ws/install/open_manipulator_teleop:/home/youn/ROS/ros_workspace/open_manipulator_ws/install/open_manipulator_bringup:/home/youn/ROS/ros_workspace/install/open_manipulator_teleop:/home/youn/ROS/ros_workspace/install/ros_basic:/home/youn/ROS/ros_workspace/install/gong_basic:/home/youn/ROS/ros_workspace/install/tf2_basic:/opt/ros/jazzy /usr/bin/cmake --install /home/youn/ROS/open_manipulator_ws/build/om_gravity_compensation_controller
[13.319s] -- Install configuration: "Release"
[13.320s] -- Execute custom install script
[13.320s] -- Symlinking: /home/youn/ROS/open_manipulator_ws/install/om_gravity_compensation_controller/include/om_gravity_compensation_controller/gravity_compensation_controller_parameters.hpp
[13.327s] -- Symlinking: /home/youn/ROS/open_manipulator_ws/install/om_gravity_compensation_controller/share/om_gravity_compensation_controller//gravity_compensation_plugin.xml
[13.334s] -- Symlinking: /home/youn/ROS/open_manipulator_ws/install/om_gravity_compensation_controller/include/gravity_compensation_controller/gravity_compensation_controller/gravity_compensation_controller.hpp
[13.340s] -- Symlinking: /home/youn/ROS/open_manipulator_ws/install/om_gravity_compensation_controller/include/gravity_compensation_controller/gravity_compensation_controller/visibility_control.h
[13.346s] -- Symlinking: /home/youn/ROS/open_manipulator_ws/install/om_gravity_compensation_controller/share/om_gravity_compensation_controller/environment/library_path.sh
[13.352s] -- Symlinking: /home/youn/ROS/open_manipulator_ws/install/om_gravity_compensation_controller/share/om_gravity_compensation_controller/environment/library_path.dsv
[13.359s] -- Symlinking: /home/youn/ROS/open_manipulator_ws/install/om_gravity_compensation_controller/share/ament_index/resource_index/package_run_dependencies/om_gravity_compensation_controller
[13.369s] -- Symlinking: /home/youn/ROS/open_manipulator_ws/install/om_gravity_compensation_controller/share/ament_index/resource_index/parent_prefix_path/om_gravity_compensation_controller
[13.375s] -- Symlinking: /home/youn/ROS/open_manipulator_ws/install/om_gravity_compensation_controller/share/om_gravity_compensation_controller/environment/ament_prefix_path.sh
[13.381s] -- Symlinking: /home/youn/ROS/open_manipulator_ws/install/om_gravity_compensation_controller/share/om_gravity_compensation_controller/environment/ament_prefix_path.dsv
[13.387s] -- Symlinking: /home/youn/ROS/open_manipulator_ws/install/om_gravity_compensation_controller/share/om_gravity_compensation_controller/environment/path.sh
[13.392s] -- Symlinking: /home/youn/ROS/open_manipulator_ws/install/om_gravity_compensation_controller/share/om_gravity_compensation_controller/environment/path.dsv
[13.398s] -- Symlinking: /home/youn/ROS/open_manipulator_ws/install/om_gravity_compensation_controller/share/om_gravity_compensation_controller/local_setup.bash
[13.404s] -- Symlinking: /home/youn/ROS/open_manipulator_ws/install/om_gravity_compensation_controller/share/om_gravity_compensation_controller/local_setup.sh
[13.410s] -- Symlinking: /home/youn/ROS/open_manipulator_ws/install/om_gravity_compensation_controller/share/om_gravity_compensation_controller/local_setup.zsh
[13.416s] -- Symlinking: /home/youn/ROS/open_manipulator_ws/install/om_gravity_compensation_controller/share/om_gravity_compensation_controller/local_setup.dsv
[13.422s] -- Symlinking: /home/youn/ROS/open_manipulator_ws/install/om_gravity_compensation_controller/share/om_gravity_compensation_controller/package.dsv
[13.429s] -- Symlinking: /home/youn/ROS/open_manipulator_ws/install/om_gravity_compensation_controller/share/ament_index/resource_index/packages/om_gravity_compensation_controller
[13.435s] -- Symlinking: /home/youn/ROS/open_manipulator_ws/install/om_gravity_compensation_controller/share/ament_index/resource_index/controller_interface__pluginlib__plugin/om_gravity_compensation_controller
[13.441s] -- Symlinking: /home/youn/ROS/open_manipulator_ws/install/om_gravity_compensation_controller/share/om_gravity_compensation_controller/cmake/ament_cmake_export_dependencies-extras.cmake
[13.447s] -- Symlinking: /home/youn/ROS/open_manipulator_ws/install/om_gravity_compensation_controller/share/om_gravity_compensation_controller/cmake/ament_cmake_export_targets-extras.cmake
[13.452s] -- Symlinking: /home/youn/ROS/open_manipulator_ws/install/om_gravity_compensation_controller/share/om_gravity_compensation_controller/cmake/om_gravity_compensation_controllerConfig.cmake
[13.458s] -- Symlinking: /home/youn/ROS/open_manipulator_ws/install/om_gravity_compensation_controller/share/om_gravity_compensation_controller/cmake/om_gravity_compensation_controllerConfig-version.cmake
[13.463s] -- Symlinking: /home/youn/ROS/open_manipulator_ws/install/om_gravity_compensation_controller/share/om_gravity_compensation_controller/package.xml
[13.469s] -- Installing: /home/youn/ROS/open_manipulator_ws/install/om_gravity_compensation_controller/lib/libgravity_compensation_controller.so
[13.470s] -- Set non-toolchain portion of runtime path of "/home/youn/ROS/open_manipulator_ws/install/om_gravity_compensation_controller/lib/libgravity_compensation_controller.so" to ""
[13.472s] -- Installing: /home/youn/ROS/open_manipulator_ws/install/om_gravity_compensation_controller/share/om_gravity_compensation_controller/cmake/export_gravity_compensation_controllerExport.cmake
[13.472s] -- Installing: /home/youn/ROS/open_manipulator_ws/install/om_gravity_compensation_controller/share/om_gravity_compensation_controller/cmake/export_gravity_compensation_controllerExport-release.cmake
[13.474s] Invoked command in '/home/youn/ROS/open_manipulator_ws/build/om_gravity_compensation_controller' returned '0': CMAKE_PREFIX_PATH=${CMAKE_PREFIX_PATH}:/home/youn/ROS/ros_workspace/open_manipulator_ws/install/open_manipulator_teleop:/home/youn/ROS/ros_workspace/open_manipulator_ws/install/open_manipulator_bringup:/home/youn/ROS/ros_workspace/install/open_manipulator_teleop:/home/youn/ROS/ros_workspace/install/ros_basic:/home/youn/ROS/ros_workspace/install/gong_basic:/home/youn/ROS/ros_workspace/install/tf2_basic:/opt/ros/jazzy /usr/bin/cmake --install /home/youn/ROS/open_manipulator_ws/build/om_gravity_compensation_controller
