-- Found ament_cmake: 2.5.6 (/opt/ros/jazzy/share/ament_cmake/cmake)
-- Override CMake install command with custom implementation using symlinks instead of copying resources
-- Configuring done (0.5s)
-- Generating done (0.0s)
-- Build files have been written to: /home/youn/ROS/open_manipulator_ws/build/open_manipulator_description
-- Install configuration: "Release"
-- Execute custom install script
-- Up-to-date symlink: /home/youn/ROS/open_manipulator_ws/install/open_manipulator_description/share/open_manipulator_description/launch/omx_f.launch.py
-- Up-to-date symlink: /home/youn/ROS/open_manipulator_ws/install/open_manipulator_description/share/open_manipulator_description/launch/omx_l.launch.py
-- Up-to-date symlink: /home/youn/ROS/open_manipulator_ws/install/open_manipulator_description/share/open_manipulator_description/launch/omy_3m.launch.py
-- Up-to-date symlink: /home/youn/ROS/open_manipulator_ws/install/open_manipulator_description/share/open_manipulator_description/launch/omy_f3m.launch.py
-- Up-to-date symlink: /home/youn/ROS/open_manipulator_ws/install/open_manipulator_description/share/open_manipulator_description/launch/omy_l100.launch.py
-- Up-to-date symlink: /home/youn/ROS/open_manipulator_ws/install/open_manipulator_description/share/open_manipulator_description/launch/open_manipulator_x.launch.py
-- Up-to-date symlink: /home/youn/ROS/open_manipulator_ws/install/open_manipulator_description/share/open_manipulator_description/meshes/omx_f/follower_01_base.stl
-- Up-to-date symlink: /home/youn/ROS/open_manipulator_ws/install/open_manipulator_description/share/open_manipulator_description/meshes/omx_f/follower_02_base_tilt_Revised.stl
-- Up-to-date symlink: /home/youn/ROS/open_manipulator_ws/install/open_manipulator_description/share/open_manipulator_description/meshes/omx_f/follower_03_middle_verticle.stl
-- Up-to-date symlink: /home/youn/ROS/open_manipulator_ws/install/open_manipulator_description/share/open_manipulator_description/meshes/omx_f/follower_04_middle_horizontal.stl
-- Up-to-date symlink: /home/youn/ROS/open_manipulator_ws/install/open_manipulator_description/share/open_manipulator_description/meshes/omx_f/follower_05_tip.stl
-- Up-to-date symlink: /home/youn/ROS/open_manipulator_ws/install/open_manipulator_description/share/open_manipulator_description/meshes/omx_f/follower_06_pan_Revised.stl
-- Up-to-date symlink: /home/youn/ROS/open_manipulator_ws/install/open_manipulator_description/share/open_manipulator_description/meshes/omx_f/follower_07_gripper_motorized.stl
-- Up-to-date symlink: /home/youn/ROS/open_manipulator_ws/install/open_manipulator_description/share/open_manipulator_description/meshes/omx_f/follower_08_gripper_gear.stl
-- Up-to-date symlink: /home/youn/ROS/open_manipulator_ws/install/open_manipulator_description/share/open_manipulator_description/meshes/omx_l/leader_01_base_roll.stl
-- Up-to-date symlink: /home/youn/ROS/open_manipulator_ws/install/open_manipulator_description/share/open_manipulator_description/meshes/omx_l/leader_02_base_tilt_revised.stl
-- Up-to-date symlink: /home/youn/ROS/open_manipulator_ws/install/open_manipulator_description/share/open_manipulator_description/meshes/omx_l/leader_03_middle_vertical.stl
-- Up-to-date symlink: /home/youn/ROS/open_manipulator_ws/install/open_manipulator_description/share/open_manipulator_description/meshes/omx_l/leader_04_middle_horizontal.stl
-- Up-to-date symlink: /home/youn/ROS/open_manipulator_ws/install/open_manipulator_description/share/open_manipulator_description/meshes/omx_l/leader_05_tip_roll.stl
-- Up-to-date symlink: /home/youn/ROS/open_manipulator_ws/install/open_manipulator_description/share/open_manipulator_description/meshes/omx_l/leader_06_tip_pan_revised.stl
-- Up-to-date symlink: /home/youn/ROS/open_manipulator_ws/install/open_manipulator_description/share/open_manipulator_description/meshes/omx_l/leader_07_tip_grip.stl
-- Up-to-date symlink: /home/youn/ROS/open_manipulator_ws/install/open_manipulator_description/share/open_manipulator_description/meshes/omy_3m/base_unit.stl
-- Up-to-date symlink: /home/youn/ROS/open_manipulator_ws/install/open_manipulator_description/share/open_manipulator_description/meshes/omy_3m/link1.stl
-- Up-to-date symlink: /home/youn/ROS/open_manipulator_ws/install/open_manipulator_description/share/open_manipulator_description/meshes/omy_3m/link2.stl
-- Up-to-date symlink: /home/youn/ROS/open_manipulator_ws/install/open_manipulator_description/share/open_manipulator_description/meshes/omy_3m/link3.stl
-- Up-to-date symlink: /home/youn/ROS/open_manipulator_ws/install/open_manipulator_description/share/open_manipulator_description/meshes/omy_3m/link4.stl
-- Up-to-date symlink: /home/youn/ROS/open_manipulator_ws/install/open_manipulator_description/share/open_manipulator_description/meshes/omy_3m/link5.stl
-- Up-to-date symlink: /home/youn/ROS/open_manipulator_ws/install/open_manipulator_description/share/open_manipulator_description/meshes/omy_3m/link6.stl
-- Up-to-date symlink: /home/youn/ROS/open_manipulator_ws/install/open_manipulator_description/share/open_manipulator_description/meshes/omy_f3m/base_unit.stl
-- Up-to-date symlink: /home/youn/ROS/open_manipulator_ws/install/open_manipulator_description/share/open_manipulator_description/meshes/omy_f3m/flange.stl
-- Up-to-date symlink: /home/youn/ROS/open_manipulator_ws/install/open_manipulator_description/share/open_manipulator_description/meshes/omy_f3m/link1.stl
-- Up-to-date symlink: /home/youn/ROS/open_manipulator_ws/install/open_manipulator_description/share/open_manipulator_description/meshes/omy_f3m/link2.stl
-- Up-to-date symlink: /home/youn/ROS/open_manipulator_ws/install/open_manipulator_description/share/open_manipulator_description/meshes/omy_f3m/link3.stl
-- Up-to-date symlink: /home/youn/ROS/open_manipulator_ws/install/open_manipulator_description/share/open_manipulator_description/meshes/omy_f3m/link4.stl
-- Up-to-date symlink: /home/youn/ROS/open_manipulator_ws/install/open_manipulator_description/share/open_manipulator_description/meshes/omy_f3m/link5.stl
-- Up-to-date symlink: /home/youn/ROS/open_manipulator_ws/install/open_manipulator_description/share/open_manipulator_description/meshes/omy_f3m/link6.stl
-- Up-to-date symlink: /home/youn/ROS/open_manipulator_ws/install/open_manipulator_description/share/open_manipulator_description/meshes/omy_l100/base_unit.stl
-- Up-to-date symlink: /home/youn/ROS/open_manipulator_ws/install/open_manipulator_description/share/open_manipulator_description/meshes/omy_l100/link1.stl
-- Up-to-date symlink: /home/youn/ROS/open_manipulator_ws/install/open_manipulator_description/share/open_manipulator_description/meshes/omy_l100/link2.stl
-- Up-to-date symlink: /home/youn/ROS/open_manipulator_ws/install/open_manipulator_description/share/open_manipulator_description/meshes/omy_l100/link3.stl
-- Up-to-date symlink: /home/youn/ROS/open_manipulator_ws/install/open_manipulator_description/share/open_manipulator_description/meshes/omy_l100/link4.stl
-- Up-to-date symlink: /home/youn/ROS/open_manipulator_ws/install/open_manipulator_description/share/open_manipulator_description/meshes/omy_l100/link5.stl
-- Up-to-date symlink: /home/youn/ROS/open_manipulator_ws/install/open_manipulator_description/share/open_manipulator_description/meshes/omy_l100/link6.stl
-- Up-to-date symlink: /home/youn/ROS/open_manipulator_ws/install/open_manipulator_description/share/open_manipulator_description/meshes/omy_l100/link7.stl
-- Up-to-date symlink: /home/youn/ROS/open_manipulator_ws/install/open_manipulator_description/share/open_manipulator_description/meshes/open_manipulator_x/gripper_left_palm.stl
-- Up-to-date symlink: /home/youn/ROS/open_manipulator_ws/install/open_manipulator_description/share/open_manipulator_description/meshes/open_manipulator_x/gripper_right_palm.stl
-- Up-to-date symlink: /home/youn/ROS/open_manipulator_ws/install/open_manipulator_description/share/open_manipulator_description/meshes/open_manipulator_x/link1.stl
-- Up-to-date symlink: /home/youn/ROS/open_manipulator_ws/install/open_manipulator_description/share/open_manipulator_description/meshes/open_manipulator_x/link2.stl
-- Up-to-date symlink: /home/youn/ROS/open_manipulator_ws/install/open_manipulator_description/share/open_manipulator_description/meshes/open_manipulator_x/link3.stl
-- Up-to-date symlink: /home/youn/ROS/open_manipulator_ws/install/open_manipulator_description/share/open_manipulator_description/meshes/open_manipulator_x/link4.stl
-- Up-to-date symlink: /home/youn/ROS/open_manipulator_ws/install/open_manipulator_description/share/open_manipulator_description/meshes/open_manipulator_x/link5.stl
-- Up-to-date symlink: /home/youn/ROS/open_manipulator_ws/install/open_manipulator_description/share/open_manipulator_description/meshes/open_manipulator_x/plate.stl
-- Up-to-date symlink: /home/youn/ROS/open_manipulator_ws/install/open_manipulator_description/share/open_manipulator_description/meshes/rh_p12_rn_a/base.stl
-- Up-to-date symlink: /home/youn/ROS/open_manipulator_ws/install/open_manipulator_description/share/open_manipulator_description/meshes/rh_p12_rn_a/l1.stl
-- Up-to-date symlink: /home/youn/ROS/open_manipulator_ws/install/open_manipulator_description/share/open_manipulator_description/meshes/rh_p12_rn_a/l2.stl
-- Up-to-date symlink: /home/youn/ROS/open_manipulator_ws/install/open_manipulator_description/share/open_manipulator_description/meshes/rh_p12_rn_a/r1.stl
-- Up-to-date symlink: /home/youn/ROS/open_manipulator_ws/install/open_manipulator_description/share/open_manipulator_description/meshes/rh_p12_rn_a/r2.stl
-- Up-to-date symlink: /home/youn/ROS/open_manipulator_ws/install/open_manipulator_description/share/open_manipulator_description/rviz/open_manipulator.rviz
-- Up-to-date symlink: /home/youn/ROS/open_manipulator_ws/install/open_manipulator_description/share/open_manipulator_description/urdf/omx_f/omx_f.urdf
-- Up-to-date symlink: /home/youn/ROS/open_manipulator_ws/install/open_manipulator_description/share/open_manipulator_description/urdf/omx_f/omx_f.urdf.xacro
-- Up-to-date symlink: /home/youn/ROS/open_manipulator_ws/install/open_manipulator_description/share/open_manipulator_description/urdf/omx_f/omx_f_arm.urdf.xacro
-- Up-to-date symlink: /home/youn/ROS/open_manipulator_ws/install/open_manipulator_description/share/open_manipulator_description/urdf/omx_l/omx_l.urdf
-- Up-to-date symlink: /home/youn/ROS/open_manipulator_ws/install/open_manipulator_description/share/open_manipulator_description/urdf/omx_l/omx_l.urdf.xacro
-- Up-to-date symlink: /home/youn/ROS/open_manipulator_ws/install/open_manipulator_description/share/open_manipulator_description/urdf/omx_l/omx_l_arm.urdf.xacro
-- Up-to-date symlink: /home/youn/ROS/open_manipulator_ws/install/open_manipulator_description/share/open_manipulator_description/urdf/omy_3m/omy_3m.urdf
-- Up-to-date symlink: /home/youn/ROS/open_manipulator_ws/install/open_manipulator_description/share/open_manipulator_description/urdf/omy_3m/omy_3m.urdf.xacro
-- Up-to-date symlink: /home/youn/ROS/open_manipulator_ws/install/open_manipulator_description/share/open_manipulator_description/urdf/omy_3m/omy_3m_arm.urdf.xacro
-- Up-to-date symlink: /home/youn/ROS/open_manipulator_ws/install/open_manipulator_description/share/open_manipulator_description/urdf/omy_f3m/omy_f3m.urdf
-- Up-to-date symlink: /home/youn/ROS/open_manipulator_ws/install/open_manipulator_description/share/open_manipulator_description/urdf/omy_f3m/omy_f3m.urdf.xacro
-- Up-to-date symlink: /home/youn/ROS/open_manipulator_ws/install/open_manipulator_description/share/open_manipulator_description/urdf/omy_f3m/omy_f3m_arm.urdf.xacro
-- Up-to-date symlink: /home/youn/ROS/open_manipulator_ws/install/open_manipulator_description/share/open_manipulator_description/urdf/omy_f3m/rh_p12_rn_a.urdf.xacro
-- Up-to-date symlink: /home/youn/ROS/open_manipulator_ws/install/open_manipulator_description/share/open_manipulator_description/urdf/omy_l100/omy_l100.urdf
-- Up-to-date symlink: /home/youn/ROS/open_manipulator_ws/install/open_manipulator_description/share/open_manipulator_description/urdf/omy_l100/omy_l100.urdf.xacro
-- Up-to-date symlink: /home/youn/ROS/open_manipulator_ws/install/open_manipulator_description/share/open_manipulator_description/urdf/omy_l100/omy_l100_arm.urdf.xacro
-- Up-to-date symlink: /home/youn/ROS/open_manipulator_ws/install/open_manipulator_description/share/open_manipulator_description/urdf/open_manipulator_x/open_manipulator_x.urdf
-- Up-to-date symlink: /home/youn/ROS/open_manipulator_ws/install/open_manipulator_description/share/open_manipulator_description/urdf/open_manipulator_x/open_manipulator_x.urdf.xacro
-- Up-to-date symlink: /home/youn/ROS/open_manipulator_ws/install/open_manipulator_description/share/open_manipulator_description/urdf/open_manipulator_x/open_manipulator_x_arm.urdf.xacro
-- Up-to-date symlink: /home/youn/ROS/open_manipulator_ws/install/open_manipulator_description/share/open_manipulator_description/gazebo/omx_f.gazebo.xacro
-- Up-to-date symlink: /home/youn/ROS/open_manipulator_ws/install/open_manipulator_description/share/open_manipulator_description/gazebo/omx_l.gazebo.xacro
-- Up-to-date symlink: /home/youn/ROS/open_manipulator_ws/install/open_manipulator_description/share/open_manipulator_description/gazebo/omy_3m.gazebo.xacro
-- Up-to-date symlink: /home/youn/ROS/open_manipulator_ws/install/open_manipulator_description/share/open_manipulator_description/gazebo/omy_f3m.gazebo.xacro
-- Up-to-date symlink: /home/youn/ROS/open_manipulator_ws/install/open_manipulator_description/share/open_manipulator_description/gazebo/omy_l100.gazebo.xacro
-- Up-to-date symlink: /home/youn/ROS/open_manipulator_ws/install/open_manipulator_description/share/open_manipulator_description/gazebo/open_manipulator_x.gazebo.xacro
-- Up-to-date symlink: /home/youn/ROS/open_manipulator_ws/install/open_manipulator_description/share/open_manipulator_description/gazebo/rh_p12_rn_a.gazebo.xacro
-- Up-to-date symlink: /home/youn/ROS/open_manipulator_ws/install/open_manipulator_description/share/open_manipulator_description/ros2_control/omx_f.ros2_control.xacro
-- Up-to-date symlink: /home/youn/ROS/open_manipulator_ws/install/open_manipulator_description/share/open_manipulator_description/ros2_control/omx_l.ros2_control.xacro
-- Up-to-date symlink: /home/youn/ROS/open_manipulator_ws/install/open_manipulator_description/share/open_manipulator_description/ros2_control/omy_3m_end_unit.ros2_control.xacro
-- Up-to-date symlink: /home/youn/ROS/open_manipulator_ws/install/open_manipulator_description/share/open_manipulator_description/ros2_control/omy_3m_position.ros2_control.xacro
-- Up-to-date symlink: /home/youn/ROS/open_manipulator_ws/install/open_manipulator_description/share/open_manipulator_description/ros2_control/omy_f3m_current.ros2_control.xacro
-- Up-to-date symlink: /home/youn/ROS/open_manipulator_ws/install/open_manipulator_description/share/open_manipulator_description/ros2_control/omy_f3m_end_unit.ros2_control.xacro
-- Up-to-date symlink: /home/youn/ROS/open_manipulator_ws/install/open_manipulator_description/share/open_manipulator_description/ros2_control/omy_f3m_position.ros2_control.xacro
-- Up-to-date symlink: /home/youn/ROS/open_manipulator_ws/install/open_manipulator_description/share/open_manipulator_description/ros2_control/omy_f3m_smooth.ros2_control.xacro
-- Up-to-date symlink: /home/youn/ROS/open_manipulator_ws/install/open_manipulator_description/share/open_manipulator_description/ros2_control/omy_l100_current.ros2_control.xacro
-- Up-to-date symlink: /home/youn/ROS/open_manipulator_ws/install/open_manipulator_description/share/open_manipulator_description/ros2_control/omy_l100_position.ros2_control.xacro
-- Up-to-date symlink: /home/youn/ROS/open_manipulator_ws/install/open_manipulator_description/share/open_manipulator_description/ros2_control/open_manipulator_x_position.ros2_control.xacro
-- Up-to-date symlink: /home/youn/ROS/open_manipulator_ws/install/open_manipulator_description/share/ament_index/resource_index/package_run_dependencies/open_manipulator_description
-- Up-to-date symlink: /home/youn/ROS/open_manipulator_ws/install/open_manipulator_description/share/ament_index/resource_index/parent_prefix_path/open_manipulator_description
-- Up-to-date symlink: /home/youn/ROS/open_manipulator_ws/install/open_manipulator_description/share/open_manipulator_description/environment/ament_prefix_path.sh
-- Up-to-date symlink: /home/youn/ROS/open_manipulator_ws/install/open_manipulator_description/share/open_manipulator_description/environment/ament_prefix_path.dsv
-- Up-to-date symlink: /home/youn/ROS/open_manipulator_ws/install/open_manipulator_description/share/open_manipulator_description/environment/path.sh
-- Up-to-date symlink: /home/youn/ROS/open_manipulator_ws/install/open_manipulator_description/share/open_manipulator_description/environment/path.dsv
-- Up-to-date symlink: /home/youn/ROS/open_manipulator_ws/install/open_manipulator_description/share/open_manipulator_description/local_setup.bash
-- Up-to-date symlink: /home/youn/ROS/open_manipulator_ws/install/open_manipulator_description/share/open_manipulator_description/local_setup.sh
-- Up-to-date symlink: /home/youn/ROS/open_manipulator_ws/install/open_manipulator_description/share/open_manipulator_description/local_setup.zsh
-- Up-to-date symlink: /home/youn/ROS/open_manipulator_ws/install/open_manipulator_description/share/open_manipulator_description/local_setup.dsv
-- Symlinking: /home/youn/ROS/open_manipulator_ws/install/open_manipulator_description/share/open_manipulator_description/package.dsv
-- Up-to-date symlink: /home/youn/ROS/open_manipulator_ws/install/open_manipulator_description/share/ament_index/resource_index/packages/open_manipulator_description
-- Up-to-date symlink: /home/youn/ROS/open_manipulator_ws/install/open_manipulator_description/share/open_manipulator_description/cmake/open_manipulator_descriptionConfig.cmake
-- Up-to-date symlink: /home/youn/ROS/open_manipulator_ws/install/open_manipulator_description/share/open_manipulator_description/cmake/open_manipulator_descriptionConfig-version.cmake
-- Up-to-date symlink: /home/youn/ROS/open_manipulator_ws/install/open_manipulator_description/share/open_manipulator_description/package.xml
