[0mCMake Deprecation Warning at /opt/ros/jazzy/share/tl_expected/cmake/tl_expectedConfig.cmake:37 (message):
  Package 'tl_expected' is deprecated (This package will be removed in ROS 2
  Lyrical Luth.

        Use tl/expected.hpp from libexpected-dev,
        or rcpputils/tl_expected/expected.hpp if the system header is not available)
Call Stack (most recent call first):
  /opt/ros/jazzy/share/parameter_traits/cmake/ament_cmake_export_dependencies-extras.cmake:21 (find_package)
  /opt/ros/jazzy/share/parameter_traits/cmake/parameter_traitsConfig.cmake:41 (include)
  /opt/ros/jazzy/share/control_toolbox/cmake/ament_cmake_export_dependencies-extras.cmake:21 (find_package)
  /opt/ros/jazzy/share/control_toolbox/cmake/control_toolboxConfig.cmake:41 (include)
  CMakeLists.txt:37 (find_package)

[0m
In file included from [01m[K/opt/ros/jazzy/include/parameter_traits/parameter_traits/parameter_traits.hpp:37[m[K,
                 from [01m[K/home/youn/ROS/open_manipulator_ws/build/om_gravity_compensation_controller/include/om_gravity_compensation_controller/gravity_compensation_controller_parameters.hpp:26[m[K,
                 from [01m[K/home/youn/ROS/open_manipulator_ws/src/open_manipulator/ros2_controller/om_gravity_compensation_controller/include/gravity_compensation_controller/gravity_compensation_controller.hpp:46[m[K,
                 from [01m[K/home/youn/ROS/open_manipulator_ws/src/open_manipulator/ros2_controller/om_gravity_compensation_controller/src/gravity_compensation_controller.cpp:15[m[K:
[01m[K/opt/ros/jazzy/include/tl_expected/expected.hpp:18:167:[m[K [01;36m[Knote: [m[K‘[01m[K#pragma message: tl_expected/expected.hpp is deprecated. Use <tl/expected.hpp> from libexpected-dev, or <rcpputils/tl_expected/expected.hpp> if the system header is not available.[m[K’
   18 | rom libexpected-dev, or <rcpputils/tl_expected/expected.hpp> if the system header is not available."[01;36m[K)[m[K // NOLINT
      |                                                                                                     [01;36m[K^[m[K

gmake[2]: *** [CMakeFiles/gravity_compensation_controller.dir/build.make:76: CMakeFiles/gravity_compensation_controller.dir/src/gravity_compensation_controller.cpp.o] Interrupt
gmake[1]: *** [CMakeFiles/Makefile2:165: CMakeFiles/gravity_compensation_controller.dir/all] Interrupt
gmake: *** [Makefile:146: all] Interrupt
