[0.013s] Invoking command in '/home/youn/ROS/open_manipulator_ws/build/dynamixel_interfaces': CMAKE_PREFIX_PATH=${CMAKE_PREFIX_PATH}:/home/youn/ROS/ros_workspace/open_manipulator_ws/install/open_manipulator_teleop:/home/youn/ROS/ros_workspace/open_manipulator_ws/install/open_manipulator_bringup:/home/youn/ROS/ros_workspace/install/open_manipulator_teleop:/home/youn/ROS/ros_workspace/install/ros_basic:/home/youn/ROS/ros_workspace/install/gong_basic:/home/youn/ROS/ros_workspace/install/tf2_basic:/opt/ros/jazzy /usr/bin/cmake --build /home/youn/ROS/open_manipulator_ws/build/dynamixel_interfaces -- -j14 -l14
[0.120s] [  1%] Built target dynamixel_interfaces__rosidl_generator_type_description
[0.124s] [  1%] Built target ament_cmake_python_symlink_dynamixel_interfaces
[0.125s] [  3%] Built target dynamixel_interfaces__rs
[0.140s] [  4%] Built target dynamixel_interfaces__cpp
[0.156s] [ 26%] Built target dynamixel_interfaces__rosidl_generator_c
[0.179s] [ 27%] [32mBuilding CXX object CMakeFiles/dynamixel_interfaces__rosidl_typesupport_fastrtps_c.dir/rosidl_typesupport_fastrtps_c/dynamixel_interfaces/msg/detail/dynamixel_state__type_support_c.cpp.o[0m
[0.182s] [ 30%] [32mBuilding CXX object CMakeFiles/dynamixel_interfaces__rosidl_typesupport_fastrtps_c.dir/rosidl_typesupport_fastrtps_c/dynamixel_interfaces/srv/detail/reboot_dxl__type_support_c.cpp.o[0m
[0.182s] [ 30%] [32mBuilding CXX object CMakeFiles/dynamixel_interfaces__rosidl_typesupport_fastrtps_c.dir/rosidl_typesupport_fastrtps_c/dynamixel_interfaces/srv/detail/get_data_from_dxl__type_support_c.cpp.o[0m
[0.182s] [ 32%] [32mBuilding CXX object CMakeFiles/dynamixel_interfaces__rosidl_typesupport_fastrtps_c.dir/rosidl_typesupport_fastrtps_c/dynamixel_interfaces/srv/detail/set_data_to_dxl__type_support_c.cpp.o[0m
[0.182s] [ 33%] [32mBuilding CXX object CMakeFiles/dynamixel_interfaces__rosidl_typesupport_fastrtps_cpp.dir/rosidl_typesupport_fastrtps_cpp/dynamixel_interfaces/msg/detail/dds_fastrtps/dynamixel_state__type_support.cpp.o[0m
[0.183s] [ 35%] [32mBuilding CXX object CMakeFiles/dynamixel_interfaces__rosidl_typesupport_fastrtps_cpp.dir/rosidl_typesupport_fastrtps_cpp/dynamixel_interfaces/srv/detail/dds_fastrtps/get_data_from_dxl__type_support.cpp.o[0m
[0.183s] [ 36%] [32mBuilding CXX object CMakeFiles/dynamixel_interfaces__rosidl_typesupport_fastrtps_cpp.dir/rosidl_typesupport_fastrtps_cpp/dynamixel_interfaces/srv/detail/dds_fastrtps/reboot_dxl__type_support.cpp.o[0m
[0.185s] [ 38%] [32mBuilding CXX object CMakeFiles/dynamixel_interfaces__rosidl_typesupport_fastrtps_cpp.dir/rosidl_typesupport_fastrtps_cpp/dynamixel_interfaces/srv/detail/dds_fastrtps/set_data_to_dxl__type_support.cpp.o[0m
[0.187s] [ 47%] Built target dynamixel_interfaces__rosidl_typesupport_introspection_c
[0.192s] [ 56%] Built target dynamixel_interfaces__rosidl_typesupport_c
[0.215s] [ 58%] [32mBuilding CXX object CMakeFiles/dynamixel_interfaces__rosidl_typesupport_cpp.dir/rosidl_typesupport_cpp/dynamixel_interfaces/msg/dynamixel_state__type_support.cpp.o[0m
[0.217s] [ 61%] [32mBuilding CXX object CMakeFiles/dynamixel_interfaces__rosidl_typesupport_cpp.dir/rosidl_typesupport_cpp/dynamixel_interfaces/srv/get_data_from_dxl__type_support.cpp.o[0m
[0.217s] [ 61%] [32mBuilding CXX object CMakeFiles/dynamixel_interfaces__rosidl_typesupport_cpp.dir/rosidl_typesupport_cpp/dynamixel_interfaces/srv/set_data_to_dxl__type_support.cpp.o[0m
[0.224s] [ 63%] [32mBuilding CXX object CMakeFiles/dynamixel_interfaces__rosidl_typesupport_cpp.dir/rosidl_typesupport_cpp/dynamixel_interfaces/srv/reboot_dxl__type_support.cpp.o[0m
[0.242s] [ 64%] [34m[1mGenerating C++ introspection for ROS interfaces[0m
[0.448s] running egg_info
[0.480s] writing dynamixel_interfaces.egg-info/PKG-INFO
[0.480s] writing dependency_links to dynamixel_interfaces.egg-info/dependency_links.txt
[0.480s] writing top-level names to dynamixel_interfaces.egg-info/top_level.txt
[0.605s] reading manifest file 'dynamixel_interfaces.egg-info/SOURCES.txt'
[0.609s] writing manifest file 'dynamixel_interfaces.egg-info/SOURCES.txt'
[0.740s] [ 64%] Built target ament_cmake_python_build_dynamixel_interfaces_egg
[1.127s] [ 66%] [32mBuilding CXX object CMakeFiles/dynamixel_interfaces__rosidl_typesupport_introspection_cpp.dir/rosidl_typesupport_introspection_cpp/dynamixel_interfaces/srv/detail/reboot_dxl__type_support.cpp.o[0m
[1.129s] [ 69%] [32mBuilding CXX object CMakeFiles/dynamixel_interfaces__rosidl_typesupport_introspection_cpp.dir/rosidl_typesupport_introspection_cpp/dynamixel_interfaces/msg/detail/dynamixel_state__type_support.cpp.o[0m
[1.130s] [ 69%] [32mBuilding CXX object CMakeFiles/dynamixel_interfaces__rosidl_typesupport_introspection_cpp.dir/rosidl_typesupport_introspection_cpp/dynamixel_interfaces/srv/detail/get_data_from_dxl__type_support.cpp.o[0m
[1.130s] [ 70%] [32mBuilding CXX object CMakeFiles/dynamixel_interfaces__rosidl_typesupport_introspection_cpp.dir/rosidl_typesupport_introspection_cpp/dynamixel_interfaces/srv/detail/set_data_to_dxl__type_support.cpp.o[0m
[1.146s] [ 72%] [32m[1mLinking CXX shared library libdynamixel_interfaces__rosidl_typesupport_cpp.so[0m
[1.336s] [ 73%] Built target dynamixel_interfaces__rosidl_typesupport_cpp
[1.389s] [ 75%] [32m[1mLinking CXX shared library libdynamixel_interfaces__rosidl_typesupport_fastrtps_c.so[0m
[1.517s] [ 76%] Built target dynamixel_interfaces__rosidl_typesupport_fastrtps_c
[1.648s] [ 78%] [32m[1mLinking CXX shared library libdynamixel_interfaces__rosidl_typesupport_fastrtps_cpp.so[0m
[1.752s] [ 80%] Built target dynamixel_interfaces__rosidl_typesupport_fastrtps_cpp
[1.784s] [ 81%] [32m[1mLinking CXX shared library libdynamixel_interfaces__rosidl_typesupport_introspection_cpp.so[0m
[1.862s] [ 81%] Built target dynamixel_interfaces__rosidl_typesupport_introspection_cpp
[1.876s] [ 81%] Built target dynamixel_interfaces
[1.892s] [ 83%] [34m[1mGenerating Python code for ROS interfaces[0m
[2.509s] [ 83%] Built target dynamixel_interfaces__py
[2.528s] [ 84%] [32mBuilding C object CMakeFiles/dynamixel_interfaces__rosidl_generator_py.dir/rosidl_generator_py/dynamixel_interfaces/srv/_set_data_to_dxl_s.c.o[0m
[2.530s] [ 86%] [32mBuilding C object CMakeFiles/dynamixel_interfaces__rosidl_generator_py.dir/rosidl_generator_py/dynamixel_interfaces/srv/_reboot_dxl_s.c.o[0m
[2.531s] [ 87%] [32mBuilding C object CMakeFiles/dynamixel_interfaces__rosidl_generator_py.dir/rosidl_generator_py/dynamixel_interfaces/msg/_dynamixel_state_s.c.o[0m
[2.531s] [ 89%] [32mBuilding C object CMakeFiles/dynamixel_interfaces__rosidl_generator_py.dir/rosidl_generator_py/dynamixel_interfaces/srv/_get_data_from_dxl_s.c.o[0m
[2.782s] [ 90%] [32m[1mLinking C shared library libdynamixel_interfaces__rosidl_generator_py.so[0m
[2.842s] [ 90%] Built target dynamixel_interfaces__rosidl_generator_py
[2.861s] [ 92%] [32mBuilding C object CMakeFiles/dynamixel_interfaces_s__rosidl_typesupport_fastrtps_c.dir/rosidl_generator_py/dynamixel_interfaces/_dynamixel_interfaces_s.ep.rosidl_typesupport_fastrtps_c.c.o[0m
[2.863s] [ 93%] [32mBuilding C object CMakeFiles/dynamixel_interfaces_s__rosidl_typesupport_introspection_c.dir/rosidl_generator_py/dynamixel_interfaces/_dynamixel_interfaces_s.ep.rosidl_typesupport_introspection_c.c.o[0m
[2.866s] [ 95%] [32mBuilding C object CMakeFiles/dynamixel_interfaces_s__rosidl_typesupport_c.dir/rosidl_generator_py/dynamixel_interfaces/_dynamixel_interfaces_s.ep.rosidl_typesupport_c.c.o[0m
[3.069s] [ 96%] [32m[1mLinking C shared module rosidl_generator_py/dynamixel_interfaces/dynamixel_interfaces_s__rosidl_typesupport_fastrtps_c.so[0m
[3.069s] [ 98%] [32m[1mLinking C shared module rosidl_generator_py/dynamixel_interfaces/dynamixel_interfaces_s__rosidl_typesupport_c.so[0m
[3.095s] [100%] [32m[1mLinking C shared module rosidl_generator_py/dynamixel_interfaces/dynamixel_interfaces_s__rosidl_typesupport_introspection_c.so[0m
[3.118s] [100%] Built target dynamixel_interfaces_s__rosidl_typesupport_c
[3.119s] [100%] Built target dynamixel_interfaces_s__rosidl_typesupport_fastrtps_c
[3.153s] [100%] Built target dynamixel_interfaces_s__rosidl_typesupport_introspection_c
[3.162s] Invoked command in '/home/youn/ROS/open_manipulator_ws/build/dynamixel_interfaces' returned '0': CMAKE_PREFIX_PATH=${CMAKE_PREFIX_PATH}:/home/youn/ROS/ros_workspace/open_manipulator_ws/install/open_manipulator_teleop:/home/youn/ROS/ros_workspace/open_manipulator_ws/install/open_manipulator_bringup:/home/youn/ROS/ros_workspace/install/open_manipulator_teleop:/home/youn/ROS/ros_workspace/install/ros_basic:/home/youn/ROS/ros_workspace/install/gong_basic:/home/youn/ROS/ros_workspace/install/tf2_basic:/opt/ros/jazzy /usr/bin/cmake --build /home/youn/ROS/open_manipulator_ws/build/dynamixel_interfaces -- -j14 -l14
[3.170s] Invoking command in '/home/youn/ROS/open_manipulator_ws/build/dynamixel_interfaces': CMAKE_PREFIX_PATH=${CMAKE_PREFIX_PATH}:/home/youn/ROS/ros_workspace/open_manipulator_ws/install/open_manipulator_teleop:/home/youn/ROS/ros_workspace/open_manipulator_ws/install/open_manipulator_bringup:/home/youn/ROS/ros_workspace/install/open_manipulator_teleop:/home/youn/ROS/ros_workspace/install/ros_basic:/home/youn/ROS/ros_workspace/install/gong_basic:/home/youn/ROS/ros_workspace/install/tf2_basic:/opt/ros/jazzy /usr/bin/cmake --install /home/youn/ROS/open_manipulator_ws/build/dynamixel_interfaces
[3.177s] -- Install configuration: "Release"
[3.178s] -- Execute custom install script
[3.179s] -- Symlinking: /home/youn/ROS/open_manipulator_ws/install/dynamixel_interfaces/share/ament_index/resource_index/rosidl_interfaces/dynamixel_interfaces
[3.185s] -- Symlinking: /home/youn/ROS/open_manipulator_ws/install/dynamixel_interfaces/share/dynamixel_interfaces/msg/DynamixelState.json
[3.192s] -- Symlinking: /home/youn/ROS/open_manipulator_ws/install/dynamixel_interfaces/share/dynamixel_interfaces/srv/GetDataFromDxl.json
[3.198s] -- Symlinking: /home/youn/ROS/open_manipulator_ws/install/dynamixel_interfaces/share/dynamixel_interfaces/srv/SetDataToDxl.json
[3.204s] -- Symlinking: /home/youn/ROS/open_manipulator_ws/install/dynamixel_interfaces/share/dynamixel_interfaces/srv/RebootDxl.json
[3.210s] -- Symlinking: /home/youn/ROS/open_manipulator_ws/install/dynamixel_interfaces/include/dynamixel_interfaces/dynamixel_interfaces/msg/detail/dynamixel_state__functions.h
[3.216s] -- Symlinking: /home/youn/ROS/open_manipulator_ws/install/dynamixel_interfaces/include/dynamixel_interfaces/dynamixel_interfaces/msg/detail/dynamixel_state__struct.h
[3.222s] -- Symlinking: /home/youn/ROS/open_manipulator_ws/install/dynamixel_interfaces/include/dynamixel_interfaces/dynamixel_interfaces/msg/detail/dynamixel_state__type_support.h
[3.227s] -- Symlinking: /home/youn/ROS/open_manipulator_ws/install/dynamixel_interfaces/include/dynamixel_interfaces/dynamixel_interfaces/msg/dynamixel_state.h
[3.232s] -- Symlinking: /home/youn/ROS/open_manipulator_ws/install/dynamixel_interfaces/include/dynamixel_interfaces/dynamixel_interfaces/msg/rosidl_generator_c__visibility_control.h
[3.239s] -- Symlinking: /home/youn/ROS/open_manipulator_ws/install/dynamixel_interfaces/include/dynamixel_interfaces/dynamixel_interfaces/srv/detail/get_data_from_dxl__functions.h
[3.244s] -- Symlinking: /home/youn/ROS/open_manipulator_ws/install/dynamixel_interfaces/include/dynamixel_interfaces/dynamixel_interfaces/srv/detail/get_data_from_dxl__struct.h
[3.249s] -- Symlinking: /home/youn/ROS/open_manipulator_ws/install/dynamixel_interfaces/include/dynamixel_interfaces/dynamixel_interfaces/srv/detail/get_data_from_dxl__type_support.h
[3.255s] -- Symlinking: /home/youn/ROS/open_manipulator_ws/install/dynamixel_interfaces/include/dynamixel_interfaces/dynamixel_interfaces/srv/detail/reboot_dxl__functions.h
[3.261s] -- Symlinking: /home/youn/ROS/open_manipulator_ws/install/dynamixel_interfaces/include/dynamixel_interfaces/dynamixel_interfaces/srv/detail/reboot_dxl__struct.h
[3.269s] -- Symlinking: /home/youn/ROS/open_manipulator_ws/install/dynamixel_interfaces/include/dynamixel_interfaces/dynamixel_interfaces/srv/detail/reboot_dxl__type_support.h
[3.275s] -- Symlinking: /home/youn/ROS/open_manipulator_ws/install/dynamixel_interfaces/include/dynamixel_interfaces/dynamixel_interfaces/srv/detail/set_data_to_dxl__functions.h
[3.281s] -- Symlinking: /home/youn/ROS/open_manipulator_ws/install/dynamixel_interfaces/include/dynamixel_interfaces/dynamixel_interfaces/srv/detail/set_data_to_dxl__struct.h
[3.289s] -- Symlinking: /home/youn/ROS/open_manipulator_ws/install/dynamixel_interfaces/include/dynamixel_interfaces/dynamixel_interfaces/srv/detail/set_data_to_dxl__type_support.h
[3.296s] -- Symlinking: /home/youn/ROS/open_manipulator_ws/install/dynamixel_interfaces/include/dynamixel_interfaces/dynamixel_interfaces/srv/get_data_from_dxl.h
[3.304s] -- Symlinking: /home/youn/ROS/open_manipulator_ws/install/dynamixel_interfaces/include/dynamixel_interfaces/dynamixel_interfaces/srv/reboot_dxl.h
[3.311s] -- Symlinking: /home/youn/ROS/open_manipulator_ws/install/dynamixel_interfaces/include/dynamixel_interfaces/dynamixel_interfaces/srv/set_data_to_dxl.h
[3.321s] -- Symlinking: /home/youn/ROS/open_manipulator_ws/install/dynamixel_interfaces/share/dynamixel_interfaces/environment/library_path.sh
[3.328s] -- Symlinking: /home/youn/ROS/open_manipulator_ws/install/dynamixel_interfaces/share/dynamixel_interfaces/environment/library_path.dsv
[3.337s] -- Symlinking: /home/youn/ROS/open_manipulator_ws/install/dynamixel_interfaces/include/dynamixel_interfaces/dynamixel_interfaces/msg/detail/dynamixel_state__rosidl_typesupport_fastrtps_c.h
[3.344s] -- Symlinking: /home/youn/ROS/open_manipulator_ws/install/dynamixel_interfaces/include/dynamixel_interfaces/dynamixel_interfaces/msg/rosidl_typesupport_fastrtps_c__visibility_control.h
[3.351s] -- Symlinking: /home/youn/ROS/open_manipulator_ws/install/dynamixel_interfaces/include/dynamixel_interfaces/dynamixel_interfaces/srv/detail/get_data_from_dxl__rosidl_typesupport_fastrtps_c.h
[3.358s] -- Symlinking: /home/youn/ROS/open_manipulator_ws/install/dynamixel_interfaces/include/dynamixel_interfaces/dynamixel_interfaces/srv/detail/reboot_dxl__rosidl_typesupport_fastrtps_c.h
[3.366s] -- Symlinking: /home/youn/ROS/open_manipulator_ws/install/dynamixel_interfaces/include/dynamixel_interfaces/dynamixel_interfaces/srv/detail/set_data_to_dxl__rosidl_typesupport_fastrtps_c.h
[3.374s] -- Symlinking: /home/youn/ROS/open_manipulator_ws/install/dynamixel_interfaces/include/dynamixel_interfaces/dynamixel_interfaces/msg/detail/dynamixel_state__builder.hpp
[3.381s] -- Symlinking: /home/youn/ROS/open_manipulator_ws/install/dynamixel_interfaces/include/dynamixel_interfaces/dynamixel_interfaces/msg/detail/dynamixel_state__struct.hpp
[3.387s] -- Symlinking: /home/youn/ROS/open_manipulator_ws/install/dynamixel_interfaces/include/dynamixel_interfaces/dynamixel_interfaces/msg/detail/dynamixel_state__traits.hpp
[3.394s] -- Symlinking: /home/youn/ROS/open_manipulator_ws/install/dynamixel_interfaces/include/dynamixel_interfaces/dynamixel_interfaces/msg/detail/dynamixel_state__type_support.hpp
[3.402s] -- Symlinking: /home/youn/ROS/open_manipulator_ws/install/dynamixel_interfaces/include/dynamixel_interfaces/dynamixel_interfaces/msg/dynamixel_state.hpp
[3.408s] -- Symlinking: /home/youn/ROS/open_manipulator_ws/install/dynamixel_interfaces/include/dynamixel_interfaces/dynamixel_interfaces/msg/rosidl_generator_cpp__visibility_control.hpp
[3.415s] -- Symlinking: /home/youn/ROS/open_manipulator_ws/install/dynamixel_interfaces/include/dynamixel_interfaces/dynamixel_interfaces/srv/detail/get_data_from_dxl__builder.hpp
[3.420s] -- Symlinking: /home/youn/ROS/open_manipulator_ws/install/dynamixel_interfaces/include/dynamixel_interfaces/dynamixel_interfaces/srv/detail/get_data_from_dxl__struct.hpp
[3.427s] -- Symlinking: /home/youn/ROS/open_manipulator_ws/install/dynamixel_interfaces/include/dynamixel_interfaces/dynamixel_interfaces/srv/detail/get_data_from_dxl__traits.hpp
[3.433s] -- Symlinking: /home/youn/ROS/open_manipulator_ws/install/dynamixel_interfaces/include/dynamixel_interfaces/dynamixel_interfaces/srv/detail/get_data_from_dxl__type_support.hpp
[3.438s] -- Symlinking: /home/youn/ROS/open_manipulator_ws/install/dynamixel_interfaces/include/dynamixel_interfaces/dynamixel_interfaces/srv/detail/reboot_dxl__builder.hpp
[3.444s] -- Symlinking: /home/youn/ROS/open_manipulator_ws/install/dynamixel_interfaces/include/dynamixel_interfaces/dynamixel_interfaces/srv/detail/reboot_dxl__struct.hpp
[3.450s] -- Symlinking: /home/youn/ROS/open_manipulator_ws/install/dynamixel_interfaces/include/dynamixel_interfaces/dynamixel_interfaces/srv/detail/reboot_dxl__traits.hpp
[3.456s] -- Symlinking: /home/youn/ROS/open_manipulator_ws/install/dynamixel_interfaces/include/dynamixel_interfaces/dynamixel_interfaces/srv/detail/reboot_dxl__type_support.hpp
[3.461s] -- Symlinking: /home/youn/ROS/open_manipulator_ws/install/dynamixel_interfaces/include/dynamixel_interfaces/dynamixel_interfaces/srv/detail/set_data_to_dxl__builder.hpp
[3.467s] -- Symlinking: /home/youn/ROS/open_manipulator_ws/install/dynamixel_interfaces/include/dynamixel_interfaces/dynamixel_interfaces/srv/detail/set_data_to_dxl__struct.hpp
[3.473s] -- Symlinking: /home/youn/ROS/open_manipulator_ws/install/dynamixel_interfaces/include/dynamixel_interfaces/dynamixel_interfaces/srv/detail/set_data_to_dxl__traits.hpp
[3.479s] -- Symlinking: /home/youn/ROS/open_manipulator_ws/install/dynamixel_interfaces/include/dynamixel_interfaces/dynamixel_interfaces/srv/detail/set_data_to_dxl__type_support.hpp
[3.484s] -- Symlinking: /home/youn/ROS/open_manipulator_ws/install/dynamixel_interfaces/include/dynamixel_interfaces/dynamixel_interfaces/srv/get_data_from_dxl.hpp
[3.491s] -- Symlinking: /home/youn/ROS/open_manipulator_ws/install/dynamixel_interfaces/include/dynamixel_interfaces/dynamixel_interfaces/srv/reboot_dxl.hpp
[3.497s] -- Symlinking: /home/youn/ROS/open_manipulator_ws/install/dynamixel_interfaces/include/dynamixel_interfaces/dynamixel_interfaces/srv/set_data_to_dxl.hpp
[3.503s] -- Symlinking: /home/youn/ROS/open_manipulator_ws/install/dynamixel_interfaces/include/dynamixel_interfaces/dynamixel_interfaces/msg/detail/dynamixel_state__rosidl_typesupport_fastrtps_cpp.hpp
[3.509s] -- Symlinking: /home/youn/ROS/open_manipulator_ws/install/dynamixel_interfaces/include/dynamixel_interfaces/dynamixel_interfaces/msg/rosidl_typesupport_fastrtps_cpp__visibility_control.h
[3.515s] -- Symlinking: /home/youn/ROS/open_manipulator_ws/install/dynamixel_interfaces/include/dynamixel_interfaces/dynamixel_interfaces/srv/detail/get_data_from_dxl__rosidl_typesupport_fastrtps_cpp.hpp
[3.521s] -- Symlinking: /home/youn/ROS/open_manipulator_ws/install/dynamixel_interfaces/include/dynamixel_interfaces/dynamixel_interfaces/srv/detail/reboot_dxl__rosidl_typesupport_fastrtps_cpp.hpp
[3.528s] -- Symlinking: /home/youn/ROS/open_manipulator_ws/install/dynamixel_interfaces/include/dynamixel_interfaces/dynamixel_interfaces/srv/detail/set_data_to_dxl__rosidl_typesupport_fastrtps_cpp.hpp
[3.533s] -- Symlinking: /home/youn/ROS/open_manipulator_ws/install/dynamixel_interfaces/include/dynamixel_interfaces/dynamixel_interfaces/msg/detail/dynamixel_state__rosidl_typesupport_introspection_c.h
[3.539s] -- Symlinking: /home/youn/ROS/open_manipulator_ws/install/dynamixel_interfaces/include/dynamixel_interfaces/dynamixel_interfaces/msg/rosidl_typesupport_introspection_c__visibility_control.h
[3.545s] -- Symlinking: /home/youn/ROS/open_manipulator_ws/install/dynamixel_interfaces/include/dynamixel_interfaces/dynamixel_interfaces/srv/detail/get_data_from_dxl__rosidl_typesupport_introspection_c.h
[3.551s] -- Symlinking: /home/youn/ROS/open_manipulator_ws/install/dynamixel_interfaces/include/dynamixel_interfaces/dynamixel_interfaces/srv/detail/reboot_dxl__rosidl_typesupport_introspection_c.h
[3.557s] -- Symlinking: /home/youn/ROS/open_manipulator_ws/install/dynamixel_interfaces/include/dynamixel_interfaces/dynamixel_interfaces/srv/detail/set_data_to_dxl__rosidl_typesupport_introspection_c.h
[3.563s] -- Symlinking: /home/youn/ROS/open_manipulator_ws/install/dynamixel_interfaces/include/dynamixel_interfaces/dynamixel_interfaces/msg/detail/dynamixel_state__rosidl_typesupport_introspection_cpp.hpp
[3.569s] -- Symlinking: /home/youn/ROS/open_manipulator_ws/install/dynamixel_interfaces/include/dynamixel_interfaces/dynamixel_interfaces/srv/detail/get_data_from_dxl__rosidl_typesupport_introspection_cpp.hpp
[3.574s] -- Symlinking: /home/youn/ROS/open_manipulator_ws/install/dynamixel_interfaces/include/dynamixel_interfaces/dynamixel_interfaces/srv/detail/reboot_dxl__rosidl_typesupport_introspection_cpp.hpp
[3.580s] -- Symlinking: /home/youn/ROS/open_manipulator_ws/install/dynamixel_interfaces/include/dynamixel_interfaces/dynamixel_interfaces/srv/detail/set_data_to_dxl__rosidl_typesupport_introspection_cpp.hpp
[3.586s] -- Symlinking: /home/youn/ROS/open_manipulator_ws/install/dynamixel_interfaces/share/dynamixel_interfaces/environment/pythonpath.sh
[3.592s] -- Symlinking: /home/youn/ROS/open_manipulator_ws/install/dynamixel_interfaces/share/dynamixel_interfaces/environment/pythonpath.dsv
[3.597s] -- Symlinking: /home/youn/ROS/open_manipulator_ws/install/dynamixel_interfaces/lib/python3.12/site-packages/dynamixel_interfaces-1.0.1-py3.12.egg-info/PKG-INFO
[3.604s] -- Symlinking: /home/youn/ROS/open_manipulator_ws/install/dynamixel_interfaces/lib/python3.12/site-packages/dynamixel_interfaces-1.0.1-py3.12.egg-info/SOURCES.txt
[3.609s] -- Symlinking: /home/youn/ROS/open_manipulator_ws/install/dynamixel_interfaces/lib/python3.12/site-packages/dynamixel_interfaces-1.0.1-py3.12.egg-info/dependency_links.txt
[3.614s] -- Symlinking: /home/youn/ROS/open_manipulator_ws/install/dynamixel_interfaces/lib/python3.12/site-packages/dynamixel_interfaces-1.0.1-py3.12.egg-info/top_level.txt
[3.621s] -- Symlinking: /home/youn/ROS/open_manipulator_ws/install/dynamixel_interfaces/lib/python3.12/site-packages/dynamixel_interfaces/__init__.py
[3.626s] -- Symlinking: /home/youn/ROS/open_manipulator_ws/install/dynamixel_interfaces/lib/python3.12/site-packages/dynamixel_interfaces/_dynamixel_interfaces_s.ep.rosidl_typesupport_c.c
[3.632s] -- Symlinking: /home/youn/ROS/open_manipulator_ws/install/dynamixel_interfaces/lib/python3.12/site-packages/dynamixel_interfaces/_dynamixel_interfaces_s.ep.rosidl_typesupport_fastrtps_c.c
[3.638s] -- Symlinking: /home/youn/ROS/open_manipulator_ws/install/dynamixel_interfaces/lib/python3.12/site-packages/dynamixel_interfaces/_dynamixel_interfaces_s.ep.rosidl_typesupport_introspection_c.c
[3.643s] -- Symlinking: /home/youn/ROS/open_manipulator_ws/install/dynamixel_interfaces/lib/python3.12/site-packages/dynamixel_interfaces/dynamixel_interfaces_s__rosidl_typesupport_c.so
[3.650s] -- Symlinking: /home/youn/ROS/open_manipulator_ws/install/dynamixel_interfaces/lib/python3.12/site-packages/dynamixel_interfaces/dynamixel_interfaces_s__rosidl_typesupport_fastrtps_c.so
[3.655s] -- Symlinking: /home/youn/ROS/open_manipulator_ws/install/dynamixel_interfaces/lib/python3.12/site-packages/dynamixel_interfaces/dynamixel_interfaces_s__rosidl_typesupport_introspection_c.so
[3.661s] -- Symlinking: /home/youn/ROS/open_manipulator_ws/install/dynamixel_interfaces/lib/python3.12/site-packages/dynamixel_interfaces/msg/__init__.py
[3.668s] -- Symlinking: /home/youn/ROS/open_manipulator_ws/install/dynamixel_interfaces/lib/python3.12/site-packages/dynamixel_interfaces/msg/_dynamixel_state.py
[3.673s] -- Symlinking: /home/youn/ROS/open_manipulator_ws/install/dynamixel_interfaces/lib/python3.12/site-packages/dynamixel_interfaces/msg/_dynamixel_state_s.c
[3.680s] -- Symlinking: /home/youn/ROS/open_manipulator_ws/install/dynamixel_interfaces/lib/python3.12/site-packages/dynamixel_interfaces/srv/__init__.py
[3.685s] -- Symlinking: /home/youn/ROS/open_manipulator_ws/install/dynamixel_interfaces/lib/python3.12/site-packages/dynamixel_interfaces/srv/_get_data_from_dxl.py
[3.691s] -- Symlinking: /home/youn/ROS/open_manipulator_ws/install/dynamixel_interfaces/lib/python3.12/site-packages/dynamixel_interfaces/srv/_get_data_from_dxl_s.c
[3.697s] -- Symlinking: /home/youn/ROS/open_manipulator_ws/install/dynamixel_interfaces/lib/python3.12/site-packages/dynamixel_interfaces/srv/_reboot_dxl.py
[3.702s] -- Symlinking: /home/youn/ROS/open_manipulator_ws/install/dynamixel_interfaces/lib/python3.12/site-packages/dynamixel_interfaces/srv/_reboot_dxl_s.c
[3.707s] -- Symlinking: /home/youn/ROS/open_manipulator_ws/install/dynamixel_interfaces/lib/python3.12/site-packages/dynamixel_interfaces/srv/_set_data_to_dxl.py
[3.713s] -- Symlinking: /home/youn/ROS/open_manipulator_ws/install/dynamixel_interfaces/lib/python3.12/site-packages/dynamixel_interfaces/srv/_set_data_to_dxl_s.c
[3.721s] -- Up-to-date symlink: /home/youn/ROS/open_manipulator_ws/install/dynamixel_interfaces/lib/python3.12/site-packages/dynamixel_interfaces/dynamixel_interfaces_s__rosidl_typesupport_fastrtps_c.so
[3.721s] -- Up-to-date symlink: /home/youn/ROS/open_manipulator_ws/install/dynamixel_interfaces/lib/python3.12/site-packages/dynamixel_interfaces/dynamixel_interfaces_s__rosidl_typesupport_introspection_c.so
[3.721s] -- Up-to-date symlink: /home/youn/ROS/open_manipulator_ws/install/dynamixel_interfaces/lib/python3.12/site-packages/dynamixel_interfaces/dynamixel_interfaces_s__rosidl_typesupport_c.so
[3.722s] -- Symlinking: /home/youn/ROS/open_manipulator_ws/install/dynamixel_interfaces/share/ament_index/resource_index/rust_packages/dynamixel_interfaces
[3.729s] -- Symlinking: /home/youn/ROS/open_manipulator_ws/install/dynamixel_interfaces/share/dynamixel_interfaces/rust/Cargo.toml
[3.735s] -- Symlinking: /home/youn/ROS/open_manipulator_ws/install/dynamixel_interfaces/share/dynamixel_interfaces/rust/build.rs
[3.740s] -- Symlinking: /home/youn/ROS/open_manipulator_ws/install/dynamixel_interfaces/share/dynamixel_interfaces/rust/src/lib.rs
[3.746s] -- Symlinking: /home/youn/ROS/open_manipulator_ws/install/dynamixel_interfaces/share/dynamixel_interfaces/rust/src/msg.rs
[3.752s] -- Symlinking: /home/youn/ROS/open_manipulator_ws/install/dynamixel_interfaces/share/dynamixel_interfaces/rust/src/msg/rmw.rs
[3.757s] -- Symlinking: /home/youn/ROS/open_manipulator_ws/install/dynamixel_interfaces/share/dynamixel_interfaces/rust/src/srv.rs
[3.763s] -- Symlinking: /home/youn/ROS/open_manipulator_ws/install/dynamixel_interfaces/share/dynamixel_interfaces/rust/src/srv/rmw.rs
[3.769s] -- Symlinking: /home/youn/ROS/open_manipulator_ws/install/dynamixel_interfaces/share/dynamixel_interfaces/msg/DynamixelState.idl
[3.775s] -- Symlinking: /home/youn/ROS/open_manipulator_ws/install/dynamixel_interfaces/share/dynamixel_interfaces/srv/GetDataFromDxl.idl
[3.780s] -- Symlinking: /home/youn/ROS/open_manipulator_ws/install/dynamixel_interfaces/share/dynamixel_interfaces/srv/SetDataToDxl.idl
[3.786s] -- Symlinking: /home/youn/ROS/open_manipulator_ws/install/dynamixel_interfaces/share/dynamixel_interfaces/srv/RebootDxl.idl
[3.792s] -- Symlinking: /home/youn/ROS/open_manipulator_ws/install/dynamixel_interfaces/share/dynamixel_interfaces/msg/DynamixelState.msg
[3.798s] -- Symlinking: /home/youn/ROS/open_manipulator_ws/install/dynamixel_interfaces/share/dynamixel_interfaces/srv/GetDataFromDxl.srv
[3.803s] -- Symlinking: /home/youn/ROS/open_manipulator_ws/install/dynamixel_interfaces/share/dynamixel_interfaces/srv/SetDataToDxl.srv
[3.810s] -- Symlinking: /home/youn/ROS/open_manipulator_ws/install/dynamixel_interfaces/share/dynamixel_interfaces/srv/RebootDxl.srv
[3.815s] -- Symlinking: /home/youn/ROS/open_manipulator_ws/install/dynamixel_interfaces/share/ament_index/resource_index/package_run_dependencies/dynamixel_interfaces
[3.822s] -- Symlinking: /home/youn/ROS/open_manipulator_ws/install/dynamixel_interfaces/share/ament_index/resource_index/parent_prefix_path/dynamixel_interfaces
[3.828s] -- Symlinking: /home/youn/ROS/open_manipulator_ws/install/dynamixel_interfaces/share/dynamixel_interfaces/environment/ament_prefix_path.sh
[3.833s] -- Symlinking: /home/youn/ROS/open_manipulator_ws/install/dynamixel_interfaces/share/dynamixel_interfaces/environment/ament_prefix_path.dsv
[3.840s] -- Symlinking: /home/youn/ROS/open_manipulator_ws/install/dynamixel_interfaces/share/dynamixel_interfaces/environment/path.sh
[3.845s] -- Symlinking: /home/youn/ROS/open_manipulator_ws/install/dynamixel_interfaces/share/dynamixel_interfaces/environment/path.dsv
[3.851s] -- Symlinking: /home/youn/ROS/open_manipulator_ws/install/dynamixel_interfaces/share/dynamixel_interfaces/local_setup.bash
[3.857s] -- Symlinking: /home/youn/ROS/open_manipulator_ws/install/dynamixel_interfaces/share/dynamixel_interfaces/local_setup.sh
[3.862s] -- Symlinking: /home/youn/ROS/open_manipulator_ws/install/dynamixel_interfaces/share/dynamixel_interfaces/local_setup.zsh
[3.868s] -- Symlinking: /home/youn/ROS/open_manipulator_ws/install/dynamixel_interfaces/share/dynamixel_interfaces/local_setup.dsv
[3.873s] -- Symlinking: /home/youn/ROS/open_manipulator_ws/install/dynamixel_interfaces/share/dynamixel_interfaces/package.dsv
[3.879s] -- Symlinking: /home/youn/ROS/open_manipulator_ws/install/dynamixel_interfaces/share/ament_index/resource_index/packages/dynamixel_interfaces
[3.885s] -- Symlinking: /home/youn/ROS/open_manipulator_ws/install/dynamixel_interfaces/share/dynamixel_interfaces/cmake/rosidl_cmake-extras.cmake
[3.891s] -- Symlinking: /home/youn/ROS/open_manipulator_ws/install/dynamixel_interfaces/share/dynamixel_interfaces/cmake/ament_cmake_export_dependencies-extras.cmake
[3.897s] -- Symlinking: /home/youn/ROS/open_manipulator_ws/install/dynamixel_interfaces/share/dynamixel_interfaces/cmake/ament_cmake_export_include_directories-extras.cmake
[3.903s] -- Symlinking: /home/youn/ROS/open_manipulator_ws/install/dynamixel_interfaces/share/dynamixel_interfaces/cmake/ament_cmake_export_libraries-extras.cmake
[3.909s] -- Symlinking: /home/youn/ROS/open_manipulator_ws/install/dynamixel_interfaces/share/dynamixel_interfaces/cmake/ament_cmake_export_targets-extras.cmake
[3.914s] -- Symlinking: /home/youn/ROS/open_manipulator_ws/install/dynamixel_interfaces/share/dynamixel_interfaces/cmake/rosidl_cmake_export_typesupport_targets-extras.cmake
[3.922s] -- Symlinking: /home/youn/ROS/open_manipulator_ws/install/dynamixel_interfaces/share/dynamixel_interfaces/cmake/rosidl_cmake_export_typesupport_libraries-extras.cmake
[3.927s] -- Symlinking: /home/youn/ROS/open_manipulator_ws/install/dynamixel_interfaces/share/dynamixel_interfaces/cmake/rosidl_cmake_aggregate_target-extras.cmake
[3.933s] -- Symlinking: /home/youn/ROS/open_manipulator_ws/install/dynamixel_interfaces/share/dynamixel_interfaces/cmake/dynamixel_interfacesConfig.cmake
[3.939s] -- Symlinking: /home/youn/ROS/open_manipulator_ws/install/dynamixel_interfaces/share/dynamixel_interfaces/cmake/dynamixel_interfacesConfig-version.cmake
[3.944s] -- Symlinking: /home/youn/ROS/open_manipulator_ws/install/dynamixel_interfaces/share/dynamixel_interfaces/package.xml
[3.951s] -- Installing: /home/youn/ROS/open_manipulator_ws/install/dynamixel_interfaces/lib/libdynamixel_interfaces__rosidl_generator_c.so
[3.952s] -- Set non-toolchain portion of runtime path of "/home/youn/ROS/open_manipulator_ws/install/dynamixel_interfaces/lib/libdynamixel_interfaces__rosidl_generator_c.so" to ""
[3.952s] -- Installing: /home/youn/ROS/open_manipulator_ws/install/dynamixel_interfaces/lib/libdynamixel_interfaces__rosidl_typesupport_fastrtps_c.so
[3.952s] -- Set non-toolchain portion of runtime path of "/home/youn/ROS/open_manipulator_ws/install/dynamixel_interfaces/lib/libdynamixel_interfaces__rosidl_typesupport_fastrtps_c.so" to ""
[3.952s] -- Installing: /home/youn/ROS/open_manipulator_ws/install/dynamixel_interfaces/lib/libdynamixel_interfaces__rosidl_typesupport_fastrtps_cpp.so
[3.952s] -- Set non-toolchain portion of runtime path of "/home/youn/ROS/open_manipulator_ws/install/dynamixel_interfaces/lib/libdynamixel_interfaces__rosidl_typesupport_fastrtps_cpp.so" to ""
[3.952s] -- Installing: /home/youn/ROS/open_manipulator_ws/install/dynamixel_interfaces/lib/libdynamixel_interfaces__rosidl_typesupport_introspection_c.so
[3.952s] -- Set non-toolchain portion of runtime path of "/home/youn/ROS/open_manipulator_ws/install/dynamixel_interfaces/lib/libdynamixel_interfaces__rosidl_typesupport_introspection_c.so" to ""
[3.952s] -- Installing: /home/youn/ROS/open_manipulator_ws/install/dynamixel_interfaces/lib/libdynamixel_interfaces__rosidl_typesupport_c.so
[3.953s] -- Set non-toolchain portion of runtime path of "/home/youn/ROS/open_manipulator_ws/install/dynamixel_interfaces/lib/libdynamixel_interfaces__rosidl_typesupport_c.so" to ""
[3.953s] -- Installing: /home/youn/ROS/open_manipulator_ws/install/dynamixel_interfaces/lib/libdynamixel_interfaces__rosidl_typesupport_introspection_cpp.so
[3.953s] -- Set non-toolchain portion of runtime path of "/home/youn/ROS/open_manipulator_ws/install/dynamixel_interfaces/lib/libdynamixel_interfaces__rosidl_typesupport_introspection_cpp.so" to ""
[3.953s] -- Installing: /home/youn/ROS/open_manipulator_ws/install/dynamixel_interfaces/lib/libdynamixel_interfaces__rosidl_typesupport_cpp.so
[3.953s] -- Set non-toolchain portion of runtime path of "/home/youn/ROS/open_manipulator_ws/install/dynamixel_interfaces/lib/libdynamixel_interfaces__rosidl_typesupport_cpp.so" to ""
[3.995s] Listing '/home/youn/ROS/open_manipulator_ws/install/dynamixel_interfaces/lib/python3.12/site-packages/dynamixel_interfaces'...
[3.995s] Compiling '/home/youn/ROS/open_manipulator_ws/install/dynamixel_interfaces/lib/python3.12/site-packages/dynamixel_interfaces/__init__.py'...
[3.995s] Listing '/home/youn/ROS/open_manipulator_ws/install/dynamixel_interfaces/lib/python3.12/site-packages/dynamixel_interfaces/msg'...
[3.995s] Compiling '/home/youn/ROS/open_manipulator_ws/install/dynamixel_interfaces/lib/python3.12/site-packages/dynamixel_interfaces/msg/__init__.py'...
[3.995s] Compiling '/home/youn/ROS/open_manipulator_ws/install/dynamixel_interfaces/lib/python3.12/site-packages/dynamixel_interfaces/msg/_dynamixel_state.py'...
[3.995s] Listing '/home/youn/ROS/open_manipulator_ws/install/dynamixel_interfaces/lib/python3.12/site-packages/dynamixel_interfaces/srv'...
[3.995s] Compiling '/home/youn/ROS/open_manipulator_ws/install/dynamixel_interfaces/lib/python3.12/site-packages/dynamixel_interfaces/srv/__init__.py'...
[3.996s] Compiling '/home/youn/ROS/open_manipulator_ws/install/dynamixel_interfaces/lib/python3.12/site-packages/dynamixel_interfaces/srv/_get_data_from_dxl.py'...
[3.996s] Compiling '/home/youn/ROS/open_manipulator_ws/install/dynamixel_interfaces/lib/python3.12/site-packages/dynamixel_interfaces/srv/_reboot_dxl.py'...
[3.996s] Compiling '/home/youn/ROS/open_manipulator_ws/install/dynamixel_interfaces/lib/python3.12/site-packages/dynamixel_interfaces/srv/_set_data_to_dxl.py'...
[4.000s] -- Installing: /home/youn/ROS/open_manipulator_ws/install/dynamixel_interfaces/lib/libdynamixel_interfaces__rosidl_generator_py.so
[4.000s] -- Set non-toolchain portion of runtime path of "/home/youn/ROS/open_manipulator_ws/install/dynamixel_interfaces/lib/libdynamixel_interfaces__rosidl_generator_py.so" to ""
[4.000s] -- Installing: /home/youn/ROS/open_manipulator_ws/install/dynamixel_interfaces/share/dynamixel_interfaces/cmake/export_dynamixel_interfaces__rosidl_generator_cExport.cmake
[4.001s] -- Installing: /home/youn/ROS/open_manipulator_ws/install/dynamixel_interfaces/share/dynamixel_interfaces/cmake/export_dynamixel_interfaces__rosidl_generator_cExport-release.cmake
[4.001s] -- Installing: /home/youn/ROS/open_manipulator_ws/install/dynamixel_interfaces/share/dynamixel_interfaces/cmake/export_dynamixel_interfaces__rosidl_typesupport_fastrtps_cExport.cmake
[4.001s] -- Installing: /home/youn/ROS/open_manipulator_ws/install/dynamixel_interfaces/share/dynamixel_interfaces/cmake/export_dynamixel_interfaces__rosidl_typesupport_fastrtps_cExport-release.cmake
[4.002s] -- Installing: /home/youn/ROS/open_manipulator_ws/install/dynamixel_interfaces/share/dynamixel_interfaces/cmake/export_dynamixel_interfaces__rosidl_generator_cppExport.cmake
[4.002s] -- Installing: /home/youn/ROS/open_manipulator_ws/install/dynamixel_interfaces/share/dynamixel_interfaces/cmake/export_dynamixel_interfaces__rosidl_typesupport_fastrtps_cppExport.cmake
[4.003s] -- Installing: /home/youn/ROS/open_manipulator_ws/install/dynamixel_interfaces/share/dynamixel_interfaces/cmake/export_dynamixel_interfaces__rosidl_typesupport_fastrtps_cppExport-release.cmake
[4.003s] -- Installing: /home/youn/ROS/open_manipulator_ws/install/dynamixel_interfaces/share/dynamixel_interfaces/cmake/dynamixel_interfaces__rosidl_typesupport_introspection_cExport.cmake
[4.003s] -- Installing: /home/youn/ROS/open_manipulator_ws/install/dynamixel_interfaces/share/dynamixel_interfaces/cmake/dynamixel_interfaces__rosidl_typesupport_introspection_cExport-release.cmake
[4.004s] -- Installing: /home/youn/ROS/open_manipulator_ws/install/dynamixel_interfaces/share/dynamixel_interfaces/cmake/dynamixel_interfaces__rosidl_typesupport_cExport.cmake
[4.004s] -- Installing: /home/youn/ROS/open_manipulator_ws/install/dynamixel_interfaces/share/dynamixel_interfaces/cmake/dynamixel_interfaces__rosidl_typesupport_cExport-release.cmake
[4.005s] -- Installing: /home/youn/ROS/open_manipulator_ws/install/dynamixel_interfaces/share/dynamixel_interfaces/cmake/dynamixel_interfaces__rosidl_typesupport_introspection_cppExport.cmake
[4.005s] -- Installing: /home/youn/ROS/open_manipulator_ws/install/dynamixel_interfaces/share/dynamixel_interfaces/cmake/dynamixel_interfaces__rosidl_typesupport_introspection_cppExport-release.cmake
[4.006s] -- Installing: /home/youn/ROS/open_manipulator_ws/install/dynamixel_interfaces/share/dynamixel_interfaces/cmake/dynamixel_interfaces__rosidl_typesupport_cppExport.cmake
[4.006s] -- Installing: /home/youn/ROS/open_manipulator_ws/install/dynamixel_interfaces/share/dynamixel_interfaces/cmake/dynamixel_interfaces__rosidl_typesupport_cppExport-release.cmake
[4.006s] -- Installing: /home/youn/ROS/open_manipulator_ws/install/dynamixel_interfaces/share/dynamixel_interfaces/cmake/export_dynamixel_interfaces__rosidl_generator_pyExport.cmake
[4.007s] -- Installing: /home/youn/ROS/open_manipulator_ws/install/dynamixel_interfaces/share/dynamixel_interfaces/cmake/export_dynamixel_interfaces__rosidl_generator_pyExport-release.cmake
[4.010s] Invoked command in '/home/youn/ROS/open_manipulator_ws/build/dynamixel_interfaces' returned '0': CMAKE_PREFIX_PATH=${CMAKE_PREFIX_PATH}:/home/youn/ROS/ros_workspace/open_manipulator_ws/install/open_manipulator_teleop:/home/youn/ROS/ros_workspace/open_manipulator_ws/install/open_manipulator_bringup:/home/youn/ROS/ros_workspace/install/open_manipulator_teleop:/home/youn/ROS/ros_workspace/install/ros_basic:/home/youn/ROS/ros_workspace/install/gong_basic:/home/youn/ROS/ros_workspace/install/tf2_basic:/opt/ros/jazzy /usr/bin/cmake --install /home/youn/ROS/open_manipulator_ws/build/dynamixel_interfaces
