[0.038s] Invoking command in '/home/youn/ROS/open_manipulator_ws/build/open_manipulator_description': CMAKE_PREFIX_PATH=${CMAKE_PREFIX_PATH}:/home/youn/ROS/ros_workspace/install/ros_basic:/home/youn/ROS/ros_workspace/install/tf2_basic:/opt/ros/jazzy /usr/bin/cmake --build /home/youn/ROS/open_manipulator_ws/build/open_manipulator_description -- -j14 -l14
[0.530s] Invoked command in '/home/youn/ROS/open_manipulator_ws/build/open_manipulator_description' returned '0': CMAKE_PREFIX_PATH=${CMAKE_PREFIX_PATH}:/home/youn/ROS/ros_workspace/install/ros_basic:/home/youn/ROS/ros_workspace/install/tf2_basic:/opt/ros/jazzy /usr/bin/cmake --build /home/youn/ROS/open_manipulator_ws/build/open_manipulator_description -- -j14 -l14
[0.565s] Invoking command in '/home/youn/ROS/open_manipulator_ws/build/open_manipulator_description': CMAKE_PREFIX_PATH=${CMAKE_PREFIX_PATH}:/home/youn/ROS/ros_workspace/install/ros_basic:/home/youn/ROS/ros_workspace/install/tf2_basic:/opt/ros/jazzy /usr/bin/cmake --install /home/youn/ROS/open_manipulator_ws/build/open_manipulator_description
[1.023s] -- Install configuration: "Release"
[1.023s] -- Execute custom install script
[1.023s] -- Up-to-date symlink: /home/youn/ROS/open_manipulator_ws/install/open_manipulator_description/share/open_manipulator_description/launch/omx_f.launch.py
[1.023s] -- Up-to-date symlink: /home/youn/ROS/open_manipulator_ws/install/open_manipulator_description/share/open_manipulator_description/launch/omx_l.launch.py
[1.023s] -- Up-to-date symlink: /home/youn/ROS/open_manipulator_ws/install/open_manipulator_description/share/open_manipulator_description/launch/omy_3m.launch.py
[1.023s] -- Up-to-date symlink: /home/youn/ROS/open_manipulator_ws/install/open_manipulator_description/share/open_manipulator_description/launch/omy_f3m.launch.py
[1.023s] -- Up-to-date symlink: /home/youn/ROS/open_manipulator_ws/install/open_manipulator_description/share/open_manipulator_description/launch/omy_l100.launch.py
[1.023s] -- Up-to-date symlink: /home/youn/ROS/open_manipulator_ws/install/open_manipulator_description/share/open_manipulator_description/launch/open_manipulator_x.launch.py
[1.024s] -- Up-to-date symlink: /home/youn/ROS/open_manipulator_ws/install/open_manipulator_description/share/open_manipulator_description/meshes/omx_f/follower_01_base.stl
[1.024s] -- Up-to-date symlink: /home/youn/ROS/open_manipulator_ws/install/open_manipulator_description/share/open_manipulator_description/meshes/omx_f/follower_02_base_tilt_Revised.stl
[1.024s] -- Up-to-date symlink: /home/youn/ROS/open_manipulator_ws/install/open_manipulator_description/share/open_manipulator_description/meshes/omx_f/follower_03_middle_verticle.stl
[1.024s] -- Up-to-date symlink: /home/youn/ROS/open_manipulator_ws/install/open_manipulator_description/share/open_manipulator_description/meshes/omx_f/follower_04_middle_horizontal.stl
[1.024s] -- Up-to-date symlink: /home/youn/ROS/open_manipulator_ws/install/open_manipulator_description/share/open_manipulator_description/meshes/omx_f/follower_05_tip.stl
[1.024s] -- Up-to-date symlink: /home/youn/ROS/open_manipulator_ws/install/open_manipulator_description/share/open_manipulator_description/meshes/omx_f/follower_06_pan_Revised.stl
[1.024s] -- Up-to-date symlink: /home/youn/ROS/open_manipulator_ws/install/open_manipulator_description/share/open_manipulator_description/meshes/omx_f/follower_07_gripper_motorized.stl
[1.024s] -- Up-to-date symlink: /home/youn/ROS/open_manipulator_ws/install/open_manipulator_description/share/open_manipulator_description/meshes/omx_f/follower_08_gripper_gear.stl
[1.024s] -- Up-to-date symlink: /home/youn/ROS/open_manipulator_ws/install/open_manipulator_description/share/open_manipulator_description/meshes/omx_l/leader_01_base_roll.stl
[1.024s] -- Up-to-date symlink: /home/youn/ROS/open_manipulator_ws/install/open_manipulator_description/share/open_manipulator_description/meshes/omx_l/leader_02_base_tilt_revised.stl
[1.024s] -- Up-to-date symlink: /home/youn/ROS/open_manipulator_ws/install/open_manipulator_description/share/open_manipulator_description/meshes/omx_l/leader_03_middle_vertical.stl
[1.024s] -- Up-to-date symlink: /home/youn/ROS/open_manipulator_ws/install/open_manipulator_description/share/open_manipulator_description/meshes/omx_l/leader_04_middle_horizontal.stl
[1.025s] -- Up-to-date symlink: /home/youn/ROS/open_manipulator_ws/install/open_manipulator_description/share/open_manipulator_description/meshes/omx_l/leader_05_tip_roll.stl
[1.025s] -- Up-to-date symlink: /home/youn/ROS/open_manipulator_ws/install/open_manipulator_description/share/open_manipulator_description/meshes/omx_l/leader_06_tip_pan_revised.stl
[1.025s] -- Up-to-date symlink: /home/youn/ROS/open_manipulator_ws/install/open_manipulator_description/share/open_manipulator_description/meshes/omx_l/leader_07_tip_grip.stl
[1.025s] -- Up-to-date symlink: /home/youn/ROS/open_manipulator_ws/install/open_manipulator_description/share/open_manipulator_description/meshes/omy_3m/base_unit.stl
[1.025s] -- Up-to-date symlink: /home/youn/ROS/open_manipulator_ws/install/open_manipulator_description/share/open_manipulator_description/meshes/omy_3m/link1.stl
[1.025s] -- Up-to-date symlink: /home/youn/ROS/open_manipulator_ws/install/open_manipulator_description/share/open_manipulator_description/meshes/omy_3m/link2.stl
[1.025s] -- Up-to-date symlink: /home/youn/ROS/open_manipulator_ws/install/open_manipulator_description/share/open_manipulator_description/meshes/omy_3m/link3.stl
[1.025s] -- Up-to-date symlink: /home/youn/ROS/open_manipulator_ws/install/open_manipulator_description/share/open_manipulator_description/meshes/omy_3m/link4.stl
[1.025s] -- Up-to-date symlink: /home/youn/ROS/open_manipulator_ws/install/open_manipulator_description/share/open_manipulator_description/meshes/omy_3m/link5.stl
[1.025s] -- Up-to-date symlink: /home/youn/ROS/open_manipulator_ws/install/open_manipulator_description/share/open_manipulator_description/meshes/omy_3m/link6.stl
[1.025s] -- Up-to-date symlink: /home/youn/ROS/open_manipulator_ws/install/open_manipulator_description/share/open_manipulator_description/meshes/omy_f3m/base_unit.stl
[1.026s] -- Up-to-date symlink: /home/youn/ROS/open_manipulator_ws/install/open_manipulator_description/share/open_manipulator_description/meshes/omy_f3m/flange.stl
[1.026s] -- Up-to-date symlink: /home/youn/ROS/open_manipulator_ws/install/open_manipulator_description/share/open_manipulator_description/meshes/omy_f3m/link1.stl
[1.026s] -- Up-to-date symlink: /home/youn/ROS/open_manipulator_ws/install/open_manipulator_description/share/open_manipulator_description/meshes/omy_f3m/link2.stl
[1.026s] -- Up-to-date symlink: /home/youn/ROS/open_manipulator_ws/install/open_manipulator_description/share/open_manipulator_description/meshes/omy_f3m/link3.stl
[1.030s] -- Up-to-date symlink: /home/youn/ROS/open_manipulator_ws/install/open_manipulator_description/share/open_manipulator_description/meshes/omy_f3m/link4.stl
[1.030s] -- Up-to-date symlink: /home/youn/ROS/open_manipulator_ws/install/open_manipulator_description/share/open_manipulator_description/meshes/omy_f3m/link5.stl
[1.031s] -- Up-to-date symlink: /home/youn/ROS/open_manipulator_ws/install/open_manipulator_description/share/open_manipulator_description/meshes/omy_f3m/link6.stl
[1.031s] -- Up-to-date symlink: /home/youn/ROS/open_manipulator_ws/install/open_manipulator_description/share/open_manipulator_description/meshes/omy_l100/base_unit.stl
[1.031s] -- Up-to-date symlink: /home/youn/ROS/open_manipulator_ws/install/open_manipulator_description/share/open_manipulator_description/meshes/omy_l100/link1.stl
[1.031s] -- Up-to-date symlink: /home/youn/ROS/open_manipulator_ws/install/open_manipulator_description/share/open_manipulator_description/meshes/omy_l100/link2.stl
[1.031s] -- Up-to-date symlink: /home/youn/ROS/open_manipulator_ws/install/open_manipulator_description/share/open_manipulator_description/meshes/omy_l100/link3.stl
[1.031s] -- Up-to-date symlink: /home/youn/ROS/open_manipulator_ws/install/open_manipulator_description/share/open_manipulator_description/meshes/omy_l100/link4.stl
[1.031s] -- Up-to-date symlink: /home/youn/ROS/open_manipulator_ws/install/open_manipulator_description/share/open_manipulator_description/meshes/omy_l100/link5.stl
[1.031s] -- Up-to-date symlink: /home/youn/ROS/open_manipulator_ws/install/open_manipulator_description/share/open_manipulator_description/meshes/omy_l100/link6.stl
[1.031s] -- Up-to-date symlink: /home/youn/ROS/open_manipulator_ws/install/open_manipulator_description/share/open_manipulator_description/meshes/omy_l100/link7.stl
[1.031s] -- Up-to-date symlink: /home/youn/ROS/open_manipulator_ws/install/open_manipulator_description/share/open_manipulator_description/meshes/open_manipulator_x/gripper_left_palm.stl
[1.031s] -- Up-to-date symlink: /home/youn/ROS/open_manipulator_ws/install/open_manipulator_description/share/open_manipulator_description/meshes/open_manipulator_x/gripper_right_palm.stl
[1.031s] -- Up-to-date symlink: /home/youn/ROS/open_manipulator_ws/install/open_manipulator_description/share/open_manipulator_description/meshes/open_manipulator_x/link1.stl
[1.032s] -- Up-to-date symlink: /home/youn/ROS/open_manipulator_ws/install/open_manipulator_description/share/open_manipulator_description/meshes/open_manipulator_x/link2.stl
[1.032s] -- Up-to-date symlink: /home/youn/ROS/open_manipulator_ws/install/open_manipulator_description/share/open_manipulator_description/meshes/open_manipulator_x/link3.stl
[1.032s] -- Up-to-date symlink: /home/youn/ROS/open_manipulator_ws/install/open_manipulator_description/share/open_manipulator_description/meshes/open_manipulator_x/link4.stl
[1.032s] -- Up-to-date symlink: /home/youn/ROS/open_manipulator_ws/install/open_manipulator_description/share/open_manipulator_description/meshes/open_manipulator_x/link5.stl
[1.032s] -- Up-to-date symlink: /home/youn/ROS/open_manipulator_ws/install/open_manipulator_description/share/open_manipulator_description/meshes/open_manipulator_x/plate.stl
[1.032s] -- Up-to-date symlink: /home/youn/ROS/open_manipulator_ws/install/open_manipulator_description/share/open_manipulator_description/meshes/rh_p12_rn_a/base.stl
[1.032s] -- Up-to-date symlink: /home/youn/ROS/open_manipulator_ws/install/open_manipulator_description/share/open_manipulator_description/meshes/rh_p12_rn_a/l1.stl
[1.032s] -- Up-to-date symlink: /home/youn/ROS/open_manipulator_ws/install/open_manipulator_description/share/open_manipulator_description/meshes/rh_p12_rn_a/l2.stl
[1.032s] -- Up-to-date symlink: /home/youn/ROS/open_manipulator_ws/install/open_manipulator_description/share/open_manipulator_description/meshes/rh_p12_rn_a/r1.stl
[1.032s] -- Up-to-date symlink: /home/youn/ROS/open_manipulator_ws/install/open_manipulator_description/share/open_manipulator_description/meshes/rh_p12_rn_a/r2.stl
[1.032s] -- Up-to-date symlink: /home/youn/ROS/open_manipulator_ws/install/open_manipulator_description/share/open_manipulator_description/rviz/open_manipulator.rviz
[1.032s] -- Up-to-date symlink: /home/youn/ROS/open_manipulator_ws/install/open_manipulator_description/share/open_manipulator_description/urdf/omx_f/omx_f.urdf
[1.032s] -- Up-to-date symlink: /home/youn/ROS/open_manipulator_ws/install/open_manipulator_description/share/open_manipulator_description/urdf/omx_f/omx_f.urdf.xacro
[1.033s] -- Up-to-date symlink: /home/youn/ROS/open_manipulator_ws/install/open_manipulator_description/share/open_manipulator_description/urdf/omx_f/omx_f_arm.urdf.xacro
[1.033s] -- Up-to-date symlink: /home/youn/ROS/open_manipulator_ws/install/open_manipulator_description/share/open_manipulator_description/urdf/omx_l/omx_l.urdf
[1.033s] -- Up-to-date symlink: /home/youn/ROS/open_manipulator_ws/install/open_manipulator_description/share/open_manipulator_description/urdf/omx_l/omx_l.urdf.xacro
[1.033s] -- Up-to-date symlink: /home/youn/ROS/open_manipulator_ws/install/open_manipulator_description/share/open_manipulator_description/urdf/omx_l/omx_l_arm.urdf.xacro
[1.033s] -- Up-to-date symlink: /home/youn/ROS/open_manipulator_ws/install/open_manipulator_description/share/open_manipulator_description/urdf/omy_3m/omy_3m.urdf
[1.033s] -- Up-to-date symlink: /home/youn/ROS/open_manipulator_ws/install/open_manipulator_description/share/open_manipulator_description/urdf/omy_3m/omy_3m.urdf.xacro
[1.033s] -- Up-to-date symlink: /home/youn/ROS/open_manipulator_ws/install/open_manipulator_description/share/open_manipulator_description/urdf/omy_3m/omy_3m_arm.urdf.xacro
[1.033s] -- Up-to-date symlink: /home/youn/ROS/open_manipulator_ws/install/open_manipulator_description/share/open_manipulator_description/urdf/omy_f3m/omy_f3m.urdf
[1.033s] -- Up-to-date symlink: /home/youn/ROS/open_manipulator_ws/install/open_manipulator_description/share/open_manipulator_description/urdf/omy_f3m/omy_f3m.urdf.xacro
[1.033s] -- Up-to-date symlink: /home/youn/ROS/open_manipulator_ws/install/open_manipulator_description/share/open_manipulator_description/urdf/omy_f3m/omy_f3m_arm.urdf.xacro
[1.034s] -- Up-to-date symlink: /home/youn/ROS/open_manipulator_ws/install/open_manipulator_description/share/open_manipulator_description/urdf/omy_f3m/rh_p12_rn_a.urdf.xacro
[1.034s] -- Up-to-date symlink: /home/youn/ROS/open_manipulator_ws/install/open_manipulator_description/share/open_manipulator_description/urdf/omy_l100/omy_l100.urdf
[1.034s] -- Up-to-date symlink: /home/youn/ROS/open_manipulator_ws/install/open_manipulator_description/share/open_manipulator_description/urdf/omy_l100/omy_l100.urdf.xacro
[1.034s] -- Up-to-date symlink: /home/youn/ROS/open_manipulator_ws/install/open_manipulator_description/share/open_manipulator_description/urdf/omy_l100/omy_l100_arm.urdf.xacro
[1.034s] -- Up-to-date symlink: /home/youn/ROS/open_manipulator_ws/install/open_manipulator_description/share/open_manipulator_description/urdf/open_manipulator_x/open_manipulator_x.urdf
[1.062s] -- Up-to-date symlink: /home/youn/ROS/open_manipulator_ws/install/open_manipulator_description/share/open_manipulator_description/urdf/open_manipulator_x/open_manipulator_x.urdf.xacro
[1.064s] -- Up-to-date symlink: /home/youn/ROS/open_manipulator_ws/install/open_manipulator_description/share/open_manipulator_description/urdf/open_manipulator_x/open_manipulator_x_arm.urdf.xacro
[1.064s] -- Up-to-date symlink: /home/youn/ROS/open_manipulator_ws/install/open_manipulator_description/share/open_manipulator_description/gazebo/omx_f.gazebo.xacro
[1.064s] -- Up-to-date symlink: /home/youn/ROS/open_manipulator_ws/install/open_manipulator_description/share/open_manipulator_description/gazebo/omx_l.gazebo.xacro
[1.064s] -- Up-to-date symlink: /home/youn/ROS/open_manipulator_ws/install/open_manipulator_description/share/open_manipulator_description/gazebo/omy_3m.gazebo.xacro
[1.064s] -- Up-to-date symlink: /home/youn/ROS/open_manipulator_ws/install/open_manipulator_description/share/open_manipulator_description/gazebo/omy_f3m.gazebo.xacro
[1.064s] -- Up-to-date symlink: /home/youn/ROS/open_manipulator_ws/install/open_manipulator_description/share/open_manipulator_description/gazebo/omy_l100.gazebo.xacro
[1.064s] -- Up-to-date symlink: /home/youn/ROS/open_manipulator_ws/install/open_manipulator_description/share/open_manipulator_description/gazebo/open_manipulator_x.gazebo.xacro
[1.064s] -- Up-to-date symlink: /home/youn/ROS/open_manipulator_ws/install/open_manipulator_description/share/open_manipulator_description/gazebo/rh_p12_rn_a.gazebo.xacro
[1.065s] -- Up-to-date symlink: /home/youn/ROS/open_manipulator_ws/install/open_manipulator_description/share/open_manipulator_description/ros2_control/omx_f.ros2_control.xacro
[1.065s] -- Up-to-date symlink: /home/youn/ROS/open_manipulator_ws/install/open_manipulator_description/share/open_manipulator_description/ros2_control/omx_l.ros2_control.xacro
[1.065s] -- Up-to-date symlink: /home/youn/ROS/open_manipulator_ws/install/open_manipulator_description/share/open_manipulator_description/ros2_control/omy_3m_end_unit.ros2_control.xacro
[1.065s] -- Up-to-date symlink: /home/youn/ROS/open_manipulator_ws/install/open_manipulator_description/share/open_manipulator_description/ros2_control/omy_3m_position.ros2_control.xacro
[1.065s] -- Up-to-date symlink: /home/youn/ROS/open_manipulator_ws/install/open_manipulator_description/share/open_manipulator_description/ros2_control/omy_f3m_current.ros2_control.xacro
[1.065s] -- Up-to-date symlink: /home/youn/ROS/open_manipulator_ws/install/open_manipulator_description/share/open_manipulator_description/ros2_control/omy_f3m_end_unit.ros2_control.xacro
[1.065s] -- Up-to-date symlink: /home/youn/ROS/open_manipulator_ws/install/open_manipulator_description/share/open_manipulator_description/ros2_control/omy_f3m_position.ros2_control.xacro
[1.065s] -- Up-to-date symlink: /home/youn/ROS/open_manipulator_ws/install/open_manipulator_description/share/open_manipulator_description/ros2_control/omy_f3m_smooth.ros2_control.xacro
[1.065s] -- Up-to-date symlink: /home/youn/ROS/open_manipulator_ws/install/open_manipulator_description/share/open_manipulator_description/ros2_control/omy_l100_current.ros2_control.xacro
[1.065s] -- Up-to-date symlink: /home/youn/ROS/open_manipulator_ws/install/open_manipulator_description/share/open_manipulator_description/ros2_control/omy_l100_position.ros2_control.xacro
[1.065s] -- Up-to-date symlink: /home/youn/ROS/open_manipulator_ws/install/open_manipulator_description/share/open_manipulator_description/ros2_control/open_manipulator_x_position.ros2_control.xacro
[1.065s] -- Up-to-date symlink: /home/youn/ROS/open_manipulator_ws/install/open_manipulator_description/share/ament_index/resource_index/package_run_dependencies/open_manipulator_description
[1.066s] -- Up-to-date symlink: /home/youn/ROS/open_manipulator_ws/install/open_manipulator_description/share/ament_index/resource_index/parent_prefix_path/open_manipulator_description
[1.066s] -- Up-to-date symlink: /home/youn/ROS/open_manipulator_ws/install/open_manipulator_description/share/open_manipulator_description/environment/ament_prefix_path.sh
[1.067s] -- Up-to-date symlink: /home/youn/ROS/open_manipulator_ws/install/open_manipulator_description/share/open_manipulator_description/environment/ament_prefix_path.dsv
[1.067s] -- Up-to-date symlink: /home/youn/ROS/open_manipulator_ws/install/open_manipulator_description/share/open_manipulator_description/environment/path.sh
[1.067s] -- Up-to-date symlink: /home/youn/ROS/open_manipulator_ws/install/open_manipulator_description/share/open_manipulator_description/environment/path.dsv
[1.067s] -- Up-to-date symlink: /home/youn/ROS/open_manipulator_ws/install/open_manipulator_description/share/open_manipulator_description/local_setup.bash
[1.067s] -- Up-to-date symlink: /home/youn/ROS/open_manipulator_ws/install/open_manipulator_description/share/open_manipulator_description/local_setup.sh
[1.069s] -- Up-to-date symlink: /home/youn/ROS/open_manipulator_ws/install/open_manipulator_description/share/open_manipulator_description/local_setup.zsh
[1.069s] -- Up-to-date symlink: /home/youn/ROS/open_manipulator_ws/install/open_manipulator_description/share/open_manipulator_description/local_setup.dsv
[1.069s] -- Symlinking: /home/youn/ROS/open_manipulator_ws/install/open_manipulator_description/share/open_manipulator_description/package.dsv
[1.069s] -- Up-to-date symlink: /home/youn/ROS/open_manipulator_ws/install/open_manipulator_description/share/ament_index/resource_index/packages/open_manipulator_description
[1.069s] -- Up-to-date symlink: /home/youn/ROS/open_manipulator_ws/install/open_manipulator_description/share/open_manipulator_description/cmake/open_manipulator_descriptionConfig.cmake
[1.070s] -- Up-to-date symlink: /home/youn/ROS/open_manipulator_ws/install/open_manipulator_description/share/open_manipulator_description/cmake/open_manipulator_descriptionConfig-version.cmake
[1.070s] -- Up-to-date symlink: /home/youn/ROS/open_manipulator_ws/install/open_manipulator_description/share/open_manipulator_description/package.xml
[1.070s] Invoked command in '/home/youn/ROS/open_manipulator_ws/build/open_manipulator_description' returned '0': CMAKE_PREFIX_PATH=${CMAKE_PREFIX_PATH}:/home/youn/ROS/ros_workspace/install/ros_basic:/home/youn/ROS/ros_workspace/install/tf2_basic:/opt/ros/jazzy /usr/bin/cmake --install /home/youn/ROS/open_manipulator_ws/build/open_manipulator_description
