[0.044s] Invoking command in '/home/youn/ROS/open_manipulator_ws/build/dynamixel_interfaces': CMAKE_PREFIX_PATH=${CMAKE_PREFIX_PATH}:/home/youn/ROS/ros_workspace/install/ros_basic:/home/youn/ROS/ros_workspace/install/tf2_basic:/opt/ros/jazzy /usr/bin/cmake --build /home/youn/ROS/open_manipulator_ws/build/dynamixel_interfaces
[0.126s] [  1%] Built target dynamixel_interfaces__rs
[0.152s] [  3%] Built target dynamixel_interfaces__rosidl_generator_type_description
[0.197s] [ 24%] Built target dynamixel_interfaces__rosidl_generator_c
[0.240s] [ 33%] Built target dynamixel_interfaces__rosidl_typesupport_fastrtps_c
[0.287s] [ 35%] Built target dynamixel_interfaces__cpp
[0.321s] [ 44%] Built target dynamixel_interfaces__rosidl_typesupport_fastrtps_cpp
[0.357s] [ 53%] Built target dynamixel_interfaces__rosidl_typesupport_introspection_c
[0.397s] [ 63%] Built target dynamixel_interfaces__rosidl_typesupport_c
[0.443s] [ 72%] Built target dynamixel_interfaces__rosidl_typesupport_introspection_cpp
[0.482s] [ 81%] Built target dynamixel_interfaces__rosidl_typesupport_cpp
[0.518s] [ 81%] Built target dynamixel_interfaces
[0.570s] [ 81%] Built target ament_cmake_python_symlink_dynamixel_interfaces
[0.925s] running egg_info
[0.950s] writing dynamixel_interfaces.egg-info/PKG-INFO
[0.951s] writing dependency_links to dynamixel_interfaces.egg-info/dependency_links.txt
[0.951s] writing top-level names to dynamixel_interfaces.egg-info/top_level.txt
[1.042s] reading manifest file 'dynamixel_interfaces.egg-info/SOURCES.txt'
[1.043s] writing manifest file 'dynamixel_interfaces.egg-info/SOURCES.txt'
[1.116s] [ 81%] Built target ament_cmake_python_build_dynamixel_interfaces_egg
[1.150s] [ 83%] Built target dynamixel_interfaces__py
[1.188s] [ 90%] Built target dynamixel_interfaces__rosidl_generator_py
[1.220s] [ 93%] Built target dynamixel_interfaces_s__rosidl_typesupport_fastrtps_c
[1.261s] [ 96%] Built target dynamixel_interfaces_s__rosidl_typesupport_introspection_c
[1.299s] [100%] Built target dynamixel_interfaces_s__rosidl_typesupport_c
[1.321s] Invoked command in '/home/youn/ROS/open_manipulator_ws/build/dynamixel_interfaces' returned '0': CMAKE_PREFIX_PATH=${CMAKE_PREFIX_PATH}:/home/youn/ROS/ros_workspace/install/ros_basic:/home/youn/ROS/ros_workspace/install/tf2_basic:/opt/ros/jazzy /usr/bin/cmake --build /home/youn/ROS/open_manipulator_ws/build/dynamixel_interfaces
[1.354s] Invoking command in '/home/youn/ROS/open_manipulator_ws/build/dynamixel_interfaces': CMAKE_PREFIX_PATH=${CMAKE_PREFIX_PATH}:/home/youn/ROS/ros_workspace/install/ros_basic:/home/youn/ROS/ros_workspace/install/tf2_basic:/opt/ros/jazzy /usr/bin/cmake --install /home/youn/ROS/open_manipulator_ws/build/dynamixel_interfaces
[1.359s] -- Install configuration: "Release"
[1.359s] -- Execute custom install script
[1.360s] -- Up-to-date symlink: /home/youn/ROS/open_manipulator_ws/install/dynamixel_interfaces/share/ament_index/resource_index/rosidl_interfaces/dynamixel_interfaces
[1.360s] -- Up-to-date symlink: /home/youn/ROS/open_manipulator_ws/install/dynamixel_interfaces/share/dynamixel_interfaces/msg/DynamixelState.json
[1.360s] -- Up-to-date symlink: /home/youn/ROS/open_manipulator_ws/install/dynamixel_interfaces/share/dynamixel_interfaces/srv/GetDataFromDxl.json
[1.361s] -- Up-to-date symlink: /home/youn/ROS/open_manipulator_ws/install/dynamixel_interfaces/share/dynamixel_interfaces/srv/SetDataToDxl.json
[1.362s] -- Up-to-date symlink: /home/youn/ROS/open_manipulator_ws/install/dynamixel_interfaces/share/dynamixel_interfaces/srv/RebootDxl.json
[1.362s] -- Up-to-date symlink: /home/youn/ROS/open_manipulator_ws/install/dynamixel_interfaces/include/dynamixel_interfaces/dynamixel_interfaces/msg/detail/dynamixel_state__functions.h
[1.362s] -- Up-to-date symlink: /home/youn/ROS/open_manipulator_ws/install/dynamixel_interfaces/include/dynamixel_interfaces/dynamixel_interfaces/msg/detail/dynamixel_state__struct.h
[1.368s] -- Up-to-date symlink: /home/youn/ROS/open_manipulator_ws/install/dynamixel_interfaces/include/dynamixel_interfaces/dynamixel_interfaces/msg/detail/dynamixel_state__type_support.h
[1.371s] -- Up-to-date symlink: /home/youn/ROS/open_manipulator_ws/install/dynamixel_interfaces/include/dynamixel_interfaces/dynamixel_interfaces/msg/dynamixel_state.h
[1.371s] -- Up-to-date symlink: /home/youn/ROS/open_manipulator_ws/install/dynamixel_interfaces/include/dynamixel_interfaces/dynamixel_interfaces/msg/rosidl_generator_c__visibility_control.h
[1.371s] -- Up-to-date symlink: /home/youn/ROS/open_manipulator_ws/install/dynamixel_interfaces/include/dynamixel_interfaces/dynamixel_interfaces/srv/detail/get_data_from_dxl__functions.h
[1.371s] -- Up-to-date symlink: /home/youn/ROS/open_manipulator_ws/install/dynamixel_interfaces/include/dynamixel_interfaces/dynamixel_interfaces/srv/detail/get_data_from_dxl__struct.h
[1.371s] -- Up-to-date symlink: /home/youn/ROS/open_manipulator_ws/install/dynamixel_interfaces/include/dynamixel_interfaces/dynamixel_interfaces/srv/detail/get_data_from_dxl__type_support.h
[1.371s] -- Up-to-date symlink: /home/youn/ROS/open_manipulator_ws/install/dynamixel_interfaces/include/dynamixel_interfaces/dynamixel_interfaces/srv/detail/reboot_dxl__functions.h
[1.372s] -- Up-to-date symlink: /home/youn/ROS/open_manipulator_ws/install/dynamixel_interfaces/include/dynamixel_interfaces/dynamixel_interfaces/srv/detail/reboot_dxl__struct.h
[1.372s] -- Up-to-date symlink: /home/youn/ROS/open_manipulator_ws/install/dynamixel_interfaces/include/dynamixel_interfaces/dynamixel_interfaces/srv/detail/reboot_dxl__type_support.h
[1.373s] -- Up-to-date symlink: /home/youn/ROS/open_manipulator_ws/install/dynamixel_interfaces/include/dynamixel_interfaces/dynamixel_interfaces/srv/detail/set_data_to_dxl__functions.h
[1.373s] -- Up-to-date symlink: /home/youn/ROS/open_manipulator_ws/install/dynamixel_interfaces/include/dynamixel_interfaces/dynamixel_interfaces/srv/detail/set_data_to_dxl__struct.h
[1.374s] -- Up-to-date symlink: /home/youn/ROS/open_manipulator_ws/install/dynamixel_interfaces/include/dynamixel_interfaces/dynamixel_interfaces/srv/detail/set_data_to_dxl__type_support.h
[1.375s] -- Up-to-date symlink: /home/youn/ROS/open_manipulator_ws/install/dynamixel_interfaces/include/dynamixel_interfaces/dynamixel_interfaces/srv/get_data_from_dxl.h
[1.376s] -- Up-to-date symlink: /home/youn/ROS/open_manipulator_ws/install/dynamixel_interfaces/include/dynamixel_interfaces/dynamixel_interfaces/srv/reboot_dxl.h
[1.377s] -- Up-to-date symlink: /home/youn/ROS/open_manipulator_ws/install/dynamixel_interfaces/include/dynamixel_interfaces/dynamixel_interfaces/srv/set_data_to_dxl.h
[1.377s] -- Up-to-date symlink: /home/youn/ROS/open_manipulator_ws/install/dynamixel_interfaces/share/dynamixel_interfaces/environment/library_path.sh
[1.377s] -- Up-to-date symlink: /home/youn/ROS/open_manipulator_ws/install/dynamixel_interfaces/share/dynamixel_interfaces/environment/library_path.dsv
[1.378s] -- Up-to-date symlink: /home/youn/ROS/open_manipulator_ws/install/dynamixel_interfaces/include/dynamixel_interfaces/dynamixel_interfaces/msg/detail/dynamixel_state__rosidl_typesupport_fastrtps_c.h
[1.378s] -- Up-to-date symlink: /home/youn/ROS/open_manipulator_ws/install/dynamixel_interfaces/include/dynamixel_interfaces/dynamixel_interfaces/msg/rosidl_typesupport_fastrtps_c__visibility_control.h
[1.379s] -- Up-to-date symlink: /home/youn/ROS/open_manipulator_ws/install/dynamixel_interfaces/include/dynamixel_interfaces/dynamixel_interfaces/srv/detail/get_data_from_dxl__rosidl_typesupport_fastrtps_c.h
[1.380s] -- Up-to-date symlink: /home/youn/ROS/open_manipulator_ws/install/dynamixel_interfaces/include/dynamixel_interfaces/dynamixel_interfaces/srv/detail/reboot_dxl__rosidl_typesupport_fastrtps_c.h
[1.382s] -- Up-to-date symlink: /home/youn/ROS/open_manipulator_ws/install/dynamixel_interfaces/include/dynamixel_interfaces/dynamixel_interfaces/srv/detail/set_data_to_dxl__rosidl_typesupport_fastrtps_c.h
[1.384s] -- Up-to-date symlink: /home/youn/ROS/open_manipulator_ws/install/dynamixel_interfaces/include/dynamixel_interfaces/dynamixel_interfaces/msg/detail/dynamixel_state__builder.hpp
[1.385s] -- Up-to-date symlink: /home/youn/ROS/open_manipulator_ws/install/dynamixel_interfaces/include/dynamixel_interfaces/dynamixel_interfaces/msg/detail/dynamixel_state__struct.hpp
[1.386s] -- Up-to-date symlink: /home/youn/ROS/open_manipulator_ws/install/dynamixel_interfaces/include/dynamixel_interfaces/dynamixel_interfaces/msg/detail/dynamixel_state__traits.hpp
[1.386s] -- Up-to-date symlink: /home/youn/ROS/open_manipulator_ws/install/dynamixel_interfaces/include/dynamixel_interfaces/dynamixel_interfaces/msg/detail/dynamixel_state__type_support.hpp
[1.388s] -- Up-to-date symlink: /home/youn/ROS/open_manipulator_ws/install/dynamixel_interfaces/include/dynamixel_interfaces/dynamixel_interfaces/msg/dynamixel_state.hpp
[1.389s] -- Up-to-date symlink: /home/youn/ROS/open_manipulator_ws/install/dynamixel_interfaces/include/dynamixel_interfaces/dynamixel_interfaces/msg/rosidl_generator_cpp__visibility_control.hpp
[1.389s] -- Up-to-date symlink: /home/youn/ROS/open_manipulator_ws/install/dynamixel_interfaces/include/dynamixel_interfaces/dynamixel_interfaces/srv/detail/get_data_from_dxl__builder.hpp
[1.389s] -- Up-to-date symlink: /home/youn/ROS/open_manipulator_ws/install/dynamixel_interfaces/include/dynamixel_interfaces/dynamixel_interfaces/srv/detail/get_data_from_dxl__struct.hpp
[1.390s] -- Up-to-date symlink: /home/youn/ROS/open_manipulator_ws/install/dynamixel_interfaces/include/dynamixel_interfaces/dynamixel_interfaces/srv/detail/get_data_from_dxl__traits.hpp
[1.391s] -- Up-to-date symlink: /home/youn/ROS/open_manipulator_ws/install/dynamixel_interfaces/include/dynamixel_interfaces/dynamixel_interfaces/srv/detail/get_data_from_dxl__type_support.hpp
[1.392s] -- Up-to-date symlink: /home/youn/ROS/open_manipulator_ws/install/dynamixel_interfaces/include/dynamixel_interfaces/dynamixel_interfaces/srv/detail/reboot_dxl__builder.hpp
[1.392s] -- Up-to-date symlink: /home/youn/ROS/open_manipulator_ws/install/dynamixel_interfaces/include/dynamixel_interfaces/dynamixel_interfaces/srv/detail/reboot_dxl__struct.hpp
[1.392s] -- Up-to-date symlink: /home/youn/ROS/open_manipulator_ws/install/dynamixel_interfaces/include/dynamixel_interfaces/dynamixel_interfaces/srv/detail/reboot_dxl__traits.hpp
[1.392s] -- Up-to-date symlink: /home/youn/ROS/open_manipulator_ws/install/dynamixel_interfaces/include/dynamixel_interfaces/dynamixel_interfaces/srv/detail/reboot_dxl__type_support.hpp
[1.393s] -- Up-to-date symlink: /home/youn/ROS/open_manipulator_ws/install/dynamixel_interfaces/include/dynamixel_interfaces/dynamixel_interfaces/srv/detail/set_data_to_dxl__builder.hpp
[1.393s] -- Up-to-date symlink: /home/youn/ROS/open_manipulator_ws/install/dynamixel_interfaces/include/dynamixel_interfaces/dynamixel_interfaces/srv/detail/set_data_to_dxl__struct.hpp
[1.393s] -- Up-to-date symlink: /home/youn/ROS/open_manipulator_ws/install/dynamixel_interfaces/include/dynamixel_interfaces/dynamixel_interfaces/srv/detail/set_data_to_dxl__traits.hpp
[1.393s] -- Up-to-date symlink: /home/youn/ROS/open_manipulator_ws/install/dynamixel_interfaces/include/dynamixel_interfaces/dynamixel_interfaces/srv/detail/set_data_to_dxl__type_support.hpp
[1.394s] -- Up-to-date symlink: /home/youn/ROS/open_manipulator_ws/install/dynamixel_interfaces/include/dynamixel_interfaces/dynamixel_interfaces/srv/get_data_from_dxl.hpp
[1.394s] -- Up-to-date symlink: /home/youn/ROS/open_manipulator_ws/install/dynamixel_interfaces/include/dynamixel_interfaces/dynamixel_interfaces/srv/reboot_dxl.hpp
[1.394s] -- Up-to-date symlink: /home/youn/ROS/open_manipulator_ws/install/dynamixel_interfaces/include/dynamixel_interfaces/dynamixel_interfaces/srv/set_data_to_dxl.hpp
[1.394s] -- Up-to-date symlink: /home/youn/ROS/open_manipulator_ws/install/dynamixel_interfaces/include/dynamixel_interfaces/dynamixel_interfaces/msg/detail/dynamixel_state__rosidl_typesupport_fastrtps_cpp.hpp
[1.395s] -- Up-to-date symlink: /home/youn/ROS/open_manipulator_ws/install/dynamixel_interfaces/include/dynamixel_interfaces/dynamixel_interfaces/msg/rosidl_typesupport_fastrtps_cpp__visibility_control.h
[1.395s] -- Up-to-date symlink: /home/youn/ROS/open_manipulator_ws/install/dynamixel_interfaces/include/dynamixel_interfaces/dynamixel_interfaces/srv/detail/get_data_from_dxl__rosidl_typesupport_fastrtps_cpp.hpp
[1.396s] -- Up-to-date symlink: /home/youn/ROS/open_manipulator_ws/install/dynamixel_interfaces/include/dynamixel_interfaces/dynamixel_interfaces/srv/detail/reboot_dxl__rosidl_typesupport_fastrtps_cpp.hpp
[1.396s] -- Up-to-date symlink: /home/youn/ROS/open_manipulator_ws/install/dynamixel_interfaces/include/dynamixel_interfaces/dynamixel_interfaces/srv/detail/set_data_to_dxl__rosidl_typesupport_fastrtps_cpp.hpp
[1.398s] -- Up-to-date symlink: /home/youn/ROS/open_manipulator_ws/install/dynamixel_interfaces/include/dynamixel_interfaces/dynamixel_interfaces/msg/detail/dynamixel_state__rosidl_typesupport_introspection_c.h
[1.399s] -- Up-to-date symlink: /home/youn/ROS/open_manipulator_ws/install/dynamixel_interfaces/include/dynamixel_interfaces/dynamixel_interfaces/msg/rosidl_typesupport_introspection_c__visibility_control.h
[1.399s] -- Up-to-date symlink: /home/youn/ROS/open_manipulator_ws/install/dynamixel_interfaces/include/dynamixel_interfaces/dynamixel_interfaces/srv/detail/get_data_from_dxl__rosidl_typesupport_introspection_c.h
[1.399s] -- Up-to-date symlink: /home/youn/ROS/open_manipulator_ws/install/dynamixel_interfaces/include/dynamixel_interfaces/dynamixel_interfaces/srv/detail/reboot_dxl__rosidl_typesupport_introspection_c.h
[1.400s] -- Up-to-date symlink: /home/youn/ROS/open_manipulator_ws/install/dynamixel_interfaces/include/dynamixel_interfaces/dynamixel_interfaces/srv/detail/set_data_to_dxl__rosidl_typesupport_introspection_c.h
[1.401s] -- Up-to-date symlink: /home/youn/ROS/open_manipulator_ws/install/dynamixel_interfaces/include/dynamixel_interfaces/dynamixel_interfaces/msg/detail/dynamixel_state__rosidl_typesupport_introspection_cpp.hpp
[1.401s] -- Up-to-date symlink: /home/youn/ROS/open_manipulator_ws/install/dynamixel_interfaces/include/dynamixel_interfaces/dynamixel_interfaces/srv/detail/get_data_from_dxl__rosidl_typesupport_introspection_cpp.hpp
[1.402s] -- Up-to-date symlink: /home/youn/ROS/open_manipulator_ws/install/dynamixel_interfaces/include/dynamixel_interfaces/dynamixel_interfaces/srv/detail/reboot_dxl__rosidl_typesupport_introspection_cpp.hpp
[1.402s] -- Up-to-date symlink: /home/youn/ROS/open_manipulator_ws/install/dynamixel_interfaces/include/dynamixel_interfaces/dynamixel_interfaces/srv/detail/set_data_to_dxl__rosidl_typesupport_introspection_cpp.hpp
[1.402s] -- Up-to-date symlink: /home/youn/ROS/open_manipulator_ws/install/dynamixel_interfaces/share/dynamixel_interfaces/environment/pythonpath.sh
[1.402s] -- Up-to-date symlink: /home/youn/ROS/open_manipulator_ws/install/dynamixel_interfaces/share/dynamixel_interfaces/environment/pythonpath.dsv
[1.403s] -- Up-to-date symlink: /home/youn/ROS/open_manipulator_ws/install/dynamixel_interfaces/lib/python3.12/site-packages/dynamixel_interfaces-1.0.1-py3.12.egg-info/PKG-INFO
[1.403s] -- Up-to-date symlink: /home/youn/ROS/open_manipulator_ws/install/dynamixel_interfaces/lib/python3.12/site-packages/dynamixel_interfaces-1.0.1-py3.12.egg-info/SOURCES.txt
[1.403s] -- Up-to-date symlink: /home/youn/ROS/open_manipulator_ws/install/dynamixel_interfaces/lib/python3.12/site-packages/dynamixel_interfaces-1.0.1-py3.12.egg-info/dependency_links.txt
[1.403s] -- Up-to-date symlink: /home/youn/ROS/open_manipulator_ws/install/dynamixel_interfaces/lib/python3.12/site-packages/dynamixel_interfaces-1.0.1-py3.12.egg-info/top_level.txt
[1.404s] -- Up-to-date symlink: /home/youn/ROS/open_manipulator_ws/install/dynamixel_interfaces/lib/python3.12/site-packages/dynamixel_interfaces/__init__.py
[1.404s] -- Up-to-date symlink: /home/youn/ROS/open_manipulator_ws/install/dynamixel_interfaces/lib/python3.12/site-packages/dynamixel_interfaces/_dynamixel_interfaces_s.ep.rosidl_typesupport_c.c
[1.404s] -- Up-to-date symlink: /home/youn/ROS/open_manipulator_ws/install/dynamixel_interfaces/lib/python3.12/site-packages/dynamixel_interfaces/_dynamixel_interfaces_s.ep.rosidl_typesupport_fastrtps_c.c
[1.404s] -- Up-to-date symlink: /home/youn/ROS/open_manipulator_ws/install/dynamixel_interfaces/lib/python3.12/site-packages/dynamixel_interfaces/_dynamixel_interfaces_s.ep.rosidl_typesupport_introspection_c.c
[1.405s] -- Up-to-date symlink: /home/youn/ROS/open_manipulator_ws/install/dynamixel_interfaces/lib/python3.12/site-packages/dynamixel_interfaces/dynamixel_interfaces_s__rosidl_typesupport_c.so
[1.405s] -- Up-to-date symlink: /home/youn/ROS/open_manipulator_ws/install/dynamixel_interfaces/lib/python3.12/site-packages/dynamixel_interfaces/dynamixel_interfaces_s__rosidl_typesupport_fastrtps_c.so
[1.406s] -- Up-to-date symlink: /home/youn/ROS/open_manipulator_ws/install/dynamixel_interfaces/lib/python3.12/site-packages/dynamixel_interfaces/dynamixel_interfaces_s__rosidl_typesupport_introspection_c.so
[1.406s] -- Up-to-date symlink: /home/youn/ROS/open_manipulator_ws/install/dynamixel_interfaces/lib/python3.12/site-packages/dynamixel_interfaces/msg/__init__.py
[1.406s] -- Up-to-date symlink: /home/youn/ROS/open_manipulator_ws/install/dynamixel_interfaces/lib/python3.12/site-packages/dynamixel_interfaces/msg/_dynamixel_state.py
[1.406s] -- Up-to-date symlink: /home/youn/ROS/open_manipulator_ws/install/dynamixel_interfaces/lib/python3.12/site-packages/dynamixel_interfaces/msg/_dynamixel_state_s.c
[1.406s] -- Up-to-date symlink: /home/youn/ROS/open_manipulator_ws/install/dynamixel_interfaces/lib/python3.12/site-packages/dynamixel_interfaces/srv/__init__.py
[1.407s] -- Up-to-date symlink: /home/youn/ROS/open_manipulator_ws/install/dynamixel_interfaces/lib/python3.12/site-packages/dynamixel_interfaces/srv/_get_data_from_dxl.py
[1.407s] -- Up-to-date symlink: /home/youn/ROS/open_manipulator_ws/install/dynamixel_interfaces/lib/python3.12/site-packages/dynamixel_interfaces/srv/_get_data_from_dxl_s.c
[1.407s] -- Up-to-date symlink: /home/youn/ROS/open_manipulator_ws/install/dynamixel_interfaces/lib/python3.12/site-packages/dynamixel_interfaces/srv/_reboot_dxl.py
[1.408s] -- Up-to-date symlink: /home/youn/ROS/open_manipulator_ws/install/dynamixel_interfaces/lib/python3.12/site-packages/dynamixel_interfaces/srv/_reboot_dxl_s.c
[1.408s] -- Up-to-date symlink: /home/youn/ROS/open_manipulator_ws/install/dynamixel_interfaces/lib/python3.12/site-packages/dynamixel_interfaces/srv/_set_data_to_dxl.py
[1.408s] -- Up-to-date symlink: /home/youn/ROS/open_manipulator_ws/install/dynamixel_interfaces/lib/python3.12/site-packages/dynamixel_interfaces/srv/_set_data_to_dxl_s.c
[1.408s] -- Up-to-date symlink: /home/youn/ROS/open_manipulator_ws/install/dynamixel_interfaces/lib/python3.12/site-packages/dynamixel_interfaces/dynamixel_interfaces_s__rosidl_typesupport_fastrtps_c.so
[1.409s] -- Up-to-date symlink: /home/youn/ROS/open_manipulator_ws/install/dynamixel_interfaces/lib/python3.12/site-packages/dynamixel_interfaces/dynamixel_interfaces_s__rosidl_typesupport_introspection_c.so
[1.409s] -- Up-to-date symlink: /home/youn/ROS/open_manipulator_ws/install/dynamixel_interfaces/lib/python3.12/site-packages/dynamixel_interfaces/dynamixel_interfaces_s__rosidl_typesupport_c.so
[1.409s] -- Up-to-date symlink: /home/youn/ROS/open_manipulator_ws/install/dynamixel_interfaces/share/ament_index/resource_index/rust_packages/dynamixel_interfaces
[1.410s] -- Up-to-date symlink: /home/youn/ROS/open_manipulator_ws/install/dynamixel_interfaces/share/dynamixel_interfaces/rust/Cargo.toml
[1.410s] -- Up-to-date symlink: /home/youn/ROS/open_manipulator_ws/install/dynamixel_interfaces/share/dynamixel_interfaces/rust/build.rs
[1.410s] -- Up-to-date symlink: /home/youn/ROS/open_manipulator_ws/install/dynamixel_interfaces/share/dynamixel_interfaces/rust/src/lib.rs
[1.411s] -- Up-to-date symlink: /home/youn/ROS/open_manipulator_ws/install/dynamixel_interfaces/share/dynamixel_interfaces/rust/src/msg.rs
[1.411s] -- Up-to-date symlink: /home/youn/ROS/open_manipulator_ws/install/dynamixel_interfaces/share/dynamixel_interfaces/rust/src/msg/rmw.rs
[1.411s] -- Up-to-date symlink: /home/youn/ROS/open_manipulator_ws/install/dynamixel_interfaces/share/dynamixel_interfaces/rust/src/srv.rs
[1.411s] -- Up-to-date symlink: /home/youn/ROS/open_manipulator_ws/install/dynamixel_interfaces/share/dynamixel_interfaces/rust/src/srv/rmw.rs
[1.412s] -- Up-to-date symlink: /home/youn/ROS/open_manipulator_ws/install/dynamixel_interfaces/share/dynamixel_interfaces/msg/DynamixelState.idl
[1.412s] -- Up-to-date symlink: /home/youn/ROS/open_manipulator_ws/install/dynamixel_interfaces/share/dynamixel_interfaces/srv/GetDataFromDxl.idl
[1.412s] -- Up-to-date symlink: /home/youn/ROS/open_manipulator_ws/install/dynamixel_interfaces/share/dynamixel_interfaces/srv/SetDataToDxl.idl
[1.413s] -- Up-to-date symlink: /home/youn/ROS/open_manipulator_ws/install/dynamixel_interfaces/share/dynamixel_interfaces/srv/RebootDxl.idl
[1.413s] -- Up-to-date symlink: /home/youn/ROS/open_manipulator_ws/install/dynamixel_interfaces/share/dynamixel_interfaces/msg/DynamixelState.msg
[1.413s] -- Up-to-date symlink: /home/youn/ROS/open_manipulator_ws/install/dynamixel_interfaces/share/dynamixel_interfaces/srv/GetDataFromDxl.srv
[1.414s] -- Up-to-date symlink: /home/youn/ROS/open_manipulator_ws/install/dynamixel_interfaces/share/dynamixel_interfaces/srv/SetDataToDxl.srv
[1.414s] -- Up-to-date symlink: /home/youn/ROS/open_manipulator_ws/install/dynamixel_interfaces/share/dynamixel_interfaces/srv/RebootDxl.srv
[1.415s] -- Up-to-date symlink: /home/youn/ROS/open_manipulator_ws/install/dynamixel_interfaces/share/ament_index/resource_index/package_run_dependencies/dynamixel_interfaces
[1.415s] -- Up-to-date symlink: /home/youn/ROS/open_manipulator_ws/install/dynamixel_interfaces/share/ament_index/resource_index/parent_prefix_path/dynamixel_interfaces
[1.415s] -- Up-to-date symlink: /home/youn/ROS/open_manipulator_ws/install/dynamixel_interfaces/share/dynamixel_interfaces/environment/ament_prefix_path.sh
[1.416s] -- Up-to-date symlink: /home/youn/ROS/open_manipulator_ws/install/dynamixel_interfaces/share/dynamixel_interfaces/environment/ament_prefix_path.dsv
[1.417s] -- Up-to-date symlink: /home/youn/ROS/open_manipulator_ws/install/dynamixel_interfaces/share/dynamixel_interfaces/environment/path.sh
[1.417s] -- Up-to-date symlink: /home/youn/ROS/open_manipulator_ws/install/dynamixel_interfaces/share/dynamixel_interfaces/environment/path.dsv
[1.417s] -- Up-to-date symlink: /home/youn/ROS/open_manipulator_ws/install/dynamixel_interfaces/share/dynamixel_interfaces/local_setup.bash
[1.418s] -- Up-to-date symlink: /home/youn/ROS/open_manipulator_ws/install/dynamixel_interfaces/share/dynamixel_interfaces/local_setup.sh
[1.418s] -- Up-to-date symlink: /home/youn/ROS/open_manipulator_ws/install/dynamixel_interfaces/share/dynamixel_interfaces/local_setup.zsh
[1.418s] -- Up-to-date symlink: /home/youn/ROS/open_manipulator_ws/install/dynamixel_interfaces/share/dynamixel_interfaces/local_setup.dsv
[1.418s] -- Symlinking: /home/youn/ROS/open_manipulator_ws/install/dynamixel_interfaces/share/dynamixel_interfaces/package.dsv
[1.419s] -- Up-to-date symlink: /home/youn/ROS/open_manipulator_ws/install/dynamixel_interfaces/share/ament_index/resource_index/packages/dynamixel_interfaces
[1.419s] -- Up-to-date symlink: /home/youn/ROS/open_manipulator_ws/install/dynamixel_interfaces/share/dynamixel_interfaces/cmake/rosidl_cmake-extras.cmake
[1.419s] -- Up-to-date symlink: /home/youn/ROS/open_manipulator_ws/install/dynamixel_interfaces/share/dynamixel_interfaces/cmake/ament_cmake_export_dependencies-extras.cmake
[1.419s] -- Up-to-date symlink: /home/youn/ROS/open_manipulator_ws/install/dynamixel_interfaces/share/dynamixel_interfaces/cmake/ament_cmake_export_include_directories-extras.cmake
[1.420s] -- Up-to-date symlink: /home/youn/ROS/open_manipulator_ws/install/dynamixel_interfaces/share/dynamixel_interfaces/cmake/ament_cmake_export_libraries-extras.cmake
[1.420s] -- Up-to-date symlink: /home/youn/ROS/open_manipulator_ws/install/dynamixel_interfaces/share/dynamixel_interfaces/cmake/ament_cmake_export_targets-extras.cmake
[1.420s] -- Up-to-date symlink: /home/youn/ROS/open_manipulator_ws/install/dynamixel_interfaces/share/dynamixel_interfaces/cmake/rosidl_cmake_export_typesupport_targets-extras.cmake
[1.420s] -- Up-to-date symlink: /home/youn/ROS/open_manipulator_ws/install/dynamixel_interfaces/share/dynamixel_interfaces/cmake/rosidl_cmake_export_typesupport_libraries-extras.cmake
[1.421s] -- Up-to-date symlink: /home/youn/ROS/open_manipulator_ws/install/dynamixel_interfaces/share/dynamixel_interfaces/cmake/rosidl_cmake_aggregate_target-extras.cmake
[1.421s] -- Up-to-date symlink: /home/youn/ROS/open_manipulator_ws/install/dynamixel_interfaces/share/dynamixel_interfaces/cmake/dynamixel_interfacesConfig.cmake
[1.421s] -- Up-to-date symlink: /home/youn/ROS/open_manipulator_ws/install/dynamixel_interfaces/share/dynamixel_interfaces/cmake/dynamixel_interfacesConfig-version.cmake
[1.422s] -- Up-to-date symlink: /home/youn/ROS/open_manipulator_ws/install/dynamixel_interfaces/share/dynamixel_interfaces/package.xml
[1.422s] -- Up-to-date: /home/youn/ROS/open_manipulator_ws/install/dynamixel_interfaces/lib/libdynamixel_interfaces__rosidl_generator_c.so
[1.422s] -- Up-to-date: /home/youn/ROS/open_manipulator_ws/install/dynamixel_interfaces/lib/libdynamixel_interfaces__rosidl_typesupport_fastrtps_c.so
[1.422s] -- Up-to-date: /home/youn/ROS/open_manipulator_ws/install/dynamixel_interfaces/lib/libdynamixel_interfaces__rosidl_typesupport_fastrtps_cpp.so
[1.423s] -- Up-to-date: /home/youn/ROS/open_manipulator_ws/install/dynamixel_interfaces/lib/libdynamixel_interfaces__rosidl_typesupport_introspection_c.so
[1.423s] -- Up-to-date: /home/youn/ROS/open_manipulator_ws/install/dynamixel_interfaces/lib/libdynamixel_interfaces__rosidl_typesupport_c.so
[1.423s] -- Up-to-date: /home/youn/ROS/open_manipulator_ws/install/dynamixel_interfaces/lib/libdynamixel_interfaces__rosidl_typesupport_introspection_cpp.so
[1.424s] -- Up-to-date: /home/youn/ROS/open_manipulator_ws/install/dynamixel_interfaces/lib/libdynamixel_interfaces__rosidl_typesupport_cpp.so
[1.485s] Listing '/home/youn/ROS/open_manipulator_ws/install/dynamixel_interfaces/lib/python3.12/site-packages/dynamixel_interfaces'...
[1.485s] Listing '/home/youn/ROS/open_manipulator_ws/install/dynamixel_interfaces/lib/python3.12/site-packages/dynamixel_interfaces/msg'...
[1.486s] Listing '/home/youn/ROS/open_manipulator_ws/install/dynamixel_interfaces/lib/python3.12/site-packages/dynamixel_interfaces/srv'...
[1.498s] -- Up-to-date: /home/youn/ROS/open_manipulator_ws/install/dynamixel_interfaces/lib/libdynamixel_interfaces__rosidl_generator_py.so
[1.498s] -- Up-to-date: /home/youn/ROS/open_manipulator_ws/install/dynamixel_interfaces/share/dynamixel_interfaces/cmake/export_dynamixel_interfaces__rosidl_generator_cExport.cmake
[1.533s] -- Up-to-date: /home/youn/ROS/open_manipulator_ws/install/dynamixel_interfaces/share/dynamixel_interfaces/cmake/export_dynamixel_interfaces__rosidl_generator_cExport-release.cmake
[1.534s] -- Up-to-date: /home/youn/ROS/open_manipulator_ws/install/dynamixel_interfaces/share/dynamixel_interfaces/cmake/export_dynamixel_interfaces__rosidl_typesupport_fastrtps_cExport.cmake
[1.534s] -- Up-to-date: /home/youn/ROS/open_manipulator_ws/install/dynamixel_interfaces/share/dynamixel_interfaces/cmake/export_dynamixel_interfaces__rosidl_typesupport_fastrtps_cExport-release.cmake
[1.534s] -- Up-to-date: /home/youn/ROS/open_manipulator_ws/install/dynamixel_interfaces/share/dynamixel_interfaces/cmake/export_dynamixel_interfaces__rosidl_generator_cppExport.cmake
[1.534s] -- Up-to-date: /home/youn/ROS/open_manipulator_ws/install/dynamixel_interfaces/share/dynamixel_interfaces/cmake/export_dynamixel_interfaces__rosidl_typesupport_fastrtps_cppExport.cmake
[1.534s] -- Up-to-date: /home/youn/ROS/open_manipulator_ws/install/dynamixel_interfaces/share/dynamixel_interfaces/cmake/export_dynamixel_interfaces__rosidl_typesupport_fastrtps_cppExport-release.cmake
[1.534s] -- Up-to-date: /home/youn/ROS/open_manipulator_ws/install/dynamixel_interfaces/share/dynamixel_interfaces/cmake/dynamixel_interfaces__rosidl_typesupport_introspection_cExport.cmake
[1.534s] -- Up-to-date: /home/youn/ROS/open_manipulator_ws/install/dynamixel_interfaces/share/dynamixel_interfaces/cmake/dynamixel_interfaces__rosidl_typesupport_introspection_cExport-release.cmake
[1.534s] -- Up-to-date: /home/youn/ROS/open_manipulator_ws/install/dynamixel_interfaces/share/dynamixel_interfaces/cmake/dynamixel_interfaces__rosidl_typesupport_cExport.cmake
[1.534s] -- Up-to-date: /home/youn/ROS/open_manipulator_ws/install/dynamixel_interfaces/share/dynamixel_interfaces/cmake/dynamixel_interfaces__rosidl_typesupport_cExport-release.cmake
[1.534s] -- Up-to-date: /home/youn/ROS/open_manipulator_ws/install/dynamixel_interfaces/share/dynamixel_interfaces/cmake/dynamixel_interfaces__rosidl_typesupport_introspection_cppExport.cmake
[1.534s] -- Up-to-date: /home/youn/ROS/open_manipulator_ws/install/dynamixel_interfaces/share/dynamixel_interfaces/cmake/dynamixel_interfaces__rosidl_typesupport_introspection_cppExport-release.cmake
[1.534s] -- Up-to-date: /home/youn/ROS/open_manipulator_ws/install/dynamixel_interfaces/share/dynamixel_interfaces/cmake/dynamixel_interfaces__rosidl_typesupport_cppExport.cmake
[1.534s] -- Up-to-date: /home/youn/ROS/open_manipulator_ws/install/dynamixel_interfaces/share/dynamixel_interfaces/cmake/dynamixel_interfaces__rosidl_typesupport_cppExport-release.cmake
[1.534s] -- Up-to-date: /home/youn/ROS/open_manipulator_ws/install/dynamixel_interfaces/share/dynamixel_interfaces/cmake/export_dynamixel_interfaces__rosidl_generator_pyExport.cmake
[1.534s] -- Up-to-date: /home/youn/ROS/open_manipulator_ws/install/dynamixel_interfaces/share/dynamixel_interfaces/cmake/export_dynamixel_interfaces__rosidl_generator_pyExport-release.cmake
[1.554s] Invoked command in '/home/youn/ROS/open_manipulator_ws/build/dynamixel_interfaces' returned '0': CMAKE_PREFIX_PATH=${CMAKE_PREFIX_PATH}:/home/youn/ROS/ros_workspace/install/ros_basic:/home/youn/ROS/ros_workspace/install/tf2_basic:/opt/ros/jazzy /usr/bin/cmake --install /home/youn/ROS/open_manipulator_ws/build/dynamixel_interfaces
