[1.231s] Invoking command in '/home/youn/ROS/open_manipulator_ws/build/open_manipulator_teleop': PYTHONPATH=/home/youn/ROS/open_manipulator_ws/build/open_manipulator_teleop/prefix_override:/usr/lib/python3/dist-packages/colcon_core/task/python/colcon_distutils_commands:/home/youn/ROS/open_manipulator_ws/install/open_manipulator_teleop/lib/python3.12/site-packages:${PYTHONPATH} /usr/bin/python3 -W ignore:setup.py install is deprecated -W ignore:easy_install command is deprecated setup.py develop --editable --build-directory /home/youn/ROS/open_manipulator_ws/build/open_manipulator_teleop/build --no-deps symlink_data
[1.420s] running develop
[1.549s] running egg_info
[1.560s] writing open_manipulator_teleop.egg-info/PKG-INFO
[1.560s] writing dependency_links to open_manipulator_teleop.egg-info/dependency_links.txt
[1.561s] writing entry points to open_manipulator_teleop.egg-info/entry_points.txt
[1.561s] writing requirements to open_manipulator_teleop.egg-info/requires.txt
[1.561s] writing top-level names to open_manipulator_teleop.egg-info/top_level.txt
[1.586s] reading manifest file 'open_manipulator_teleop.egg-info/SOURCES.txt'
[1.586s] writing manifest file 'open_manipulator_teleop.egg-info/SOURCES.txt'
[1.600s] running build_ext
[1.601s] Creating /home/youn/ROS/open_manipulator_ws/install/open_manipulator_teleop/lib/python3.12/site-packages/open-manipulator-teleop.egg-link (link to .)
[1.602s] Installing omx_f_teleop script to /home/youn/ROS/open_manipulator_ws/install/open_manipulator_teleop/lib/open_manipulator_teleop
[1.602s] Installing omy_3m_teleop script to /home/youn/ROS/open_manipulator_ws/install/open_manipulator_teleop/lib/open_manipulator_teleop
[1.602s] Installing omy_f3m_teleop script to /home/youn/ROS/open_manipulator_ws/install/open_manipulator_teleop/lib/open_manipulator_teleop
[1.602s] Installing open_manipulator_x_teleop script to /home/youn/ROS/open_manipulator_ws/install/open_manipulator_teleop/lib/open_manipulator_teleop
[1.602s] 
[1.602s] Installed /home/youn/ROS/open_manipulator_ws/build/open_manipulator_teleop
[1.602s] running symlink_data
[1.629s] Invoked command in '/home/youn/ROS/open_manipulator_ws/build/open_manipulator_teleop' returned '0': PYTHONPATH=/home/youn/ROS/open_manipulator_ws/build/open_manipulator_teleop/prefix_override:/usr/lib/python3/dist-packages/colcon_core/task/python/colcon_distutils_commands:/home/youn/ROS/open_manipulator_ws/install/open_manipulator_teleop/lib/python3.12/site-packages:${PYTHONPATH} /usr/bin/python3 -W ignore:setup.py install is deprecated -W ignore:easy_install command is deprecated setup.py develop --editable --build-directory /home/youn/ROS/open_manipulator_ws/build/open_manipulator_teleop/build --no-deps symlink_data
