[0.036s] Invoking command in '/home/youn/ROS/open_manipulator_ws/build/robotis_interfaces': CMAKE_PREFIX_PATH=${CMAKE_PREFIX_PATH}:/home/youn/ROS/ros_workspace/install/ros_basic:/home/youn/ROS/ros_workspace/install/tf2_basic:/opt/ros/jazzy /usr/bin/cmake --build /home/youn/ROS/open_manipulator_ws/build/robotis_interfaces -- -j14 -l14
[0.341s] [  1%] Built target robotis_interfaces__rosidl_generator_type_description
[0.341s] [  1%] Built target ament_cmake_python_symlink_robotis_interfaces
[0.341s] [ 23%] Built target robotis_interfaces__rosidl_generator_c
[0.603s] running egg_info
[0.632s] writing robotis_interfaces.egg-info/PKG-INFO
[0.632s] writing dependency_links to robotis_interfaces.egg-info/dependency_links.txt
[0.632s] writing top-level names to robotis_interfaces.egg-info/top_level.txt
[0.712s] reading manifest file 'robotis_interfaces.egg-info/SOURCES.txt'
[0.713s] writing manifest file 'robotis_interfaces.egg-info/SOURCES.txt'
[0.767s] [ 23%] Built target ament_cmake_python_build_robotis_interfaces_egg
[0.801s] [ 32%] Built target robotis_interfaces__rosidl_typesupport_c
[0.835s] [ 41%] Built target robotis_interfaces__rosidl_typesupport_introspection_c
[0.869s] [ 50%] Built target robotis_interfaces__rosidl_typesupport_fastrtps_c
[0.901s] [ 52%] Built target robotis_interfaces__cpp
[0.935s] [ 53%] Built target robotis_interfaces__rs
[0.974s] [ 63%] Built target robotis_interfaces__rosidl_typesupport_introspection_cpp
[1.016s] [ 72%] Built target robotis_interfaces__rosidl_typesupport_fastrtps_cpp
[1.053s] [ 81%] Built target robotis_interfaces__rosidl_typesupport_cpp
[1.088s] [ 81%] Built target robotis_interfaces
[1.120s] [ 83%] Built target robotis_interfaces__py
[1.160s] [ 90%] Built target robotis_interfaces__rosidl_generator_py
[1.191s] [ 93%] Built target robotis_interfaces_s__rosidl_typesupport_fastrtps_c
[1.231s] [ 96%] Built target robotis_interfaces_s__rosidl_typesupport_c
[1.270s] [100%] Built target robotis_interfaces_s__rosidl_typesupport_introspection_c
[1.296s] Invoked command in '/home/youn/ROS/open_manipulator_ws/build/robotis_interfaces' returned '0': CMAKE_PREFIX_PATH=${CMAKE_PREFIX_PATH}:/home/youn/ROS/ros_workspace/install/ros_basic:/home/youn/ROS/ros_workspace/install/tf2_basic:/opt/ros/jazzy /usr/bin/cmake --build /home/youn/ROS/open_manipulator_ws/build/robotis_interfaces -- -j14 -l14
[1.323s] Invoking command in '/home/youn/ROS/open_manipulator_ws/build/robotis_interfaces': CMAKE_PREFIX_PATH=${CMAKE_PREFIX_PATH}:/home/youn/ROS/ros_workspace/install/ros_basic:/home/youn/ROS/ros_workspace/install/tf2_basic:/opt/ros/jazzy /usr/bin/cmake --install /home/youn/ROS/open_manipulator_ws/build/robotis_interfaces
[1.324s] -- Install configuration: "Release"
[1.324s] -- Execute custom install script
[1.324s] -- Up-to-date symlink: /home/youn/ROS/open_manipulator_ws/install/robotis_interfaces/share/ament_index/resource_index/rosidl_interfaces/robotis_interfaces
[1.324s] -- Up-to-date symlink: /home/youn/ROS/open_manipulator_ws/install/robotis_interfaces/share/robotis_interfaces/msg/HandJoints.json
[1.324s] -- Up-to-date symlink: /home/youn/ROS/open_manipulator_ws/install/robotis_interfaces/share/robotis_interfaces/msg/HandPressures.json
[1.324s] -- Up-to-date symlink: /home/youn/ROS/open_manipulator_ws/install/robotis_interfaces/share/robotis_interfaces/msg/MoveL.json
[1.324s] -- Up-to-date symlink: /home/youn/ROS/open_manipulator_ws/install/robotis_interfaces/share/robotis_interfaces/msg/TactileSensor.json
[1.325s] -- Up-to-date symlink: /home/youn/ROS/open_manipulator_ws/install/robotis_interfaces/include/robotis_interfaces/robotis_interfaces/msg/detail/hand_joints__functions.h
[1.326s] -- Up-to-date symlink: /home/youn/ROS/open_manipulator_ws/install/robotis_interfaces/include/robotis_interfaces/robotis_interfaces/msg/detail/hand_joints__struct.h
[1.327s] -- Up-to-date symlink: /home/youn/ROS/open_manipulator_ws/install/robotis_interfaces/include/robotis_interfaces/robotis_interfaces/msg/detail/hand_joints__type_support.h
[1.327s] -- Up-to-date symlink: /home/youn/ROS/open_manipulator_ws/install/robotis_interfaces/include/robotis_interfaces/robotis_interfaces/msg/detail/hand_pressures__functions.h
[1.327s] -- Up-to-date symlink: /home/youn/ROS/open_manipulator_ws/install/robotis_interfaces/include/robotis_interfaces/robotis_interfaces/msg/detail/hand_pressures__struct.h
[1.327s] -- Up-to-date symlink: /home/youn/ROS/open_manipulator_ws/install/robotis_interfaces/include/robotis_interfaces/robotis_interfaces/msg/detail/hand_pressures__type_support.h
[1.328s] -- Up-to-date symlink: /home/youn/ROS/open_manipulator_ws/install/robotis_interfaces/include/robotis_interfaces/robotis_interfaces/msg/detail/move_l__functions.h
[1.328s] -- Up-to-date symlink: /home/youn/ROS/open_manipulator_ws/install/robotis_interfaces/include/robotis_interfaces/robotis_interfaces/msg/detail/move_l__struct.h
[1.328s] -- Up-to-date symlink: /home/youn/ROS/open_manipulator_ws/install/robotis_interfaces/include/robotis_interfaces/robotis_interfaces/msg/detail/move_l__type_support.h
[1.329s] -- Up-to-date symlink: /home/youn/ROS/open_manipulator_ws/install/robotis_interfaces/include/robotis_interfaces/robotis_interfaces/msg/detail/tactile_sensor__functions.h
[1.330s] -- Up-to-date symlink: /home/youn/ROS/open_manipulator_ws/install/robotis_interfaces/include/robotis_interfaces/robotis_interfaces/msg/detail/tactile_sensor__struct.h
[1.331s] -- Up-to-date symlink: /home/youn/ROS/open_manipulator_ws/install/robotis_interfaces/include/robotis_interfaces/robotis_interfaces/msg/detail/tactile_sensor__type_support.h
[1.331s] -- Up-to-date symlink: /home/youn/ROS/open_manipulator_ws/install/robotis_interfaces/include/robotis_interfaces/robotis_interfaces/msg/hand_joints.h
[1.332s] -- Up-to-date symlink: /home/youn/ROS/open_manipulator_ws/install/robotis_interfaces/include/robotis_interfaces/robotis_interfaces/msg/hand_pressures.h
[1.332s] -- Up-to-date symlink: /home/youn/ROS/open_manipulator_ws/install/robotis_interfaces/include/robotis_interfaces/robotis_interfaces/msg/move_l.h
[1.332s] -- Up-to-date symlink: /home/youn/ROS/open_manipulator_ws/install/robotis_interfaces/include/robotis_interfaces/robotis_interfaces/msg/rosidl_generator_c__visibility_control.h
[1.332s] -- Up-to-date symlink: /home/youn/ROS/open_manipulator_ws/install/robotis_interfaces/include/robotis_interfaces/robotis_interfaces/msg/tactile_sensor.h
[1.333s] -- Up-to-date symlink: /home/youn/ROS/open_manipulator_ws/install/robotis_interfaces/share/robotis_interfaces/environment/library_path.sh
[1.333s] -- Up-to-date symlink: /home/youn/ROS/open_manipulator_ws/install/robotis_interfaces/share/robotis_interfaces/environment/library_path.dsv
[1.334s] -- Up-to-date symlink: /home/youn/ROS/open_manipulator_ws/install/robotis_interfaces/include/robotis_interfaces/robotis_interfaces/msg/detail/hand_joints__rosidl_typesupport_fastrtps_c.h
[1.334s] -- Up-to-date symlink: /home/youn/ROS/open_manipulator_ws/install/robotis_interfaces/include/robotis_interfaces/robotis_interfaces/msg/detail/hand_pressures__rosidl_typesupport_fastrtps_c.h
[1.335s] -- Up-to-date symlink: /home/youn/ROS/open_manipulator_ws/install/robotis_interfaces/include/robotis_interfaces/robotis_interfaces/msg/detail/move_l__rosidl_typesupport_fastrtps_c.h
[1.335s] -- Up-to-date symlink: /home/youn/ROS/open_manipulator_ws/install/robotis_interfaces/include/robotis_interfaces/robotis_interfaces/msg/detail/tactile_sensor__rosidl_typesupport_fastrtps_c.h
[1.335s] -- Up-to-date symlink: /home/youn/ROS/open_manipulator_ws/install/robotis_interfaces/include/robotis_interfaces/robotis_interfaces/msg/rosidl_typesupport_fastrtps_c__visibility_control.h
[1.336s] -- Up-to-date symlink: /home/youn/ROS/open_manipulator_ws/install/robotis_interfaces/include/robotis_interfaces/robotis_interfaces/msg/detail/hand_joints__builder.hpp
[1.337s] -- Up-to-date symlink: /home/youn/ROS/open_manipulator_ws/install/robotis_interfaces/include/robotis_interfaces/robotis_interfaces/msg/detail/hand_joints__struct.hpp
[1.338s] -- Up-to-date symlink: /home/youn/ROS/open_manipulator_ws/install/robotis_interfaces/include/robotis_interfaces/robotis_interfaces/msg/detail/hand_joints__traits.hpp
[1.339s] -- Up-to-date symlink: /home/youn/ROS/open_manipulator_ws/install/robotis_interfaces/include/robotis_interfaces/robotis_interfaces/msg/detail/hand_joints__type_support.hpp
[1.339s] -- Up-to-date symlink: /home/youn/ROS/open_manipulator_ws/install/robotis_interfaces/include/robotis_interfaces/robotis_interfaces/msg/detail/hand_pressures__builder.hpp
[1.339s] -- Up-to-date symlink: /home/youn/ROS/open_manipulator_ws/install/robotis_interfaces/include/robotis_interfaces/robotis_interfaces/msg/detail/hand_pressures__struct.hpp
[1.340s] -- Up-to-date symlink: /home/youn/ROS/open_manipulator_ws/install/robotis_interfaces/include/robotis_interfaces/robotis_interfaces/msg/detail/hand_pressures__traits.hpp
[1.340s] -- Up-to-date symlink: /home/youn/ROS/open_manipulator_ws/install/robotis_interfaces/include/robotis_interfaces/robotis_interfaces/msg/detail/hand_pressures__type_support.hpp
[1.341s] -- Up-to-date symlink: /home/youn/ROS/open_manipulator_ws/install/robotis_interfaces/include/robotis_interfaces/robotis_interfaces/msg/detail/move_l__builder.hpp
[1.341s] -- Up-to-date symlink: /home/youn/ROS/open_manipulator_ws/install/robotis_interfaces/include/robotis_interfaces/robotis_interfaces/msg/detail/move_l__struct.hpp
[1.341s] -- Up-to-date symlink: /home/youn/ROS/open_manipulator_ws/install/robotis_interfaces/include/robotis_interfaces/robotis_interfaces/msg/detail/move_l__traits.hpp
[1.341s] -- Up-to-date symlink: /home/youn/ROS/open_manipulator_ws/install/robotis_interfaces/include/robotis_interfaces/robotis_interfaces/msg/detail/move_l__type_support.hpp
[1.341s] -- Up-to-date symlink: /home/youn/ROS/open_manipulator_ws/install/robotis_interfaces/include/robotis_interfaces/robotis_interfaces/msg/detail/tactile_sensor__builder.hpp
[1.341s] -- Up-to-date symlink: /home/youn/ROS/open_manipulator_ws/install/robotis_interfaces/include/robotis_interfaces/robotis_interfaces/msg/detail/tactile_sensor__struct.hpp
[1.342s] -- Up-to-date symlink: /home/youn/ROS/open_manipulator_ws/install/robotis_interfaces/include/robotis_interfaces/robotis_interfaces/msg/detail/tactile_sensor__traits.hpp
[1.342s] -- Up-to-date symlink: /home/youn/ROS/open_manipulator_ws/install/robotis_interfaces/include/robotis_interfaces/robotis_interfaces/msg/detail/tactile_sensor__type_support.hpp
[1.343s] -- Up-to-date symlink: /home/youn/ROS/open_manipulator_ws/install/robotis_interfaces/include/robotis_interfaces/robotis_interfaces/msg/hand_joints.hpp
[1.343s] -- Up-to-date symlink: /home/youn/ROS/open_manipulator_ws/install/robotis_interfaces/include/robotis_interfaces/robotis_interfaces/msg/hand_pressures.hpp
[1.344s] -- Up-to-date symlink: /home/youn/ROS/open_manipulator_ws/install/robotis_interfaces/include/robotis_interfaces/robotis_interfaces/msg/move_l.hpp
[1.344s] -- Up-to-date symlink: /home/youn/ROS/open_manipulator_ws/install/robotis_interfaces/include/robotis_interfaces/robotis_interfaces/msg/rosidl_generator_cpp__visibility_control.hpp
[1.344s] -- Up-to-date symlink: /home/youn/ROS/open_manipulator_ws/install/robotis_interfaces/include/robotis_interfaces/robotis_interfaces/msg/tactile_sensor.hpp
[1.344s] -- Up-to-date symlink: /home/youn/ROS/open_manipulator_ws/install/robotis_interfaces/include/robotis_interfaces/robotis_interfaces/msg/detail/hand_joints__rosidl_typesupport_fastrtps_cpp.hpp
[1.344s] -- Up-to-date symlink: /home/youn/ROS/open_manipulator_ws/install/robotis_interfaces/include/robotis_interfaces/robotis_interfaces/msg/detail/hand_pressures__rosidl_typesupport_fastrtps_cpp.hpp
[1.344s] -- Up-to-date symlink: /home/youn/ROS/open_manipulator_ws/install/robotis_interfaces/include/robotis_interfaces/robotis_interfaces/msg/detail/move_l__rosidl_typesupport_fastrtps_cpp.hpp
[1.345s] -- Up-to-date symlink: /home/youn/ROS/open_manipulator_ws/install/robotis_interfaces/include/robotis_interfaces/robotis_interfaces/msg/detail/tactile_sensor__rosidl_typesupport_fastrtps_cpp.hpp
[1.345s] -- Up-to-date symlink: /home/youn/ROS/open_manipulator_ws/install/robotis_interfaces/include/robotis_interfaces/robotis_interfaces/msg/rosidl_typesupport_fastrtps_cpp__visibility_control.h
[1.346s] -- Up-to-date symlink: /home/youn/ROS/open_manipulator_ws/install/robotis_interfaces/include/robotis_interfaces/robotis_interfaces/msg/detail/hand_joints__rosidl_typesupport_introspection_c.h
[1.346s] -- Up-to-date symlink: /home/youn/ROS/open_manipulator_ws/install/robotis_interfaces/include/robotis_interfaces/robotis_interfaces/msg/detail/hand_pressures__rosidl_typesupport_introspection_c.h
[1.346s] -- Up-to-date symlink: /home/youn/ROS/open_manipulator_ws/install/robotis_interfaces/include/robotis_interfaces/robotis_interfaces/msg/detail/move_l__rosidl_typesupport_introspection_c.h
[1.346s] -- Up-to-date symlink: /home/youn/ROS/open_manipulator_ws/install/robotis_interfaces/include/robotis_interfaces/robotis_interfaces/msg/detail/tactile_sensor__rosidl_typesupport_introspection_c.h
[1.347s] -- Up-to-date symlink: /home/youn/ROS/open_manipulator_ws/install/robotis_interfaces/include/robotis_interfaces/robotis_interfaces/msg/rosidl_typesupport_introspection_c__visibility_control.h
[1.347s] -- Up-to-date symlink: /home/youn/ROS/open_manipulator_ws/install/robotis_interfaces/include/robotis_interfaces/robotis_interfaces/msg/detail/hand_joints__rosidl_typesupport_introspection_cpp.hpp
[1.347s] -- Up-to-date symlink: /home/youn/ROS/open_manipulator_ws/install/robotis_interfaces/include/robotis_interfaces/robotis_interfaces/msg/detail/hand_pressures__rosidl_typesupport_introspection_cpp.hpp
[1.347s] -- Up-to-date symlink: /home/youn/ROS/open_manipulator_ws/install/robotis_interfaces/include/robotis_interfaces/robotis_interfaces/msg/detail/move_l__rosidl_typesupport_introspection_cpp.hpp
[1.348s] -- Up-to-date symlink: /home/youn/ROS/open_manipulator_ws/install/robotis_interfaces/include/robotis_interfaces/robotis_interfaces/msg/detail/tactile_sensor__rosidl_typesupport_introspection_cpp.hpp
[1.348s] -- Up-to-date symlink: /home/youn/ROS/open_manipulator_ws/install/robotis_interfaces/share/robotis_interfaces/environment/pythonpath.sh
[1.349s] -- Up-to-date symlink: /home/youn/ROS/open_manipulator_ws/install/robotis_interfaces/share/robotis_interfaces/environment/pythonpath.dsv
[1.350s] -- Up-to-date symlink: /home/youn/ROS/open_manipulator_ws/install/robotis_interfaces/lib/python3.12/site-packages/robotis_interfaces-1.1.0-py3.12.egg-info/PKG-INFO
[1.351s] -- Up-to-date symlink: /home/youn/ROS/open_manipulator_ws/install/robotis_interfaces/lib/python3.12/site-packages/robotis_interfaces-1.1.0-py3.12.egg-info/SOURCES.txt
[1.351s] -- Up-to-date symlink: /home/youn/ROS/open_manipulator_ws/install/robotis_interfaces/lib/python3.12/site-packages/robotis_interfaces-1.1.0-py3.12.egg-info/dependency_links.txt
[1.351s] -- Up-to-date symlink: /home/youn/ROS/open_manipulator_ws/install/robotis_interfaces/lib/python3.12/site-packages/robotis_interfaces-1.1.0-py3.12.egg-info/top_level.txt
[1.353s] -- Up-to-date symlink: /home/youn/ROS/open_manipulator_ws/install/robotis_interfaces/lib/python3.12/site-packages/robotis_interfaces/__init__.py
[1.353s] -- Up-to-date symlink: /home/youn/ROS/open_manipulator_ws/install/robotis_interfaces/lib/python3.12/site-packages/robotis_interfaces/_robotis_interfaces_s.ep.rosidl_typesupport_c.c
[1.354s] -- Up-to-date symlink: /home/youn/ROS/open_manipulator_ws/install/robotis_interfaces/lib/python3.12/site-packages/robotis_interfaces/_robotis_interfaces_s.ep.rosidl_typesupport_fastrtps_c.c
[1.356s] -- Up-to-date symlink: /home/youn/ROS/open_manipulator_ws/install/robotis_interfaces/lib/python3.12/site-packages/robotis_interfaces/_robotis_interfaces_s.ep.rosidl_typesupport_introspection_c.c
[1.357s] -- Up-to-date symlink: /home/youn/ROS/open_manipulator_ws/install/robotis_interfaces/lib/python3.12/site-packages/robotis_interfaces/msg/__init__.py
[1.357s] -- Up-to-date symlink: /home/youn/ROS/open_manipulator_ws/install/robotis_interfaces/lib/python3.12/site-packages/robotis_interfaces/msg/_hand_joints.py
[1.358s] -- Up-to-date symlink: /home/youn/ROS/open_manipulator_ws/install/robotis_interfaces/lib/python3.12/site-packages/robotis_interfaces/msg/_hand_joints_s.c
[1.359s] -- Up-to-date symlink: /home/youn/ROS/open_manipulator_ws/install/robotis_interfaces/lib/python3.12/site-packages/robotis_interfaces/msg/_hand_pressures.py
[1.359s] -- Up-to-date symlink: /home/youn/ROS/open_manipulator_ws/install/robotis_interfaces/lib/python3.12/site-packages/robotis_interfaces/msg/_hand_pressures_s.c
[1.359s] -- Up-to-date symlink: /home/youn/ROS/open_manipulator_ws/install/robotis_interfaces/lib/python3.12/site-packages/robotis_interfaces/msg/_move_l.py
[1.359s] -- Up-to-date symlink: /home/youn/ROS/open_manipulator_ws/install/robotis_interfaces/lib/python3.12/site-packages/robotis_interfaces/msg/_move_l_s.c
[1.360s] -- Up-to-date symlink: /home/youn/ROS/open_manipulator_ws/install/robotis_interfaces/lib/python3.12/site-packages/robotis_interfaces/msg/_tactile_sensor.py
[1.362s] -- Up-to-date symlink: /home/youn/ROS/open_manipulator_ws/install/robotis_interfaces/lib/python3.12/site-packages/robotis_interfaces/msg/_tactile_sensor_s.c
[1.362s] -- Up-to-date symlink: /home/youn/ROS/open_manipulator_ws/install/robotis_interfaces/lib/python3.12/site-packages/robotis_interfaces/robotis_interfaces_s__rosidl_typesupport_c.so
[1.362s] -- Up-to-date symlink: /home/youn/ROS/open_manipulator_ws/install/robotis_interfaces/lib/python3.12/site-packages/robotis_interfaces/robotis_interfaces_s__rosidl_typesupport_fastrtps_c.so
[1.363s] -- Up-to-date symlink: /home/youn/ROS/open_manipulator_ws/install/robotis_interfaces/lib/python3.12/site-packages/robotis_interfaces/robotis_interfaces_s__rosidl_typesupport_introspection_c.so
[1.363s] -- Up-to-date symlink: /home/youn/ROS/open_manipulator_ws/install/robotis_interfaces/lib/python3.12/site-packages/robotis_interfaces/robotis_interfaces_s__rosidl_typesupport_fastrtps_c.so
[1.363s] -- Up-to-date symlink: /home/youn/ROS/open_manipulator_ws/install/robotis_interfaces/lib/python3.12/site-packages/robotis_interfaces/robotis_interfaces_s__rosidl_typesupport_introspection_c.so
[1.363s] -- Up-to-date symlink: /home/youn/ROS/open_manipulator_ws/install/robotis_interfaces/lib/python3.12/site-packages/robotis_interfaces/robotis_interfaces_s__rosidl_typesupport_c.so
[1.365s] -- Up-to-date symlink: /home/youn/ROS/open_manipulator_ws/install/robotis_interfaces/share/ament_index/resource_index/rust_packages/robotis_interfaces
[1.366s] -- Up-to-date symlink: /home/youn/ROS/open_manipulator_ws/install/robotis_interfaces/share/robotis_interfaces/rust/Cargo.toml
[1.366s] -- Up-to-date symlink: /home/youn/ROS/open_manipulator_ws/install/robotis_interfaces/share/robotis_interfaces/rust/build.rs
[1.367s] -- Up-to-date symlink: /home/youn/ROS/open_manipulator_ws/install/robotis_interfaces/share/robotis_interfaces/rust/src/lib.rs
[1.367s] -- Up-to-date symlink: /home/youn/ROS/open_manipulator_ws/install/robotis_interfaces/share/robotis_interfaces/rust/src/msg.rs
[1.369s] -- Up-to-date symlink: /home/youn/ROS/open_manipulator_ws/install/robotis_interfaces/share/robotis_interfaces/rust/src/msg/rmw.rs
[1.369s] -- Up-to-date symlink: /home/youn/ROS/open_manipulator_ws/install/robotis_interfaces/share/robotis_interfaces/msg/HandJoints.idl
[1.370s] -- Up-to-date symlink: /home/youn/ROS/open_manipulator_ws/install/robotis_interfaces/share/robotis_interfaces/msg/HandPressures.idl
[1.371s] -- Up-to-date symlink: /home/youn/ROS/open_manipulator_ws/install/robotis_interfaces/share/robotis_interfaces/msg/MoveL.idl
[1.372s] -- Up-to-date symlink: /home/youn/ROS/open_manipulator_ws/install/robotis_interfaces/share/robotis_interfaces/msg/TactileSensor.idl
[1.372s] -- Up-to-date symlink: /home/youn/ROS/open_manipulator_ws/install/robotis_interfaces/share/robotis_interfaces/msg/HandJoints.msg
[1.373s] -- Up-to-date symlink: /home/youn/ROS/open_manipulator_ws/install/robotis_interfaces/share/robotis_interfaces/msg/HandPressures.msg
[1.373s] -- Up-to-date symlink: /home/youn/ROS/open_manipulator_ws/install/robotis_interfaces/share/robotis_interfaces/msg/MoveL.msg
[1.374s] -- Up-to-date symlink: /home/youn/ROS/open_manipulator_ws/install/robotis_interfaces/share/robotis_interfaces/msg/TactileSensor.msg
[1.377s] -- Up-to-date symlink: /home/youn/ROS/open_manipulator_ws/install/robotis_interfaces/share/ament_index/resource_index/package_run_dependencies/robotis_interfaces
[1.377s] -- Up-to-date symlink: /home/youn/ROS/open_manipulator_ws/install/robotis_interfaces/share/ament_index/resource_index/parent_prefix_path/robotis_interfaces
[1.378s] -- Up-to-date symlink: /home/youn/ROS/open_manipulator_ws/install/robotis_interfaces/share/robotis_interfaces/environment/ament_prefix_path.sh
[1.378s] -- Up-to-date symlink: /home/youn/ROS/open_manipulator_ws/install/robotis_interfaces/share/robotis_interfaces/environment/ament_prefix_path.dsv
[1.378s] -- Up-to-date symlink: /home/youn/ROS/open_manipulator_ws/install/robotis_interfaces/share/robotis_interfaces/environment/path.sh
[1.379s] -- Up-to-date symlink: /home/youn/ROS/open_manipulator_ws/install/robotis_interfaces/share/robotis_interfaces/environment/path.dsv
[1.379s] -- Up-to-date symlink: /home/youn/ROS/open_manipulator_ws/install/robotis_interfaces/share/robotis_interfaces/local_setup.bash
[1.380s] -- Up-to-date symlink: /home/youn/ROS/open_manipulator_ws/install/robotis_interfaces/share/robotis_interfaces/local_setup.sh
[1.381s] -- Up-to-date symlink: /home/youn/ROS/open_manipulator_ws/install/robotis_interfaces/share/robotis_interfaces/local_setup.zsh
[1.381s] -- Up-to-date symlink: /home/youn/ROS/open_manipulator_ws/install/robotis_interfaces/share/robotis_interfaces/local_setup.dsv
[1.382s] -- Symlinking: /home/youn/ROS/open_manipulator_ws/install/robotis_interfaces/share/robotis_interfaces/package.dsv
[1.399s] -- Up-to-date symlink: /home/youn/ROS/open_manipulator_ws/install/robotis_interfaces/share/ament_index/resource_index/packages/robotis_interfaces
[1.400s] -- Up-to-date symlink: /home/youn/ROS/open_manipulator_ws/install/robotis_interfaces/share/robotis_interfaces/cmake/rosidl_cmake-extras.cmake
[1.429s] -- Up-to-date symlink: /home/youn/ROS/open_manipulator_ws/install/robotis_interfaces/share/robotis_interfaces/cmake/ament_cmake_export_dependencies-extras.cmake
[1.429s] -- Up-to-date symlink: /home/youn/ROS/open_manipulator_ws/install/robotis_interfaces/share/robotis_interfaces/cmake/ament_cmake_export_include_directories-extras.cmake
[1.429s] -- Up-to-date symlink: /home/youn/ROS/open_manipulator_ws/install/robotis_interfaces/share/robotis_interfaces/cmake/ament_cmake_export_libraries-extras.cmake
[1.430s] -- Up-to-date symlink: /home/youn/ROS/open_manipulator_ws/install/robotis_interfaces/share/robotis_interfaces/cmake/ament_cmake_export_targets-extras.cmake
[1.431s] -- Up-to-date symlink: /home/youn/ROS/open_manipulator_ws/install/robotis_interfaces/share/robotis_interfaces/cmake/rosidl_cmake_export_typesupport_targets-extras.cmake
[1.432s] -- Up-to-date symlink: /home/youn/ROS/open_manipulator_ws/install/robotis_interfaces/share/robotis_interfaces/cmake/rosidl_cmake_export_typesupport_libraries-extras.cmake
[1.432s] -- Up-to-date symlink: /home/youn/ROS/open_manipulator_ws/install/robotis_interfaces/share/robotis_interfaces/cmake/rosidl_cmake_aggregate_target-extras.cmake
[1.432s] -- Up-to-date symlink: /home/youn/ROS/open_manipulator_ws/install/robotis_interfaces/share/robotis_interfaces/cmake/robotis_interfacesConfig.cmake
[1.432s] -- Up-to-date symlink: /home/youn/ROS/open_manipulator_ws/install/robotis_interfaces/share/robotis_interfaces/cmake/robotis_interfacesConfig-version.cmake
[1.433s] -- Up-to-date symlink: /home/youn/ROS/open_manipulator_ws/install/robotis_interfaces/share/robotis_interfaces/package.xml
[1.433s] -- Up-to-date: /home/youn/ROS/open_manipulator_ws/install/robotis_interfaces/lib/librobotis_interfaces__rosidl_generator_c.so
[1.434s] -- Up-to-date: /home/youn/ROS/open_manipulator_ws/install/robotis_interfaces/lib/librobotis_interfaces__rosidl_typesupport_fastrtps_c.so
[1.434s] -- Up-to-date: /home/youn/ROS/open_manipulator_ws/install/robotis_interfaces/lib/librobotis_interfaces__rosidl_typesupport_fastrtps_cpp.so
[1.434s] -- Up-to-date: /home/youn/ROS/open_manipulator_ws/install/robotis_interfaces/lib/librobotis_interfaces__rosidl_typesupport_introspection_c.so
[1.434s] -- Up-to-date: /home/youn/ROS/open_manipulator_ws/install/robotis_interfaces/lib/librobotis_interfaces__rosidl_typesupport_c.so
[1.435s] -- Up-to-date: /home/youn/ROS/open_manipulator_ws/install/robotis_interfaces/lib/librobotis_interfaces__rosidl_typesupport_introspection_cpp.so
[1.435s] -- Up-to-date: /home/youn/ROS/open_manipulator_ws/install/robotis_interfaces/lib/librobotis_interfaces__rosidl_typesupport_cpp.so
[1.501s] Listing '/home/youn/ROS/open_manipulator_ws/install/robotis_interfaces/lib/python3.12/site-packages/robotis_interfaces'...
[1.501s] Listing '/home/youn/ROS/open_manipulator_ws/install/robotis_interfaces/lib/python3.12/site-packages/robotis_interfaces/msg'...
[1.518s] -- Up-to-date: /home/youn/ROS/open_manipulator_ws/install/robotis_interfaces/lib/librobotis_interfaces__rosidl_generator_py.so
[1.521s] -- Up-to-date: /home/youn/ROS/open_manipulator_ws/install/robotis_interfaces/share/robotis_interfaces/cmake/export_robotis_interfaces__rosidl_generator_cExport.cmake
[1.521s] -- Up-to-date: /home/youn/ROS/open_manipulator_ws/install/robotis_interfaces/share/robotis_interfaces/cmake/export_robotis_interfaces__rosidl_generator_cExport-release.cmake
[1.522s] -- Up-to-date: /home/youn/ROS/open_manipulator_ws/install/robotis_interfaces/share/robotis_interfaces/cmake/export_robotis_interfaces__rosidl_typesupport_fastrtps_cExport.cmake
[1.522s] -- Up-to-date: /home/youn/ROS/open_manipulator_ws/install/robotis_interfaces/share/robotis_interfaces/cmake/export_robotis_interfaces__rosidl_typesupport_fastrtps_cExport-release.cmake
[1.522s] -- Up-to-date: /home/youn/ROS/open_manipulator_ws/install/robotis_interfaces/share/robotis_interfaces/cmake/export_robotis_interfaces__rosidl_generator_cppExport.cmake
[1.524s] -- Up-to-date: /home/youn/ROS/open_manipulator_ws/install/robotis_interfaces/share/robotis_interfaces/cmake/export_robotis_interfaces__rosidl_typesupport_fastrtps_cppExport.cmake
[1.524s] -- Up-to-date: /home/youn/ROS/open_manipulator_ws/install/robotis_interfaces/share/robotis_interfaces/cmake/export_robotis_interfaces__rosidl_typesupport_fastrtps_cppExport-release.cmake
[1.525s] -- Up-to-date: /home/youn/ROS/open_manipulator_ws/install/robotis_interfaces/share/robotis_interfaces/cmake/robotis_interfaces__rosidl_typesupport_introspection_cExport.cmake
[1.525s] -- Up-to-date: /home/youn/ROS/open_manipulator_ws/install/robotis_interfaces/share/robotis_interfaces/cmake/robotis_interfaces__rosidl_typesupport_introspection_cExport-release.cmake
[1.526s] -- Up-to-date: /home/youn/ROS/open_manipulator_ws/install/robotis_interfaces/share/robotis_interfaces/cmake/robotis_interfaces__rosidl_typesupport_cExport.cmake
[1.526s] -- Up-to-date: /home/youn/ROS/open_manipulator_ws/install/robotis_interfaces/share/robotis_interfaces/cmake/robotis_interfaces__rosidl_typesupport_cExport-release.cmake
[1.529s] -- Up-to-date: /home/youn/ROS/open_manipulator_ws/install/robotis_interfaces/share/robotis_interfaces/cmake/robotis_interfaces__rosidl_typesupport_introspection_cppExport.cmake
[1.530s] -- Up-to-date: /home/youn/ROS/open_manipulator_ws/install/robotis_interfaces/share/robotis_interfaces/cmake/robotis_interfaces__rosidl_typesupport_introspection_cppExport-release.cmake
[1.534s] -- Up-to-date: /home/youn/ROS/open_manipulator_ws/install/robotis_interfaces/share/robotis_interfaces/cmake/robotis_interfaces__rosidl_typesupport_cppExport.cmake
[1.534s] -- Up-to-date: /home/youn/ROS/open_manipulator_ws/install/robotis_interfaces/share/robotis_interfaces/cmake/robotis_interfaces__rosidl_typesupport_cppExport-release.cmake
[1.535s] -- Up-to-date: /home/youn/ROS/open_manipulator_ws/install/robotis_interfaces/share/robotis_interfaces/cmake/export_robotis_interfaces__rosidl_generator_pyExport.cmake
[1.535s] -- Up-to-date: /home/youn/ROS/open_manipulator_ws/install/robotis_interfaces/share/robotis_interfaces/cmake/export_robotis_interfaces__rosidl_generator_pyExport-release.cmake
[1.549s] Invoked command in '/home/youn/ROS/open_manipulator_ws/build/robotis_interfaces' returned '0': CMAKE_PREFIX_PATH=${CMAKE_PREFIX_PATH}:/home/youn/ROS/ros_workspace/install/ros_basic:/home/youn/ROS/ros_workspace/install/tf2_basic:/opt/ros/jazzy /usr/bin/cmake --install /home/youn/ROS/open_manipulator_ws/build/robotis_interfaces
