[0mCMake Deprecation Warning at /opt/ros/jazzy/share/tl_expected/cmake/tl_expectedConfig.cmake:37 (message):
  Package 'tl_expected' is deprecated (This package will be removed in ROS 2
  Lyrical Luth.

        Use tl/expected.hpp from libexpected-dev,
        or rcpputils/tl_expected/expected.hpp if the system header is not available)
Call Stack (most recent call first):
  /opt/ros/jazzy/share/parameter_traits/cmake/ament_cmake_export_dependencies-extras.cmake:21 (find_package)
  /opt/ros/jazzy/share/parameter_traits/cmake/parameter_traitsConfig.cmake:41 (include)
  /opt/ros/jazzy/share/generate_parameter_library/cmake/generate_parameter_library-extras.cmake:30 (find_package)
  /opt/ros/jazzy/share/generate_parameter_library/cmake/generate_parameter_libraryConfig.cmake:41 (include)
  /opt/ros/jazzy/share/moveit_ros_planning/cmake/ament_cmake_export_dependencies-extras.cmake:21 (find_package)
  /opt/ros/jazzy/share/moveit_ros_planning/cmake/moveit_ros_planningConfig.cmake:41 (include)
  CMakeLists.txt:21 (find_package)

[0m
gmake[2]: *** [CMakeFiles/open_manipulator_x_gui_node.dir/build.make:109: CMakeFiles/open_manipulator_x_gui_node.dir/src/open_manipulator_x/main.cpp.o] Interrupt
gmake[2]: *** [CMakeFiles/omy_f3m_gui_node.dir/build.make:151: CMakeFiles/omy_f3m_gui_node.dir/include/omy_f3m_gui/moc_main_window.cpp.o] Interrupt
gmake[2]: *** [CMakeFiles/omy_f3m_gui_node.dir/build.make:123: CMakeFiles/omy_f3m_gui_node.dir/src/omy_f3m/main_window.cpp.o] Interrupt
gmake[2]: *** [CMakeFiles/omy_f3m_gui_node.dir/build.make:137: CMakeFiles/omy_f3m_gui_node.dir/src/omy_f3m/qnode.cpp.o] Interrupt
gmake[2]: *** [CMakeFiles/omy_f3m_gui_node.dir/build.make:165: CMakeFiles/omy_f3m_gui_node.dir/include/omy_f3m_gui/moc_qnode.cpp.o] Interrupt
gmake[2]: *** [CMakeFiles/omy_f3m_gui_node.dir/build.make:109: CMakeFiles/omy_f3m_gui_node.dir/src/omy_f3m/main.cpp.o] Interrupt
gmake[2]: *** [CMakeFiles/omx_f_gui_node.dir/build.make:123: CMakeFiles/omx_f_gui_node.dir/src/omx_f/main_window.cpp.o] Interrupt
gmake[2]: *** [CMakeFiles/omx_f_gui_node.dir/build.make:109: CMakeFiles/omx_f_gui_node.dir/src/omx_f/main.cpp.o] Interrupt
gmake[2]: *** [CMakeFiles/omx_f_gui_node.dir/build.make:137: CMakeFiles/omx_f_gui_node.dir/src/omx_f/qnode.cpp.o] Interrupt
gmake[2]: *** [CMakeFiles/omy_3m_gui_node.dir/build.make:123: CMakeFiles/omy_3m_gui_node.dir/src/omy_3m/main_window.cpp.o] Interrupt
gmake[2]: *** [CMakeFiles/omy_3m_gui_node.dir/build.make:151: CMakeFiles/omy_3m_gui_node.dir/include/omy_3m_gui/moc_main_window.cpp.o] Interrupt
gmake[2]: *** [CMakeFiles/omy_3m_gui_node.dir/build.make:137: CMakeFiles/omy_3m_gui_node.dir/src/omy_3m/qnode.cpp.o] Interrupt
gmake[2]: *** [CMakeFiles/omy_3m_gui_node.dir/build.make:109: CMakeFiles/omy_3m_gui_node.dir/src/omy_3m/main.cpp.o] Interrupt
gmake[2]: *** [CMakeFiles/omy_3m_gui_node.dir/build.make:165: CMakeFiles/omy_3m_gui_node.dir/include/omy_3m_gui/moc_qnode.cpp.o] Interrupt
gmake[1]: *** [CMakeFiles/Makefile2:211: CMakeFiles/omy_f3m_gui_node.dir/all] Interrupt
gmake[1]: *** [CMakeFiles/Makefile2:183: CMakeFiles/omy_3m_gui_node.dir/all] Interrupt
gmake[1]: *** [CMakeFiles/Makefile2:239: CMakeFiles/omx_f_gui_node.dir/all] Interrupt
gmake[1]: *** [CMakeFiles/Makefile2:155: CMakeFiles/open_manipulator_x_gui_node.dir/all] Interrupt
gmake: *** [Makefile:146: all] Interrupt
