[0.058s] Invoking command in '/home/youn/ROS/open_manipulator_ws/build/robotis_interfaces': CMAKE_PREFIX_PATH=${CMAKE_PREFIX_PATH}:/home/youn/ROS/ros_workspace/open_manipulator_ws/install/open_manipulator_teleop:/home/youn/ROS/ros_workspace/open_manipulator_ws/install/open_manipulator_bringup:/home/youn/ROS/ros_workspace/install/ros_basic:/home/youn/ROS/ros_workspace/install/gong_basic:/home/youn/ROS/ros_workspace/install/tf2_basic:/home/youn/ROS/ros_workspace/install/open_manipulator_teleop:/opt/ros/jazzy /usr/bin/cmake /home/youn/ROS/open_manipulator_ws/src/robotis_interfaces -DCMAKE_BUILD_TYPE=Release -DAMENT_CMAKE_SYMLINK_INSTALL=1 -DCMAKE_INSTALL_PREFIX=/home/youn/ROS/open_manipulator_ws/install/robotis_interfaces
[0.220s] -- The C compiler identification is GNU 13.3.0
[0.396s] -- The CXX compiler identification is GNU 13.3.0
[0.584s] -- Detecting C compiler ABI info
[0.800s] -- Detecting C compiler ABI info - done
[0.822s] -- Check for working C compiler: /usr/bin/cc - skipped
[0.823s] -- Detecting C compile features
[0.827s] -- Detecting C compile features - done
[0.870s] -- Detecting CXX compiler ABI info
[1.100s] -- Detecting CXX compiler ABI info - done
[1.122s] -- Check for working CXX compiler: /usr/bin/c++ - skipped
[1.127s] -- Detecting CXX compile features
[1.127s] -- Detecting CXX compile features - done
[1.134s] -- Found ament_cmake: 2.5.6 (/opt/ros/jazzy/share/ament_cmake/cmake)
[1.450s] -- Found Python3: /usr/bin/python3 (found version "3.12.3") found components: Interpreter 
[1.623s] -- Override CMake install command with custom implementation using symlinks instead of copying resources
[1.689s] -- Found builtin_interfaces: 2.0.4 (/opt/ros/jazzy/share/builtin_interfaces/cmake)
[1.822s] -- Found rosidl_generator_c: 4.6.9 (/opt/ros/jazzy/share/rosidl_generator_c/cmake)
[1.844s] -- Found rosidl_generator_cpp: 4.6.9 (/opt/ros/jazzy/share/rosidl_generator_cpp/cmake)
[1.864s] -- Using all available rosidl_typesupport_c: rosidl_typesupport_fastrtps_c;rosidl_typesupport_introspection_c
[1.890s] -- Using all available rosidl_typesupport_cpp: rosidl_typesupport_fastrtps_cpp;rosidl_typesupport_introspection_cpp
[1.916s] -- Found geometry_msgs: 5.3.8 (/opt/ros/jazzy/share/geometry_msgs/cmake)
[1.966s] -- Found rosidl_default_generators: 1.6.1 (/opt/ros/jazzy/share/rosidl_default_generators/cmake)
[2.001s] -- Found rosidl_adapter: 4.6.9 (/opt/ros/jazzy/share/rosidl_adapter/cmake)
[3.902s] -- Found ament_cmake_ros: 0.12.1 (/opt/ros/jazzy/share/ament_cmake_ros/cmake)
[5.877s] -- Using all available rosidl_typesupport_c: rosidl_typesupport_fastrtps_c;rosidl_typesupport_introspection_c
[6.489s] -- Using all available rosidl_typesupport_cpp: rosidl_typesupport_fastrtps_cpp;rosidl_typesupport_introspection_cpp
[6.495s] -- Found python_cmake_module: 0.11.1 (/opt/ros/jazzy/share/python_cmake_module/cmake)
[6.779s] -- Found PythonExtra: /usr/bin/python3  
[7.670s] -- Found Python3: /usr/bin/python3 (found version "3.12.3") found components: Interpreter Development NumPy Development.Module Development.Embed 
[8.048s] -- Found Python3: /usr/bin/python3 (found version "3.12.3") found components: Interpreter 
[8.123s] -- Configuring done (8.1s)
[8.416s] -- Generating done (0.3s)
[8.443s] -- Build files have been written to: /home/youn/ROS/open_manipulator_ws/build/robotis_interfaces
[8.509s] Invoked command in '/home/youn/ROS/open_manipulator_ws/build/robotis_interfaces' returned '0': CMAKE_PREFIX_PATH=${CMAKE_PREFIX_PATH}:/home/youn/ROS/ros_workspace/open_manipulator_ws/install/open_manipulator_teleop:/home/youn/ROS/ros_workspace/open_manipulator_ws/install/open_manipulator_bringup:/home/youn/ROS/ros_workspace/install/ros_basic:/home/youn/ROS/ros_workspace/install/gong_basic:/home/youn/ROS/ros_workspace/install/tf2_basic:/home/youn/ROS/ros_workspace/install/open_manipulator_teleop:/opt/ros/jazzy /usr/bin/cmake /home/youn/ROS/open_manipulator_ws/src/robotis_interfaces -DCMAKE_BUILD_TYPE=Release -DAMENT_CMAKE_SYMLINK_INSTALL=1 -DCMAKE_INSTALL_PREFIX=/home/youn/ROS/open_manipulator_ws/install/robotis_interfaces
[8.509s] Invoking command in '/home/youn/ROS/open_manipulator_ws/build/robotis_interfaces': CMAKE_PREFIX_PATH=${CMAKE_PREFIX_PATH}:/home/youn/ROS/ros_workspace/open_manipulator_ws/install/open_manipulator_teleop:/home/youn/ROS/ros_workspace/open_manipulator_ws/install/open_manipulator_bringup:/home/youn/ROS/ros_workspace/install/ros_basic:/home/youn/ROS/ros_workspace/install/gong_basic:/home/youn/ROS/ros_workspace/install/tf2_basic:/home/youn/ROS/ros_workspace/install/open_manipulator_teleop:/opt/ros/jazzy /usr/bin/cmake --build /home/youn/ROS/open_manipulator_ws/build/robotis_interfaces -- -j14 -l14
[9.311s] [  0%] Built target ament_cmake_python_symlink_robotis_interfaces
[9.311s] [  1%] [34m[1mGenerating type hashes for ROS interfaces[0m
[9.311s] [  3%] [34m[1mGenerating Rust code for ROS interfaces[0m
[9.393s] running egg_info
[9.403s] creating robotis_interfaces.egg-info
[9.467s] writing robotis_interfaces.egg-info/PKG-INFO
[9.468s] writing dependency_links to robotis_interfaces.egg-info/dependency_links.txt
[9.468s] writing top-level names to robotis_interfaces.egg-info/top_level.txt
[9.468s] writing manifest file 'robotis_interfaces.egg-info/SOURCES.txt'
[9.639s] reading manifest file 'robotis_interfaces.egg-info/SOURCES.txt'
[9.643s] writing manifest file 'robotis_interfaces.egg-info/SOURCES.txt'
[9.765s] [  3%] Built target ament_cmake_python_build_robotis_interfaces_egg
[10.120s] [  3%] Built target robotis_interfaces__rosidl_generator_type_description
[10.181s] [  4%] [34m[1mGenerating C code for ROS interfaces[0m
[10.212s] [  6%] [34m[1mGenerating C++ code for ROS interfaces[0m
[10.415s] [  6%] Built target robotis_interfaces__rs
[11.276s] [  6%] Built target robotis_interfaces__cpp
[12.722s] [  9%] [32mBuilding C object CMakeFiles/robotis_interfaces__rosidl_generator_c.dir/rosidl_generator_c/robotis_interfaces/msg/detail/hand_joints__functions.c.o[0m
[12.730s] [  9%] [32mBuilding C object CMakeFiles/robotis_interfaces__rosidl_generator_c.dir/rosidl_generator_c/robotis_interfaces/msg/detail/hand_joints__description.c.o[0m
[12.730s] [ 10%] [32mBuilding C object CMakeFiles/robotis_interfaces__rosidl_generator_c.dir/rosidl_generator_c/robotis_interfaces/msg/detail/hand_pressures__type_support.c.o[0m
[12.731s] [ 12%] [32mBuilding C object CMakeFiles/robotis_interfaces__rosidl_generator_c.dir/rosidl_generator_c/robotis_interfaces/msg/detail/hand_pressures__description.c.o[0m
[12.758s] [ 13%] [32mBuilding C object CMakeFiles/robotis_interfaces__rosidl_generator_c.dir/rosidl_generator_c/robotis_interfaces/msg/detail/tactile_sensor__functions.c.o[0m
[12.763s] [ 15%] [32mBuilding C object CMakeFiles/robotis_interfaces__rosidl_generator_c.dir/rosidl_generator_c/robotis_interfaces/msg/detail/move_l__functions.c.o[0m
[12.772s] [ 16%] [32mBuilding C object CMakeFiles/robotis_interfaces__rosidl_generator_c.dir/rosidl_generator_c/robotis_interfaces/msg/detail/hand_pressures__functions.c.o[0m
[12.772s] [ 18%] [32mBuilding C object CMakeFiles/robotis_interfaces__rosidl_generator_c.dir/rosidl_generator_c/robotis_interfaces/msg/detail/move_l__type_support.c.o[0m
[12.791s] [ 20%] [32mBuilding C object CMakeFiles/robotis_interfaces__rosidl_generator_c.dir/rosidl_generator_c/robotis_interfaces/msg/detail/tactile_sensor__description.c.o[0m
[12.811s] [ 21%] [32mBuilding C object CMakeFiles/robotis_interfaces__rosidl_generator_c.dir/rosidl_generator_c/robotis_interfaces/msg/detail/hand_joints__type_support.c.o[0m
[12.837s] [ 23%] [32mBuilding C object CMakeFiles/robotis_interfaces__rosidl_generator_c.dir/rosidl_generator_c/robotis_interfaces/msg/detail/tactile_sensor__type_support.c.o[0m
[12.883s] [ 24%] [32mBuilding C object CMakeFiles/robotis_interfaces__rosidl_generator_c.dir/rosidl_generator_c/robotis_interfaces/msg/detail/move_l__description.c.o[0m
[13.481s] [ 26%] [32m[1mLinking C shared library librobotis_interfaces__rosidl_generator_c.so[0m
[14.017s] [ 26%] Built target robotis_interfaces__rosidl_generator_c
[14.087s] [ 27%] [34m[1mGenerating C++ type support for eProsima Fast-RTPS[0m
[14.108s] [ 29%] [34m[1mGenerating C++ introspection for ROS interfaces[0m
[14.119s] [ 30%] [34m[1mGenerating C++ type support dispatch for ROS interfaces[0m
[14.119s] [ 32%] [34m[1mGenerating C type support for eProsima Fast-RTPS[0m
[14.135s] [ 33%] [34m[1mGenerating C introspection for ROS interfaces[0m
[14.257s] [ 35%] [34m[1mGenerating C type support dispatch for ROS interfaces[0m
[16.647s] [ 36%] [32mBuilding CXX object CMakeFiles/robotis_interfaces__rosidl_typesupport_c.dir/rosidl_typesupport_c/robotis_interfaces/msg/move_l__type_support.cpp.o[0m
[16.648s] [ 38%] [32mBuilding CXX object CMakeFiles/robotis_interfaces__rosidl_typesupport_cpp.dir/rosidl_typesupport_cpp/robotis_interfaces/msg/tactile_sensor__type_support.cpp.o[0m
[16.661s] [ 40%] [32mBuilding CXX object CMakeFiles/robotis_interfaces__rosidl_typesupport_c.dir/rosidl_typesupport_c/robotis_interfaces/msg/hand_joints__type_support.cpp.o[0m
[16.678s] [ 41%] [32mBuilding CXX object CMakeFiles/robotis_interfaces__rosidl_typesupport_c.dir/rosidl_typesupport_c/robotis_interfaces/msg/hand_pressures__type_support.cpp.o[0m
[16.779s] [ 43%] [32mBuilding CXX object CMakeFiles/robotis_interfaces__rosidl_typesupport_cpp.dir/rosidl_typesupport_cpp/robotis_interfaces/msg/hand_joints__type_support.cpp.o[0m
[16.786s] [ 44%] [32mBuilding CXX object CMakeFiles/robotis_interfaces__rosidl_typesupport_c.dir/rosidl_typesupport_c/robotis_interfaces/msg/tactile_sensor__type_support.cpp.o[0m
[16.863s] [ 46%] [32mBuilding CXX object CMakeFiles/robotis_interfaces__rosidl_typesupport_cpp.dir/rosidl_typesupport_cpp/robotis_interfaces/msg/hand_pressures__type_support.cpp.o[0m
[17.013s] [ 47%] [32mBuilding CXX object CMakeFiles/robotis_interfaces__rosidl_typesupport_cpp.dir/rosidl_typesupport_cpp/robotis_interfaces/msg/move_l__type_support.cpp.o[0m
[17.146s] [ 49%] [32mBuilding CXX object CMakeFiles/robotis_interfaces__rosidl_typesupport_fastrtps_cpp.dir/rosidl_typesupport_fastrtps_cpp/robotis_interfaces/msg/detail/dds_fastrtps/hand_joints__type_support.cpp.o[0m
[17.194s] [ 50%] [32mBuilding CXX object CMakeFiles/robotis_interfaces__rosidl_typesupport_fastrtps_cpp.dir/rosidl_typesupport_fastrtps_cpp/robotis_interfaces/msg/detail/dds_fastrtps/hand_pressures__type_support.cpp.o[0m
[17.206s] [ 52%] [32mBuilding CXX object CMakeFiles/robotis_interfaces__rosidl_typesupport_fastrtps_cpp.dir/rosidl_typesupport_fastrtps_cpp/robotis_interfaces/msg/detail/dds_fastrtps/move_l__type_support.cpp.o[0m
[17.222s] [ 53%] [32mBuilding CXX object CMakeFiles/robotis_interfaces__rosidl_typesupport_fastrtps_cpp.dir/rosidl_typesupport_fastrtps_cpp/robotis_interfaces/msg/detail/dds_fastrtps/tactile_sensor__type_support.cpp.o[0m
[17.299s] [ 55%] [32mBuilding CXX object CMakeFiles/robotis_interfaces__rosidl_typesupport_fastrtps_c.dir/rosidl_typesupport_fastrtps_c/robotis_interfaces/msg/detail/hand_joints__type_support_c.cpp.o[0m
[17.400s] [ 58%] [32mBuilding CXX object CMakeFiles/robotis_interfaces__rosidl_typesupport_fastrtps_c.dir/rosidl_typesupport_fastrtps_c/robotis_interfaces/msg/detail/move_l__type_support_c.cpp.o[0m
[17.402s] [ 58%] [32mBuilding CXX object CMakeFiles/robotis_interfaces__rosidl_typesupport_fastrtps_c.dir/rosidl_typesupport_fastrtps_c/robotis_interfaces/msg/detail/hand_pressures__type_support_c.cpp.o[0m
[18.714s] [ 60%] [32m[1mLinking CXX shared library librobotis_interfaces__rosidl_typesupport_c.so[0m
[19.503s] [ 60%] Built target robotis_interfaces__rosidl_typesupport_c
[19.723s] [ 61%] [32mBuilding CXX object CMakeFiles/robotis_interfaces__rosidl_typesupport_fastrtps_c.dir/rosidl_typesupport_fastrtps_c/robotis_interfaces/msg/detail/tactile_sensor__type_support_c.cpp.o[0m
[20.116s] [ 63%] [32mBuilding C object CMakeFiles/robotis_interfaces__rosidl_typesupport_introspection_c.dir/rosidl_typesupport_introspection_c/robotis_interfaces/msg/detail/hand_joints__type_support.c.o[0m
[20.246s] [ 64%] [32mBuilding C object CMakeFiles/robotis_interfaces__rosidl_typesupport_introspection_c.dir/rosidl_typesupport_introspection_c/robotis_interfaces/msg/detail/hand_pressures__type_support.c.o[0m
[20.363s] [ 66%] [32mBuilding CXX object CMakeFiles/robotis_interfaces__rosidl_typesupport_introspection_cpp.dir/rosidl_typesupport_introspection_cpp/robotis_interfaces/msg/detail/hand_joints__type_support.cpp.o[0m
[20.915s] [ 67%] [32mBuilding C object CMakeFiles/robotis_interfaces__rosidl_typesupport_introspection_c.dir/rosidl_typesupport_introspection_c/robotis_interfaces/msg/detail/tactile_sensor__type_support.c.o[0m
[20.929s] [ 69%] [32mBuilding CXX object CMakeFiles/robotis_interfaces__rosidl_typesupport_introspection_cpp.dir/rosidl_typesupport_introspection_cpp/robotis_interfaces/msg/detail/hand_pressures__type_support.cpp.o[0m
[20.961s] [ 70%] [32mBuilding C object CMakeFiles/robotis_interfaces__rosidl_typesupport_introspection_c.dir/rosidl_typesupport_introspection_c/robotis_interfaces/msg/detail/move_l__type_support.c.o[0m
[21.464s] [ 73%] [32m[1mLinking C shared library librobotis_interfaces__rosidl_typesupport_introspection_c.so[0m
[21.465s] [ 73%] [32mBuilding CXX object CMakeFiles/robotis_interfaces__rosidl_typesupport_introspection_cpp.dir/rosidl_typesupport_introspection_cpp/robotis_interfaces/msg/detail/tactile_sensor__type_support.cpp.o[0m
[21.466s] [ 75%] [32mBuilding CXX object CMakeFiles/robotis_interfaces__rosidl_typesupport_introspection_cpp.dir/rosidl_typesupport_introspection_cpp/robotis_interfaces/msg/detail/move_l__type_support.cpp.o[0m
[22.354s] [ 75%] Built target robotis_interfaces__rosidl_typesupport_introspection_c
[23.291s] [ 76%] [32m[1mLinking CXX shared library librobotis_interfaces__rosidl_typesupport_cpp.so[0m
[23.630s] [ 78%] [32m[1mLinking CXX shared library librobotis_interfaces__rosidl_typesupport_fastrtps_cpp.so[0m
[23.635s] [ 78%] Built target robotis_interfaces__rosidl_typesupport_cpp
[24.515s] [ 78%] Built target robotis_interfaces__rosidl_typesupport_fastrtps_cpp
